Component: ARM Compiler 5.06 update 6 (build 750) Tool: armlink [4d35ed]

==============================================================================

Section Cross References

    main.o(i.main) refers to uart.o(i.uart_init) for uart_init
    main.o(i.main) refers to fflti.o(.text) for __aeabi_i2f
    main.o(i.main) refers to fmul.o(.text) for __aeabi_fmul
    main.o(i.main) refers to fscalb.o(.text) for __ARM_scalbnf
    main.o(i.main) refers to f2d.o(.text) for __aeabi_f2d
    main.o(i.main) refers to printfa.o(i.__0printf) for __2printf
    main.o(i.main) refers to systick.o(i.delay_ms) for delay_ms
    startup_cm3ds.o(RESET) refers to startup_cm3ds.o(STACK) for __initial_sp
    startup_cm3ds.o(RESET) refers to startup_cm3ds.o(.text) for Reset_Handler
    startup_cm3ds.o(.text) refers to handler.o(i.NMIHandler) for NMIHandler
    startup_cm3ds.o(.text) refers to handler.o(i.HardFaultHandler) for HardFaultHandler
    startup_cm3ds.o(.text) refers to handler.o(i.MemManageHandler) for MemManageHandler
    startup_cm3ds.o(.text) refers to handler.o(i.BusFaultHandler) for BusFaultHandler
    startup_cm3ds.o(.text) refers to handler.o(i.UsageFaultHandler) for UsageFaultHandler
    startup_cm3ds.o(.text) refers to handler.o(i.SVCHandler) for SVCHandler
    startup_cm3ds.o(.text) refers to handler.o(i.DebugMonHandler) for DebugMonHandler
    startup_cm3ds.o(.text) refers to handler.o(i.PendSVHandler) for PendSVHandler
    startup_cm3ds.o(.text) refers to handler.o(i.SysTickHandler) for SysTickHandler
    startup_cm3ds.o(.text) refers to handler.o(i.UARTRXHandler) for UARTRXHandler
    startup_cm3ds.o(.text) refers to handler.o(i.UARTTXHandler) for UARTTXHandler
    startup_cm3ds.o(.text) refers to handler.o(i.UARTOVRHandler) for UARTOVRHandler
    startup_cm3ds.o(.text) refers to handler.o(i.KEY0) for KEY0
    startup_cm3ds.o(.text) refers to handler.o(i.KEY1) for KEY1
    startup_cm3ds.o(.text) refers to handler.o(i.KEY2) for KEY2
    startup_cm3ds.o(.text) refers to handler.o(i.KEY3) for KEY3
    startup_cm3ds.o(.text) refers to handler.o(i.Timer_Handler) for Timer_Handler
    startup_cm3ds.o(.text) refers to handler.o(i.vga_Handler) for vga_Handler
    startup_cm3ds.o(.text) refers to handler.o(i.create_plane_Handler) for create_plane_Handler
    startup_cm3ds.o(.text) refers to handler.o(i.pulse0_Handler) for pulse0_Handler
    startup_cm3ds.o(.text) refers to handler.o(i.pulse1_Handler) for pulse1_Handler
    startup_cm3ds.o(.text) refers to handler.o(i.triangle_Handler) for triangle_Handler
    startup_cm3ds.o(.text) refers to handler.o(i.noise_Handler) for noise_Handler
    startup_cm3ds.o(.text) refers to system.o(i.SystemInit) for SystemInit
    startup_cm3ds.o(.text) refers to entry.o(.ARM.Collect$$$$00000000) for __main
    handler.o(i.SysTickHandler) refers to systick.o(i.Set_SysTick_CTRL) for Set_SysTick_CTRL
    handler.o(i.create_plane_Handler) refers to makeenemyplanearray.o(i.s_grey_createPlane_111) for s_grey_createPlane_111
    handler.o(i.create_plane_Handler) refers to makeenemyplanearray.o(i.s_grey_createPlane_122) for s_grey_createPlane_122
    handler.o(i.create_plane_Handler) refers to makeenemyplanearray.o(i.s_grey_createPlane_123) for s_grey_createPlane_123
    handler.o(i.create_plane_Handler) refers to makeenemyplanearray.o(i.s_grey_createPlane_144) for s_grey_createPlane_144
    handler.o(i.create_plane_Handler) refers to makeenemyplanearray.o(i.s_grey_createPlane_145) for s_grey_createPlane_145
    handler.o(i.create_plane_Handler) refers to makeenemyplanearray.o(i.s_grey_createPlane_166) for s_grey_createPlane_166
    handler.o(i.create_plane_Handler) refers to makeenemyplanearray.o(i.s_green_createPlane_221) for s_green_createPlane_221
    handler.o(i.create_plane_Handler) refers to makeenemyplanearray.o(i.s_green_createPlane_222) for s_green_createPlane_222
    handler.o(i.create_plane_Handler) refers to makeenemyplanearray.o(i.s_green_createPlane_243) for s_green_createPlane_243
    handler.o(i.create_plane_Handler) refers to makeenemyplanearray.o(i.s_green_createPlane_411) for s_green_createPlane_411
    handler.o(i.create_plane_Handler) refers to makeenemyplanearray.o(i.s_green_createPlane_422) for s_green_createPlane_422
    handler.o(i.create_plane_Handler) refers to makeenemyplanearray.o(i.b_green_createPlane_511) for b_green_createPlane_511
    handler.o(i.create_plane_Handler) refers to handler.o(.data) for .data
    handler.o(i.create_plane_Handler) refers to main.o(.bss) for myplane
    handler.o(i.pulse0_Handler) refers to apu.o(i.set_pulse0_00) for set_pulse0_00
    handler.o(i.pulse0_Handler) refers to apu.o(i.set_pulse0_01) for set_pulse0_01
    handler.o(i.pulse0_Handler) refers to apu.o(i.set_pulse0_10) for set_pulse0_10
    handler.o(i.pulse0_Handler) refers to apu.o(i.set_pulse0_11) for set_pulse0_11
    handler.o(i.pulse0_Handler) refers to apu.o(i.set_pulse1_00) for set_pulse1_00
[...]
    makeenemyplanearray.o(i.s_green_createPlane_422) refers to rand.o(.text) for rand
    makeenemyplanearray.o(i.s_green_createPlane_422) refers to enemyplane.o(i.m_straight_createOnePlane) for m_straight_createOnePlane
    makeenemyplanearray.o(i.s_grey_createPlane_111) refers to rand.o(.text) for rand
    makeenemyplanearray.o(i.s_grey_createPlane_111) refers to enemyplane.o(i.s_grey_createOnePlane) for s_grey_createOnePlane
    makeenemyplanearray.o(i.s_grey_createPlane_122) refers to rand.o(.text) for rand
    makeenemyplanearray.o(i.s_grey_createPlane_122) refers to enemyplane.o(i.s_grey_createOnePlane) for s_grey_createOnePlane
    makeenemyplanearray.o(i.s_grey_createPlane_123) refers to rand.o(.text) for rand
    makeenemyplanearray.o(i.s_grey_createPlane_123) refers to enemyplane.o(i.s_grey_createOnePlane) for s_grey_createOnePlane
    makeenemyplanearray.o(i.s_grey_createPlane_144) refers to rand.o(.text) for rand
    makeenemyplanearray.o(i.s_grey_createPlane_144) refers to enemyplane.o(i.s_grey_createOnePlane) for s_grey_createOnePlane
    makeenemyplanearray.o(i.s_grey_createPlane_145) refers to rand.o(.text) for rand
    makeenemyplanearray.o(i.s_grey_createPlane_145) refers to enemyplane.o(i.s_grey_createOnePlane) for s_grey_createOnePlane
    makeenemyplanearray.o(i.s_grey_createPlane_166) refers to makeenemyplanearray.o(i.s_grey_createPlane_144) for s_grey_createPlane_144
    makeenemyplanearray.o(i.s_grey_createPlane_166) refers to makeenemyplanearray.o(i.s_grey_createPlane_122) for s_grey_createPlane_122
    makemap.o(i.loadMapJianchuan) refers to spriteram.o(i.writeOneNametable) for writeOneNametable
    makemap.o(i.loadMapJianchuan) refers to makemap.o(.data) for .data
    makemap.o(i.makeMapFirst) refers to spi_flash.o(i.SPI_Flash_Write_Page) for SPI_Flash_Write_Page
    makemap.o(i.makeMapFirst) refers to makemap.o(.data) for .data
    makemap.o(i.makeMapSecond) refers to spi_flash.o(i.SPI_Flash_Write_Page) for SPI_Flash_Write_Page
    makemap.o(i.makeMapSecond) refers to makemap.o(.data) for .data
    myplane.o(i.myPlane_Act) refers to led.o(i.LED_toggle) for LED_toggle
    myplane.o(i.myPlane_Draw) refers to spriteram.o(i.writeOneSprite) for writeOneSprite
    myplane.o(i.myPlane_Draw) refers to main.o(.data) for pifuNum
    myplane.o(i.myPlane_bulletDraw) refers to spriteram.o(i.writeOneSprite) for writeOneSprite
    myplane.o(i.myPlane_bulletDraw) refers to main.o(.constdata) for MYPLANE_BULLET_NUMMAX
    myplane.o(i.myPlane_bulletInit) refers to main.o(.constdata) for MYPLANE_BULLET_NUMMAX
    myplane.o(i.myPlane_createOneBullet) refers to main.o(.data) for GameShootBulletsCnt
    myplane.o(i.myPlane_updateBulletData) refers to main.o(.constdata) for MYPLANE_BULLET_NUMMAX
    entry.o(.ARM.Collect$$$$00000000) refers (Special) to entry10a.o(.ARM.Collect$$$$0000000D) for __rt_final_cpp
    entry.o(.ARM.Collect$$$$00000000) refers (Special) to entry11a.o(.ARM.Collect$$$$0000000F) for __rt_final_exit
    entry.o(.ARM.Collect$$$$00000000) refers (Special) to entry7b.o(.ARM.Collect$$$$00000008) for _main_clock
    entry.o(.ARM.Collect$$$$00000000) refers (Special) to entry8b.o(.ARM.Collect$$$$0000000A) for _main_cpp_init
    entry.o(.ARM.Collect$$$$00000000) refers (Special) to entry9a.o(.ARM.Collect$$$$0000000B) for _main_init
    entry.o(.ARM.Collect$$$$00000000) refers (Special) to entry5.o(.ARM.Collect$$$$00000004) for _main_scatterload
    entry.o(.ARM.Collect$$$$00000000) refers (Special) to entry2.o(.ARM.Collect$$$$00000001) for _main_stk
    rand.o(.text) refers to rand.o(.data) for .data
    printfb.o(i.__0fprintf$bare) refers to printfb.o(i._printf_core) for _printf_core
    printfb.o(i.__0fprintf$bare) refers to retarget.o(i.fputc) for fputc
    printfb.o(i.__0printf$bare) refers to printfb.o(i._printf_core) for _printf_core
    printfb.o(i.__0printf$bare) refers to retarget.o(i.fputc) for fputc
    printfb.o(i.__0printf$bare) refers to retarget.o(.data) for __stdout
    printfb.o(i.__0snprintf$bare) refers to printfb.o(i._printf_core) for _printf_core
    printfb.o(i.__0snprintf$bare) refers to printfb.o(i._snputc) for _snputc
    printfb.o(i.__0sprintf$bare) refers to printfb.o(i._printf_core) for _printf_core
    printfb.o(i.__0sprintf$bare) refers to printfb.o(i._sputc) for _sputc
    printfb.o(i.__0vfprintf$bare) refers to printfb.o(i._printf_core) for _printf_core
    printfb.o(i.__0vfprintf$bare) refers to retarget.o(i.fputc) for fputc
    printfb.o(i.__0vprintf$bare) refers to printfb.o(i._printf_core) for _printf_core
    printfb.o(i.__0vprintf$bare) refers to retarget.o(i.fputc) for fputc
    printfb.o(i.__0vprintf$bare) refers to retarget.o(.data) for __stdout
    printfb.o(i.__0vsnprintf$bare) refers to printfb.o(i._printf_core) for _printf_core
    printfb.o(i.__0vsnprintf$bare) refers to printfb.o(i._snputc) for _snputc
    printfb.o(i.__0vsprintf$bare) refers to printfb.o(i._printf_core) for _printf_core
    printfb.o(i.__0vsprintf$bare) refers to printfb.o(i._sputc) for _sputc
    printf0.o(i.__0fprintf$0) refers to printf0.o(i._printf_core) for _printf_core
    printf0.o(i.__0fprintf$0) refers to retarget.o(i.fputc) for fputc
    printf0.o(i.__0printf$0) refers to printf0.o(i._printf_core) for _printf_core
    printf0.o(i.__0printf$0) refers to retarget.o(i.fputc) for fputc
    printf0.o(i.__0printf$0) refers to retarget.o(.data) for __stdout
    printf0.o(i.__0snprintf$0) refers to printf0.o(i._printf_core) for _printf_core
    printf0.o(i.__0snprintf$0) refers to printf0.o(i._snputc) for _snputc
    printf0.o(i.__0sprintf$0) refers to printf0.o(i._printf_core) for _printf_core
    printf0.o(i.__0sprintf$0) refers to printf0.o(i._sputc) for _sputc
    printf0.o(i.__0vfprintf$0) refers to printf0.o(i._printf_core) for _printf_core
    printf0.o(i.__0vfprintf$0) refers to retarget.o(i.fputc) for fputc
    printf0.o(i.__0vprintf$0) refers to printf0.o(i._printf_core) for _printf_core
    printf0.o(i.__0vprintf$0) refers to retarget.o(i.fputc) for fputc
    printf0.o(i.__0vprintf$0) refers to retarget.o(.data) for __stdout
    printf0.o(i.__0vsnprintf$0) refers to printf0.o(i._printf_core) for _printf_core
    printf0.o(i.__0vsnprintf$0) refers to printf0.o(i._snputc) for _snputc
    printf0.o(i.__0vsprintf$0) refers to printf0.o(i._printf_core) for _printf_core
    printf0.o(i.__0vsprintf$0) refers to printf0.o(i._sputc) for _sputc
    printf1.o(i.__0fprintf$1) refers to printf1.o(i._printf_core) for _printf_core
    printf1.o(i.__0fprintf$1) refers to retarget.o(i.fputc) for fputc
    printf1.o(i.__0printf$1) refers to printf1.o(i._printf_core) for _printf_core
    printf1.o(i.__0printf$1) refers to retarget.o(i.fputc) for fputc
    printf1.o(i.__0printf$1) refers to retarget.o(.data) for __stdout
    printf1.o(i.__0snprintf$1) refers to printf1.o(i._printf_core) for _printf_core
    printf1.o(i.__0snprintf$1) refers to printf1.o(i._snputc) for _snputc
    printf1.o(i.__0sprintf$1) refers to printf1.o(i._printf_core) for _printf_core
    printf1.o(i.__0sprintf$1) refers to printf1.o(i._sputc) for _sputc
    printf1.o(i.__0vfprintf$1) refers to printf1.o(i._printf_core) for _printf_core
    printf1.o(i.__0vfprintf$1) refers to retarget.o(i.fputc) for fputc
    printf1.o(i.__0vprintf$1) refers to printf1.o(i._printf_core) for _printf_core
    printf1.o(i.__0vprintf$1) refers to retarget.o(i.fputc) for fputc
    printf1.o(i.__0vprintf$1) refers to retarget.o(.data) for __stdout
    printf1.o(i.__0vsnprintf$1) refers to printf1.o(i._printf_core) for _printf_core
    printf1.o(i.__0vsnprintf$1) refers to printf1.o(i._snputc) for _snputc
    printf1.o(i.__0vsprintf$1) refers to printf1.o(i._printf_core) for _printf_core
    printf1.o(i.__0vsprintf$1) refers to printf1.o(i._sputc) for _sputc
    printf1.o(i._printf_core) refers to uidiv.o(.text) for __aeabi_uidivmod
    printf2.o(i.__0fprintf$2) refers to printf2.o(i._printf_core) for _printf_core
    printf2.o(i.__0fprintf$2) refers to retarget.o(i.fputc) for fputc
    printf2.o(i.__0printf$2) refers to printf2.o(i._printf_core) for _printf_core
    printf2.o(i.__0printf$2) refers to retarget.o(i.fputc) for fputc
    printf2.o(i.__0printf$2) refers to retarget.o(.data) for __stdout
    printf2.o(i.__0snprintf$2) refers to printf2.o(i._printf_core) for _printf_core
    printf2.o(i.__0snprintf$2) refers to printf2.o(i._snputc) for _snputc
    printf2.o(i.__0sprintf$2) refers to printf2.o(i._printf_core) for _printf_core
    printf2.o(i.__0sprintf$2) refers to printf2.o(i._sputc) for _sputc
    printf2.o(i.__0vfprintf$2) refers to printf2.o(i._printf_core) for _printf_core
    printf2.o(i.__0vfprintf$2) refers to retarget.o(i.fputc) for fputc
    printf2.o(i.__0vprintf$2) refers to printf2.o(i._printf_core) for _printf_core
    printf2.o(i.__0vprintf$2) refers to retarget.o(i.fputc) for fputc
    printf2.o(i.__0vprintf$2) refers to retarget.o(.data) for __stdout
    printf2.o(i.__0vsnprintf$2) refers to printf2.o(i._printf_core) for _printf_core
    printf2.o(i.__0vsnprintf$2) refers to printf2.o(i._snputc) for _snputc
    printf2.o(i.__0vsprintf$2) refers to printf2.o(i._printf_core) for _printf_core
    printf2.o(i.__0vsprintf$2) refers to printf2.o(i._sputc) for _sputc
    printf3.o(i.__0fprintf$3) refers to printf3.o(i._printf_core) for _printf_core
    printf3.o(i.__0fprintf$3) refers to retarget.o(i.fputc) for fputc
    printf3.o(i.__0printf$3) refers to printf3.o(i._printf_core) for _printf_core
    printf3.o(i.__0printf$3) refers to retarget.o(i.fputc) for fputc
    printf3.o(i.__0printf$3) refers to retarget.o(.data) for __stdout
    printf3.o(i.__0snprintf$3) refers to printf3.o(i._printf_core) for _printf_core
    printf3.o(i.__0snprintf$3) refers to printf3.o(i._snputc) for _snputc
    printf3.o(i.__0sprintf$3) refers to printf3.o(i._printf_core) for _printf_core
    printf3.o(i.__0sprintf$3) refers to printf3.o(i._sputc) for _sputc
    printf3.o(i.__0vfprintf$3) refers to printf3.o(i._printf_core) for _printf_core
    printf3.o(i.__0vfprintf$3) refers to retarget.o(i.fputc) for fputc
    printf3.o(i.__0vprintf$3) refers to printf3.o(i._printf_core) for _printf_core
    printf3.o(i.__0vprintf$3) refers to retarget.o(i.fputc) for fputc
    printf3.o(i.__0vprintf$3) refers to retarget.o(.data) for __stdout
    printf3.o(i.__0vsnprintf$3) refers to printf3.o(i._printf_core) for _printf_core
    printf3.o(i.__0vsnprintf$3) refers to printf3.o(i._snputc) for _snputc
    printf3.o(i.__0vsprintf$3) refers to printf3.o(i._printf_core) for _printf_core
    printf3.o(i.__0vsprintf$3) refers to printf3.o(i._sputc) for _sputc
    printf3.o(i._printf_core) refers to uidiv.o(.text) for __aeabi_uidivmod
    printf4.o(i.__0fprintf$4) refers to printf4.o(i._printf_core) for _printf_core
    printf4.o(i.__0fprintf$4) refers to retarget.o(i.fputc) for fputc
    printf4.o(i.__0printf$4) refers to printf4.o(i._printf_core) for _printf_core
    printf4.o(i.__0printf$4) refers to retarget.o(i.fputc) for fputc
    printf4.o(i.__0printf$4) refers to retarget.o(.data) for __stdout
    printf4.o(i.__0snprintf$4) refers to printf4.o(i._printf_core) for _printf_core
    printf4.o(i.__0snprintf$4) refers to printf4.o(i._snputc) for _snputc
    printf4.o(i.__0sprintf$4) refers to printf4.o(i._printf_core) for _printf_core
    printf4.o(i.__0sprintf$4) refers to printf4.o(i._sputc) for _sputc
    printf4.o(i.__0vfprintf$4) refers to printf4.o(i._printf_core) for _printf_core
    printf4.o(i.__0vfprintf$4) refers to retarget.o(i.fputc) for fputc
    printf4.o(i.__0vprintf$4) refers to printf4.o(i._printf_core) for _printf_core
    printf4.o(i.__0vprintf$4) refers to retarget.o(i.fputc) for fputc
    printf4.o(i.__0vprintf$4) refers to retarget.o(.data) for __stdout
    printf4.o(i.__0vsnprintf$4) refers to printf4.o(i._printf_core) for _printf_core
    printf4.o(i.__0vsnprintf$4) refers to printf4.o(i._snputc) for _snputc
    printf4.o(i.__0vsprintf$4) refers to printf4.o(i._printf_core) for _printf_core
    printf4.o(i.__0vsprintf$4) refers to printf4.o(i._sputc) for _sputc
    printf4.o(i._printf_core) refers to uldiv.o(.text) for __aeabi_uldivmod
    printf5.o(i.__0fprintf$5) refers to printf5.o(i._printf_core) for _printf_core
    printf5.o(i.__0fprintf$5) refers to retarget.o(i.fputc) for fputc
    printf5.o(i.__0printf$5) refers to printf5.o(i._printf_core) for _printf_core
    printf5.o(i.__0printf$5) refers to retarget.o(i.fputc) for fputc
    printf5.o(i.__0printf$5) refers to retarget.o(.data) for __stdout
    printf5.o(i.__0snprintf$5) refers to printf5.o(i._printf_core) for _printf_core
    printf5.o(i.__0snprintf$5) refers to printf5.o(i._snputc) for _snputc
    printf5.o(i.__0sprintf$5) refers to printf5.o(i._printf_core) for _printf_core
    printf5.o(i.__0sprintf$5) refers to printf5.o(i._sputc) for _sputc
    printf5.o(i.__0vfprintf$5) refers to printf5.o(i._printf_core) for _printf_core
    printf5.o(i.__0vfprintf$5) refers to retarget.o(i.fputc) for fputc
    printf5.o(i.__0vprintf$5) refers to printf5.o(i._printf_core) for _printf_core
    printf5.o(i.__0vprintf$5) refers to retarget.o(i.fputc) for fputc
    printf5.o(i.__0vprintf$5) refers to retarget.o(.data) for __stdout
    printf5.o(i.__0vsnprintf$5) refers to printf5.o(i._printf_core) for _printf_core
    printf5.o(i.__0vsnprintf$5) refers to printf5.o(i._snputc) for _snputc
    printf5.o(i.__0vsprintf$5) refers to printf5.o(i._printf_core) for _printf_core
    printf5.o(i.__0vsprintf$5) refers to printf5.o(i._sputc) for _sputc
    printf5.o(i._printf_core) refers to uldiv.o(.text) for __aeabi_uldivmod
    printf6.o(i.__0fprintf$6) refers to printf6.o(i._printf_core) for _printf_core
    printf6.o(i.__0fprintf$6) refers to retarget.o(i.fputc) for fputc
    printf6.o(i.__0printf$6) refers to printf6.o(i._printf_core) for _printf_core
    printf6.o(i.__0printf$6) refers to retarget.o(i.fputc) for fputc
    printf6.o(i.__0printf$6) refers to retarget.o(.data) for __stdout
    printf6.o(i.__0snprintf$6) refers to printf6.o(i._printf_core) for _printf_core
    printf6.o(i.__0snprintf$6) refers to printf6.o(i._snputc) for _snputc
    printf6.o(i.__0sprintf$6) refers to printf6.o(i._printf_core) for _printf_core
    printf6.o(i.__0sprintf$6) refers to printf6.o(i._sputc) for _sputc
    printf6.o(i.__0vfprintf$6) refers to printf6.o(i._printf_core) for _printf_core
    printf6.o(i.__0vfprintf$6) refers to retarget.o(i.fputc) for fputc
    printf6.o(i.__0vprintf$6) refers to printf6.o(i._printf_core) for _printf_core
    printf6.o(i.__0vprintf$6) refers to retarget.o(i.fputc) for fputc
    printf6.o(i.__0vprintf$6) refers to retarget.o(.data) for __stdout
    printf6.o(i.__0vsnprintf$6) refers to printf6.o(i._printf_core) for _printf_core
    printf6.o(i.__0vsnprintf$6) refers to printf6.o(i._snputc) for _snputc
    printf6.o(i.__0vsprintf$6) refers to printf6.o(i._printf_core) for _printf_core
    printf6.o(i.__0vsprintf$6) refers to printf6.o(i._sputc) for _sputc
    printf6.o(i._printf_core) refers to printf6.o(i._printf_pre_padding) for _printf_pre_padding
    printf6.o(i._printf_core) refers to uidiv.o(.text) for __aeabi_uidivmod
    printf6.o(i._printf_core) refers to printf6.o(i._printf_post_padding) for _printf_post_padding
    printf7.o(i.__0fprintf$7) refers to printf7.o(i._printf_core) for _printf_core
    printf7.o(i.__0fprintf$7) refers to retarget.o(i.fputc) for fputc
    printf7.o(i.__0printf$7) refers to printf7.o(i._printf_core) for _printf_core
    printf7.o(i.__0printf$7) refers to retarget.o(i.fputc) for fputc
    printf7.o(i.__0printf$7) refers to retarget.o(.data) for __stdout
    printf7.o(i.__0snprintf$7) refers to printf7.o(i._printf_core) for _printf_core
    printf7.o(i.__0snprintf$7) refers to printf7.o(i._snputc) for _snputc
    printf7.o(i.__0sprintf$7) refers to printf7.o(i._printf_core) for _printf_core
    printf7.o(i.__0sprintf$7) refers to printf7.o(i._sputc) for _sputc
    printf7.o(i.__0vfprintf$7) refers to printf7.o(i._printf_core) for _printf_core
    printf7.o(i.__0vfprintf$7) refers to retarget.o(i.fputc) for fputc
    printf7.o(i.__0vprintf$7) refers to printf7.o(i._printf_core) for _printf_core
    printf7.o(i.__0vprintf$7) refers to retarget.o(i.fputc) for fputc
    printf7.o(i.__0vprintf$7) refers to retarget.o(.data) for __stdout
    printf7.o(i.__0vsnprintf$7) refers to printf7.o(i._printf_core) for _printf_core
    printf7.o(i.__0vsnprintf$7) refers to printf7.o(i._snputc) for _snputc
    printf7.o(i.__0vsprintf$7) refers to printf7.o(i._printf_core) for _printf_core
    printf7.o(i.__0vsprintf$7) refers to printf7.o(i._sputc) for _sputc
    printf7.o(i._printf_core) refers to printf7.o(i._printf_pre_padding) for _printf_pre_padding
    printf7.o(i._printf_core) refers to uldiv.o(.text) for __aeabi_uldivmod
    printf7.o(i._printf_core) refers to printf7.o(i._printf_post_padding) for _printf_post_padding
    printf8.o(i.__0fprintf$8) refers to printf8.o(i._printf_core) for _printf_core
    printf8.o(i.__0fprintf$8) refers to retarget.o(i.fputc) for fputc
    printf8.o(i.__0printf$8) refers to printf8.o(i._printf_core) for _printf_core
    printf8.o(i.__0printf$8) refers to retarget.o(i.fputc) for fputc
    printf8.o(i.__0printf$8) refers to retarget.o(.data) for __stdout
    printf8.o(i.__0snprintf$8) refers to printf8.o(i._printf_core) for _printf_core
    printf8.o(i.__0snprintf$8) refers to printf8.o(i._snputc) for _snputc
    printf8.o(i.__0sprintf$8) refers to printf8.o(i._printf_core) for _printf_core
    printf8.o(i.__0sprintf$8) refers to printf8.o(i._sputc) for _sputc
    printf8.o(i.__0vfprintf$8) refers to printf8.o(i._printf_core) for _printf_core
    printf8.o(i.__0vfprintf$8) refers to retarget.o(i.fputc) for fputc
    printf8.o(i.__0vprintf$8) refers to printf8.o(i._printf_core) for _printf_core
    printf8.o(i.__0vprintf$8) refers to retarget.o(i.fputc) for fputc
    printf8.o(i.__0vprintf$8) refers to retarget.o(.data) for __stdout
    printf8.o(i.__0vsnprintf$8) refers to printf8.o(i._printf_core) for _printf_core
    printf8.o(i.__0vsnprintf$8) refers to printf8.o(i._snputc) for _snputc
    printf8.o(i.__0vsprintf$8) refers to printf8.o(i._printf_core) for _printf_core
    printf8.o(i.__0vsprintf$8) refers to printf8.o(i._sputc) for _sputc
    printf8.o(i._printf_core) refers to printf8.o(i._printf_pre_padding) for _printf_pre_padding
    printf8.o(i._printf_core) refers to uldiv.o(.text) for __aeabi_uldivmod
    printf8.o(i._printf_core) refers to printf8.o(i._printf_post_padding) for _printf_post_padding
    printfa.o(i.__0fprintf) refers (Special) to iusefp.o(.text) for __I$use$fp
    printfa.o(i.__0fprintf) refers to printfa.o(i._printf_core) for _printf_core
    printfa.o(i.__0fprintf) refers to retarget.o(i.fputc) for fputc
    printfa.o(i.__0printf) refers (Special) to iusefp.o(.text) for __I$use$fp
    printfa.o(i.__0printf) refers to printfa.o(i._printf_core) for _printf_core
    printfa.o(i.__0printf) refers to retarget.o(i.fputc) for fputc
    printfa.o(i.__0printf) refers to retarget.o(.data) for __stdout
    printfa.o(i.__0snprintf) refers (Special) to iusefp.o(.text) for __I$use$fp
    printfa.o(i.__0snprintf) refers to printfa.o(i._printf_core) for _printf_core
    printfa.o(i.__0snprintf) refers to printfa.o(i._snputc) for _snputc
    printfa.o(i.__0sprintf) refers (Special) to iusefp.o(.text) for __I$use$fp
    printfa.o(i.__0sprintf) refers to printfa.o(i._printf_core) for _printf_core
    printfa.o(i.__0sprintf) refers to printfa.o(i._sputc) for _sputc
    printfa.o(i.__0vfprintf) refers (Special) to iusefp.o(.text) for __I$use$fp
    printfa.o(i.__0vfprintf) refers to printfa.o(i._printf_core) for _printf_core
    printfa.o(i.__0vfprintf) refers to retarget.o(i.fputc) for fputc
    printfa.o(i.__0vprintf) refers (Special) to iusefp.o(.text) for __I$use$fp
    printfa.o(i.__0vprintf) refers to printfa.o(i._printf_core) for _printf_core
    printfa.o(i.__0vprintf) refers to retarget.o(i.fputc) for fputc
    printfa.o(i.__0vprintf) refers to retarget.o(.data) for __stdout
    printfa.o(i.__0vsnprintf) refers (Special) to iusefp.o(.text) for __I$use$fp
    printfa.o(i.__0vsnprintf) refers to printfa.o(i._printf_core) for _printf_core
    printfa.o(i.__0vsnprintf) refers to printfa.o(i._snputc) for _snputc
    printfa.o(i.__0vsprintf) refers (Special) to iusefp.o(.text) for __I$use$fp
    printfa.o(i.__0vsprintf) refers to printfa.o(i._printf_core) for _printf_core
    printfa.o(i.__0vsprintf) refers to printfa.o(i._sputc) for _sputc
    printfa.o(i._fp_digits) refers (Special) to iusefp.o(.text) for __I$use$fp
    printfa.o(i._fp_digits) refers to dmul.o(.text) for __aeabi_dmul
    printfa.o(i._fp_digits) refers to ddiv.o(.text) for __aeabi_ddiv
    printfa.o(i._fp_digits) refers to cdrcmple.o(.text) for __aeabi_cdrcmple
    printfa.o(i._fp_digits) refers to dadd.o(.text) for __aeabi_dadd
    printfa.o(i._fp_digits) refers to dfixul.o(.text) for __aeabi_d2ulz
    printfa.o(i._fp_digits) refers to uldiv.o(.text) for __aeabi_uldivmod
    printfa.o(i._printf_core) refers (Special) to iusefp.o(.text) for __I$use$fp
    printfa.o(i._printf_core) refers to printfa.o(i._printf_pre_padding) for _printf_pre_padding
    printfa.o(i._printf_core) refers to uldiv.o(.text) for __aeabi_uldivmod
    printfa.o(i._printf_core) refers to printfa.o(i._printf_post_padding) for _printf_post_padding
    printfa.o(i._printf_core) refers to printfa.o(i._fp_digits) for _fp_digits
    printfa.o(i._printf_core) refers to uidiv.o(.text) for __aeabi_uidivmod
    printfa.o(i._printf_post_padding) refers (Special) to iusefp.o(.text) for __I$use$fp
    printfa.o(i._printf_pre_padding) refers (Special) to iusefp.o(.text) for __I$use$fp
    printfa.o(i._snputc) refers (Special) to iusefp.o(.text) for __I$use$fp
    printfa.o(i._sputc) refers (Special) to iusefp.o(.text) for __I$use$fp
    fadd.o(.text) refers (Special) to iusefp.o(.text) for __I$use$fp
    fadd.o(.text) refers to fepilogue.o(.text) for _float_epilogue
    fmul.o(.text) refers (Special) to iusefp.o(.text) for __I$use$fp
    fdiv.o(.text) refers (Special) to iusefp.o(.text) for __I$use$fp
    fdiv.o(.text) refers to fepilogue.o(.text) for _float_round
    fscalb.o(.text) refers (Special) to iusefp.o(.text) for __I$use$fp
    fflti.o(.text) refers (Special) to iusefp.o(.text) for __I$use$fp
    fflti.o(.text) refers to fepilogue.o(.text) for _float_epilogue
    ffixui.o(.text) refers (Special) to iusefp.o(.text) for __I$use$fp
    f2d.o(.text) refers (Special) to iusefp.o(.text) for __I$use$fp
    entry2.o(.ARM.Collect$$$$00000001) refers to entry2.o(.ARM.Collect$$$$00002712) for __lit__00000000
    entry2.o(.ARM.Collect$$$$00002712) refers to startup_cm3ds.o(STACK) for __initial_sp
    entry2.o(__vectab_stack_and_reset_area) refers to startup_cm3ds.o(STACK) for __initial_sp
    entry2.o(__vectab_stack_and_reset_area) refers to entry.o(.ARM.Collect$$$$00000000) for __main
    entry5.o(.ARM.Collect$$$$00000004) refers to init.o(.text) for __scatterload
    entry9a.o(.ARM.Collect$$$$0000000B) refers to main.o(i.main) for main
    entry9b.o(.ARM.Collect$$$$0000000C) refers to main.o(i.main) for main
    uldiv.o(.text) refers to llushr.o(.text) for __aeabi_llsr
    uldiv.o(.text) refers to llshl.o(.text) for __aeabi_llsl
    dadd.o(.text) refers to llshl.o(.text) for __aeabi_llsl
    dadd.o(.text) refers to llsshr.o(.text) for __aeabi_lasr
    dadd.o(.text) refers to depilogue.o(.text) for _double_epilogue
    dmul.o(.text) refers to depilogue.o(.text) for _double_epilogue
    ddiv.o(.text) refers to depilogue.o(.text) for _double_round
    dfixul.o(.text) refers to llushr.o(.text) for __aeabi_llsr
    dfixul.o(.text) refers to llshl.o(.text) for __aeabi_llsl
    init.o(.text) refers to entry5.o(.ARM.Collect$$$$00000004) for __main_after_scatterload
    depilogue.o(.text) refers to llshl.o(.text) for __aeabi_llsl
    depilogue.o(.text) refers to llushr.o(.text) for __aeabi_llsr


==============================================================================

Removing Unused input sections from the image.

    Removing main.o(.rev16_text), (4 bytes).
    Removing main.o(.revsh_text), (4 bytes).
    Removing main.o(.bss), (120 bytes).
    Removing main.o(.constdata), (1 bytes).
    Removing main.o(.constdata), (1 bytes).
    Removing main.o(.constdata), (1 bytes).
    Removing main.o(.data), (1 bytes).
    Removing main.o(.data), (4 bytes).
    Removing startup_cm3ds.o(HEAP), (2048 bytes).
    Removing handler.o(.rev16_text), (4 bytes).
    Removing handler.o(.revsh_text), (4 bytes).
    Removing handler.o(.constdata), (1 bytes).
    Removing handler.o(.constdata), (1 bytes).
    Removing handler.o(.constdata), (1 bytes).
    Removing handler.o(.constdata), (1 bytes).
    Removing system.o(.rev16_text), (4 bytes).
    Removing system.o(.revsh_text), (4 bytes).
    Removing system.o(i.SystemCoreClockUpdate), (16 bytes).
    Removing retarget.o(i._sys_exit), (2 bytes).
    Removing retarget.o(i._ttywrch), (10 bytes).
    Removing retarget.o(i.ferror), (6 bytes).
    Removing retarget.o(i.fgetc), (32 bytes).
    Removing retarget.o(.data), (4 bytes).
    Removing lcd.o(i.Gui_Drawbmp16), (104 bytes).
    Removing lcd.o(i.LCD_Clear), (140 bytes).
    Removing lcd.o(i.LCD_Color_Fill), (110 bytes).
    Removing lcd.o(i.LCD_DisplayOff), (6 bytes).
    Removing lcd.o(i.LCD_DisplayOn), (6 bytes).
    Removing lcd.o(i.LCD_Display_Dir), (88 bytes).
    Removing lcd.o(i.LCD_DrawLine), (152 bytes).
    Removing lcd.o(i.LCD_DrawPoint), (48 bytes).
    Removing lcd.o(i.LCD_Fast_DrawPoint), (164 bytes).
    Removing lcd.o(i.LCD_Fill), (90 bytes).
    Removing lcd.o(i.LCD_Init), (632 bytes).
    Removing lcd.o(i.LCD_Pow), (16 bytes).
    Removing lcd.o(i.LCD_RD_DATA), (26 bytes).
    Removing lcd.o(i.LCD_ReadReg), (22 bytes).
    Removing lcd.o(i.LCD_Scan_Dir), (836 bytes).
    Removing lcd.o(i.LCD_SetCursor), (128 bytes).
    Removing lcd.o(i.LCD_Set_Window), (224 bytes).
    Removing lcd.o(i.LCD_ShowChar), (224 bytes).
    Removing lcd.o(i.LCD_ShowChar1), (320 bytes).
    Removing lcd.o(i.LCD_ShowNum), (124 bytes).
    Removing lcd.o(i.LCD_ShowString), (84 bytes).
    Removing lcd.o(i.LCD_ShowxNum), (156 bytes).
    Removing lcd.o(i.LCD_WR_DATAX), (26 bytes).
    Removing lcd.o(i.LCD_WR_REG), (26 bytes).
    Removing lcd.o(i.LCD_WriteRAM), (30 bytes).
    Removing lcd.o(i.LCD_WriteRAM_Prepare), (12 bytes).
    Removing lcd.o(i.LCD_WriteReg), (38 bytes).
    Removing lcd.o(i.MakeData), (100 bytes).
    Removing lcd.o(i.ReadData), (34 bytes).
    Removing lcd.o(i.Show_Str), (176 bytes).
    Removing lcd.o(i.opt_delay), (8 bytes).
    Removing lcd.o(.bss), (14 bytes).
    Removing lcd.o(.constdata), (6080 bytes).
    Removing lcd.o(.data), (4 bytes).
    Removing uart.o(i.uart_ClearOverrunStatus), (12 bytes).
    Removing uart.o(i.uart_ClearRxIRQ), (6 bytes).
    Removing uart.o(i.uart_ClearTxIRQ), (6 bytes).
    Removing uart.o(i.uart_GetBaudDivider), (4 bytes).
    Removing uart.o(i.uart_GetOverrunStatus), (8 bytes).
    Removing uart.o(i.uart_GetRxBufferFull), (8 bytes).
    Removing uart.o(i.uart_GetRxIRQStatus), (8 bytes).
    Removing uart.o(i.uart_GetTxBufferFull), (8 bytes).
    Removing uart.o(i.uart_GetTxIRQStatus), (8 bytes).
    Removing uart.o(i.uart_ReceiveChar), (12 bytes).
    Removing uart.o(i.uart_SendString), (36 bytes).
    Removing systick.o(.rev16_text), (4 bytes).
    Removing systick.o(.revsh_text), (4 bytes).
    Removing systick.o(i.Read_SysTick_VALUE), (8 bytes).
    Removing systick.o(i.Timer_Ini), (30 bytes).
    Removing systick.o(i.Timer_Stop), (24 bytes).
    Removing systick.o(i.delay_us), (20 bytes).
    Removing led.o(i.LED_down), (20 bytes).
    Removing led.o(i.LED_on), (20 bytes).
    Removing led.o(i.LED_toggle), (36 bytes).
    Removing led.o(i.led_ctrl), (36 bytes).
    Removing malloc.o(i.mem_free), (64 bytes).
    Removing malloc.o(i.mem_init), (40 bytes).
    Removing malloc.o(i.mem_malloc), (96 bytes).
    Removing malloc.o(i.mem_perused), (36 bytes).
    Removing malloc.o(i.myfree), (20 bytes).
    Removing malloc.o(i.mymalloc), (28 bytes).
    Removing malloc.o(i.mymemcpy), (18 bytes).
    Removing malloc.o(i.mymemset), (14 bytes).
    Removing malloc.o(i.myrealloc), (56 bytes).
    Removing malloc.o(.bss), (4096 bytes).
    Removing malloc.o(.bss), (256 bytes).
    Removing malloc.o(.constdata), (4 bytes).
    Removing malloc.o(.constdata), (4 bytes).
    Removing malloc.o(.constdata), (4 bytes).
    Removing malloc.o(.data), (20 bytes).
    Removing spi_flash.o(i.Is_SPI_Ready), (10 bytes).
    Removing spi_flash.o(i.SPI_FLASH_Clear_SR), (32 bytes).
    Removing spi_flash.o(i.SPI_FLASH_Write_Disable), (22 bytes).
    Removing spi_flash.o(i.SPI_FLASH_Write_Enable), (22 bytes).
    Removing spi_flash.o(i.SPI_FLASH_Write_SR), (30 bytes).
    Removing spi_flash.o(i.SPI_Flash_Erase_Block), (60 bytes).
    Removing spi_flash.o(i.SPI_Flash_Erase_Chip), (36 bytes).
    Removing spi_flash.o(i.SPI_Flash_Erase_Sector), (60 bytes).
    Removing spi_flash.o(i.SPI_Flash_Read), (70 bytes).
    Removing spi_flash.o(i.SPI_Flash_ReadID), (58 bytes).
    Removing spi_flash.o(i.SPI_Flash_ReadSR), (28 bytes).
    Removing spi_flash.o(i.SPI_Flash_Wait_Busy), (12 bytes).
    Removing spi_flash.o(i.SPI_Flash_Write_Max65536), (164 bytes).
    Removing spi_flash.o(i.SPI_Flash_Write_NoCheck), (62 bytes).
    Removing spi_flash.o(i.SPI_Flash_Write_Page), (78 bytes).
    Removing spi_flash.o(i.SPI_Init), (12 bytes).
    Removing spi_flash.o(i.SPI_ReadWriteByte), (68 bytes).
    Removing spi_flash.o(i.SPI_SendData), (16 bytes).
    Removing apu.o(i.apu_Button), (30 bytes).
    Removing apu.o(i.apu_Intr_Trigger), (30 bytes).
    Removing apu.o(i.apu_Shoot), (30 bytes).
    Removing apu.o(i.set_frame), (12 bytes).
    Removing apu.o(i.set_noise_00), (12 bytes).
    Removing apu.o(i.set_noise_01), (12 bytes).
    Removing apu.o(i.set_noise_10), (12 bytes).
    Removing apu.o(i.set_noise_11), (12 bytes).
    Removing apu.o(i.set_state), (12 bytes).
    Removing apu.o(i.set_triangle_00), (12 bytes).
    Removing apu.o(i.set_triangle_01), (12 bytes).
    Removing apu.o(i.set_triangle_10), (12 bytes).
    Removing apu.o(i.set_triangle_11), (12 bytes).
    Removing pstwo.o(i.PS2_AnologData), (12 bytes).
    Removing pstwo.o(i.PS2_ClearData), (24 bytes).
    Removing pstwo.o(i.PS2_Cmd), (112 bytes).
    Removing pstwo.o(i.PS2_DataKey), (72 bytes).
    Removing pstwo.o(i.PS2_EnterConfing), (88 bytes).
    Removing pstwo.o(i.PS2_ExitConfing), (88 bytes).
    Removing pstwo.o(i.PS2_Init), (16 bytes).
    Removing pstwo.o(i.PS2_ReadData), (148 bytes).
    Removing pstwo.o(i.PS2_RedLight), (56 bytes).
    Removing pstwo.o(i.PS2_SetInit), (30 bytes).
    Removing pstwo.o(i.PS2_ShortPoll), (64 bytes).
    Removing pstwo.o(i.PS2_TurnOnAnalogMode), (80 bytes).
    Removing pstwo.o(i.PS2_Vibration), (92 bytes).
    Removing pstwo.o(i.PS2_VibrationMode), (64 bytes).
    Removing pstwo.o(i.readPs2DI), (12 bytes).
    Removing pstwo.o(.bss), (9 bytes).
    Removing pstwo.o(.data), (36 bytes).
    Removing spriteram.o(i.clearNameTableAll), (34 bytes).
    Removing spriteram.o(i.clearNameTableOneline), (26 bytes).
    Removing spriteram.o(i.nameTablePicture), (28 bytes).
    Removing spriteram.o(i.scroll_Init), (12 bytes).
    Removing spriteram.o(i.writeOneNametable), (16 bytes).
    Removing spriteram.o(i.writeOneSprite), (24 bytes).
    Removing boom.o(i.new_boomDraw), (192 bytes).
    Removing boom.o(i.new_boomInit), (32 bytes).
    Removing boom.o(i.new_createOneBoom), (52 bytes).
    Removing boom.o(i.new_updateBoomData), (64 bytes).
    Removing enemybullet.o(i.enmeyBulletDraw), (68 bytes).
    Removing enemybullet.o(i.enmey_BulletInit), (36 bytes).
    Removing enemybullet.o(i.s_grey_createOneEnmeyBullet), (220 bytes).
    Removing enemybullet.o(i.updateEnemyBulletData), (112 bytes).
    Removing enemybullet.o(.constdata), (1 bytes).
    Removing enemybullet.o(.constdata), (80 bytes).
    Removing enemyplane.o(i.b_green_drawPlane), (428 bytes).
    Removing enemyplane.o(i.b_green_movePlane), (500 bytes).
    Removing enemyplane.o(i.b_green_planeInit), (52 bytes).
    Removing enemyplane.o(i.m_straight_drawPlane), (404 bytes).
    Removing enemyplane.o(i.m_straight_movePlane), (104 bytes).
    Removing enemyplane.o(i.m_straight_planeInit), (52 bytes).
    Removing enemyplane.o(i.s_green_drawPlane), (552 bytes).
    Removing enemyplane.o(i.s_green_movePlane), (736 bytes).
    Removing enemyplane.o(i.s_green_planeInit), (44 bytes).
    Removing enemyplane.o(i.s_grey_drawPlane), (664 bytes).
    Removing enemyplane.o(i.s_grey_movePlane), (580 bytes).
    Removing enemyplane.o(i.s_grey_planeInit), (44 bytes).
    Removing gamehitcheck.o(i.enemyAndBulletMapCreate), (372 bytes).
    Removing gamehitcheck.o(i.isHit_b_EnemyPlane), (196 bytes).
    Removing gamehitcheck.o(i.isHit_m_straight_EnemyPlane), (140 bytes).
    Removing gamehitcheck.o(i.isHit_myBullets), (92 bytes).
    Removing gamehitcheck.o(i.isHit_s_EnemyPlane), (304 bytes).
    Removing gamehitcheck.o(i.isMyPlaneHit), (128 bytes).
    Removing gamehitcheck.o(i.myBulletsMapCreate), (72 bytes).
    Removing gamehitcheck.o(i.tileMap), (20 bytes).
    Removing gameinterface.o(i.endInterFaceDraw), (276 bytes).
    Removing gameinterface.o(i.gameCursorDraw), (78 bytes).
    Removing gameinterface.o(i.gameScoreDraw), (244 bytes).
    Removing gameinterface.o(i.gameStartInterfaceShow), (328 bytes).
    Removing gameinterface.o(i.newGuanqiaInterFaceDraw), (170 bytes).
    Removing gameinterface.o(i.read_GameScoreRecord), (30 bytes).
    Removing gameinterface.o(i.save_GameScoreRecord), (188 bytes).
    Removing gameinterface.o(i.show_GameScoreRecord), (208 bytes).
    Removing gameinterface.o(.constdata), (4 bytes).
    Removing gameinterface.o(.data), (190 bytes).
    Removing makemap.o(i.loadMapJianchuan), (40 bytes).
    Removing makemap.o(i.makeMapFirst), (504 bytes).
    Removing makemap.o(i.makeMapSecond), (552 bytes).
    Removing makemap.o(.data), (1024 bytes).
    Removing makemap.o(.data), (7168 bytes).
    Removing myplane.o(i.myPlane_Act), (98 bytes).
    Removing myplane.o(i.myPlane_Draw), (968 bytes).
    Removing myplane.o(i.myPlane_Init), (26 bytes).
    Removing myplane.o(i.myPlane_bulletDraw), (68 bytes).
    Removing myplane.o(i.myPlane_bulletInit), (36 bytes).
    Removing myplane.o(i.myPlane_createOneBullet), (276 bytes).
    Removing myplane.o(i.myPlane_updateBulletData), (52 bytes).
    Removing fadd.o(.text), (176 bytes).
    Removing fdiv.o(.text), (124 bytes).
    Removing ffixui.o(.text), (40 bytes).

202 unused section(s) (total 38998 bytes) removed from the image.

==============================================================================

Image Symbol Table

    Local Symbols

    Symbol Name                              Value     Ov Type        Size  Object(Section)

    RESET                                    0x00000000   Section      120  startup_cm3ds.o(RESET)
    ../clib/../cmprslib/lz77c.c              0x00000000   Number         0  __dclz77c.o ABSOLUTE
    ../clib/microlib/division.c              0x00000000   Number         0  uidiv.o ABSOLUTE
    ../clib/microlib/division.c              0x00000000   Number         0  uldiv.o ABSOLUTE
    ../clib/microlib/init/entry.s            0x00000000   Number         0  entry7a.o ABSOLUTE
    ../clib/microlib/init/entry.s            0x00000000   Number         0  entry8b.o ABSOLUTE
    ../clib/microlib/init/entry.s            0x00000000   Number         0  entry11a.o ABSOLUTE
    ../clib/microlib/init/entry.s            0x00000000   Number         0  entry10a.o ABSOLUTE
    ../clib/microlib/init/entry.s            0x00000000   Number         0  entry5.o ABSOLUTE
    ../clib/microlib/init/entry.s            0x00000000   Number         0  entry10b.o ABSOLUTE
    ../clib/microlib/init/entry.s            0x00000000   Number         0  entry7b.o ABSOLUTE
    ../clib/microlib/init/entry.s            0x00000000   Number         0  entry.o ABSOLUTE
    ../clib/microlib/init/entry.s            0x00000000   Number         0  entry9a.o ABSOLUTE
    ../clib/microlib/init/entry.s            0x00000000   Number         0  entry11b.o ABSOLUTE
    ../clib/microlib/init/entry.s            0x00000000   Number         0  entry8a.o ABSOLUTE
    ../clib/microlib/init/entry.s            0x00000000   Number         0  entry9b.o ABSOLUTE
    ../clib/microlib/init/entry.s            0x00000000   Number         0  entry2.o ABSOLUTE
    ../clib/microlib/longlong.c              0x00000000   Number         0  llshl.o ABSOLUTE
    ../clib/microlib/longlong.c              0x00000000   Number         0  llsshr.o ABSOLUTE
    ../clib/microlib/longlong.c              0x00000000   Number         0  llushr.o ABSOLUTE
    ../clib/microlib/printf/printf.c         0x00000000   Number         0  printf1.o ABSOLUTE
    ../clib/microlib/printf/printf.c         0x00000000   Number         0  printf0.o ABSOLUTE
    ../clib/microlib/printf/printf.c         0x00000000   Number         0  printfb.o ABSOLUTE
    ../clib/microlib/printf/printf.c         0x00000000   Number         0  printf3.o ABSOLUTE
    ../clib/microlib/printf/printf.c         0x00000000   Number         0  printf8.o ABSOLUTE
    ../clib/microlib/printf/printf.c         0x00000000   Number         0  printf7.o ABSOLUTE
    ../clib/microlib/printf/printf.c         0x00000000   Number         0  printf6.o ABSOLUTE
    ../clib/microlib/printf/printf.c         0x00000000   Number         0  printf5.o ABSOLUTE
    ../clib/microlib/printf/printf.c         0x00000000   Number         0  printf4.o ABSOLUTE
    ../clib/microlib/printf/printf.c         0x00000000   Number         0  printf2.o ABSOLUTE
    ../clib/microlib/printf/printf.c         0x00000000   Number         0  printfa.o ABSOLUTE
    ../clib/microlib/printf/stubs.s          0x00000000   Number         0  stubs.o ABSOLUTE
    ../clib/microlib/stdlib/rand.c           0x00000000   Number         0  rand.o ABSOLUTE
    ../clib/microlib/string/memset.c         0x00000000   Number         0  memseta.o ABSOLUTE
    ../clib/microlib/string/strlen.c         0x00000000   Number         0  strlen.o ABSOLUTE
    ../clib/microlib/stubs.s                 0x00000000   Number         0  iusefp.o ABSOLUTE
    ../fplib/microlib/f2d.c                  0x00000000   Number         0  f2d.o ABSOLUTE
    ../fplib/microlib/fpadd.c                0x00000000   Number         0  dadd.o ABSOLUTE
    ../fplib/microlib/fpadd.c                0x00000000   Number         0  fadd.o ABSOLUTE
    ../fplib/microlib/fpdiv.c                0x00000000   Number         0  ddiv.o ABSOLUTE
    ../fplib/microlib/fpdiv.c                0x00000000   Number         0  fdiv.o ABSOLUTE
    ../fplib/microlib/fpepilogue.c           0x00000000   Number         0  depilogue.o ABSOLUTE
    ../fplib/microlib/fpepilogue.c           0x00000000   Number         0  fepilogue.o ABSOLUTE
    ../fplib/microlib/fpfix.c                0x00000000   Number         0  dfixul.o ABSOLUTE
    ../fplib/microlib/fpfix.c                0x00000000   Number         0  ffixui.o ABSOLUTE
    ../fplib/microlib/fpflt.c                0x00000000   Number         0  fflti.o ABSOLUTE
    ../fplib/microlib/fpmul.c                0x00000000   Number         0  dmul.o ABSOLUTE
    ../fplib/microlib/fpmul.c                0x00000000   Number         0  fmul.o ABSOLUTE
    ../fplib/microlib/fpscalb.c              0x00000000   Number         0  fscalb.o ABSOLUTE
    ..\CORE\handler.c                        0x00000000   Number         0  handler.o ABSOLUTE
    ..\CORE\startup_CM3DS.s                  0x00000000   Number         0  startup_cm3ds.o ABSOLUTE
    ..\CORE\system.c                         0x00000000   Number         0  system.o ABSOLUTE
    ..\DEVICE\Retarget.c                     0x00000000   Number         0  retarget.o ABSOLUTE
    ..\DEVICE\apu.c                          0x00000000   Number         0  apu.o ABSOLUTE
    ..\DEVICE\jy61p.c                        0x00000000   Number         0  jy61p.o ABSOLUTE
    ..\DEVICE\lcd.c                          0x00000000   Number         0  lcd.o ABSOLUTE
    ..\DEVICE\led.c                          0x00000000   Number         0  led.o ABSOLUTE
    ..\DEVICE\malloc.c                       0x00000000   Number         0  malloc.o ABSOLUTE
    ..\DEVICE\pstwo.c                        0x00000000   Number         0  pstwo.o ABSOLUTE
    ..\DEVICE\spi_flash.c                    0x00000000   Number         0  spi_flash.o ABSOLUTE
    ..\DEVICE\spriteRam.c                    0x00000000   Number         0  spriteram.o ABSOLUTE
    ..\DEVICE\systick.c                      0x00000000   Number         0  systick.o ABSOLUTE
    ..\DEVICE\uart.c                         0x00000000   Number         0  uart.o ABSOLUTE
    ..\MY_GAME\boom.c                        0x00000000   Number         0  boom.o ABSOLUTE
    ..\MY_GAME\enemyBullet.c                 0x00000000   Number         0  enemybullet.o ABSOLUTE
    ..\MY_GAME\enemyPlane.c                  0x00000000   Number         0  enemyplane.o ABSOLUTE
    ..\MY_GAME\gameHitCheck.c                0x00000000   Number         0  gamehitcheck.o ABSOLUTE
    ..\MY_GAME\gameInterFace.c               0x00000000   Number         0  gameinterface.o ABSOLUTE
    ..\MY_GAME\makeEnemyPlaneArray.c         0x00000000   Number         0  makeenemyplanearray.o ABSOLUTE
    ..\MY_GAME\makeMap.c                     0x00000000   Number         0  makemap.o ABSOLUTE
    ..\MY_GAME\myPlane.c                     0x00000000   Number         0  myplane.o ABSOLUTE
    ..\\CORE\\handler.c                      0x00000000   Number         0  handler.o ABSOLUTE
    ..\\CORE\\system.c                       0x00000000   Number         0  system.o ABSOLUTE
    ..\\DEVICE\\systick.c                    0x00000000   Number         0  systick.o ABSOLUTE
    cdrcmple.s                               0x00000000   Number         0  cdrcmple.o ABSOLUTE
    dc.s                                     0x00000000   Number         0  dc.o ABSOLUTE
    handlers.s                               0x00000000   Number         0  handlers.o ABSOLUTE
    init.s                                   0x00000000   Number         0  init.o ABSOLUTE
    main.c                                   0x00000000   Number         0  main.o ABSOLUTE
    main.c                                   0x00000000   Number         0  main.o ABSOLUTE
    .ARM.Collect$$$$00000000                 0x00000078   Section        0  entry.o(.ARM.Collect$$$$00000000)
    .ARM.Collect$$$$00000001                 0x00000078   Section        4  entry2.o(.ARM.Collect$$$$00000001)
    .ARM.Collect$$$$00000004                 0x0000007c   Section        4  entry5.o(.ARM.Collect$$$$00000004)
    .ARM.Collect$$$$00000008                 0x00000080   Section        0  entry7b.o(.ARM.Collect$$$$00000008)
    .ARM.Collect$$$$0000000A                 0x00000080   Section        0  entry8b.o(.ARM.Collect$$$$0000000A)
    .ARM.Collect$$$$0000000B                 0x00000080   Section        8  entry9a.o(.ARM.Collect$$$$0000000B)
    .ARM.Collect$$$$0000000D                 0x00000088   Section        0  entry10a.o(.ARM.Collect$$$$0000000D)
    .ARM.Collect$$$$0000000F                 0x00000088   Section        0  entry11a.o(.ARM.Collect$$$$0000000F)
    .ARM.Collect$$$$00002712                 0x00000088   Section        4  entry2.o(.ARM.Collect$$$$00002712)
    __lit__00000000                          0x00000088   Data           4  entry2.o(.ARM.Collect$$$$00002712)
    .text                                    0x0000008c   Section      204  startup_cm3ds.o(.text)
    .text                                    0x00000158   Section        0  rand.o(.text)
    .text                                    0x0000017c   Section        0  fmul.o(.text)
    .text                                    0x000001e0   Section        0  fscalb.o(.text)
    .text                                    0x000001f8   Section        0  fflti.o(.text)
    .text                                    0x0000020a   Section        0  f2d.o(.text)
    .text                                    0x00000230   Section        0  uidiv.o(.text)
    .text                                    0x0000025c   Section        0  uldiv.o(.text)
    .text                                    0x000002be   Section        0  iusefp.o(.text)
    .text                                    0x000002be   Section        0  fepilogue.o(.text)
    .text                                    0x0000032c   Section        0  dadd.o(.text)
    .text                                    0x0000047a   Section        0  dmul.o(.text)
    .text                                    0x0000055e   Section        0  ddiv.o(.text)
    .text                                    0x0000063c   Section        0  dfixul.o(.text)
    .text                                    0x0000066c   Section       48  cdrcmple.o(.text)
    .text                                    0x0000069c   Section       36  init.o(.text)
    .text                                    0x000006c0   Section        0  llshl.o(.text)
    .text                                    0x000006de   Section        0  llushr.o(.text)
    .text                                    0x000006fe   Section        0  llsshr.o(.text)
    .text                                    0x00000722   Section        0  depilogue.o(.text)
    .text                                    0x000007dc   Section        0  __dclz77c.o(.text)
    i.BusFaultHandler                        0x0000083a   Section        0  handler.o(i.BusFaultHandler)
    i.DebugMonHandler                        0x0000083c   Section        0  handler.o(i.DebugMonHandler)
    i.HardFaultHandler                       0x0000083e   Section        0  handler.o(i.HardFaultHandler)
    i.KEY0                                   0x00000840   Section        0  handler.o(i.KEY0)
    i.KEY1                                   0x00000842   Section        0  handler.o(i.KEY1)
    i.KEY2                                   0x00000844   Section        0  handler.o(i.KEY2)
    i.KEY3                                   0x00000846   Section        0  handler.o(i.KEY3)
    i.MemManageHandler                       0x00000848   Section        0  handler.o(i.MemManageHandler)
    i.NMIHandler                             0x0000084a   Section        0  handler.o(i.NMIHandler)
    i.NVIC_EnableIRQ                         0x0000084c   Section        0  system.o(i.NVIC_EnableIRQ)
    NVIC_EnableIRQ                           0x0000084d   Thumb Code    22  system.o(i.NVIC_EnableIRQ)
    i.PendSVHandler                          0x00000862   Section        0  handler.o(i.PendSVHandler)
    i.SVCHandler                             0x00000864   Section        0  handler.o(i.SVCHandler)
    i.Set_SysTick_CTRL                       0x00000866   Section        0  systick.o(i.Set_SysTick_CTRL)
    i.Set_SysTick_LOAD                       0x0000086e   Section        0  systick.o(i.Set_SysTick_LOAD)
    i.Set_SysTick_VALUE                      0x00000876   Section        0  systick.o(i.Set_SysTick_VALUE)
    i.SysTickHandler                         0x00000880   Section        0  handler.o(i.SysTickHandler)
    i.SystemInit                             0x00000898   Section        0  system.o(i.SystemInit)
    i.Timer_Handler                          0x000008c8   Section        0  handler.o(i.Timer_Handler)
    i.UARTOVRHandler                         0x000008ca   Section        0  handler.o(i.UARTOVRHandler)
    i.UARTRXHandler                          0x000008cc   Section        0  handler.o(i.UARTRXHandler)
    i.UARTTXHandler                          0x000008ce   Section        0  handler.o(i.UARTTXHandler)
    i.UsageFaultHandler                      0x000008d0   Section        0  handler.o(i.UsageFaultHandler)
    i.__0printf                              0x000008d4   Section        0  printfa.o(i.__0printf)
    i.__scatterload_copy                     0x000008f4   Section       14  handlers.o(i.__scatterload_copy)
    i.__scatterload_null                     0x00000902   Section        2  handlers.o(i.__scatterload_null)
    i.__scatterload_zeroinit                 0x00000904   Section       14  handlers.o(i.__scatterload_zeroinit)
    i._fp_digits                             0x00000914   Section        0  printfa.o(i._fp_digits)
    _fp_digits                               0x00000915   Thumb Code   366  printfa.o(i._fp_digits)
    i._printf_core                           0x00000a98   Section        0  printfa.o(i._printf_core)
    _printf_core                             0x00000a99   Thumb Code  1744  printfa.o(i._printf_core)
    i._printf_post_padding                   0x00001174   Section        0  printfa.o(i._printf_post_padding)
    _printf_post_padding                     0x00001175   Thumb Code    36  printfa.o(i._printf_post_padding)
    i._printf_pre_padding                    0x00001198   Section        0  printfa.o(i._printf_pre_padding)
    _printf_pre_padding                      0x00001199   Thumb Code    46  printfa.o(i._printf_pre_padding)
    i.b_green_createOnePlane                 0x000011c8   Section        0  enemyplane.o(i.b_green_createOnePlane)
    i.b_green_createPlane_511                0x00001240   Section        0  makeenemyplanearray.o(i.b_green_createPlane_511)
    i.create_plane_Handler                   0x00001244   Section        0  handler.o(i.create_plane_Handler)
    i.delay                                  0x00001300   Section        0  systick.o(i.delay)
    i.delay_ms                               0x00001320   Section        0  systick.o(i.delay_ms)
    i.fputc                                  0x00001338   Section        0  retarget.o(i.fputc)
    i.m_straight_createOnePlane              0x00001358   Section        0  enemyplane.o(i.m_straight_createOnePlane)
    i.main                                   0x000013d0   Section        0  main.o(i.main)
    i.noise_Handler                          0x0000148c   Section        0  handler.o(i.noise_Handler)
    i.pulse0_Handler                         0x00001490   Section        0  handler.o(i.pulse0_Handler)
    i.pulse1_Handler                         0x000015f4   Section        0  handler.o(i.pulse1_Handler)
    i.s_green_createOnePlane                 0x000015f8   Section        0  enemyplane.o(i.s_green_createOnePlane)
    i.s_green_createPlane_221                0x0000174c   Section        0  makeenemyplanearray.o(i.s_green_createPlane_221)
    i.s_green_createPlane_222                0x00001784   Section        0  makeenemyplanearray.o(i.s_green_createPlane_222)
    i.s_green_createPlane_243                0x000017c2   Section        0  makeenemyplanearray.o(i.s_green_createPlane_243)
    i.s_green_createPlane_411                0x00001814   Section        0  makeenemyplanearray.o(i.s_green_createPlane_411)
    i.s_green_createPlane_422                0x0000183a   Section        0  makeenemyplanearray.o(i.s_green_createPlane_422)
    i.s_grey_createOnePlane                  0x00001870   Section        0  enemyplane.o(i.s_grey_createOnePlane)
    i.s_grey_createPlane_111                 0x00001920   Section        0  makeenemyplanearray.o(i.s_grey_createPlane_111)
    i.s_grey_createPlane_122                 0x00001976   Section        0  makeenemyplanearray.o(i.s_grey_createPlane_122)
    i.s_grey_createPlane_123                 0x000019b0   Section        0  makeenemyplanearray.o(i.s_grey_createPlane_123)
    i.s_grey_createPlane_144                 0x00001a30   Section        0  makeenemyplanearray.o(i.s_grey_createPlane_144)
    i.s_grey_createPlane_145                 0x00001a8e   Section        0  makeenemyplanearray.o(i.s_grey_createPlane_145)
    i.s_grey_createPlane_166                 0x00001b32   Section        0  makeenemyplanearray.o(i.s_grey_createPlane_166)
    i.set_pulse0_00                          0x00001b48   Section        0  apu.o(i.set_pulse0_00)
    i.set_pulse0_01                          0x00001b54   Section        0  apu.o(i.set_pulse0_01)
    i.set_pulse0_10                          0x00001b60   Section        0  apu.o(i.set_pulse0_10)
    i.set_pulse0_11                          0x00001b6c   Section        0  apu.o(i.set_pulse0_11)
    i.set_pulse1_00                          0x00001b78   Section        0  apu.o(i.set_pulse1_00)
    i.set_pulse1_01                          0x00001b84   Section        0  apu.o(i.set_pulse1_01)
    i.set_pulse1_10                          0x00001b90   Section        0  apu.o(i.set_pulse1_10)
    i.set_pulse1_11                          0x00001b9c   Section        0  apu.o(i.set_pulse1_11)
    i.triangle_Handler                       0x00001ba8   Section        0  handler.o(i.triangle_Handler)
    i.uart_SendChar                          0x00001baa   Section        0  uart.o(i.uart_SendChar)
    i.uart_init                              0x00001bb4   Section        0  uart.o(i.uart_init)
    i.vga_Handler                            0x00001c00   Section        0  handler.o(i.vga_Handler)
    .constdata                               0x00001c80   Section        1  main.o(.constdata)
    .constdata                               0x00001c81   Section        1  main.o(.constdata)
    .constdata                               0x00001c82   Section        1  main.o(.constdata)
    .constdata                               0x00001c83   Section        1  main.o(.constdata)
    .data                                    0x20000000   Section       60  main.o(.data)
    .data                                    0x2000003c   Section     1584  handler.o(.data)
    .data                                    0x2000066c   Section        4  system.o(.data)
    .data                                    0x20000670   Section        4  retarget.o(.data)
    .data                                    0x20000674   Section        4  rand.o(.data)
    _rand_state                              0x20000674   Data           4  rand.o(.data)
    .bss                                     0x20000678   Section     1004  main.o(.bss)
    STACK                                    0x20000a68   Section     2048  startup_cm3ds.o(STACK)

    Global Symbols

    Symbol Name                              Value     Ov Type        Size  Object(Section)

    BuildAttributes$$THM_ISAv4$P$D$K$B$S$PE$A:L22UL41UL21$X:L11$S22US41US21$IEEE1$IW$USESV6$~STKCKD$USESV7$~SHL$OTIME$ROPI$EBA8$MICROLIB$REQ8$PRES8$EABIv2 0x00000000   Number         0  anon$$obj.o ABSOLUTE
    __ARM_use_no_argv                        0x00000000   Number         0  main.o ABSOLUTE
    __Vectors                                0x00000000   Data           4  startup_cm3ds.o(RESET)
    _printf_a                                0x00000000   Number         0  stubs.o ABSOLUTE
    _printf_c                                0x00000000   Number         0  stubs.o ABSOLUTE
    _printf_charcount                        0x00000000   Number         0  stubs.o ABSOLUTE
    _printf_d                                0x00000000   Number         0  stubs.o ABSOLUTE
    _printf_e                                0x00000000   Number         0  stubs.o ABSOLUTE
    _printf_f                                0x00000000   Number         0  stubs.o ABSOLUTE
    _printf_flags                            0x00000000   Number         0  stubs.o ABSOLUTE
    _printf_fp_dec                           0x00000000   Number         0  stubs.o ABSOLUTE
    _printf_fp_hex                           0x00000000   Number         0  stubs.o ABSOLUTE
    _printf_g                                0x00000000   Number         0  stubs.o ABSOLUTE
    _printf_i                                0x00000000   Number         0  stubs.o ABSOLUTE
    _printf_int_dec                          0x00000000   Number         0  stubs.o ABSOLUTE
    _printf_l                                0x00000000   Number         0  stubs.o ABSOLUTE
    _printf_lc                               0x00000000   Number         0  stubs.o ABSOLUTE
    _printf_ll                               0x00000000   Number         0  stubs.o ABSOLUTE
    _printf_lld                              0x00000000   Number         0  stubs.o ABSOLUTE
    _printf_lli                              0x00000000   Number         0  stubs.o ABSOLUTE
    _printf_llo                              0x00000000   Number         0  stubs.o ABSOLUTE
    _printf_llu                              0x00000000   Number         0  stubs.o ABSOLUTE
    _printf_llx                              0x00000000   Number         0  stubs.o ABSOLUTE
    _printf_longlong_dec                     0x00000000   Number         0  stubs.o ABSOLUTE
    _printf_longlong_hex                     0x00000000   Number         0  stubs.o ABSOLUTE
    _printf_longlong_oct                     0x00000000   Number         0  stubs.o ABSOLUTE
    _printf_ls                               0x00000000   Number         0  stubs.o ABSOLUTE
    _printf_mbtowc                           0x00000000   Number         0  stubs.o ABSOLUTE
    _printf_n                                0x00000000   Number         0  stubs.o ABSOLUTE
    _printf_o                                0x00000000   Number         0  stubs.o ABSOLUTE
    _printf_p                                0x00000000   Number         0  stubs.o ABSOLUTE
    _printf_percent                          0x00000000   Number         0  stubs.o ABSOLUTE
    _printf_pre_padding                      0x00000000   Number         0  stubs.o ABSOLUTE
    _printf_return_value                     0x00000000   Number         0  stubs.o ABSOLUTE
    _printf_s                                0x00000000   Number         0  stubs.o ABSOLUTE
    _printf_sizespec                         0x00000000   Number         0  stubs.o ABSOLUTE
    _printf_str                              0x00000000   Number         0  stubs.o ABSOLUTE
    _printf_truncate_signed                  0x00000000   Number         0  stubs.o ABSOLUTE
    _printf_truncate_unsigned                0x00000000   Number         0  stubs.o ABSOLUTE
    _printf_u                                0x00000000   Number         0  stubs.o ABSOLUTE
    _printf_wc                               0x00000000   Number         0  stubs.o ABSOLUTE
    _printf_wctomb                           0x00000000   Number         0  stubs.o ABSOLUTE
    _printf_widthprec                        0x00000000   Number         0  stubs.o ABSOLUTE
    _printf_x                                0x00000000   Number         0  stubs.o ABSOLUTE
    __cpp_initialize__aeabi_                  - Undefined Weak Reference
    __cxa_finalize                            - Undefined Weak Reference
    _clock_init                               - Undefined Weak Reference
    _microlib_exit                            - Undefined Weak Reference
    __Vectors_End                            0x00000078   Data           0  startup_cm3ds.o(RESET)
    __Vectors_Size                           0x00000078   Number         0  startup_cm3ds.o ABSOLUTE
    __main                                   0x00000079   Thumb Code     0  entry.o(.ARM.Collect$$$$00000000)
    _main_stk                                0x00000079   Thumb Code     0  entry2.o(.ARM.Collect$$$$00000001)
    _main_scatterload                        0x0000007d   Thumb Code     0  entry5.o(.ARM.Collect$$$$00000004)
    __main_after_scatterload                 0x00000081   Thumb Code     0  entry5.o(.ARM.Collect$$$$00000004)
    _main_clock                              0x00000081   Thumb Code     0  entry7b.o(.ARM.Collect$$$$00000008)
    _main_cpp_init                           0x00000081   Thumb Code     0  entry8b.o(.ARM.Collect$$$$0000000A)
    _main_init                               0x00000081   Thumb Code     0  entry9a.o(.ARM.Collect$$$$0000000B)
    __rt_final_cpp                           0x00000089   Thumb Code     0  entry10a.o(.ARM.Collect$$$$0000000D)
    __rt_final_exit                          0x00000089   Thumb Code     0  entry11a.o(.ARM.Collect$$$$0000000F)
    Reset_Handler                            0x0000008d   Thumb Code    12  startup_cm3ds.o(.text)
    NMI_Handler                              0x00000099   Thumb Code     8  startup_cm3ds.o(.text)
    HardFault_Handler                        0x000000a1   Thumb Code     8  startup_cm3ds.o(.text)
    MemManage_Handler                        0x000000a9   Thumb Code     8  startup_cm3ds.o(.text)
    BusFault_Handler                         0x000000b1   Thumb Code     8  startup_cm3ds.o(.text)
    UsageFault_Handler                       0x000000b9   Thumb Code     8  startup_cm3ds.o(.text)
    SVC_Handler                              0x000000c1   Thumb Code     8  startup_cm3ds.o(.text)
    DebugMon_Handler                         0x000000c9   Thumb Code     8  startup_cm3ds.o(.text)
    PendSV_Handler                           0x000000d1   Thumb Code     8  startup_cm3ds.o(.text)
    SysTick_Handler                          0x000000d9   Thumb Code     8  startup_cm3ds.o(.text)
    UARTRX_Handler                           0x000000e1   Thumb Code     8  startup_cm3ds.o(.text)
    UARTTX_Handler                           0x000000e9   Thumb Code     8  startup_cm3ds.o(.text)
    UARTOVR_Handler                          0x000000f1   Thumb Code     8  startup_cm3ds.o(.text)
    KEY0_Handler                             0x000000f9   Thumb Code     8  startup_cm3ds.o(.text)
    KEY1_Handler                             0x00000101   Thumb Code     8  startup_cm3ds.o(.text)
    KEY2_Handler                             0x00000109   Thumb Code     8  startup_cm3ds.o(.text)
    KEY3_Handler                             0x00000111   Thumb Code     8  startup_cm3ds.o(.text)
    TIMER_Handler                            0x00000119   Thumb Code     8  startup_cm3ds.o(.text)
    VGA_Handler                              0x00000121   Thumb Code     8  startup_cm3ds.o(.text)
    CREATE_PLANE_Handler                     0x00000129   Thumb Code     8  startup_cm3ds.o(.text)
    PULSE0_Handler                           0x00000131   Thumb Code     8  startup_cm3ds.o(.text)
    PULSE1_Handler                           0x00000139   Thumb Code     8  startup_cm3ds.o(.text)
    TRIANGLE_Handler                         0x00000141   Thumb Code     8  startup_cm3ds.o(.text)
    NOISE_Handler                            0x00000149   Thumb Code     8  startup_cm3ds.o(.text)
    rand                                     0x00000159   Thumb Code    20  rand.o(.text)
    srand                                    0x0000016d   Thumb Code     6  rand.o(.text)
    __aeabi_fmul                             0x0000017d   Thumb Code   100  fmul.o(.text)
    __ARM_scalbnf                            0x000001e1   Thumb Code    24  fscalb.o(.text)
    scalbnf                                  0x000001e1   Thumb Code     0  fscalb.o(.text)
    __aeabi_i2f                              0x000001f9   Thumb Code    18  fflti.o(.text)
    __aeabi_f2d                              0x0000020b   Thumb Code    38  f2d.o(.text)
    __aeabi_uidiv                            0x00000231   Thumb Code     0  uidiv.o(.text)
    __aeabi_uidivmod                         0x00000231   Thumb Code    44  uidiv.o(.text)
    __aeabi_uldivmod                         0x0000025d   Thumb Code    98  uldiv.o(.text)
    __I$use$fp                               0x000002bf   Thumb Code     0  iusefp.o(.text)
    _float_round                             0x000002bf   Thumb Code    18  fepilogue.o(.text)
    _float_epilogue                          0x000002d1   Thumb Code    92  fepilogue.o(.text)
    __aeabi_dadd                             0x0000032d   Thumb Code   322  dadd.o(.text)
    __aeabi_dsub                             0x0000046f   Thumb Code     6  dadd.o(.text)
    __aeabi_drsub                            0x00000475   Thumb Code     6  dadd.o(.text)
    __aeabi_dmul                             0x0000047b   Thumb Code   228  dmul.o(.text)
    __aeabi_ddiv                             0x0000055f   Thumb Code   222  ddiv.o(.text)
    __aeabi_d2ulz                            0x0000063d   Thumb Code    48  dfixul.o(.text)
    __aeabi_cdrcmple                         0x0000066d   Thumb Code    48  cdrcmple.o(.text)
    __scatterload                            0x0000069d   Thumb Code    28  init.o(.text)
    __scatterload_rt2                        0x0000069d   Thumb Code     0  init.o(.text)
    __aeabi_llsl                             0x000006c1   Thumb Code    30  llshl.o(.text)
    _ll_shift_l                              0x000006c1   Thumb Code     0  llshl.o(.text)
    __aeabi_llsr                             0x000006df   Thumb Code    32  llushr.o(.text)
    _ll_ushift_r                             0x000006df   Thumb Code     0  llushr.o(.text)
    __aeabi_lasr                             0x000006ff   Thumb Code    36  llsshr.o(.text)
    _ll_sshift_r                             0x000006ff   Thumb Code     0  llsshr.o(.text)
    _double_round                            0x00000723   Thumb Code    30  depilogue.o(.text)
    _double_epilogue                         0x00000741   Thumb Code   156  depilogue.o(.text)
    __decompress                             0x000007dd   Thumb Code     0  __dclz77c.o(.text)
    __decompress2                            0x000007dd   Thumb Code    94  __dclz77c.o(.text)
    BusFaultHandler                          0x0000083b   Thumb Code     2  handler.o(i.BusFaultHandler)
    DebugMonHandler                          0x0000083d   Thumb Code     2  handler.o(i.DebugMonHandler)
    HardFaultHandler                         0x0000083f   Thumb Code     2  handler.o(i.HardFaultHandler)
    KEY0                                     0x00000841   Thumb Code     2  handler.o(i.KEY0)
    KEY1                                     0x00000843   Thumb Code     2  handler.o(i.KEY1)
    KEY2                                     0x00000845   Thumb Code     2  handler.o(i.KEY2)
    KEY3                                     0x00000847   Thumb Code     2  handler.o(i.KEY3)
    MemManageHandler                         0x00000849   Thumb Code     2  handler.o(i.MemManageHandler)
    NMIHandler                               0x0000084b   Thumb Code     2  handler.o(i.NMIHandler)
    PendSVHandler                            0x00000863   Thumb Code     2  handler.o(i.PendSVHandler)
    SVCHandler                               0x00000865   Thumb Code     2  handler.o(i.SVCHandler)
    Set_SysTick_CTRL                         0x00000867   Thumb Code     8  systick.o(i.Set_SysTick_CTRL)
    Set_SysTick_LOAD                         0x0000086f   Thumb Code     8  systick.o(i.Set_SysTick_LOAD)
    Set_SysTick_VALUE                        0x00000877   Thumb Code     8  systick.o(i.Set_SysTick_VALUE)
    SysTickHandler                           0x00000881   Thumb Code    20  handler.o(i.SysTickHandler)
    SystemInit                               0x00000899   Thumb Code    38  system.o(i.SystemInit)
    Timer_Handler                            0x000008c9   Thumb Code     2  handler.o(i.Timer_Handler)
    UARTOVRHandler                           0x000008cb   Thumb Code     2  handler.o(i.UARTOVRHandler)
    UARTRXHandler                            0x000008cd   Thumb Code     2  handler.o(i.UARTRXHandler)
    UARTTXHandler                            0x000008cf   Thumb Code     2  handler.o(i.UARTTXHandler)
    UsageFaultHandler                        0x000008d1   Thumb Code     2  handler.o(i.UsageFaultHandler)
    __0printf                                0x000008d5   Thumb Code    22  printfa.o(i.__0printf)
    __1printf                                0x000008d5   Thumb Code     0  printfa.o(i.__0printf)
    __2printf                                0x000008d5   Thumb Code     0  printfa.o(i.__0printf)
    __c89printf                              0x000008d5   Thumb Code     0  printfa.o(i.__0printf)
    printf                                   0x000008d5   Thumb Code     0  printfa.o(i.__0printf)
    __scatterload_copy                       0x000008f5   Thumb Code    14  handlers.o(i.__scatterload_copy)
    __scatterload_null                       0x00000903   Thumb Code     2  handlers.o(i.__scatterload_null)
    __scatterload_zeroinit                   0x00000905   Thumb Code    14  handlers.o(i.__scatterload_zeroinit)
    b_green_createOnePlane                   0x000011c9   Thumb Code   116  enemyplane.o(i.b_green_createOnePlane)
    b_green_createPlane_511                  0x00001241   Thumb Code     4  makeenemyplanearray.o(i.b_green_createPlane_511)
    create_plane_Handler                     0x00001245   Thumb Code   162  handler.o(i.create_plane_Handler)
    delay                                    0x00001301   Thumb Code    32  systick.o(i.delay)
    delay_ms                                 0x00001321   Thumb Code    24  systick.o(i.delay_ms)
    fputc                                    0x00001339   Thumb Code    32  retarget.o(i.fputc)
    m_straight_createOnePlane                0x00001359   Thumb Code   114  enemyplane.o(i.m_straight_createOnePlane)
    main                                     0x000013d1   Thumb Code   148  main.o(i.main)
    noise_Handler                            0x0000148d   Thumb Code     2  handler.o(i.noise_Handler)
    pulse0_Handler                           0x00001491   Thumb Code   330  handler.o(i.pulse0_Handler)
    pulse1_Handler                           0x000015f5   Thumb Code     2  handler.o(i.pulse1_Handler)
    s_green_createOnePlane                   0x000015f9   Thumb Code   336  enemyplane.o(i.s_green_createOnePlane)
    s_green_createPlane_221                  0x0000174d   Thumb Code    56  makeenemyplanearray.o(i.s_green_createPlane_221)
    s_green_createPlane_222                  0x00001785   Thumb Code    62  makeenemyplanearray.o(i.s_green_createPlane_222)
    s_green_createPlane_243                  0x000017c3   Thumb Code    82  makeenemyplanearray.o(i.s_green_createPlane_243)
    s_green_createPlane_411                  0x00001815   Thumb Code    38  makeenemyplanearray.o(i.s_green_createPlane_411)
    s_green_createPlane_422                  0x0000183b   Thumb Code    54  makeenemyplanearray.o(i.s_green_createPlane_422)
    s_grey_createOnePlane                    0x00001871   Thumb Code   172  enemyplane.o(i.s_grey_createOnePlane)
    s_grey_createPlane_111                   0x00001921   Thumb Code    86  makeenemyplanearray.o(i.s_grey_createPlane_111)
    s_grey_createPlane_122                   0x00001977   Thumb Code    58  makeenemyplanearray.o(i.s_grey_createPlane_122)
    s_grey_createPlane_123                   0x000019b1   Thumb Code   128  makeenemyplanearray.o(i.s_grey_createPlane_123)
    s_grey_createPlane_144                   0x00001a31   Thumb Code    94  makeenemyplanearray.o(i.s_grey_createPlane_144)
    s_grey_createPlane_145                   0x00001a8f   Thumb Code   164  makeenemyplanearray.o(i.s_grey_createPlane_145)
    s_grey_createPlane_166                   0x00001b33   Thumb Code    20  makeenemyplanearray.o(i.s_grey_createPlane_166)
    set_pulse0_00                            0x00001b49   Thumb Code     6  apu.o(i.set_pulse0_00)
    set_pulse0_01                            0x00001b55   Thumb Code     6  apu.o(i.set_pulse0_01)
    set_pulse0_10                            0x00001b61   Thumb Code     6  apu.o(i.set_pulse0_10)
    set_pulse0_11                            0x00001b6d   Thumb Code     6  apu.o(i.set_pulse0_11)
    set_pulse1_00                            0x00001b79   Thumb Code     6  apu.o(i.set_pulse1_00)
    set_pulse1_01                            0x00001b85   Thumb Code     6  apu.o(i.set_pulse1_01)
    set_pulse1_10                            0x00001b91   Thumb Code     6  apu.o(i.set_pulse1_10)
    set_pulse1_11                            0x00001b9d   Thumb Code     6  apu.o(i.set_pulse1_11)
    triangle_Handler                         0x00001ba9   Thumb Code     2  handler.o(i.triangle_Handler)
    uart_SendChar                            0x00001bab   Thumb Code    10  uart.o(i.uart_SendChar)
    uart_init                                0x00001bb5   Thumb Code    74  uart.o(i.uart_init)
    vga_Handler                              0x00001c01   Thumb Code   100  handler.o(i.vga_Handler)
    S_GREY_NUMMAX                            0x00001c80   Data           1  main.o(.constdata)
    S_GREEN_NUMMAX                           0x00001c81   Data           1  main.o(.constdata)
    M_STRAIGHT_NUMMAX                        0x00001c82   Data           1  main.o(.constdata)
    B_GREEN_NUMMAX                           0x00001c83   Data           1  main.o(.constdata)
    Region$$Table$$Base                      0x00001c84   Number         0  anon$$obj.o(Region$$Table)
    Region$$Table$$Limit                     0x00001ca4   Number         0  anon$$obj.o(Region$$Table)
    spriteRamAddr                            0x20000000   Data           1  main.o(.data)
    game_state                               0x20000001   Data           1  main.o(.data)
    gameEndInterFaceFpsCnt                   0x20000002   Data           1  main.o(.data)
    gameEndInterFaceArrayCnt                 0x20000003   Data           1  main.o(.data)
    DrawFlag                                 0x20000004   Data           1  main.o(.data)
    timer_init_flag                          0x20000005   Data           1  main.o(.data)
    gameRunState                             0x20000006   Data           1  main.o(.data)
    guanQia                                  0x20000007   Data           1  main.o(.data)
    pifuNum                                  0x20000008   Data           1  main.o(.data)
    pifuNumTemp                              0x20000009   Data           1  main.o(.data)
    APU_Array_Ptr                            0x2000000a   Data           1  main.o(.data)
    game_caozuo_mode                         0x2000000b   Data           1  main.o(.data)
    timer_cnt                                0x2000000c   Data           1  main.o(.data)
    start                                    0x2000000d   Data           1  main.o(.data)
    gameingPause                             0x2000000e   Data           1  main.o(.data)
    gameCursor                               0x2000000f   Data           1  main.o(.data)
    gameEndFpsCnt                            0x20000010   Data           1  main.o(.data)
    GameScore                                0x20000014   Data           4  main.o(.data)
    flashAddrBlock_Map0                      0x20000018   Data           4  main.o(.data)
    flashAddrBlock_Map1                      0x2000001c   Data           4  main.o(.data)
    PS2_KEY_START                            0x20000020   Data           4  main.o(.data)
    PS2_KEY_GAMING                           0x20000024   Data           4  main.o(.data)
    PS2_KEY_END_OUT                          0x20000028   Data           4  main.o(.data)
    PS2_KEY_PIFU                             0x2000002c   Data           4  main.o(.data)
    GameShootBulletsCnt                      0x20000030   Data           4  main.o(.data)
    GameShootDownCnt                         0x20000034   Data           4  main.o(.data)
    GameHitRate                              0x20000038   Data           4  main.o(.data)
    create_enmeyPlane_num                    0x2000003c   Data           4  handler.o(.data)
    create                                   0x20000040   Data         960  handler.o(.data)
    APU_GAME_START_Array                     0x20000400   Data         180  handler.o(.data)
    APU_MY_PLANE_DEAD_Array                  0x200004b4   Data         112  handler.o(.data)
    APU_GAME_END_Array                       0x20000524   Data          76  handler.o(.data)
    APU_GAME_ING_Array                       0x20000570   Data         252  handler.o(.data)
    SystemCoreClock                          0x2000066c   Data           4  system.o(.data)
    __stdout                                 0x20000670   Data           4  retarget.o(.data)
    myplane                                  0x20000678   Data          10  main.o(.bss)
    myBullet                                 0x20000682   Data         120  main.o(.bss)
    s_grey_plane                             0x200006fa   Data         192  main.o(.bss)
    s_green_plane                            0x200007ba   Data         240  main.o(.bss)
    m_straight_plane                         0x200008aa   Data          36  main.o(.bss)
    b_green_plane                            0x200008ce   Data          26  main.o(.bss)
    enmeyBullets                             0x200008e8   Data         100  main.o(.bss)
    myBulletsHitMap                          0x2000094c   Data         120  main.o(.bss)
    enemyPlaneAndBullet_HitMap               0x200009c4   Data         120  main.o(.bss)
    boom                                     0x20000a3c   Data          40  main.o(.bss)
    __initial_sp                             0x20001268   Data           0  startup_cm3ds.o(STACK)



==============================================================================

Memory Map of the image

  Image Entry point : 0x00000079

  Load Region LR_IROM1 (Base: 0x00000000, Size: 0x0000231c, Max: 0x00010000, ABSOLUTE, COMPRESSED[0x00001dd4])

    Execution Region ER_IROM1 (Exec base: 0x00000000, Load base: 0x00000000, Size: 0x00001ca4, Max: 0x00010000, ABSOLUTE)

    Exec Addr    Load Addr    Size         Type   Attr      Idx    E Section Name        Object

    0x00000000   0x00000000   0x00000078   Data   RO          127    RESET               startup_cm3ds.o
    0x00000078   0x00000078   0x00000000   Code   RO         1694  * .ARM.Collect$$$$00000000  mc_w.l(entry.o)
    0x00000078   0x00000078   0x00000004   Code   RO         1979    .ARM.Collect$$$$00000001  mc_w.l(entry2.o)
    0x0000007c   0x0000007c   0x00000004   Code   RO         1982    .ARM.Collect$$$$00000004  mc_w.l(entry5.o)
    0x00000080   0x00000080   0x00000000   Code   RO         1984    .ARM.Collect$$$$00000008  mc_w.l(entry7b.o)
    0x00000080   0x00000080   0x00000000   Code   RO         1986    .ARM.Collect$$$$0000000A  mc_w.l(entry8b.o)
    0x00000080   0x00000080   0x00000008   Code   RO         1987    .ARM.Collect$$$$0000000B  mc_w.l(entry9a.o)
    0x00000088   0x00000088   0x00000000   Code   RO         1989    .ARM.Collect$$$$0000000D  mc_w.l(entry10a.o)
    0x00000088   0x00000088   0x00000000   Code   RO         1991    .ARM.Collect$$$$0000000F  mc_w.l(entry11a.o)
    0x00000088   0x00000088   0x00000004   Code   RO         1980    .ARM.Collect$$$$00002712  mc_w.l(entry2.o)
    0x0000008c   0x0000008c   0x000000cc   Code   RO          128    .text               startup_cm3ds.o
    0x00000158   0x00000158   0x00000024   Code   RO         1697    .text               mc_w.l(rand.o)
    0x0000017c   0x0000017c   0x00000064   Code   RO         1967    .text               mf_w.l(fmul.o)
    0x000001e0   0x000001e0   0x00000018   Code   RO         1971    .text               mf_w.l(fscalb.o)
    0x000001f8   0x000001f8   0x00000012   Code   RO         1973    .text               mf_w.l(fflti.o)
    0x0000020a   0x0000020a   0x00000026   Code   RO         1977    .text               mf_w.l(f2d.o)
    0x00000230   0x00000230   0x0000002c   Code   RO         1993    .text               mc_w.l(uidiv.o)
    0x0000025c   0x0000025c   0x00000062   Code   RO         1995    .text               mc_w.l(uldiv.o)
    0x000002be   0x000002be   0x00000000   Code   RO         1997    .text               mc_w.l(iusefp.o)
    0x000002be   0x000002be   0x0000006e   Code   RO         1998    .text               mf_w.l(fepilogue.o)
    0x0000032c   0x0000032c   0x0000014e   Code   RO         2000    .text               mf_w.l(dadd.o)
    0x0000047a   0x0000047a   0x000000e4   Code   RO         2002    .text               mf_w.l(dmul.o)
    0x0000055e   0x0000055e   0x000000de   Code   RO         2004    .text               mf_w.l(ddiv.o)
    0x0000063c   0x0000063c   0x00000030   Code   RO         2006    .text               mf_w.l(dfixul.o)
    0x0000066c   0x0000066c   0x00000030   Code   RO         2008    .text               mf_w.l(cdrcmple.o)
    0x0000069c   0x0000069c   0x00000024   Code   RO         2010    .text               mc_w.l(init.o)
    0x000006c0   0x000006c0   0x0000001e   Code   RO         2012    .text               mc_w.l(llshl.o)
    0x000006de   0x000006de   0x00000020   Code   RO         2014    .text               mc_w.l(llushr.o)
    0x000006fe   0x000006fe   0x00000024   Code   RO         2016    .text               mc_w.l(llsshr.o)
    0x00000722   0x00000722   0x000000ba   Code   RO         2018    .text               mf_w.l(depilogue.o)
    0x000007dc   0x000007dc   0x0000005e   Code   RO         2028    .text               mc_w.l(__dclz77c.o)
    0x0000083a   0x0000083a   0x00000002   Code   RO          134    i.BusFaultHandler   handler.o
    0x0000083c   0x0000083c   0x00000002   Code   RO          135    i.DebugMonHandler   handler.o
    0x0000083e   0x0000083e   0x00000002   Code   RO          136    i.HardFaultHandler  handler.o
    0x00000840   0x00000840   0x00000002   Code   RO          137    i.KEY0              handler.o
    0x00000842   0x00000842   0x00000002   Code   RO          138    i.KEY1              handler.o
    0x00000844   0x00000844   0x00000002   Code   RO          139    i.KEY2              handler.o
    0x00000846   0x00000846   0x00000002   Code   RO          140    i.KEY3              handler.o
    0x00000848   0x00000848   0x00000002   Code   RO          141    i.MemManageHandler  handler.o
    0x0000084a   0x0000084a   0x00000002   Code   RO          142    i.NMIHandler        handler.o
    0x0000084c   0x0000084c   0x00000016   Code   RO          301    i.NVIC_EnableIRQ    system.o
    0x00000862   0x00000862   0x00000002   Code   RO          143    i.PendSVHandler     handler.o
    0x00000864   0x00000864   0x00000002   Code   RO          144    i.SVCHandler        handler.o
    0x00000866   0x00000866   0x00000008   Code   RO          686    i.Set_SysTick_CTRL  systick.o
    0x0000086e   0x0000086e   0x00000008   Code   RO          687    i.Set_SysTick_LOAD  systick.o
    0x00000876   0x00000876   0x00000008   Code   RO          688    i.Set_SysTick_VALUE  systick.o
    0x0000087e   0x0000087e   0x00000002   PAD
    0x00000880   0x00000880   0x00000018   Code   RO          145    i.SysTickHandler    handler.o
    0x00000898   0x00000898   0x00000030   Code   RO          303    i.SystemInit        system.o
    0x000008c8   0x000008c8   0x00000002   Code   RO          146    i.Timer_Handler     handler.o
    0x000008ca   0x000008ca   0x00000002   Code   RO          147    i.UARTOVRHandler    handler.o
    0x000008cc   0x000008cc   0x00000002   Code   RO          148    i.UARTRXHandler     handler.o
    0x000008ce   0x000008ce   0x00000002   Code   RO          149    i.UARTTXHandler     handler.o
    0x000008d0   0x000008d0   0x00000002   Code   RO          150    i.UsageFaultHandler  handler.o
    0x000008d2   0x000008d2   0x00000002   PAD
    0x000008d4   0x000008d4   0x00000020   Code   RO         1937    i.__0printf         mc_w.l(printfa.o)
    0x000008f4   0x000008f4   0x0000000e   Code   RO         2022    i.__scatterload_copy  mc_w.l(handlers.o)
    0x00000902   0x00000902   0x00000002   Code   RO         2023    i.__scatterload_null  mc_w.l(handlers.o)
    0x00000904   0x00000904   0x0000000e   Code   RO         2024    i.__scatterload_zeroinit  mc_w.l(handlers.o)
    0x00000912   0x00000912   0x00000002   PAD
    0x00000914   0x00000914   0x00000184   Code   RO         1944    i._fp_digits        mc_w.l(printfa.o)
    0x00000a98   0x00000a98   0x000006dc   Code   RO         1945    i._printf_core      mc_w.l(printfa.o)
    0x00001174   0x00001174   0x00000024   Code   RO         1946    i._printf_post_padding  mc_w.l(printfa.o)
    0x00001198   0x00001198   0x0000002e   Code   RO         1947    i._printf_pre_padding  mc_w.l(printfa.o)
    0x000011c6   0x000011c6   0x00000002   PAD
    0x000011c8   0x000011c8   0x00000078   Code   RO         1319    i.b_green_createOnePlane  enemyplane.o
    0x00001240   0x00001240   0x00000004   Code   RO         1536    i.b_green_createPlane_511  makeenemyplanearray.o
    0x00001244   0x00001244   0x000000bc   Code   RO          151    i.create_plane_Handler  handler.o
    0x00001300   0x00001300   0x00000020   Code   RO          691    i.delay             systick.o
    0x00001320   0x00001320   0x00000018   Code   RO          692    i.delay_ms          systick.o
    0x00001338   0x00001338   0x00000020   Code   RO          345    i.fputc             retarget.o
    0x00001358   0x00001358   0x00000078   Code   RO         1323    i.m_straight_createOnePlane  enemyplane.o
    0x000013d0   0x000013d0   0x000000bc   Code   RO            3    i.main              main.o
    0x0000148c   0x0000148c   0x00000002   Code   RO          152    i.noise_Handler     handler.o
    0x0000148e   0x0000148e   0x00000002   PAD
    0x00001490   0x00001490   0x00000164   Code   RO          153    i.pulse0_Handler    handler.o
    0x000015f4   0x000015f4   0x00000002   Code   RO          154    i.pulse1_Handler    handler.o
    0x000015f6   0x000015f6   0x00000002   PAD
    0x000015f8   0x000015f8   0x00000154   Code   RO         1327    i.s_green_createOnePlane  enemyplane.o
    0x0000174c   0x0000174c   0x00000038   Code   RO         1537    i.s_green_createPlane_221  makeenemyplanearray.o
    0x00001784   0x00001784   0x0000003e   Code   RO         1538    i.s_green_createPlane_222  makeenemyplanearray.o
    0x000017c2   0x000017c2   0x00000052   Code   RO         1539    i.s_green_createPlane_243  makeenemyplanearray.o
    0x00001814   0x00001814   0x00000026   Code   RO         1540    i.s_green_createPlane_411  makeenemyplanearray.o
    0x0000183a   0x0000183a   0x00000036   Code   RO         1541    i.s_green_createPlane_422  makeenemyplanearray.o
    0x00001870   0x00001870   0x000000b0   Code   RO         1331    i.s_grey_createOnePlane  enemyplane.o
    0x00001920   0x00001920   0x00000056   Code   RO         1542    i.s_grey_createPlane_111  makeenemyplanearray.o
    0x00001976   0x00001976   0x0000003a   Code   RO         1543    i.s_grey_createPlane_122  makeenemyplanearray.o
    0x000019b0   0x000019b0   0x00000080   Code   RO         1544    i.s_grey_createPlane_123  makeenemyplanearray.o
    0x00001a30   0x00001a30   0x0000005e   Code   RO         1545    i.s_grey_createPlane_144  makeenemyplanearray.o
    0x00001a8e   0x00001a8e   0x000000a4   Code   RO         1546    i.s_grey_createPlane_145  makeenemyplanearray.o
    0x00001b32   0x00001b32   0x00000014   Code   RO         1547    i.s_grey_createPlane_166  makeenemyplanearray.o
    0x00001b46   0x00001b46   0x00000002   PAD
    0x00001b48   0x00001b48   0x0000000c   Code   RO          978    i.set_pulse0_00     apu.o
    0x00001b54   0x00001b54   0x0000000c   Code   RO          979    i.set_pulse0_01     apu.o
    0x00001b60   0x00001b60   0x0000000c   Code   RO          980    i.set_pulse0_10     apu.o
    0x00001b6c   0x00001b6c   0x0000000c   Code   RO          981    i.set_pulse0_11     apu.o
    0x00001b78   0x00001b78   0x0000000c   Code   RO          982    i.set_pulse1_00     apu.o
    0x00001b84   0x00001b84   0x0000000c   Code   RO          983    i.set_pulse1_01     apu.o
    0x00001b90   0x00001b90   0x0000000c   Code   RO          984    i.set_pulse1_10     apu.o
    0x00001b9c   0x00001b9c   0x0000000c   Code   RO          985    i.set_pulse1_11     apu.o
    0x00001ba8   0x00001ba8   0x00000002   Code   RO          155    i.triangle_Handler  handler.o
    0x00001baa   0x00001baa   0x0000000a   Code   RO          602    i.uart_SendChar     uart.o
    0x00001bb4   0x00001bb4   0x0000004a   Code   RO          604    i.uart_init         uart.o
    0x00001bfe   0x00001bfe   0x00000002   PAD
    0x00001c00   0x00001c00   0x00000080   Code   RO          156    i.vga_Handler       handler.o
    0x00001c80   0x00001c80   0x00000001   Data   RO            7    .constdata          main.o
    0x00001c81   0x00001c81   0x00000001   Data   RO            8    .constdata          main.o
    0x00001c82   0x00001c82   0x00000001   Data   RO            9    .constdata          main.o
    0x00001c83   0x00001c83   0x00000001   Data   RO           10    .constdata          main.o
    0x00001c84   0x00001c84   0x00000020   Data   RO         2020    Region$$Table       anon$$obj.o


    Execution Region RW_IRAM1 (Exec base: 0x20000000, Load base: 0x00001ca4, Size: 0x00001268, Max: 0x00010000, ABSOLUTE, COMPRESSED[0x00000130])

    Exec Addr    Load Addr    Size         Type   Attr      Idx    E Section Name        Object

    0x20000000   COMPRESSED   0x0000003c   Data   RW           13    .data               main.o
    0x2000003c   COMPRESSED   0x00000630   Data   RW          161    .data               handler.o
    0x2000066c   COMPRESSED   0x00000004   Data   RW          304    .data               system.o
    0x20000670   COMPRESSED   0x00000004   Data   RW          346    .data               retarget.o
    0x20000674   COMPRESSED   0x00000004   Data   RW         1698    .data               mc_w.l(rand.o)
    0x20000678        -       0x000003ec   Zero   RW            4    .bss                main.o
    0x20000a64   COMPRESSED   0x00000004   PAD
    0x20000a68        -       0x00000800   Zero   RW          125    STACK               startup_cm3ds.o


==============================================================================

Image component sizes


      Code (inc. data)   RO Data    RW Data    ZI Data      Debug   Object Name

        96         48          0          0          0       3420   apu.o
       756         18          0          0          0       3863   enemyplane.o
       734         98          0       1584          0      11592   handler.o
       188         40          4         60       1004      13707   main.o
       846          0          0          0          0       8098   makeenemyplanearray.o
        32          0          0          4          0       2496   retarget.o
       204          8        120          0       2048       1376   startup_cm3ds.o
        70         10          0          4          0      24638   system.o
        80          0          0          0          0       2281   systick.o
        84          0          0          0          0       1844   uart.o

    ----------------------------------------------------------------------
      3102        222        156       1652       3056      73315   Object Totals
         0          0         32          0          0          0   (incl. Generated)
        12          0          0          0          4          0   (incl. Padding)

    ----------------------------------------------------------------------

      Code (inc. data)   RO Data    RW Data    ZI Data      Debug   Library Member Name

        94          0          0          0          0          0   __dclz77c.o
         0          0          0          0          0          0   entry.o
         0          0          0          0          0          0   entry10a.o
         0          0          0          0          0          0   entry11a.o
         8          4          0          0          0          0   entry2.o
         4          0          0          0          0          0   entry5.o
         0          0          0          0          0          0   entry7b.o
         0          0          0          0          0          0   entry8b.o
         8          4          0          0          0          0   entry9a.o
        30          0          0          0          0          0   handlers.o
        36          8          0          0          0         68   init.o
         0          0          0          0          0          0   iusefp.o
        30          0          0          0          0         68   llshl.o
        36          0          0          0          0         68   llsshr.o
        32          0          0          0          0         68   llushr.o
      2258         90          0          0          0        452   printfa.o
        36         10          0          4          0        136   rand.o
        44          0          0          0          0         80   uidiv.o
        98          0          0          0          0         92   uldiv.o
        48          0          0          0          0         68   cdrcmple.o
       334          0          0          0          0        148   dadd.o
       222          0          0          0          0        100   ddiv.o
       186          0          0          0          0        176   depilogue.o
        48          0          0          0          0         68   dfixul.o
       228          0          0          0          0         96   dmul.o
        38          0          0          0          0         68   f2d.o
       110          0          0          0          0        168   fepilogue.o
        18          0          0          0          0         68   fflti.o
       100          0          0          0          0         76   fmul.o
        24          0          0          0          0         68   fscalb.o

    ----------------------------------------------------------------------
      4074        116          0          4          0       2136   Library Totals
         4          0          0          0          0          0   (incl. Padding)

    ----------------------------------------------------------------------

      Code (inc. data)   RO Data    RW Data    ZI Data      Debug   Library Name

      2714        116          0          4          0       1032   mc_w.l
      1356          0          0          0          0       1104   mf_w.l

    ----------------------------------------------------------------------
      4074        116          0          4          0       2136   Library Totals

    ----------------------------------------------------------------------

==============================================================================


      Code (inc. data)   RO Data    RW Data    ZI Data      Debug   

      7176        338        156       1656       3056      71731   Grand Totals
      7176        338        156        304       3056      71731   ELF Image Totals (compressed)
      7176        338        156        304          0          0   ROM Totals

==============================================================================

    Total RO  Size (Code + RO Data)                 7332 (   7.16kB)
    Total RW  Size (RW Data + ZI Data)              4712 (   4.60kB)
    Total ROM Size (Code + RO Data + RW Data)       7636 (   7.46kB)

==============================================================================

