Component: ARM Compiler 5.06 update 6 (build 750) Tool: armlink [4d35ed]

==============================================================================

Section Cross References

    main.o(i.main) refers to uart.o(i.uart_init) for uart_init
    main.o(i.main) refers to cnn.o(i.write_ov5640_config) for write_ov5640_config
    main.o(i.main) refers to printf5.o(i.__0printf$5) for __2printf
    main.o(i.main) refers to pstwo.o(i.PS2_Init) for PS2_Init
    main.o(i.main) refers to spi_flash.o(i.SPI_Init) for SPI_Init
    main.o(i.main) refers to apu.o(i.set_frame) for set_frame
    main.o(i.main) refers to apu.o(i.set_state) for set_state
    main.o(i.main) refers to spi_flash.o(i.SPI_Flash_Erase_Sector) for SPI_Flash_Erase_Sector
    main.o(i.main) refers to makemap.o(i.makeMapFirst) for makeMapFirst
    main.o(i.main) refers to makemap.o(i.makeMapSecond) for makeMapSecond
    main.o(i.main) refers to spi_flash.o(i.SPI_Flash_Erase_Block) for SPI_Flash_Erase_Block
    main.o(i.main) refers to spi_flash.o(i.SPI_Flash_Write_Page) for SPI_Flash_Write_Page
    main.o(i.main) refers to spriteram.o(i.writeOneSprite) for writeOneSprite
    main.o(i.main) refers to spriteram.o(i.clearNameTableAll) for clearNameTableAll
    main.o(i.main) refers to gameinterface.o(i.gameStartInterfaceShow) for gameStartInterfaceShow
    main.o(i.main) refers to spi_flash.o(i.SPI_Flash_Read) for SPI_Flash_Read
    main.o(i.main) refers to spriteram.o(i.writeOneNametable) for writeOneNametable
    main.o(i.main) refers to gameinterface.o(i.gameCursorDraw) for gameCursorDraw
    main.o(i.main) refers to myplane.o(i.myPlane_Init) for myPlane_Init
    main.o(i.main) refers to myplane.o(i.myPlane_bulletInit) for myPlane_bulletInit
    main.o(i.main) refers to enemyplane.o(i.s_grey_planeInit) for s_grey_planeInit
    main.o(i.main) refers to enemyplane.o(i.s_green_planeInit) for s_green_planeInit
    main.o(i.main) refers to enemyplane.o(i.m_straight_planeInit) for m_straight_planeInit
    main.o(i.main) refers to enemyplane.o(i.b_green_planeInit) for b_green_planeInit
    main.o(i.main) refers to enemybullet.o(i.enmey_BulletInit) for enmey_BulletInit
    main.o(i.main) refers to boom.o(i.new_boomInit) for new_boomInit
    main.o(i.main) refers to makemap.o(i.loadMapJianchuan) for loadMapJianchuan
    main.o(i.main) refers to main.o(.data) for .data
    main.o(i.main) refers to main.o(.bss) for .bss
    main.o(i.main) refers to pstwo.o(i.PS2_DataKey) for PS2_DataKey
    main.o(i.main) refers to apu.o(i.apu_Button) for apu_Button
    main.o(i.main) refers to apu.o(i.apu_Intr_Trigger) for apu_Intr_Trigger
    main.o(i.main) refers to systick.o(i.delay_ms) for delay_ms
    main.o(i.main) refers to gameinterface.o(i.gameScoreDraw) for gameScoreDraw
    main.o(i.main) refers to gameinterface.o(i.newGuanqiaInterFaceDraw) for newGuanqiaInterFaceDraw
    main.o(i.main) refers to myplane.o(i.myPlane_Draw) for myPlane_Draw
    main.o(i.main) refers to jy61p.o(i.read_JY61P_flag) for read_JY61P_flag
    main.o(i.main) refers to cnn.o(i.read_cnn_result) for read_cnn_result
    main.o(i.main) refers to myplane.o(i.myPlane_createOneBullet) for myPlane_createOneBullet
    main.o(i.main) refers to myplane.o(i.myPlane_Act) for myPlane_Act
    main.o(i.main) refers to myplane.o(i.myPlane_updateBulletData) for myPlane_updateBulletData
    main.o(i.main) refers to enemyplane.o(i.s_grey_movePlane) for s_grey_movePlane
    main.o(i.main) refers to enemyplane.o(i.s_green_movePlane) for s_green_movePlane
    main.o(i.main) refers to enemyplane.o(i.m_straight_movePlane) for m_straight_movePlane
    main.o(i.main) refers to enemyplane.o(i.b_green_movePlane) for b_green_movePlane
    main.o(i.main) refers to enemybullet.o(i.updateEnemyBulletData) for updateEnemyBulletData
    main.o(i.main) refers to boom.o(i.new_updateBoomData) for new_updateBoomData
    main.o(i.main) refers to gamehitcheck.o(i.myBulletsMapCreate) for myBulletsMapCreate
    main.o(i.main) refers to gamehitcheck.o(i.enemyAndBulletMapCreate) for enemyAndBulletMapCreate
    main.o(i.main) refers to gamehitcheck.o(i.isMyPlaneHit) for isMyPlaneHit
    main.o(i.main) refers to gamehitcheck.o(i.isHit_s_EnemyPlane) for isHit_s_EnemyPlane
    main.o(i.main) refers to gamehitcheck.o(i.isHit_m_straight_EnemyPlane) for isHit_m_straight_EnemyPlane
    main.o(i.main) refers to gamehitcheck.o(i.isHit_b_EnemyPlane) for isHit_b_EnemyPlane
    main.o(i.main) refers to gamehitcheck.o(i.isHit_myBullets) for isHit_myBullets
    main.o(i.main) refers to pstwo.o(.bss) for Data
    main.o(i.main) refers to myplane.o(i.myPlane_bulletDraw) for myPlane_bulletDraw
    main.o(i.main) refers to boom.o(i.new_boomDraw) for new_boomDraw
    main.o(i.main) refers to enemyplane.o(i.s_grey_drawPlane) for s_grey_drawPlane
    main.o(i.main) refers to enemyplane.o(i.s_green_drawPlane) for s_green_drawPlane
    main.o(i.main) refers to enemyplane.o(i.m_straight_drawPlane) for m_straight_drawPlane
[...]
    entry2.o(__vectab_stack_and_reset_area) refers to entry.o(.ARM.Collect$$$$00000000) for __main
    entry5.o(.ARM.Collect$$$$00000004) refers to init.o(.text) for __scatterload
    entry9a.o(.ARM.Collect$$$$0000000B) refers to main.o(i.main) for main
    entry9b.o(.ARM.Collect$$$$0000000C) refers to main.o(i.main) for main
    uldiv.o(.text) refers to llushr.o(.text) for __aeabi_llsr
    uldiv.o(.text) refers to llshl.o(.text) for __aeabi_llsl
    dadd.o(.text) refers to llshl.o(.text) for __aeabi_llsl
    dadd.o(.text) refers to llsshr.o(.text) for __aeabi_lasr
    dadd.o(.text) refers to depilogue.o(.text) for _double_epilogue
    dmul.o(.text) refers to depilogue.o(.text) for _double_epilogue
    ddiv.o(.text) refers to depilogue.o(.text) for _double_round
    dfixul.o(.text) refers to llushr.o(.text) for __aeabi_llsr
    dfixul.o(.text) refers to llshl.o(.text) for __aeabi_llsl
    init.o(.text) refers to entry5.o(.ARM.Collect$$$$00000004) for __main_after_scatterload
    depilogue.o(.text) refers to llshl.o(.text) for __aeabi_llsl
    depilogue.o(.text) refers to llushr.o(.text) for __aeabi_llsr


==============================================================================

Removing Unused input sections from the image.

    Removing main.o(.rev16_text), (4 bytes).
    Removing main.o(.revsh_text), (4 bytes).
    Removing main.o(.bss), (120 bytes).
    Removing main.o(.data), (1 bytes).
    Removing main.o(.data), (4 bytes).
    Removing startup_cm3ds.o(HEAP), (2048 bytes).
    Removing handler.o(.rev16_text), (4 bytes).
    Removing handler.o(.revsh_text), (4 bytes).
    Removing handler.o(.constdata), (1 bytes).
    Removing handler.o(.constdata), (1 bytes).
    Removing handler.o(.constdata), (1 bytes).
    Removing handler.o(.constdata), (1 bytes).
    Removing system.o(.rev16_text), (4 bytes).
    Removing system.o(.revsh_text), (4 bytes).
    Removing system.o(i.SystemCoreClockUpdate), (16 bytes).
    Removing retarget.o(i._sys_exit), (2 bytes).
    Removing retarget.o(i._ttywrch), (10 bytes).
    Removing retarget.o(i.ferror), (6 bytes).
    Removing retarget.o(i.fgetc), (32 bytes).
    Removing retarget.o(.data), (4 bytes).
    Removing lcd.o(i.Gui_Drawbmp16), (104 bytes).
    Removing lcd.o(i.LCD_Clear), (140 bytes).
    Removing lcd.o(i.LCD_Color_Fill), (110 bytes).
    Removing lcd.o(i.LCD_DisplayOff), (6 bytes).
    Removing lcd.o(i.LCD_DisplayOn), (6 bytes).
    Removing lcd.o(i.LCD_Display_Dir), (88 bytes).
    Removing lcd.o(i.LCD_DrawLine), (152 bytes).
    Removing lcd.o(i.LCD_DrawPoint), (48 bytes).
    Removing lcd.o(i.LCD_Fast_DrawPoint), (164 bytes).
    Removing lcd.o(i.LCD_Fill), (90 bytes).
    Removing lcd.o(i.LCD_Init), (632 bytes).
    Removing lcd.o(i.LCD_Pow), (16 bytes).
    Removing lcd.o(i.LCD_RD_DATA), (26 bytes).
    Removing lcd.o(i.LCD_ReadReg), (22 bytes).
    Removing lcd.o(i.LCD_Scan_Dir), (836 bytes).
    Removing lcd.o(i.LCD_SetCursor), (128 bytes).
    Removing lcd.o(i.LCD_Set_Window), (224 bytes).
    Removing lcd.o(i.LCD_ShowChar), (224 bytes).
    Removing lcd.o(i.LCD_ShowChar1), (320 bytes).
    Removing lcd.o(i.LCD_ShowNum), (124 bytes).
    Removing lcd.o(i.LCD_ShowString), (84 bytes).
    Removing lcd.o(i.LCD_ShowxNum), (156 bytes).
    Removing lcd.o(i.LCD_WR_DATAX), (26 bytes).
    Removing lcd.o(i.LCD_WR_REG), (26 bytes).
    Removing lcd.o(i.LCD_WriteRAM), (30 bytes).
    Removing lcd.o(i.LCD_WriteRAM_Prepare), (12 bytes).
    Removing lcd.o(i.LCD_WriteReg), (38 bytes).
    Removing lcd.o(i.MakeData), (100 bytes).
    Removing lcd.o(i.ReadData), (34 bytes).
    Removing lcd.o(i.Show_Str), (176 bytes).
    Removing lcd.o(i.opt_delay), (8 bytes).
    Removing lcd.o(.bss), (14 bytes).
    Removing lcd.o(.constdata), (6080 bytes).
    Removing lcd.o(.data), (4 bytes).
    Removing uart.o(i.uart_ClearOverrunStatus), (12 bytes).
    Removing uart.o(i.uart_ClearRxIRQ), (6 bytes).
    Removing uart.o(i.uart_ClearTxIRQ), (6 bytes).
    Removing uart.o(i.uart_GetBaudDivider), (4 bytes).
    Removing uart.o(i.uart_GetOverrunStatus), (8 bytes).
    Removing uart.o(i.uart_GetRxBufferFull), (8 bytes).
    Removing uart.o(i.uart_GetRxIRQStatus), (8 bytes).
    Removing uart.o(i.uart_GetTxBufferFull), (8 bytes).
    Removing uart.o(i.uart_GetTxIRQStatus), (8 bytes).
    Removing uart.o(i.uart_ReceiveChar), (12 bytes).
    Removing uart.o(i.uart_SendString), (36 bytes).
    Removing systick.o(.rev16_text), (4 bytes).
    Removing systick.o(.revsh_text), (4 bytes).
    Removing systick.o(i.Read_SysTick_VALUE), (8 bytes).
    Removing systick.o(i.Timer_Ini), (30 bytes).
    Removing systick.o(i.Timer_Stop), (24 bytes).
    Removing led.o(i.led_ctrl), (36 bytes).
    Removing malloc.o(i.mem_free), (64 bytes).
    Removing malloc.o(i.mem_init), (40 bytes).
    Removing malloc.o(i.mem_malloc), (96 bytes).
    Removing malloc.o(i.mem_perused), (36 bytes).
    Removing malloc.o(i.myfree), (20 bytes).
    Removing malloc.o(i.mymalloc), (28 bytes).
    Removing malloc.o(i.mymemcpy), (18 bytes).
    Removing malloc.o(i.mymemset), (14 bytes).
    Removing malloc.o(i.myrealloc), (56 bytes).
    Removing malloc.o(.bss), (4096 bytes).
    Removing malloc.o(.bss), (256 bytes).
    Removing malloc.o(.constdata), (4 bytes).
    Removing malloc.o(.constdata), (4 bytes).
    Removing malloc.o(.constdata), (4 bytes).
    Removing malloc.o(.data), (20 bytes).
    Removing spi_flash.o(i.SPI_FLASH_Clear_SR), (32 bytes).
    Removing spi_flash.o(i.SPI_FLASH_Write_Disable), (22 bytes).
    Removing spi_flash.o(i.SPI_FLASH_Write_SR), (30 bytes).
    Removing spi_flash.o(i.SPI_Flash_Erase_Chip), (36 bytes).
    Removing spi_flash.o(i.SPI_Flash_ReadID), (58 bytes).
    Removing spi_flash.o(i.SPI_Flash_Write_Max65536), (164 bytes).
    Removing spi_flash.o(i.SPI_Flash_Write_NoCheck), (62 bytes).
    Removing apu.o(i.apu_Shoot), (30 bytes).
    Removing apu.o(i.set_triangle_00), (12 bytes).
    Removing apu.o(i.set_triangle_01), (12 bytes).
    Removing apu.o(i.set_triangle_10), (12 bytes).
    Removing apu.o(i.set_triangle_11), (12 bytes).
    Removing pstwo.o(i.PS2_AnologData), (12 bytes).
    Removing pstwo.o(i.PS2_EnterConfing), (88 bytes).
    Removing pstwo.o(i.PS2_ExitConfing), (88 bytes).
    Removing pstwo.o(i.PS2_RedLight), (56 bytes).
    Removing pstwo.o(i.PS2_SetInit), (30 bytes).
    Removing pstwo.o(i.PS2_ShortPoll), (64 bytes).
    Removing pstwo.o(i.PS2_TurnOnAnalogMode), (80 bytes).
    Removing pstwo.o(i.PS2_Vibration), (92 bytes).
    Removing pstwo.o(i.PS2_VibrationMode), (64 bytes).
    Removing spriteram.o(i.clearNameTableOneline), (26 bytes).
    Removing spriteram.o(i.nameTablePicture), (28 bytes).
    Removing spriteram.o(i.scroll_Init), (12 bytes).
    Removing enemybullet.o(.constdata), (1 bytes).
    Removing gameinterface.o(i.read_GameScoreRecord), (30 bytes).
    Removing gameinterface.o(i.save_GameScoreRecord), (188 bytes).
    Removing gameinterface.o(i.show_GameScoreRecord), (208 bytes).
    Removing gameinterface.o(.constdata), (4 bytes).
    Removing dadd.o(.text), (334 bytes).
    Removing dmul.o(.text), (228 bytes).
    Removing ddiv.o(.text), (222 bytes).
    Removing dfixul.o(.text), (48 bytes).
    Removing cdrcmple.o(.text), (48 bytes).
    Removing depilogue.o(.text), (186 bytes).

121 unused section(s) (total 20116 bytes) removed from the image.

==============================================================================

Image Symbol Table

    Local Symbols

    Symbol Name                              Value     Ov Type        Size  Object(Section)

    RESET                                    0x00000000   Section      120  startup_cm3ds.o(RESET)
    ../clib/../cmprslib/lz77c.c              0x00000000   Number         0  __dclz77c.o ABSOLUTE
    ../clib/microlib/division.c              0x00000000   Number         0  uldiv.o ABSOLUTE
    ../clib/microlib/division.c              0x00000000   Number         0  uidiv.o ABSOLUTE
    ../clib/microlib/init/entry.s            0x00000000   Number         0  entry9b.o ABSOLUTE
    ../clib/microlib/init/entry.s            0x00000000   Number         0  entry9a.o ABSOLUTE
    ../clib/microlib/init/entry.s            0x00000000   Number         0  entry8a.o ABSOLUTE
    ../clib/microlib/init/entry.s            0x00000000   Number         0  entry2.o ABSOLUTE
    ../clib/microlib/init/entry.s            0x00000000   Number         0  entry5.o ABSOLUTE
    ../clib/microlib/init/entry.s            0x00000000   Number         0  entry7a.o ABSOLUTE
    ../clib/microlib/init/entry.s            0x00000000   Number         0  entry11a.o ABSOLUTE
    ../clib/microlib/init/entry.s            0x00000000   Number         0  entry8b.o ABSOLUTE
    ../clib/microlib/init/entry.s            0x00000000   Number         0  entry7b.o ABSOLUTE
    ../clib/microlib/init/entry.s            0x00000000   Number         0  entry.o ABSOLUTE
    ../clib/microlib/init/entry.s            0x00000000   Number         0  entry11b.o ABSOLUTE
    ../clib/microlib/init/entry.s            0x00000000   Number         0  entry10b.o ABSOLUTE
    ../clib/microlib/init/entry.s            0x00000000   Number         0  entry10a.o ABSOLUTE
    ../clib/microlib/longlong.c              0x00000000   Number         0  llshl.o ABSOLUTE
    ../clib/microlib/longlong.c              0x00000000   Number         0  llushr.o ABSOLUTE
    ../clib/microlib/longlong.c              0x00000000   Number         0  llsshr.o ABSOLUTE
    ../clib/microlib/printf/printf.c         0x00000000   Number         0  printf7.o ABSOLUTE
    ../clib/microlib/printf/printf.c         0x00000000   Number         0  printf4.o ABSOLUTE
    ../clib/microlib/printf/printf.c         0x00000000   Number         0  printf5.o ABSOLUTE
    ../clib/microlib/printf/printf.c         0x00000000   Number         0  printf3.o ABSOLUTE
    ../clib/microlib/printf/printf.c         0x00000000   Number         0  printf2.o ABSOLUTE
    ../clib/microlib/printf/printf.c         0x00000000   Number         0  printf8.o ABSOLUTE
    ../clib/microlib/printf/printf.c         0x00000000   Number         0  printf0.o ABSOLUTE
    ../clib/microlib/printf/printf.c         0x00000000   Number         0  printfb.o ABSOLUTE
    ../clib/microlib/printf/printf.c         0x00000000   Number         0  printfa.o ABSOLUTE
    ../clib/microlib/printf/printf.c         0x00000000   Number         0  printf1.o ABSOLUTE
    ../clib/microlib/printf/printf.c         0x00000000   Number         0  printf6.o ABSOLUTE
    ../clib/microlib/printf/stubs.s          0x00000000   Number         0  stubs.o ABSOLUTE
    ../clib/microlib/stdlib/rand.c           0x00000000   Number         0  rand.o ABSOLUTE
    ../clib/microlib/string/memset.c         0x00000000   Number         0  memseta.o ABSOLUTE
    ../clib/microlib/string/strlen.c         0x00000000   Number         0  strlen.o ABSOLUTE
    ../clib/microlib/stubs.s                 0x00000000   Number         0  iusefp.o ABSOLUTE
    ../fplib/microlib/fpadd.c                0x00000000   Number         0  fadd.o ABSOLUTE
    ../fplib/microlib/fpadd.c                0x00000000   Number         0  dadd.o ABSOLUTE
    ../fplib/microlib/fpdiv.c                0x00000000   Number         0  fdiv.o ABSOLUTE
    ../fplib/microlib/fpdiv.c                0x00000000   Number         0  ddiv.o ABSOLUTE
    ../fplib/microlib/fpepilogue.c           0x00000000   Number         0  depilogue.o ABSOLUTE
    ../fplib/microlib/fpepilogue.c           0x00000000   Number         0  fepilogue.o ABSOLUTE
    ../fplib/microlib/fpfix.c                0x00000000   Number         0  ffixui.o ABSOLUTE
    ../fplib/microlib/fpfix.c                0x00000000   Number         0  dfixul.o ABSOLUTE
    ../fplib/microlib/fpflt.c                0x00000000   Number         0  ffltui.o ABSOLUTE
    ../fplib/microlib/fpflt.c                0x00000000   Number         0  fflti.o ABSOLUTE
    ../fplib/microlib/fpmul.c                0x00000000   Number         0  fmul.o ABSOLUTE
    ../fplib/microlib/fpmul.c                0x00000000   Number         0  dmul.o ABSOLUTE
    ..\CORE\handler.c                        0x00000000   Number         0  handler.o ABSOLUTE
    ..\CORE\startup_CM3DS.s                  0x00000000   Number         0  startup_cm3ds.o ABSOLUTE
    ..\CORE\system.c                         0x00000000   Number         0  system.o ABSOLUTE
    ..\DEVICE\Retarget.c                     0x00000000   Number         0  retarget.o ABSOLUTE
    ..\DEVICE\apu.c                          0x00000000   Number         0  apu.o ABSOLUTE
    ..\DEVICE\cnn.c                          0x00000000   Number         0  cnn.o ABSOLUTE
    ..\DEVICE\jy61p.c                        0x00000000   Number         0  jy61p.o ABSOLUTE
    ..\DEVICE\lcd.c                          0x00000000   Number         0  lcd.o ABSOLUTE
    ..\DEVICE\led.c                          0x00000000   Number         0  led.o ABSOLUTE
    ..\DEVICE\malloc.c                       0x00000000   Number         0  malloc.o ABSOLUTE
    ..\DEVICE\pstwo.c                        0x00000000   Number         0  pstwo.o ABSOLUTE
    ..\DEVICE\spi_flash.c                    0x00000000   Number         0  spi_flash.o ABSOLUTE
    ..\DEVICE\spriteRam.c                    0x00000000   Number         0  spriteram.o ABSOLUTE
    ..\DEVICE\systick.c                      0x00000000   Number         0  systick.o ABSOLUTE
    ..\DEVICE\uart.c                         0x00000000   Number         0  uart.o ABSOLUTE
    ..\MY_GAME\boom.c                        0x00000000   Number         0  boom.o ABSOLUTE
    ..\MY_GAME\enemyBullet.c                 0x00000000   Number         0  enemybullet.o ABSOLUTE
    ..\MY_GAME\enemyPlane.c                  0x00000000   Number         0  enemyplane.o ABSOLUTE
    ..\MY_GAME\gameHitCheck.c                0x00000000   Number         0  gamehitcheck.o ABSOLUTE
    ..\MY_GAME\gameInterFace.c               0x00000000   Number         0  gameinterface.o ABSOLUTE
    ..\MY_GAME\makeEnemyPlaneArray.c         0x00000000   Number         0  makeenemyplanearray.o ABSOLUTE
    ..\MY_GAME\makeMap.c                     0x00000000   Number         0  makemap.o ABSOLUTE
    ..\MY_GAME\myPlane.c                     0x00000000   Number         0  myplane.o ABSOLUTE
    ..\\CORE\\handler.c                      0x00000000   Number         0  handler.o ABSOLUTE
    ..\\CORE\\system.c                       0x00000000   Number         0  system.o ABSOLUTE
    ..\\DEVICE\\systick.c                    0x00000000   Number         0  systick.o ABSOLUTE
    cdrcmple.s                               0x00000000   Number         0  cdrcmple.o ABSOLUTE
    dc.s                                     0x00000000   Number         0  dc.o ABSOLUTE
    handlers.s                               0x00000000   Number         0  handlers.o ABSOLUTE
    init.s                                   0x00000000   Number         0  init.o ABSOLUTE
    main.c                                   0x00000000   Number         0  main.o ABSOLUTE
    main.c                                   0x00000000   Number         0  main.o ABSOLUTE
    .ARM.Collect$$$$00000000                 0x00000078   Section        0  entry.o(.ARM.Collect$$$$00000000)
    .ARM.Collect$$$$00000001                 0x00000078   Section        4  entry2.o(.ARM.Collect$$$$00000001)
    .ARM.Collect$$$$00000004                 0x0000007c   Section        4  entry5.o(.ARM.Collect$$$$00000004)
    .ARM.Collect$$$$00000008                 0x00000080   Section        0  entry7b.o(.ARM.Collect$$$$00000008)
    .ARM.Collect$$$$0000000A                 0x00000080   Section        0  entry8b.o(.ARM.Collect$$$$0000000A)
    .ARM.Collect$$$$0000000B                 0x00000080   Section        8  entry9a.o(.ARM.Collect$$$$0000000B)
    .ARM.Collect$$$$0000000D                 0x00000088   Section        0  entry10a.o(.ARM.Collect$$$$0000000D)
    .ARM.Collect$$$$0000000F                 0x00000088   Section        0  entry11a.o(.ARM.Collect$$$$0000000F)
    .ARM.Collect$$$$00002712                 0x00000088   Section        4  entry2.o(.ARM.Collect$$$$00002712)
    __lit__00000000                          0x00000088   Data           4  entry2.o(.ARM.Collect$$$$00002712)
    .text                                    0x0000008c   Section      204  startup_cm3ds.o(.text)
    .text                                    0x00000158   Section        0  rand.o(.text)
    .text                                    0x0000017c   Section        0  fadd.o(.text)
    .text                                    0x0000022c   Section        0  fmul.o(.text)
    .text                                    0x00000290   Section        0  fdiv.o(.text)
    .text                                    0x0000030c   Section        0  fflti.o(.text)
    .text                                    0x0000031e   Section        0  ffltui.o(.text)
    .text                                    0x00000328   Section        0  ffixui.o(.text)
    .text                                    0x00000350   Section        0  uldiv.o(.text)
    .text                                    0x000003b2   Section        0  iusefp.o(.text)
    .text                                    0x000003b2   Section        0  fepilogue.o(.text)
    .text                                    0x00000420   Section       36  init.o(.text)
    .text                                    0x00000444   Section        0  llshl.o(.text)
    .text                                    0x00000462   Section        0  llushr.o(.text)
    .text                                    0x00000482   Section        0  __dclz77c.o(.text)
    i.BusFaultHandler                        0x000004e0   Section        0  handler.o(i.BusFaultHandler)
    i.DebugMonHandler                        0x000004e2   Section        0  handler.o(i.DebugMonHandler)
    i.HardFaultHandler                       0x000004e4   Section        0  handler.o(i.HardFaultHandler)
    i.Is_SPI_Ready                           0x000004e6   Section        0  spi_flash.o(i.Is_SPI_Ready)
    i.KEY0                                   0x000004f0   Section        0  handler.o(i.KEY0)
    i.KEY1                                   0x0000053c   Section        0  handler.o(i.KEY1)
    i.KEY2                                   0x0000057c   Section        0  handler.o(i.KEY2)
    i.KEY3                                   0x000005bc   Section        0  handler.o(i.KEY3)
    i.LED_down                               0x000005fc   Section        0  led.o(i.LED_down)
    i.LED_on                                 0x00000610   Section        0  led.o(i.LED_on)
    i.LED_toggle                             0x00000624   Section        0  led.o(i.LED_toggle)
    i.MemManageHandler                       0x00000644   Section        0  handler.o(i.MemManageHandler)
    i.NMIHandler                             0x00000646   Section        0  handler.o(i.NMIHandler)
    i.NVIC_EnableIRQ                         0x00000648   Section        0  system.o(i.NVIC_EnableIRQ)
    NVIC_EnableIRQ                           0x00000649   Thumb Code    22  system.o(i.NVIC_EnableIRQ)
    i.NVIC_SetPriority                       0x0000065e   Section        0  system.o(i.NVIC_SetPriority)
    NVIC_SetPriority                         0x0000065f   Thumb Code    32  system.o(i.NVIC_SetPriority)
    i.PS2_ClearData                          0x00000680   Section        0  pstwo.o(i.PS2_ClearData)
    i.PS2_Cmd                                0x00000698   Section        0  pstwo.o(i.PS2_Cmd)
    i.PS2_DataKey                            0x00000708   Section        0  pstwo.o(i.PS2_DataKey)
    i.PS2_Init                               0x00000750   Section        0  pstwo.o(i.PS2_Init)
    i.PS2_ReadData                           0x00000760   Section        0  pstwo.o(i.PS2_ReadData)
    i.PendSVHandler                          0x000007f4   Section        0  handler.o(i.PendSVHandler)
    i.SPI_FLASH_Write_Enable                 0x000007f6   Section        0  spi_flash.o(i.SPI_FLASH_Write_Enable)
    i.SPI_Flash_Erase_Block                  0x0000080c   Section        0  spi_flash.o(i.SPI_Flash_Erase_Block)
    i.SPI_Flash_Erase_Sector                 0x00000848   Section        0  spi_flash.o(i.SPI_Flash_Erase_Sector)
    i.SPI_Flash_Read                         0x00000884   Section        0  spi_flash.o(i.SPI_Flash_Read)
    i.SPI_Flash_ReadSR                       0x000008ca   Section        0  spi_flash.o(i.SPI_Flash_ReadSR)
    i.SPI_Flash_Wait_Busy                    0x000008e6   Section        0  spi_flash.o(i.SPI_Flash_Wait_Busy)
    i.SPI_Flash_Write_Page                   0x000008f2   Section        0  spi_flash.o(i.SPI_Flash_Write_Page)
    i.SPI_Init                               0x00000940   Section        0  spi_flash.o(i.SPI_Init)
    i.SPI_ReadWriteByte                      0x0000094c   Section        0  spi_flash.o(i.SPI_ReadWriteByte)
    i.SPI_SendData                           0x00000990   Section        0  spi_flash.o(i.SPI_SendData)
    i.SVCHandler                             0x000009a0   Section        0  handler.o(i.SVCHandler)
    i.Set_SysTick_CTRL                       0x000009a2   Section        0  systick.o(i.Set_SysTick_CTRL)
    i.Set_SysTick_LOAD                       0x000009aa   Section        0  systick.o(i.Set_SysTick_LOAD)
    i.Set_SysTick_VALUE                      0x000009b2   Section        0  systick.o(i.Set_SysTick_VALUE)
    i.SysTickHandler                         0x000009bc   Section        0  handler.o(i.SysTickHandler)
    i.SystemInit                             0x000009d4   Section        0  system.o(i.SystemInit)
    i.Timer_Handler                          0x00000a3c   Section        0  handler.o(i.Timer_Handler)
    i.UARTOVRHandler                         0x00000a3e   Section        0  handler.o(i.UARTOVRHandler)
    i.UARTRXHandler                          0x00000a40   Section        0  handler.o(i.UARTRXHandler)
    i.UARTTXHandler                          0x00000a42   Section        0  handler.o(i.UARTTXHandler)
    i.UsageFaultHandler                      0x00000a44   Section        0  handler.o(i.UsageFaultHandler)
    i.__0printf$5                            0x00000a48   Section        0  printf5.o(i.__0printf$5)
    i.__scatterload_copy                     0x00000a68   Section       14  handlers.o(i.__scatterload_copy)
    i.__scatterload_null                     0x00000a76   Section        2  handlers.o(i.__scatterload_null)
    i.__scatterload_zeroinit                 0x00000a78   Section       14  handlers.o(i.__scatterload_zeroinit)
    i._printf_core                           0x00000a88   Section        0  printf5.o(i._printf_core)
    _printf_core                             0x00000a89   Thumb Code   658  printf5.o(i._printf_core)
    i.apu_Button                             0x00000d48   Section        0  apu.o(i.apu_Button)
    i.apu_Intr_Trigger                       0x00000d66   Section        0  apu.o(i.apu_Intr_Trigger)
    i.b_green_createOnePlane                 0x00000d84   Section        0  enemyplane.o(i.b_green_createOnePlane)
    i.b_green_createPlane_511                0x00000e00   Section        0  makeenemyplanearray.o(i.b_green_createPlane_511)
    i.b_green_drawPlane                      0x00000e04   Section        0  enemyplane.o(i.b_green_drawPlane)
    i.b_green_movePlane                      0x00000fb0   Section        0  enemyplane.o(i.b_green_movePlane)
    i.b_green_planeInit                      0x000011a4   Section        0  enemyplane.o(i.b_green_planeInit)
    i.clearNameTableAll                      0x000011d8   Section        0  spriteram.o(i.clearNameTableAll)
    i.create_plane_Handler                   0x000011fc   Section        0  handler.o(i.create_plane_Handler)
    i.delay                                  0x00001310   Section        0  systick.o(i.delay)
    i.delay_ms                               0x00001330   Section        0  systick.o(i.delay_ms)
    i.delay_us                               0x00001348   Section        0  systick.o(i.delay_us)
    i.endInterFaceDraw                       0x0000135c   Section        0  gameinterface.o(i.endInterFaceDraw)
    i.enemyAndBulletMapCreate                0x00001470   Section        0  gamehitcheck.o(i.enemyAndBulletMapCreate)
    i.enmeyBulletDraw                        0x000015e4   Section        0  enemybullet.o(i.enmeyBulletDraw)
    i.enmey_BulletInit                       0x00001628   Section        0  enemybullet.o(i.enmey_BulletInit)
    i.fputc                                  0x0000164c   Section        0  retarget.o(i.fputc)
    i.gameCursorDraw                         0x0000166c   Section        0  gameinterface.o(i.gameCursorDraw)
    i.gameScoreDraw                          0x000016bc   Section        0  gameinterface.o(i.gameScoreDraw)
    i.gameStartInterfaceShow                 0x000017b0   Section        0  gameinterface.o(i.gameStartInterfaceShow)
    i.isHit_b_EnemyPlane                     0x000018f8   Section        0  gamehitcheck.o(i.isHit_b_EnemyPlane)
    i.isHit_m_straight_EnemyPlane            0x000019bc   Section        0  gamehitcheck.o(i.isHit_m_straight_EnemyPlane)
    i.isHit_myBullets                        0x00001a48   Section        0  gamehitcheck.o(i.isHit_myBullets)
    i.isHit_s_EnemyPlane                     0x00001aa4   Section        0  gamehitcheck.o(i.isHit_s_EnemyPlane)
    i.isMyPlaneHit                           0x00001bd4   Section        0  gamehitcheck.o(i.isMyPlaneHit)
    i.loadMapJianchuan                       0x00001c70   Section        0  makemap.o(i.loadMapJianchuan)
    i.m_straight_createOnePlane              0x00001c98   Section        0  enemyplane.o(i.m_straight_createOnePlane)
    i.m_straight_drawPlane                   0x00001d10   Section        0  enemyplane.o(i.m_straight_drawPlane)
    i.m_straight_movePlane                   0x00001ea4   Section        0  enemyplane.o(i.m_straight_movePlane)
    i.m_straight_planeInit                   0x00001f0c   Section        0  enemyplane.o(i.m_straight_planeInit)
    i.main                                   0x00001f40   Section        0  main.o(i.main)
    i.makeMapFirst                           0x00002b08   Section        0  makemap.o(i.makeMapFirst)
    i.makeMapSecond                          0x00002d00   Section        0  makemap.o(i.makeMapSecond)
    i.myBulletsMapCreate                     0x00002f28   Section        0  gamehitcheck.o(i.myBulletsMapCreate)
    i.myPlane_Act                            0x00002f70   Section        0  myplane.o(i.myPlane_Act)
    i.myPlane_Draw                           0x00002fd0   Section        0  myplane.o(i.myPlane_Draw)
    i.myPlane_Init                           0x00003398   Section        0  myplane.o(i.myPlane_Init)
    i.myPlane_bulletDraw                     0x000033b4   Section        0  myplane.o(i.myPlane_bulletDraw)
    i.myPlane_bulletInit                     0x000033f8   Section        0  myplane.o(i.myPlane_bulletInit)
    i.myPlane_createOneBullet                0x0000341c   Section        0  myplane.o(i.myPlane_createOneBullet)
    i.myPlane_updateBulletData               0x00003530   Section        0  myplane.o(i.myPlane_updateBulletData)
    i.newGuanqiaInterFaceDraw                0x00003564   Section        0  gameinterface.o(i.newGuanqiaInterFaceDraw)
    i.new_boomDraw                           0x00003610   Section        0  boom.o(i.new_boomDraw)
    i.new_boomInit                           0x000036d0   Section        0  boom.o(i.new_boomInit)
    i.new_createOneBoom                      0x000036f0   Section        0  boom.o(i.new_createOneBoom)
    i.new_updateBoomData                     0x00003724   Section        0  boom.o(i.new_updateBoomData)
    i.noise_Handler                          0x00003764   Section        0  handler.o(i.noise_Handler)
    i.pulse0_Handler                         0x00003768   Section        0  handler.o(i.pulse0_Handler)
    i.pulse1_Handler                         0x000038cc   Section        0  handler.o(i.pulse1_Handler)
    i.readPs2DI                              0x000038d0   Section        0  pstwo.o(i.readPs2DI)
    i.read_JY61P_flag                        0x000038dc   Section        0  jy61p.o(i.read_JY61P_flag)
    i.read_cnn_result                        0x00003918   Section        0  cnn.o(i.read_cnn_result)
    i.s_green_createOnePlane                 0x00003920   Section        0  enemyplane.o(i.s_green_createOnePlane)
    i.s_green_createPlane_221                0x00003a74   Section        0  makeenemyplanearray.o(i.s_green_createPlane_221)
    i.s_green_createPlane_222                0x00003aac   Section        0  makeenemyplanearray.o(i.s_green_createPlane_222)
    i.s_green_createPlane_243                0x00003aea   Section        0  makeenemyplanearray.o(i.s_green_createPlane_243)
    i.s_green_createPlane_411                0x00003b3c   Section        0  makeenemyplanearray.o(i.s_green_createPlane_411)
    i.s_green_createPlane_422                0x00003b62   Section        0  makeenemyplanearray.o(i.s_green_createPlane_422)
    i.s_green_drawPlane                      0x00003b98   Section        0  enemyplane.o(i.s_green_drawPlane)
    i.s_green_movePlane                      0x00003dc0   Section        0  enemyplane.o(i.s_green_movePlane)
    i.s_green_planeInit                      0x000040a0   Section        0  enemyplane.o(i.s_green_planeInit)
    i.s_grey_createOneEnmeyBullet            0x000040cc   Section        0  enemybullet.o(i.s_grey_createOneEnmeyBullet)
    i.s_grey_createOnePlane                  0x000041a8   Section        0  enemyplane.o(i.s_grey_createOnePlane)
    i.s_grey_createPlane_111                 0x00004258   Section        0  makeenemyplanearray.o(i.s_grey_createPlane_111)
    i.s_grey_createPlane_122                 0x000042ae   Section        0  makeenemyplanearray.o(i.s_grey_createPlane_122)
    i.s_grey_createPlane_123                 0x000042e8   Section        0  makeenemyplanearray.o(i.s_grey_createPlane_123)
    i.s_grey_createPlane_144                 0x00004368   Section        0  makeenemyplanearray.o(i.s_grey_createPlane_144)
    i.s_grey_createPlane_145                 0x000043c6   Section        0  makeenemyplanearray.o(i.s_grey_createPlane_145)
    i.s_grey_createPlane_166                 0x0000446a   Section        0  makeenemyplanearray.o(i.s_grey_createPlane_166)
    i.s_grey_drawPlane                       0x00004480   Section        0  enemyplane.o(i.s_grey_drawPlane)
    i.s_grey_movePlane                       0x00004718   Section        0  enemyplane.o(i.s_grey_movePlane)
    i.s_grey_planeInit                       0x0000495c   Section        0  enemyplane.o(i.s_grey_planeInit)
    i.set_frame                              0x00004988   Section        0  apu.o(i.set_frame)
    i.set_noise_00                           0x00004994   Section        0  apu.o(i.set_noise_00)
    i.set_noise_01                           0x000049a0   Section        0  apu.o(i.set_noise_01)
    i.set_noise_10                           0x000049ac   Section        0  apu.o(i.set_noise_10)
    i.set_noise_11                           0x000049b8   Section        0  apu.o(i.set_noise_11)
    i.set_pulse0_00                          0x000049c4   Section        0  apu.o(i.set_pulse0_00)
    i.set_pulse0_01                          0x000049d0   Section        0  apu.o(i.set_pulse0_01)
    i.set_pulse0_10                          0x000049dc   Section        0  apu.o(i.set_pulse0_10)
    i.set_pulse0_11                          0x000049e8   Section        0  apu.o(i.set_pulse0_11)
    i.set_pulse1_00                          0x000049f4   Section        0  apu.o(i.set_pulse1_00)
    i.set_pulse1_01                          0x00004a00   Section        0  apu.o(i.set_pulse1_01)
    i.set_pulse1_10                          0x00004a0c   Section        0  apu.o(i.set_pulse1_10)
    i.set_pulse1_11                          0x00004a18   Section        0  apu.o(i.set_pulse1_11)
    i.set_state                              0x00004a24   Section        0  apu.o(i.set_state)
    i.tileMap                                0x00004a30   Section        0  gamehitcheck.o(i.tileMap)
    i.triangle_Handler                       0x00004a44   Section        0  handler.o(i.triangle_Handler)
    i.uart_SendChar                          0x00004a46   Section        0  uart.o(i.uart_SendChar)
    i.uart_init                              0x00004a50   Section        0  uart.o(i.uart_init)
    i.updateEnemyBulletData                  0x00004a9c   Section        0  enemybullet.o(i.updateEnemyBulletData)
    i.vga_Handler                            0x00004b0c   Section        0  handler.o(i.vga_Handler)
    i.writeOneNametable                      0x00004b8c   Section        0  spriteram.o(i.writeOneNametable)
    i.writeOneSprite                         0x00004b9c   Section        0  spriteram.o(i.writeOneSprite)
    i.write_ov5640_config                    0x00004bb4   Section        0  cnn.o(i.write_ov5640_config)
    .constdata                               0x00004bc0   Section        1  main.o(.constdata)
    .constdata                               0x00004bc1   Section        1  main.o(.constdata)
    .constdata                               0x00004bc2   Section        1  main.o(.constdata)
    .constdata                               0x00004bc3   Section        1  main.o(.constdata)
    .constdata                               0x00004bc4   Section        1  main.o(.constdata)
    .constdata                               0x00004bc5   Section        1  main.o(.constdata)
    .constdata                               0x00004bc6   Section        1  main.o(.constdata)
    .constdata                               0x00004bc8   Section       80  enemybullet.o(.constdata)
    .data                                    0x20000000   Section       86  main.o(.data)
    .data                                    0x20000058   Section     2548  handler.o(.data)
    .data                                    0x20000a4c   Section        4  system.o(.data)
    .data                                    0x20000a50   Section        4  retarget.o(.data)
    .data                                    0x20000a54   Section       36  pstwo.o(.data)
    .data                                    0x20000a78   Section      190  gameinterface.o(.data)
    .data                                    0x20000b36   Section     1024  makemap.o(.data)
    .data                                    0x20000f36   Section     7168  makemap.o(.data)
    .data                                    0x20002b38   Section        4  rand.o(.data)
    _rand_state                              0x20002b38   Data           4  rand.o(.data)
    .bss                                     0x20002b3c   Section     1260  main.o(.bss)
    .bss                                     0x20003028   Section        9  pstwo.o(.bss)
    STACK                                    0x20003038   Section     2048  startup_cm3ds.o(STACK)

    Global Symbols

    Symbol Name                              Value     Ov Type        Size  Object(Section)

    BuildAttributes$$THM_ISAv4$P$D$K$B$S$PE$A:L22UL41UL21$X:L11$S22US41US21$IEEE1$IW$USESV6$~STKCKD$USESV7$~SHL$OTIME$ROPI$EBA8$MICROLIB$REQ8$PRES8$EABIv2 0x00000000   Number         0  anon$$obj.o ABSOLUTE
    __ARM_use_no_argv                        0x00000000   Number         0  main.o ABSOLUTE
    __Vectors                                0x00000000   Data           4  startup_cm3ds.o(RESET)
    _printf_a                                0x00000000   Number         0  stubs.o ABSOLUTE
    _printf_c                                0x00000000   Number         0  stubs.o ABSOLUTE
    _printf_charcount                        0x00000000   Number         0  stubs.o ABSOLUTE
    _printf_d                                0x00000000   Number         0  stubs.o ABSOLUTE
    _printf_e                                0x00000000   Number         0  stubs.o ABSOLUTE
    _printf_f                                0x00000000   Number         0  stubs.o ABSOLUTE
    _printf_flags                            0x00000000   Number         0  stubs.o ABSOLUTE
    _printf_fp_dec                           0x00000000   Number         0  stubs.o ABSOLUTE
    _printf_fp_hex                           0x00000000   Number         0  stubs.o ABSOLUTE
    _printf_g                                0x00000000   Number         0  stubs.o ABSOLUTE
    _printf_i                                0x00000000   Number         0  stubs.o ABSOLUTE
    _printf_int_dec                          0x00000000   Number         0  stubs.o ABSOLUTE
    _printf_l                                0x00000000   Number         0  stubs.o ABSOLUTE
    _printf_lc                               0x00000000   Number         0  stubs.o ABSOLUTE
    _printf_ll                               0x00000000   Number         0  stubs.o ABSOLUTE
    _printf_lld                              0x00000000   Number         0  stubs.o ABSOLUTE
    _printf_lli                              0x00000000   Number         0  stubs.o ABSOLUTE
    _printf_llo                              0x00000000   Number         0  stubs.o ABSOLUTE
    _printf_llu                              0x00000000   Number         0  stubs.o ABSOLUTE
    _printf_llx                              0x00000000   Number         0  stubs.o ABSOLUTE
    _printf_longlong_dec                     0x00000000   Number         0  stubs.o ABSOLUTE
    _printf_longlong_hex                     0x00000000   Number         0  stubs.o ABSOLUTE
    _printf_longlong_oct                     0x00000000   Number         0  stubs.o ABSOLUTE
    _printf_ls                               0x00000000   Number         0  stubs.o ABSOLUTE
    _printf_mbtowc                           0x00000000   Number         0  stubs.o ABSOLUTE
    _printf_n                                0x00000000   Number         0  stubs.o ABSOLUTE
    _printf_o                                0x00000000   Number         0  stubs.o ABSOLUTE
    _printf_p                                0x00000000   Number         0  stubs.o ABSOLUTE
    _printf_percent                          0x00000000   Number         0  stubs.o ABSOLUTE
    _printf_pre_padding                      0x00000000   Number         0  stubs.o ABSOLUTE
    _printf_return_value                     0x00000000   Number         0  stubs.o ABSOLUTE
    _printf_s                                0x00000000   Number         0  stubs.o ABSOLUTE
    _printf_sizespec                         0x00000000   Number         0  stubs.o ABSOLUTE
    _printf_str                              0x00000000   Number         0  stubs.o ABSOLUTE
    _printf_truncate_signed                  0x00000000   Number         0  stubs.o ABSOLUTE
    _printf_truncate_unsigned                0x00000000   Number         0  stubs.o ABSOLUTE
    _printf_u                                0x00000000   Number         0  stubs.o ABSOLUTE
    _printf_wc                               0x00000000   Number         0  stubs.o ABSOLUTE
    _printf_wctomb                           0x00000000   Number         0  stubs.o ABSOLUTE
    _printf_widthprec                        0x00000000   Number         0  stubs.o ABSOLUTE
    _printf_x                                0x00000000   Number         0  stubs.o ABSOLUTE
    __cpp_initialize__aeabi_                  - Undefined Weak Reference
    __cxa_finalize                            - Undefined Weak Reference
    _clock_init                               - Undefined Weak Reference
    _microlib_exit                            - Undefined Weak Reference
    __Vectors_End                            0x00000078   Data           0  startup_cm3ds.o(RESET)
    __Vectors_Size                           0x00000078   Number         0  startup_cm3ds.o ABSOLUTE
    __main                                   0x00000079   Thumb Code     0  entry.o(.ARM.Collect$$$$00000000)
    _main_stk                                0x00000079   Thumb Code     0  entry2.o(.ARM.Collect$$$$00000001)
    _main_scatterload                        0x0000007d   Thumb Code     0  entry5.o(.ARM.Collect$$$$00000004)
    __main_after_scatterload                 0x00000081   Thumb Code     0  entry5.o(.ARM.Collect$$$$00000004)
    _main_clock                              0x00000081   Thumb Code     0  entry7b.o(.ARM.Collect$$$$00000008)
    _main_cpp_init                           0x00000081   Thumb Code     0  entry8b.o(.ARM.Collect$$$$0000000A)
    _main_init                               0x00000081   Thumb Code     0  entry9a.o(.ARM.Collect$$$$0000000B)
    __rt_final_cpp                           0x00000089   Thumb Code     0  entry10a.o(.ARM.Collect$$$$0000000D)
    __rt_final_exit                          0x00000089   Thumb Code     0  entry11a.o(.ARM.Collect$$$$0000000F)
    Reset_Handler                            0x0000008d   Thumb Code    12  startup_cm3ds.o(.text)
    NMI_Handler                              0x00000099   Thumb Code     8  startup_cm3ds.o(.text)
    HardFault_Handler                        0x000000a1   Thumb Code     8  startup_cm3ds.o(.text)
    MemManage_Handler                        0x000000a9   Thumb Code     8  startup_cm3ds.o(.text)
    BusFault_Handler                         0x000000b1   Thumb Code     8  startup_cm3ds.o(.text)
    UsageFault_Handler                       0x000000b9   Thumb Code     8  startup_cm3ds.o(.text)
    SVC_Handler                              0x000000c1   Thumb Code     8  startup_cm3ds.o(.text)
    DebugMon_Handler                         0x000000c9   Thumb Code     8  startup_cm3ds.o(.text)
    PendSV_Handler                           0x000000d1   Thumb Code     8  startup_cm3ds.o(.text)
    SysTick_Handler                          0x000000d9   Thumb Code     8  startup_cm3ds.o(.text)
    UARTRX_Handler                           0x000000e1   Thumb Code     8  startup_cm3ds.o(.text)
    UARTTX_Handler                           0x000000e9   Thumb Code     8  startup_cm3ds.o(.text)
    UARTOVR_Handler                          0x000000f1   Thumb Code     8  startup_cm3ds.o(.text)
    KEY0_Handler                             0x000000f9   Thumb Code     8  startup_cm3ds.o(.text)
    KEY1_Handler                             0x00000101   Thumb Code     8  startup_cm3ds.o(.text)
    KEY2_Handler                             0x00000109   Thumb Code     8  startup_cm3ds.o(.text)
    KEY3_Handler                             0x00000111   Thumb Code     8  startup_cm3ds.o(.text)
    TIMER_Handler                            0x00000119   Thumb Code     8  startup_cm3ds.o(.text)
    VGA_Handler                              0x00000121   Thumb Code     8  startup_cm3ds.o(.text)
    CREATE_PLANE_Handler                     0x00000129   Thumb Code     8  startup_cm3ds.o(.text)
    PULSE0_Handler                           0x00000131   Thumb Code     8  startup_cm3ds.o(.text)
    PULSE1_Handler                           0x00000139   Thumb Code     8  startup_cm3ds.o(.text)
    TRIANGLE_Handler                         0x00000141   Thumb Code     8  startup_cm3ds.o(.text)
    NOISE_Handler                            0x00000149   Thumb Code     8  startup_cm3ds.o(.text)
    rand                                     0x00000159   Thumb Code    20  rand.o(.text)
    srand                                    0x0000016d   Thumb Code     6  rand.o(.text)
    __aeabi_fadd                             0x0000017d   Thumb Code   164  fadd.o(.text)
    __aeabi_fsub                             0x00000221   Thumb Code     6  fadd.o(.text)
    __aeabi_frsub                            0x00000227   Thumb Code     6  fadd.o(.text)
    __aeabi_fmul                             0x0000022d   Thumb Code   100  fmul.o(.text)
    __aeabi_fdiv                             0x00000291   Thumb Code   124  fdiv.o(.text)
    __aeabi_i2f                              0x0000030d   Thumb Code    18  fflti.o(.text)
    __aeabi_ui2f                             0x0000031f   Thumb Code    10  ffltui.o(.text)
    __aeabi_f2uiz                            0x00000329   Thumb Code    40  ffixui.o(.text)
    __aeabi_uldivmod                         0x00000351   Thumb Code    98  uldiv.o(.text)
    __I$use$fp                               0x000003b3   Thumb Code     0  iusefp.o(.text)
    _float_round                             0x000003b3   Thumb Code    18  fepilogue.o(.text)
    _float_epilogue                          0x000003c5   Thumb Code    92  fepilogue.o(.text)
    __scatterload                            0x00000421   Thumb Code    28  init.o(.text)
    __scatterload_rt2                        0x00000421   Thumb Code     0  init.o(.text)
    __aeabi_llsl                             0x00000445   Thumb Code    30  llshl.o(.text)
    _ll_shift_l                              0x00000445   Thumb Code     0  llshl.o(.text)
    __aeabi_llsr                             0x00000463   Thumb Code    32  llushr.o(.text)
    _ll_ushift_r                             0x00000463   Thumb Code     0  llushr.o(.text)
    __decompress                             0x00000483   Thumb Code     0  __dclz77c.o(.text)
    __decompress2                            0x00000483   Thumb Code    94  __dclz77c.o(.text)
    BusFaultHandler                          0x000004e1   Thumb Code     2  handler.o(i.BusFaultHandler)
    DebugMonHandler                          0x000004e3   Thumb Code     2  handler.o(i.DebugMonHandler)
    HardFaultHandler                         0x000004e5   Thumb Code     2  handler.o(i.HardFaultHandler)
    Is_SPI_Ready                             0x000004e7   Thumb Code    10  spi_flash.o(i.Is_SPI_Ready)
    KEY0                                     0x000004f1   Thumb Code    56  handler.o(i.KEY0)
    KEY1                                     0x0000053d   Thumb Code    42  handler.o(i.KEY1)
    KEY2                                     0x0000057d   Thumb Code    26  handler.o(i.KEY2)
    KEY3                                     0x000005bd   Thumb Code    26  handler.o(i.KEY3)
    LED_down                                 0x000005fd   Thumb Code    14  led.o(i.LED_down)
    LED_on                                   0x00000611   Thumb Code    14  led.o(i.LED_on)
    LED_toggle                               0x00000625   Thumb Code    28  led.o(i.LED_toggle)
    MemManageHandler                         0x00000645   Thumb Code     2  handler.o(i.MemManageHandler)
    NMIHandler                               0x00000647   Thumb Code     2  handler.o(i.NMIHandler)
    PS2_ClearData                            0x00000681   Thumb Code    18  pstwo.o(i.PS2_ClearData)
    PS2_Cmd                                  0x00000699   Thumb Code   104  pstwo.o(i.PS2_Cmd)
    PS2_DataKey                              0x00000709   Thumb Code    64  pstwo.o(i.PS2_DataKey)
    PS2_Init                                 0x00000751   Thumb Code    12  pstwo.o(i.PS2_Init)
    PS2_ReadData                             0x00000761   Thumb Code   134  pstwo.o(i.PS2_ReadData)
    PendSVHandler                            0x000007f5   Thumb Code     2  handler.o(i.PendSVHandler)
    SPI_FLASH_Write_Enable                   0x000007f7   Thumb Code    22  spi_flash.o(i.SPI_FLASH_Write_Enable)
    SPI_Flash_Erase_Block                    0x0000080d   Thumb Code    60  spi_flash.o(i.SPI_Flash_Erase_Block)
    SPI_Flash_Erase_Sector                   0x00000849   Thumb Code    60  spi_flash.o(i.SPI_Flash_Erase_Sector)
    SPI_Flash_Read                           0x00000885   Thumb Code    70  spi_flash.o(i.SPI_Flash_Read)
    SPI_Flash_ReadSR                         0x000008cb   Thumb Code    28  spi_flash.o(i.SPI_Flash_ReadSR)
    SPI_Flash_Wait_Busy                      0x000008e7   Thumb Code    12  spi_flash.o(i.SPI_Flash_Wait_Busy)
    SPI_Flash_Write_Page                     0x000008f3   Thumb Code    78  spi_flash.o(i.SPI_Flash_Write_Page)
    SPI_Init                                 0x00000941   Thumb Code    12  spi_flash.o(i.SPI_Init)
    SPI_ReadWriteByte                        0x0000094d   Thumb Code    68  spi_flash.o(i.SPI_ReadWriteByte)
    SPI_SendData                             0x00000991   Thumb Code    16  spi_flash.o(i.SPI_SendData)
    SVCHandler                               0x000009a1   Thumb Code     2  handler.o(i.SVCHandler)
    Set_SysTick_CTRL                         0x000009a3   Thumb Code     8  systick.o(i.Set_SysTick_CTRL)
    Set_SysTick_LOAD                         0x000009ab   Thumb Code     8  systick.o(i.Set_SysTick_LOAD)
    Set_SysTick_VALUE                        0x000009b3   Thumb Code     8  systick.o(i.Set_SysTick_VALUE)
    SysTickHandler                           0x000009bd   Thumb Code    20  handler.o(i.SysTickHandler)
    SystemInit                               0x000009d5   Thumb Code    94  system.o(i.SystemInit)
    Timer_Handler                            0x00000a3d   Thumb Code     2  handler.o(i.Timer_Handler)
    UARTOVRHandler                           0x00000a3f   Thumb Code     2  handler.o(i.UARTOVRHandler)
    UARTRXHandler                            0x00000a41   Thumb Code     2  handler.o(i.UARTRXHandler)
    UARTTXHandler                            0x00000a43   Thumb Code     2  handler.o(i.UARTTXHandler)
    UsageFaultHandler                        0x00000a45   Thumb Code     2  handler.o(i.UsageFaultHandler)
    __0printf$5                              0x00000a49   Thumb Code    22  printf5.o(i.__0printf$5)
    __1printf$5                              0x00000a49   Thumb Code     0  printf5.o(i.__0printf$5)
    __2printf                                0x00000a49   Thumb Code     0  printf5.o(i.__0printf$5)
    __scatterload_copy                       0x00000a69   Thumb Code    14  handlers.o(i.__scatterload_copy)
    __scatterload_null                       0x00000a77   Thumb Code     2  handlers.o(i.__scatterload_null)
    __scatterload_zeroinit                   0x00000a79   Thumb Code    14  handlers.o(i.__scatterload_zeroinit)
    apu_Button                               0x00000d49   Thumb Code    30  apu.o(i.apu_Button)
    apu_Intr_Trigger                         0x00000d67   Thumb Code    30  apu.o(i.apu_Intr_Trigger)
    b_green_createOnePlane                   0x00000d85   Thumb Code   118  enemyplane.o(i.b_green_createOnePlane)
    b_green_createPlane_511                  0x00000e01   Thumb Code     4  makeenemyplanearray.o(i.b_green_createPlane_511)
    b_green_drawPlane                        0x00000e05   Thumb Code   424  enemyplane.o(i.b_green_drawPlane)
    b_green_movePlane                        0x00000fb1   Thumb Code   488  enemyplane.o(i.b_green_movePlane)
    b_green_planeInit                        0x000011a5   Thumb Code    48  enemyplane.o(i.b_green_planeInit)
    clearNameTableAll                        0x000011d9   Thumb Code    34  spriteram.o(i.clearNameTableAll)
    create_plane_Handler                     0x000011fd   Thumb Code   212  handler.o(i.create_plane_Handler)
    delay                                    0x00001311   Thumb Code    32  systick.o(i.delay)
    delay_ms                                 0x00001331   Thumb Code    24  systick.o(i.delay_ms)
    delay_us                                 0x00001349   Thumb Code    20  systick.o(i.delay_us)
    endInterFaceDraw                         0x0000135d   Thumb Code   262  gameinterface.o(i.endInterFaceDraw)
    enemyAndBulletMapCreate                  0x00001471   Thumb Code   354  gamehitcheck.o(i.enemyAndBulletMapCreate)
    enmeyBulletDraw                          0x000015e5   Thumb Code    62  enemybullet.o(i.enmeyBulletDraw)
    enmey_BulletInit                         0x00001629   Thumb Code    30  enemybullet.o(i.enmey_BulletInit)
    fputc                                    0x0000164d   Thumb Code    32  retarget.o(i.fputc)
    gameCursorDraw                           0x0000166d   Thumb Code    78  gameinterface.o(i.gameCursorDraw)
    gameScoreDraw                            0x000016bd   Thumb Code   240  gameinterface.o(i.gameScoreDraw)
    gameStartInterfaceShow                   0x000017b1   Thumb Code   320  gameinterface.o(i.gameStartInterfaceShow)
    isHit_b_EnemyPlane                       0x000018f9   Thumb Code   186  gamehitcheck.o(i.isHit_b_EnemyPlane)
    isHit_m_straight_EnemyPlane              0x000019bd   Thumb Code   132  gamehitcheck.o(i.isHit_m_straight_EnemyPlane)
    isHit_myBullets                          0x00001a49   Thumb Code    82  gamehitcheck.o(i.isHit_myBullets)
    isHit_s_EnemyPlane                       0x00001aa5   Thumb Code   290  gamehitcheck.o(i.isHit_s_EnemyPlane)
    isMyPlaneHit                             0x00001bd5   Thumb Code   154  gamehitcheck.o(i.isMyPlaneHit)
    loadMapJianchuan                         0x00001c71   Thumb Code    36  makemap.o(i.loadMapJianchuan)
    m_straight_createOnePlane                0x00001c99   Thumb Code   114  enemyplane.o(i.m_straight_createOnePlane)
    m_straight_drawPlane                     0x00001d11   Thumb Code   398  enemyplane.o(i.m_straight_drawPlane)
    m_straight_movePlane                     0x00001ea5   Thumb Code   100  enemyplane.o(i.m_straight_movePlane)
    m_straight_planeInit                     0x00001f0d   Thumb Code    48  enemyplane.o(i.m_straight_planeInit)
    main                                     0x00001f41   Thumb Code  2996  main.o(i.main)
    makeMapFirst                             0x00002b09   Thumb Code   456  makemap.o(i.makeMapFirst)
    makeMapSecond                            0x00002d01   Thumb Code   456  makemap.o(i.makeMapSecond)
    myBulletsMapCreate                       0x00002f29   Thumb Code    68  gamehitcheck.o(i.myBulletsMapCreate)
    myPlane_Act                              0x00002f71   Thumb Code    94  myplane.o(i.myPlane_Act)
    myPlane_Draw                             0x00002fd1   Thumb Code   962  myplane.o(i.myPlane_Draw)
    myPlane_Init                             0x00003399   Thumb Code    26  myplane.o(i.myPlane_Init)
    myPlane_bulletDraw                       0x000033b5   Thumb Code    62  myplane.o(i.myPlane_bulletDraw)
    myPlane_bulletInit                       0x000033f9   Thumb Code    30  myplane.o(i.myPlane_bulletInit)
    myPlane_createOneBullet                  0x0000341d   Thumb Code   270  myplane.o(i.myPlane_createOneBullet)
    myPlane_updateBulletData                 0x00003531   Thumb Code    48  myplane.o(i.myPlane_updateBulletData)
    newGuanqiaInterFaceDraw                  0x00003565   Thumb Code   170  gameinterface.o(i.newGuanqiaInterFaceDraw)
    new_boomDraw                             0x00003611   Thumb Code   186  boom.o(i.new_boomDraw)
    new_boomInit                             0x000036d1   Thumb Code    26  boom.o(i.new_boomInit)
    new_createOneBoom                        0x000036f1   Thumb Code    48  boom.o(i.new_createOneBoom)
    new_updateBoomData                       0x00003725   Thumb Code    58  boom.o(i.new_updateBoomData)
    noise_Handler                            0x00003765   Thumb Code     2  handler.o(i.noise_Handler)
    pulse0_Handler                           0x00003769   Thumb Code   330  handler.o(i.pulse0_Handler)
    pulse1_Handler                           0x000038cd   Thumb Code     2  handler.o(i.pulse1_Handler)
    readPs2DI                                0x000038d1   Thumb Code     6  pstwo.o(i.readPs2DI)
    read_JY61P_flag                          0x000038dd   Thumb Code    52  jy61p.o(i.read_JY61P_flag)
    read_cnn_result                          0x00003919   Thumb Code     8  cnn.o(i.read_cnn_result)
    s_green_createOnePlane                   0x00003921   Thumb Code   336  enemyplane.o(i.s_green_createOnePlane)
    s_green_createPlane_221                  0x00003a75   Thumb Code    56  makeenemyplanearray.o(i.s_green_createPlane_221)
    s_green_createPlane_222                  0x00003aad   Thumb Code    62  makeenemyplanearray.o(i.s_green_createPlane_222)
    s_green_createPlane_243                  0x00003aeb   Thumb Code    82  makeenemyplanearray.o(i.s_green_createPlane_243)
    s_green_createPlane_411                  0x00003b3d   Thumb Code    38  makeenemyplanearray.o(i.s_green_createPlane_411)
    s_green_createPlane_422                  0x00003b63   Thumb Code    54  makeenemyplanearray.o(i.s_green_createPlane_422)
    s_green_drawPlane                        0x00003b99   Thumb Code   546  enemyplane.o(i.s_green_drawPlane)
    s_green_movePlane                        0x00003dc1   Thumb Code   730  enemyplane.o(i.s_green_movePlane)
    s_green_planeInit                        0x000040a1   Thumb Code    38  enemyplane.o(i.s_green_planeInit)
    s_grey_createOneEnmeyBullet              0x000040cd   Thumb Code   206  enemybullet.o(i.s_grey_createOneEnmeyBullet)
    s_grey_createOnePlane                    0x000041a9   Thumb Code   172  enemyplane.o(i.s_grey_createOnePlane)
    s_grey_createPlane_111                   0x00004259   Thumb Code    86  makeenemyplanearray.o(i.s_grey_createPlane_111)
    s_grey_createPlane_122                   0x000042af   Thumb Code    58  makeenemyplanearray.o(i.s_grey_createPlane_122)
    s_grey_createPlane_123                   0x000042e9   Thumb Code   128  makeenemyplanearray.o(i.s_grey_createPlane_123)
    s_grey_createPlane_144                   0x00004369   Thumb Code    94  makeenemyplanearray.o(i.s_grey_createPlane_144)
    s_grey_createPlane_145                   0x000043c7   Thumb Code   164  makeenemyplanearray.o(i.s_grey_createPlane_145)
    s_grey_createPlane_166                   0x0000446b   Thumb Code    20  makeenemyplanearray.o(i.s_grey_createPlane_166)
    s_grey_drawPlane                         0x00004481   Thumb Code   658  enemyplane.o(i.s_grey_drawPlane)
    s_grey_movePlane                         0x00004719   Thumb Code   574  enemyplane.o(i.s_grey_movePlane)
    s_grey_planeInit                         0x0000495d   Thumb Code    40  enemyplane.o(i.s_grey_planeInit)
    set_frame                                0x00004989   Thumb Code     6  apu.o(i.set_frame)
    set_noise_00                             0x00004995   Thumb Code     6  apu.o(i.set_noise_00)
    set_noise_01                             0x000049a1   Thumb Code     6  apu.o(i.set_noise_01)
    set_noise_10                             0x000049ad   Thumb Code     6  apu.o(i.set_noise_10)
    set_noise_11                             0x000049b9   Thumb Code     6  apu.o(i.set_noise_11)
    set_pulse0_00                            0x000049c5   Thumb Code     6  apu.o(i.set_pulse0_00)
    set_pulse0_01                            0x000049d1   Thumb Code     6  apu.o(i.set_pulse0_01)
    set_pulse0_10                            0x000049dd   Thumb Code     6  apu.o(i.set_pulse0_10)
    set_pulse0_11                            0x000049e9   Thumb Code     6  apu.o(i.set_pulse0_11)
    set_pulse1_00                            0x000049f5   Thumb Code     6  apu.o(i.set_pulse1_00)
    set_pulse1_01                            0x00004a01   Thumb Code     6  apu.o(i.set_pulse1_01)
    set_pulse1_10                            0x00004a0d   Thumb Code     6  apu.o(i.set_pulse1_10)
    set_pulse1_11                            0x00004a19   Thumb Code     6  apu.o(i.set_pulse1_11)
    set_state                                0x00004a25   Thumb Code     6  apu.o(i.set_state)
    tileMap                                  0x00004a31   Thumb Code    20  gamehitcheck.o(i.tileMap)
    triangle_Handler                         0x00004a45   Thumb Code     2  handler.o(i.triangle_Handler)
    uart_SendChar                            0x00004a47   Thumb Code    10  uart.o(i.uart_SendChar)
    uart_init                                0x00004a51   Thumb Code    74  uart.o(i.uart_init)
    updateEnemyBulletData                    0x00004a9d   Thumb Code   108  enemybullet.o(i.updateEnemyBulletData)
    vga_Handler                              0x00004b0d   Thumb Code   100  handler.o(i.vga_Handler)
    writeOneNametable                        0x00004b8d   Thumb Code    10  spriteram.o(i.writeOneNametable)
    writeOneSprite                           0x00004b9d   Thumb Code    20  spriteram.o(i.writeOneSprite)
    write_ov5640_config                      0x00004bb5   Thumb Code    12  cnn.o(i.write_ov5640_config)
    MYPLANE_BULLET_NUMMAX                    0x00004bc0   Data           1  main.o(.constdata)
    S_GREY_NUMMAX                            0x00004bc1   Data           1  main.o(.constdata)
    S_GREEN_NUMMAX                           0x00004bc2   Data           1  main.o(.constdata)
    M_STRAIGHT_NUMMAX                        0x00004bc3   Data           1  main.o(.constdata)
    B_GREEN_NUMMAX                           0x00004bc4   Data           1  main.o(.constdata)
    ENEMY_BULLETS_NUMMAX                     0x00004bc5   Data           1  main.o(.constdata)
    BOOM_NUMMAX                              0x00004bc6   Data           1  main.o(.constdata)
    sin_array                                0x00004bc8   Data          20  enemybullet.o(.constdata)
    cos_array                                0x00004bdc   Data          20  enemybullet.o(.constdata)
    tan_array                                0x00004bf0   Data          40  enemybullet.o(.constdata)
    Region$$Table$$Base                      0x00004c18   Number         0  anon$$obj.o(Region$$Table)
    Region$$Table$$Limit                     0x00004c38   Number         0  anon$$obj.o(Region$$Table)
    spriteRamAddr                            0x20000000   Data           1  main.o(.data)
    game_state                               0x20000001   Data           1  main.o(.data)
    gameEndInterFaceFpsCnt                   0x20000002   Data           1  main.o(.data)
    gameEndInterFaceArrayCnt                 0x20000003   Data           1  main.o(.data)
    DrawFlag                                 0x20000004   Data           1  main.o(.data)
    timer_init_flag                          0x20000005   Data           1  main.o(.data)
    gameRunState                             0x20000006   Data           1  main.o(.data)
    guanQia                                  0x20000007   Data           1  main.o(.data)
    pifuNum                                  0x20000008   Data           1  main.o(.data)
    pifuNumTemp                              0x20000009   Data           1  main.o(.data)
    APU_Array_Ptr                            0x2000000a   Data           1  main.o(.data)
    GAME_PLAY_MODE                           0x2000000b   Data           1  main.o(.data)
    GAME_HIT_CHECK_FLAG                      0x2000000c   Data           1  main.o(.data)
    timer_cnt                                0x2000000d   Data           1  main.o(.data)
    timer_cnt_longer                         0x2000000e   Data           1  main.o(.data)
    start                                    0x2000000f   Data           1  main.o(.data)
    gameingPause                             0x20000010   Data           1  main.o(.data)
    gameCursor                               0x20000011   Data           1  main.o(.data)
    gameEndFpsCnt                            0x20000012   Data           1  main.o(.data)
    READ_JY61P_VALUE                         0x20000013   Data           1  main.o(.data)
    GameScore                                0x20000014   Data           4  main.o(.data)
    saveGameScoreAddr                        0x20000018   Data           4  main.o(.data)
    flashAddrBlock_Map0                      0x2000001c   Data           4  main.o(.data)
    flashAddrBlock_Map1                      0x20000020   Data           4  main.o(.data)
    PS2_KEY_START                            0x20000024   Data           4  main.o(.data)
    PS2_KEY_GAMING                           0x20000028   Data           4  main.o(.data)
    PS2_KEY_END_OUT                          0x2000002c   Data           4  main.o(.data)
    PS2_KEY_PIFU                             0x20000030   Data           4  main.o(.data)
    OV5640_RGB_THRESHOLD                     0x20000034   Data           4  main.o(.data)
    nowFlashGameScore                        0x20000038   Data           4  main.o(.data)
    GameShootBulletsCnt                      0x2000003c   Data           4  main.o(.data)
    GameShootDownCnt                         0x20000040   Data           4  main.o(.data)
    GameHitRate                              0x20000044   Data           4  main.o(.data)
    create_enmeyPlane_num                    0x20000048   Data           4  main.o(.data)
    read_cnn_out                             0x2000004c   Data           4  main.o(.data)
    nowFlashGameScore_buffer                 0x20000050   Data           6  main.o(.data)
    EN_SHENGYIN                              0x20000058   Data           1  handler.o(.data)
    CREATE_ARRAY                             0x2000005c   Data           4  handler.o(.data)
    create                                   0x20000060   Data         960  handler.o(.data)
    gesture_create                           0x20000420   Data         960  handler.o(.data)
    APU_GAME_START_Array                     0x200007e0   Data         180  handler.o(.data)
    APU_MY_PLANE_DEAD_Array                  0x20000894   Data         112  handler.o(.data)
    APU_GAME_END_Array                       0x20000904   Data          76  handler.o(.data)
    APU_GAME_ING_Array                       0x20000950   Data         252  handler.o(.data)
    SystemCoreClock                          0x20000a4c   Data           4  system.o(.data)
    __stdout                                 0x20000a50   Data           4  retarget.o(.data)
    Comd                                     0x20000a54   Data           2  pstwo.o(.data)
    Handkey                                  0x20000a56   Data           2  pstwo.o(.data)
    MASK                                     0x20000a58   Data          32  pstwo.o(.data)
    GAME_START_CHAR                          0x20000a78   Data           8  gameinterface.o(.data)
    GAME_STOP_CHAR                           0x20000a80   Data           8  gameinterface.o(.data)
    GAME_LOGO_1942                           0x20000a88   Data          90  gameinterface.o(.data)
    GAME_VERSION                             0x20000ae2   Data          12  gameinterface.o(.data)
    endInterFaceArray                        0x20000aee   Data          72  gameinterface.o(.data)
    map_start                                0x20000b36   Data        1024  makemap.o(.data)
    map_konghaiyu                            0x20000f36   Data        1024  makemap.o(.data)
    map_jianchuan                            0x20001336   Data        1024  makemap.o(.data)
    map_daoyu                                0x20001736   Data        1024  makemap.o(.data)
    map_land_0                               0x20001b36   Data        1024  makemap.o(.data)
    map_land_1                               0x20001f36   Data        1024  makemap.o(.data)
    map_land_2_3                             0x20002336   Data        1024  makemap.o(.data)
    map_land_4                               0x20002736   Data        1024  makemap.o(.data)
    saveGameScoreArray                       0x20002b3c   Data         256  main.o(.bss)
    myplane                                  0x20002c3c   Data          10  main.o(.bss)
    myBullet                                 0x20002c46   Data         120  main.o(.bss)
    s_grey_plane                             0x20002cbe   Data         192  main.o(.bss)
    s_green_plane                            0x20002d7e   Data         240  main.o(.bss)
    m_straight_plane                         0x20002e6e   Data          36  main.o(.bss)
    b_green_plane                            0x20002e92   Data          26  main.o(.bss)
    enmeyBullets                             0x20002eac   Data         100  main.o(.bss)
    myBulletsHitMap                          0x20002f10   Data         120  main.o(.bss)
    enemyPlaneAndBullet_HitMap               0x20002f88   Data         120  main.o(.bss)
    boom                                     0x20003000   Data          40  main.o(.bss)
    Data                                     0x20003028   Data           9  pstwo.o(.bss)
    __initial_sp                             0x20003838   Data           0  startup_cm3ds.o(STACK)



==============================================================================

Memory Map of the image

  Image Entry point : 0x00000079

  Load Region LR_IROM1 (Base: 0x00000000, Size: 0x00007774, Max: 0x00010000, ABSOLUTE, COMPRESSED[0x00005b50])

    Execution Region ER_IROM1 (Exec base: 0x00000000, Load base: 0x00000000, Size: 0x00004c38, Max: 0x00010000, ABSOLUTE)

    Exec Addr    Load Addr    Size         Type   Attr      Idx    E Section Name        Object

    0x00000000   0x00000000   0x00000078   Data   RO          130    RESET               startup_cm3ds.o
    0x00000078   0x00000078   0x00000000   Code   RO         1730  * .ARM.Collect$$$$00000000  mc_w.l(entry.o)
    0x00000078   0x00000078   0x00000004   Code   RO         2013    .ARM.Collect$$$$00000001  mc_w.l(entry2.o)
    0x0000007c   0x0000007c   0x00000004   Code   RO         2016    .ARM.Collect$$$$00000004  mc_w.l(entry5.o)
    0x00000080   0x00000080   0x00000000   Code   RO         2018    .ARM.Collect$$$$00000008  mc_w.l(entry7b.o)
    0x00000080   0x00000080   0x00000000   Code   RO         2020    .ARM.Collect$$$$0000000A  mc_w.l(entry8b.o)
    0x00000080   0x00000080   0x00000008   Code   RO         2021    .ARM.Collect$$$$0000000B  mc_w.l(entry9a.o)
    0x00000088   0x00000088   0x00000000   Code   RO         2023    .ARM.Collect$$$$0000000D  mc_w.l(entry10a.o)
    0x00000088   0x00000088   0x00000000   Code   RO         2025    .ARM.Collect$$$$0000000F  mc_w.l(entry11a.o)
    0x00000088   0x00000088   0x00000004   Code   RO         2014    .ARM.Collect$$$$00002712  mc_w.l(entry2.o)
    0x0000008c   0x0000008c   0x000000cc   Code   RO          131    .text               startup_cm3ds.o
    0x00000158   0x00000158   0x00000024   Code   RO         1733    .text               mc_w.l(rand.o)
    0x0000017c   0x0000017c   0x000000b0   Code   RO         2001    .text               mf_w.l(fadd.o)
    0x0000022c   0x0000022c   0x00000064   Code   RO         2003    .text               mf_w.l(fmul.o)
    0x00000290   0x00000290   0x0000007c   Code   RO         2005    .text               mf_w.l(fdiv.o)
    0x0000030c   0x0000030c   0x00000012   Code   RO         2007    .text               mf_w.l(fflti.o)
    0x0000031e   0x0000031e   0x0000000a   Code   RO         2009    .text               mf_w.l(ffltui.o)
    0x00000328   0x00000328   0x00000028   Code   RO         2011    .text               mf_w.l(ffixui.o)
    0x00000350   0x00000350   0x00000062   Code   RO         2029    .text               mc_w.l(uldiv.o)
    0x000003b2   0x000003b2   0x00000000   Code   RO         2031    .text               mc_w.l(iusefp.o)
    0x000003b2   0x000003b2   0x0000006e   Code   RO         2032    .text               mf_w.l(fepilogue.o)
    0x00000420   0x00000420   0x00000024   Code   RO         2044    .text               mc_w.l(init.o)
    0x00000444   0x00000444   0x0000001e   Code   RO         2046    .text               mc_w.l(llshl.o)
    0x00000462   0x00000462   0x00000020   Code   RO         2048    .text               mc_w.l(llushr.o)
    0x00000482   0x00000482   0x0000005e   Code   RO         2062    .text               mc_w.l(__dclz77c.o)
    0x000004e0   0x000004e0   0x00000002   Code   RO          137    i.BusFaultHandler   handler.o
    0x000004e2   0x000004e2   0x00000002   Code   RO          138    i.DebugMonHandler   handler.o
    0x000004e4   0x000004e4   0x00000002   Code   RO          139    i.HardFaultHandler  handler.o
    0x000004e6   0x000004e6   0x0000000a   Code   RO          868    i.Is_SPI_Ready      spi_flash.o
    0x000004f0   0x000004f0   0x0000004c   Code   RO          140    i.KEY0              handler.o
    0x0000053c   0x0000053c   0x00000040   Code   RO          141    i.KEY1              handler.o
    0x0000057c   0x0000057c   0x00000040   Code   RO          142    i.KEY2              handler.o
    0x000005bc   0x000005bc   0x00000040   Code   RO          143    i.KEY3              handler.o
    0x000005fc   0x000005fc   0x00000014   Code   RO          767    i.LED_down          led.o
    0x00000610   0x00000610   0x00000014   Code   RO          768    i.LED_on            led.o
    0x00000624   0x00000624   0x00000020   Code   RO          769    i.LED_toggle        led.o
    0x00000644   0x00000644   0x00000002   Code   RO          144    i.MemManageHandler  handler.o
    0x00000646   0x00000646   0x00000002   Code   RO          145    i.NMIHandler        handler.o
    0x00000648   0x00000648   0x00000016   Code   RO          308    i.NVIC_EnableIRQ    system.o
    0x0000065e   0x0000065e   0x00000020   Code   RO          309    i.NVIC_SetPriority  system.o
    0x0000067e   0x0000067e   0x00000002   PAD
    0x00000680   0x00000680   0x00000018   Code   RO         1115    i.PS2_ClearData     pstwo.o
    0x00000698   0x00000698   0x00000070   Code   RO         1116    i.PS2_Cmd           pstwo.o
    0x00000708   0x00000708   0x00000048   Code   RO         1117    i.PS2_DataKey       pstwo.o
    0x00000750   0x00000750   0x00000010   Code   RO         1120    i.PS2_Init          pstwo.o
    0x00000760   0x00000760   0x00000094   Code   RO         1121    i.PS2_ReadData      pstwo.o
    0x000007f4   0x000007f4   0x00000002   Code   RO          146    i.PendSVHandler     handler.o
    0x000007f6   0x000007f6   0x00000016   Code   RO          871    i.SPI_FLASH_Write_Enable  spi_flash.o
    0x0000080c   0x0000080c   0x0000003c   Code   RO          873    i.SPI_Flash_Erase_Block  spi_flash.o
    0x00000848   0x00000848   0x0000003c   Code   RO          875    i.SPI_Flash_Erase_Sector  spi_flash.o
    0x00000884   0x00000884   0x00000046   Code   RO          876    i.SPI_Flash_Read    spi_flash.o
    0x000008ca   0x000008ca   0x0000001c   Code   RO          878    i.SPI_Flash_ReadSR  spi_flash.o
    0x000008e6   0x000008e6   0x0000000c   Code   RO          879    i.SPI_Flash_Wait_Busy  spi_flash.o
    0x000008f2   0x000008f2   0x0000004e   Code   RO          882    i.SPI_Flash_Write_Page  spi_flash.o
    0x00000940   0x00000940   0x0000000c   Code   RO          883    i.SPI_Init          spi_flash.o
    0x0000094c   0x0000094c   0x00000044   Code   RO          884    i.SPI_ReadWriteByte  spi_flash.o
    0x00000990   0x00000990   0x00000010   Code   RO          885    i.SPI_SendData      spi_flash.o
    0x000009a0   0x000009a0   0x00000002   Code   RO          147    i.SVCHandler        handler.o
    0x000009a2   0x000009a2   0x00000008   Code   RO          698    i.Set_SysTick_CTRL  systick.o
    0x000009aa   0x000009aa   0x00000008   Code   RO          699    i.Set_SysTick_LOAD  systick.o
    0x000009b2   0x000009b2   0x00000008   Code   RO          700    i.Set_SysTick_VALUE  systick.o
    0x000009ba   0x000009ba   0x00000002   PAD
    0x000009bc   0x000009bc   0x00000018   Code   RO          148    i.SysTickHandler    handler.o
    0x000009d4   0x000009d4   0x00000068   Code   RO          311    i.SystemInit        system.o
    0x00000a3c   0x00000a3c   0x00000002   Code   RO          149    i.Timer_Handler     handler.o
    0x00000a3e   0x00000a3e   0x00000002   Code   RO          150    i.UARTOVRHandler    handler.o
    0x00000a40   0x00000a40   0x00000002   Code   RO          151    i.UARTRXHandler     handler.o
    0x00000a42   0x00000a42   0x00000002   Code   RO          152    i.UARTTXHandler     handler.o
    0x00000a44   0x00000a44   0x00000002   Code   RO          153    i.UsageFaultHandler  handler.o
    0x00000a46   0x00000a46   0x00000002   PAD
    0x00000a48   0x00000a48   0x00000020   Code   RO         1873    i.__0printf$5       mc_w.l(printf5.o)
    0x00000a68   0x00000a68   0x0000000e   Code   RO         2056    i.__scatterload_copy  mc_w.l(handlers.o)
    0x00000a76   0x00000a76   0x00000002   Code   RO         2057    i.__scatterload_null  mc_w.l(handlers.o)
    0x00000a78   0x00000a78   0x0000000e   Code   RO         2058    i.__scatterload_zeroinit  mc_w.l(handlers.o)
    0x00000a86   0x00000a86   0x00000002   PAD
    0x00000a88   0x00000a88   0x000002c0   Code   RO         1880    i._printf_core      mc_w.l(printf5.o)
    0x00000d48   0x00000d48   0x0000001e   Code   RO          982    i.apu_Button        apu.o
    0x00000d66   0x00000d66   0x0000001e   Code   RO          983    i.apu_Intr_Trigger  apu.o
    0x00000d84   0x00000d84   0x0000007c   Code   RO         1355    i.b_green_createOnePlane  enemyplane.o
    0x00000e00   0x00000e00   0x00000004   Code   RO         1572    i.b_green_createPlane_511  makeenemyplanearray.o
    0x00000e04   0x00000e04   0x000001ac   Code   RO         1356    i.b_green_drawPlane  enemyplane.o
    0x00000fb0   0x00000fb0   0x000001f4   Code   RO         1357    i.b_green_movePlane  enemyplane.o
    0x000011a4   0x000011a4   0x00000034   Code   RO         1358    i.b_green_planeInit  enemyplane.o
    0x000011d8   0x000011d8   0x00000022   Code   RO         1217    i.clearNameTableAll  spriteram.o
    0x000011fa   0x000011fa   0x00000002   PAD
    0x000011fc   0x000011fc   0x00000114   Code   RO          154    i.create_plane_Handler  handler.o
    0x00001310   0x00001310   0x00000020   Code   RO          703    i.delay             systick.o
    0x00001330   0x00001330   0x00000018   Code   RO          704    i.delay_ms          systick.o
    0x00001348   0x00001348   0x00000014   Code   RO          705    i.delay_us          systick.o
    0x0000135c   0x0000135c   0x00000114   Code   RO         1513    i.endInterFaceDraw  gameinterface.o
    0x00001470   0x00001470   0x00000174   Code   RO         1458    i.enemyAndBulletMapCreate  gamehitcheck.o
    0x000015e4   0x000015e4   0x00000044   Code   RO         1320    i.enmeyBulletDraw   enemybullet.o
    0x00001628   0x00001628   0x00000024   Code   RO         1321    i.enmey_BulletInit  enemybullet.o
    0x0000164c   0x0000164c   0x00000020   Code   RO          357    i.fputc             retarget.o
    0x0000166c   0x0000166c   0x0000004e   Code   RO         1514    i.gameCursorDraw    gameinterface.o
    0x000016ba   0x000016ba   0x00000002   PAD
    0x000016bc   0x000016bc   0x000000f4   Code   RO         1515    i.gameScoreDraw     gameinterface.o
    0x000017b0   0x000017b0   0x00000148   Code   RO         1516    i.gameStartInterfaceShow  gameinterface.o
    0x000018f8   0x000018f8   0x000000c4   Code   RO         1459    i.isHit_b_EnemyPlane  gamehitcheck.o
    0x000019bc   0x000019bc   0x0000008c   Code   RO         1460    i.isHit_m_straight_EnemyPlane  gamehitcheck.o
    0x00001a48   0x00001a48   0x0000005c   Code   RO         1461    i.isHit_myBullets   gamehitcheck.o
    0x00001aa4   0x00001aa4   0x00000130   Code   RO         1462    i.isHit_s_EnemyPlane  gamehitcheck.o
    0x00001bd4   0x00001bd4   0x0000009a   Code   RO         1463    i.isMyPlaneHit      gamehitcheck.o
    0x00001c6e   0x00001c6e   0x00000002   PAD
    0x00001c70   0x00001c70   0x00000028   Code   RO         1650    i.loadMapJianchuan  makemap.o
    0x00001c98   0x00001c98   0x00000078   Code   RO         1359    i.m_straight_createOnePlane  enemyplane.o
    0x00001d10   0x00001d10   0x00000194   Code   RO         1360    i.m_straight_drawPlane  enemyplane.o
    0x00001ea4   0x00001ea4   0x00000068   Code   RO         1361    i.m_straight_movePlane  enemyplane.o
    0x00001f0c   0x00001f0c   0x00000034   Code   RO         1362    i.m_straight_planeInit  enemyplane.o
    0x00001f40   0x00001f40   0x00000bc8   Code   RO            3    i.main              main.o
    0x00002b08   0x00002b08   0x000001f8   Code   RO         1651    i.makeMapFirst      makemap.o
    0x00002d00   0x00002d00   0x00000228   Code   RO         1652    i.makeMapSecond     makemap.o
    0x00002f28   0x00002f28   0x00000048   Code   RO         1464    i.myBulletsMapCreate  gamehitcheck.o
    0x00002f70   0x00002f70   0x0000005e   Code   RO         1681    i.myPlane_Act       myplane.o
    0x00002fce   0x00002fce   0x00000002   PAD
    0x00002fd0   0x00002fd0   0x000003c8   Code   RO         1682    i.myPlane_Draw      myplane.o
    0x00003398   0x00003398   0x0000001a   Code   RO         1683    i.myPlane_Init      myplane.o
    0x000033b2   0x000033b2   0x00000002   PAD
    0x000033b4   0x000033b4   0x00000044   Code   RO         1684    i.myPlane_bulletDraw  myplane.o
    0x000033f8   0x000033f8   0x00000024   Code   RO         1685    i.myPlane_bulletInit  myplane.o
    0x0000341c   0x0000341c   0x00000114   Code   RO         1686    i.myPlane_createOneBullet  myplane.o
    0x00003530   0x00003530   0x00000034   Code   RO         1687    i.myPlane_updateBulletData  myplane.o
    0x00003564   0x00003564   0x000000aa   Code   RO         1517    i.newGuanqiaInterFaceDraw  gameinterface.o
    0x0000360e   0x0000360e   0x00000002   PAD
    0x00003610   0x00003610   0x000000c0   Code   RO         1289    i.new_boomDraw      boom.o
    0x000036d0   0x000036d0   0x00000020   Code   RO         1290    i.new_boomInit      boom.o
    0x000036f0   0x000036f0   0x00000034   Code   RO         1291    i.new_createOneBoom  boom.o
    0x00003724   0x00003724   0x00000040   Code   RO         1292    i.new_updateBoomData  boom.o
    0x00003764   0x00003764   0x00000002   Code   RO          155    i.noise_Handler     handler.o
    0x00003766   0x00003766   0x00000002   PAD
    0x00003768   0x00003768   0x00000164   Code   RO          156    i.pulse0_Handler    handler.o
    0x000038cc   0x000038cc   0x00000002   Code   RO          157    i.pulse1_Handler    handler.o
    0x000038ce   0x000038ce   0x00000002   PAD
    0x000038d0   0x000038d0   0x0000000c   Code   RO         1128    i.readPs2DI         pstwo.o
    0x000038dc   0x000038dc   0x0000003c   Code   RO         1259    i.read_JY61P_flag   jy61p.o
    0x00003918   0x00003918   0x00000008   Code   RO         1271    i.read_cnn_result   cnn.o
    0x00003920   0x00003920   0x00000154   Code   RO         1363    i.s_green_createOnePlane  enemyplane.o
    0x00003a74   0x00003a74   0x00000038   Code   RO         1573    i.s_green_createPlane_221  makeenemyplanearray.o
    0x00003aac   0x00003aac   0x0000003e   Code   RO         1574    i.s_green_createPlane_222  makeenemyplanearray.o
    0x00003aea   0x00003aea   0x00000052   Code   RO         1575    i.s_green_createPlane_243  makeenemyplanearray.o
    0x00003b3c   0x00003b3c   0x00000026   Code   RO         1576    i.s_green_createPlane_411  makeenemyplanearray.o
    0x00003b62   0x00003b62   0x00000036   Code   RO         1577    i.s_green_createPlane_422  makeenemyplanearray.o
    0x00003b98   0x00003b98   0x00000228   Code   RO         1364    i.s_green_drawPlane  enemyplane.o
    0x00003dc0   0x00003dc0   0x000002e0   Code   RO         1365    i.s_green_movePlane  enemyplane.o
    0x000040a0   0x000040a0   0x0000002c   Code   RO         1366    i.s_green_planeInit  enemyplane.o
    0x000040cc   0x000040cc   0x000000dc   Code   RO         1322    i.s_grey_createOneEnmeyBullet  enemybullet.o
    0x000041a8   0x000041a8   0x000000b0   Code   RO         1367    i.s_grey_createOnePlane  enemyplane.o
    0x00004258   0x00004258   0x00000056   Code   RO         1578    i.s_grey_createPlane_111  makeenemyplanearray.o
    0x000042ae   0x000042ae   0x0000003a   Code   RO         1579    i.s_grey_createPlane_122  makeenemyplanearray.o
    0x000042e8   0x000042e8   0x00000080   Code   RO         1580    i.s_grey_createPlane_123  makeenemyplanearray.o
    0x00004368   0x00004368   0x0000005e   Code   RO         1581    i.s_grey_createPlane_144  makeenemyplanearray.o
    0x000043c6   0x000043c6   0x000000a4   Code   RO         1582    i.s_grey_createPlane_145  makeenemyplanearray.o
    0x0000446a   0x0000446a   0x00000014   Code   RO         1583    i.s_grey_createPlane_166  makeenemyplanearray.o
    0x0000447e   0x0000447e   0x00000002   PAD
    0x00004480   0x00004480   0x00000298   Code   RO         1368    i.s_grey_drawPlane  enemyplane.o
    0x00004718   0x00004718   0x00000244   Code   RO         1369    i.s_grey_movePlane  enemyplane.o
    0x0000495c   0x0000495c   0x0000002c   Code   RO         1370    i.s_grey_planeInit  enemyplane.o
    0x00004988   0x00004988   0x0000000c   Code   RO          985    i.set_frame         apu.o
    0x00004994   0x00004994   0x0000000c   Code   RO          986    i.set_noise_00      apu.o
    0x000049a0   0x000049a0   0x0000000c   Code   RO          987    i.set_noise_01      apu.o
    0x000049ac   0x000049ac   0x0000000c   Code   RO          988    i.set_noise_10      apu.o
    0x000049b8   0x000049b8   0x0000000c   Code   RO          989    i.set_noise_11      apu.o
    0x000049c4   0x000049c4   0x0000000c   Code   RO          990    i.set_pulse0_00     apu.o
    0x000049d0   0x000049d0   0x0000000c   Code   RO          991    i.set_pulse0_01     apu.o
    0x000049dc   0x000049dc   0x0000000c   Code   RO          992    i.set_pulse0_10     apu.o
    0x000049e8   0x000049e8   0x0000000c   Code   RO          993    i.set_pulse0_11     apu.o
    0x000049f4   0x000049f4   0x0000000c   Code   RO          994    i.set_pulse1_00     apu.o
    0x00004a00   0x00004a00   0x0000000c   Code   RO          995    i.set_pulse1_01     apu.o
    0x00004a0c   0x00004a0c   0x0000000c   Code   RO          996    i.set_pulse1_10     apu.o
    0x00004a18   0x00004a18   0x0000000c   Code   RO          997    i.set_pulse1_11     apu.o
    0x00004a24   0x00004a24   0x0000000c   Code   RO          998    i.set_state         apu.o
    0x00004a30   0x00004a30   0x00000014   Code   RO         1465    i.tileMap           gamehitcheck.o
    0x00004a44   0x00004a44   0x00000002   Code   RO          158    i.triangle_Handler  handler.o
    0x00004a46   0x00004a46   0x0000000a   Code   RO          614    i.uart_SendChar     uart.o
    0x00004a50   0x00004a50   0x0000004a   Code   RO          616    i.uart_init         uart.o
    0x00004a9a   0x00004a9a   0x00000002   PAD
    0x00004a9c   0x00004a9c   0x00000070   Code   RO         1323    i.updateEnemyBulletData  enemybullet.o
    0x00004b0c   0x00004b0c   0x00000080   Code   RO          159    i.vga_Handler       handler.o
    0x00004b8c   0x00004b8c   0x00000010   Code   RO         1221    i.writeOneNametable  spriteram.o
    0x00004b9c   0x00004b9c   0x00000018   Code   RO         1222    i.writeOneSprite    spriteram.o
    0x00004bb4   0x00004bb4   0x0000000c   Code   RO         1272    i.write_ov5640_config  cnn.o
    0x00004bc0   0x00004bc0   0x00000001   Data   RO            6    .constdata          main.o
    0x00004bc1   0x00004bc1   0x00000001   Data   RO            7    .constdata          main.o
    0x00004bc2   0x00004bc2   0x00000001   Data   RO            8    .constdata          main.o
    0x00004bc3   0x00004bc3   0x00000001   Data   RO            9    .constdata          main.o
    0x00004bc4   0x00004bc4   0x00000001   Data   RO           10    .constdata          main.o
    0x00004bc5   0x00004bc5   0x00000001   Data   RO           11    .constdata          main.o
    0x00004bc6   0x00004bc6   0x00000001   Data   RO           12    .constdata          main.o
    0x00004bc7   0x00004bc7   0x00000001   PAD
    0x00004bc8   0x00004bc8   0x00000050   Data   RO         1325    .constdata          enemybullet.o
    0x00004c18   0x00004c18   0x00000020   Data   RO         2054    Region$$Table       anon$$obj.o


    Execution Region RW_IRAM1 (Exec base: 0x20000000, Load base: 0x00004c38, Size: 0x00003838, Max: 0x00010000, ABSOLUTE, COMPRESSED[0x00000f18])

    Exec Addr    Load Addr    Size         Type   Attr      Idx    E Section Name        Object

    0x20000000   COMPRESSED   0x00000056   Data   RW           13    .data               main.o
    0x20000056   COMPRESSED   0x00000002   PAD
    0x20000058   COMPRESSED   0x000009f4   Data   RW          164    .data               handler.o
    0x20000a4c   COMPRESSED   0x00000004   Data   RW          312    .data               system.o
    0x20000a50   COMPRESSED   0x00000004   Data   RW          358    .data               retarget.o
    0x20000a54   COMPRESSED   0x00000024   Data   RW         1130    .data               pstwo.o
    0x20000a78   COMPRESSED   0x000000be   Data   RW         1522    .data               gameinterface.o
    0x20000b36   COMPRESSED   0x00000400   Data   RW         1653    .data               makemap.o
    0x20000f36   COMPRESSED   0x00001c00   Data   RW         1654    .data               makemap.o
    0x20002b36   COMPRESSED   0x00000002   PAD
    0x20002b38   COMPRESSED   0x00000004   Data   RW         1734    .data               mc_w.l(rand.o)
    0x20002b3c        -       0x000004ec   Zero   RW            4    .bss                main.o
    0x20003028        -       0x00000009   Zero   RW         1129    .bss                pstwo.o
    0x20003031   COMPRESSED   0x00000007   PAD
    0x20003038        -       0x00000800   Zero   RW          128    STACK               startup_cm3ds.o


==============================================================================

Image component sizes


      Code (inc. data)   RO Data    RW Data    ZI Data      Debug   Object Name

       228         84          0          0          0       6832   apu.o
       340         22          0          0          0       2869   boom.o
        20          0          0          0          0        984   cnn.o
       436         30         80          0          0       3831   enemybullet.o
      4920        122          0          0          0      12869   enemyplane.o
      1350         64          0          0          0       7820   gamehitcheck.o
      1096         26          0        190          0       6384   gameinterface.o
      1082        254          0       2548          0      35939   handler.o
        60          8          0          0          0        710   jy61p.o
        72         16          0          0          0       1389   led.o
      3016        126          7         86       1260      16841   main.o
       846          0          0          0          0       8098   makeenemyplanearray.o
      1096        148          0       8192          0       2798   makemap.o
      1520         36          0          0          0       5359   myplane.o
       384         46          0         36          9       3655   pstwo.o
        32          0          0          4          0       2496   retarget.o
       436          0          0          0          0       6180   spi_flash.o
        74         10          0          0          0       1709   spriteram.o
       204          8        120          0       2048       1376   startup_cm3ds.o
       158         10          0          4          0      25110   system.o
       100          0          0          0          0       2752   systick.o
        84          0          0          0          0       1844   uart.o

    ----------------------------------------------------------------------
     17580       1010        240      11064       3324     157845   Object Totals
         0          0         32          0          0          0   (incl. Generated)
        26          0          1          4          7          0   (incl. Padding)

    ----------------------------------------------------------------------

      Code (inc. data)   RO Data    RW Data    ZI Data      Debug   Library Member Name

        94          0          0          0          0          0   __dclz77c.o
         0          0          0          0          0          0   entry.o
         0          0          0          0          0          0   entry10a.o
         0          0          0          0          0          0   entry11a.o
         8          4          0          0          0          0   entry2.o
         4          0          0          0          0          0   entry5.o
         0          0          0          0          0          0   entry7b.o
         0          0          0          0          0          0   entry8b.o
         8          4          0          0          0          0   entry9a.o
        30          0          0          0          0          0   handlers.o
        36          8          0          0          0         68   init.o
         0          0          0          0          0          0   iusefp.o
        30          0          0          0          0         68   llshl.o
        32          0          0          0          0         68   llushr.o
       736         56          0          0          0        184   printf5.o
        36         10          0          4          0        136   rand.o
        98          0          0          0          0         92   uldiv.o
       176          0          0          0          0        140   fadd.o
       124          0          0          0          0         88   fdiv.o
       110          0          0          0          0        168   fepilogue.o
        40          0          0          0          0         68   ffixui.o
        18          0          0          0          0         68   fflti.o
        10          0          0          0          0         68   ffltui.o
       100          0          0          0          0         76   fmul.o

    ----------------------------------------------------------------------
      1692         82          0          4          0       1292   Library Totals
         2          0          0          0          0          0   (incl. Padding)

    ----------------------------------------------------------------------

      Code (inc. data)   RO Data    RW Data    ZI Data      Debug   Library Name

      1112         82          0          4          0        616   mc_w.l
       578          0          0          0          0        676   mf_w.l

    ----------------------------------------------------------------------
      1692         82          0          4          0       1292   Library Totals

    ----------------------------------------------------------------------

==============================================================================


      Code (inc. data)   RO Data    RW Data    ZI Data      Debug   

     19272       1092        240      11068       3324     151881   Grand Totals
     19272       1092        240       3864       3324     151881   ELF Image Totals (compressed)
     19272       1092        240       3864          0          0   ROM Totals

==============================================================================

    Total RO  Size (Code + RO Data)                19512 (  19.05kB)
    Total RW  Size (RW Data + ZI Data)             14392 (  14.05kB)
    Total ROM Size (Code + RO Data + RW Data)      23376 (  22.83kB)

==============================================================================

