<html>
<body>
<pre>
<h1>µVision Build Log</h1>
<h2>Tool Versions:</h2>
IDE-Version: ¦ÌVision V5.28.0.0
Copyright (C) 2019 ARM Ltd and ARM Germany GmbH. All rights reserved.
License Information: HP hp, HP Inc., LIC=TIVNB-2V1PI-SBYEJ-UD6CI-7QG60-JG0N0
 
Tool Versions:
Toolchain:       MDK-ARM Plus  Version: 5.28.0.0
Toolchain Path:  D:\Program Files\Keil_V5\ARM\ARMCC\Bin
C Compiler:      Armcc.exe V5.06 update 6 (build 750)
Assembler:       Armasm.exe V5.06 update 6 (build 750)
Linker/Locator:  ArmLink.exe V5.06 update 6 (build 750)
Library Manager: ArmAr.exe V5.06 update 6 (build 750)
Hex Converter:   FromElf.exe V5.06 update 6 (build 750)
CPU DLL:         SARMCM3.DLL V5.28.0.0
Dialog DLL:      DARMCM1.DLL V1.19.2.0
Target DLL:      CMSIS_AGDI.dll V1.31.18.0
Dialog DLL:      TARMCM1.DLL V1.14.1.0
 
<h2>Project:</h2>
C:\Users\hp\Desktop\M0_Add_AhbMtx\SOC_CORTEX_M0\Keil\USER\m0.uvprojx
Project File Date:  01/10/2023

<h2>Output:</h2>
*** Using Compiler 'V5.06 update 6 (build 750)', folder: 'D:\Program Files\Keil_V5\ARM\ARMCC\Bin'
Rebuild target 'Target 1'
assembling startup_CM0DS.s...
compiling key.c...
compiling camera.c...
compiling system.c...
compiling led.c...
compiling lcd.c...
compiling main.c...
compiling handler.c...
compiling Retarget.c...
compiling spi_flash.c...
compiling timer.c...
compiling uart.c...
compiling systick.c...
compiling malloc.c...
linking...
Program Size: Code=6302 RO-data=6486 RW-data=12 ZI-data=1044  
FromELF: creating hex file...
After Build - User command #1: fromelf -cvf .\Objects\m0.axf --vhx --32x1 -o image.hex
".\Objects\m0.axf": Error: Q0122E: Could not open file '.\Objects\m0.axf': No such file or directory
Finished: 0 information, 0 warning and 1 error messages.
After Build - User command #2: fromelf -cvf .\Objects\m0.axf -o image.txt
".\Objects\m0.axf": Error: Q0122E: Could not open file '.\Objects\m0.axf': No such file or directory
Finished: 0 information, 0 warning and 1 error messages.
".\m0.axf" - 0 Error(s), 0 Warning(s).

<h2>Software Packages used:</h2>

Package Vendor: Keil
                http://www.keil.com/pack/Keil.V2M-MPS2_CMx_BSP.1.7.1.pack
                Keil.V2M-MPS2_CMx_BSP.1.7.1
                ARM V2M-MPS2 Board Support PACK for Cortex-M System Design Kit Devices

<h2>Collection of Component include folders:</h2>
  .\RTE\_Target_1
  D:\Program Files\\Keil_V5\Arm\Packs\Keil\V2M-MPS2_CMx_BSP\1.7.1\Device\CMSDK_CM0\Include

<h2>Collection of Component Files used:</h2>
Build Time Elapsed:  00:00:01
</pre>
</body>
</html>
