<html>
<body>
<pre>
<h1>µVision Build Log</h1>
<h2>Tool Versions:</h2>
IDE-Version: ¦ÌVision V5.28.0.0
Copyright (C) 2019 ARM Ltd and ARM Germany GmbH. All rights reserved.
License Information: HP hp, HP Inc., LIC=TIVNB-2V1PI-SBYEJ-UD6CI-7QG60-JG0N0
 
Tool Versions:
Toolchain:       MDK-ARM Plus  Version: 5.28.0.0
Toolchain Path:  D:\Program Files\Keil_V5\ARM\ARMCC\Bin
C Compiler:      Armcc.exe V5.06 update 6 (build 750)
Assembler:       Armasm.exe V5.06 update 6 (build 750)
Linker/Locator:  ArmLink.exe V5.06 update 6 (build 750)
Library Manager: ArmAr.exe V5.06 update 6 (build 750)
Hex Converter:   FromElf.exe V5.06 update 6 (build 750)
CPU DLL:         SARMCM3.DLL V5.28.0.0
Dialog DLL:      DARMCM1.DLL V1.19.2.0
Target DLL:      CMSIS_AGDI.dll V1.31.18.0
Dialog DLL:      TARMCM1.DLL V1.14.1.0
 
<h2>Project:</h2>
C:\Users\hp\Desktop\my1942Game\Keil\USER\m0.uvprojx
Project File Date:  04/01/2023

<h2>Output:</h2>
*** Using Compiler 'V5.06 update 6 (build 750)', folder: 'D:\Program Files\Keil_V5\ARM\ARMCC\Bin'
Rebuild target 'Target 1'
compiling key.c...
assembling startup_CM0DS.s...
compiling camera.c...
compiling lcd.c...
compiling system.c...
compiling handler.c...
compiling led.c...
compiling Retarget.c...
compiling spi_flash.c...
compiling timer.c...
compiling uart.c...
compiling main.c...
..\MY_GAME\gameStruct.h(113): warning:  #1-D: last line of file ends without a newline
  #endif
..\MY_GAME\enemyBullet.h(14): warning:  #1-D: last line of file ends without a newline
  #endif
..\MY_GAME\myPlane.h(54): warning:  #1-D: last line of file ends without a newline
  #endif
..\MY_GAME\gameHitCheck.h(17): warning:  #1-D: last line of file ends without a newline
  #endif
..\MY_GAME\boom.h(14): warning:  #1-D: last line of file ends without a newline
  #endif
..\MY_GAME\gameInterFace.h(24): warning:  #1-D: last line of file ends without a newline
  #endif
main.c(31): warning:  #3170-D: use of a const variable in a constant expression is nonstandard in C
  BULLETType myBullet[MYPLANE_BULLET_NUMMAX];
main.c(36): warning:  #3170-D: use of a const variable in a constant expression is nonstandard in C
  S_GREY_PLANEType s_grey_plane[S_GREY_NUMMAX];
main.c(38): warning:  #3170-D: use of a const variable in a constant expression is nonstandard in C
  S_GREEN_PLANEType s_green_plane[S_GREEN_NUMMAX];
main.c(40): warning:  #3170-D: use of a const variable in a constant expression is nonstandard in C
  M_STRAIGHT_PLANEType m_straight_plane[M_STRAIGHT_NUMMAX];
main.c(43): warning:  #3170-D: use of a const variable in a constant expression is nonstandard in C
  BULLETType enmeyBullets[ENEMY_BULLETS_NUMMAX];
main.c(50): warning:  #3170-D: use of a const variable in a constant expression is nonstandard in C
  const uint8_t BOOM_NUMMAX=MYPLANE_BULLET_NUMMAX;
main.c(51): warning:  #3170-D: use of a const variable in a constant expression is nonstandard in C
  BOOMType boom[BOOM_NUMMAX];
main.c(181): warning:  #167-D: argument of type "BULLETType (*)[12]" is incompatible with parameter of type "BULLETType *"
              myPlane_bulletInit(&myBullet);
main.c(182): warning:  #167-D: argument of type "S_GREY_PLANEType (*)[3]" is incompatible with parameter of type "S_GREY_PLANEType *"
              s_grey_planeInit(&s_grey_plane);
main.c(183): warning:  #167-D: argument of type "S_GREEN_PLANEType (*)[1]" is incompatible with parameter of type "S_GREEN_PLANEType *"
              s_green_planeInit(&s_green_plane);
main.c(184): warning:  #167-D: argument of type "M_STRAIGHT_PLANEType (*)[1]" is incompatible with parameter of type "M_STRAIGHT_PLANEType *"
              m_straight_planeInit(&m_straight_plane);
main.c(185): warning:  #167-D: argument of type "BULLETType (*)[5]" is incompatible with parameter of type "BULLETType *"
              enmey_BulletInit(&enmeyBullets);
main.c(186): warning:  #167-D: argument of type "BOOMType (*)[12]" is incompatible with parameter of type "BOOMType *"
              new_boomInit(&boom);
main.c(247): warning:  #167-D: argument of type "S_GREY_PLANEType (*)[3]" is incompatible with parameter of type "S_GREY_PLANEType *"
              s_grey_createOnePlane(&s_grey_plane,&planeParameter,myplane.PosX,myplane.PosY);
main.c(250): warning:  #167-D: argument of type "S_GREEN_PLANEType (*)[1]" is incompatible with parameter of type "S_GREEN_PLANEType *"
                 s_green_createOnePlane(&s_green_plane,myplane.PosX,myplane.PosY);
main.c(251): warning:  #167-D: argument of type "M_STRAIGHT_PLANEType (*)[1]" is incompatible with parameter of type "M_STRAIGHT_PLANEType *"
                 m_straight_createOnePlane(&m_straight_plane,50+rand()%50);
main.c(260): warning:  #167-D: argument of type "BULLETType (*)[12]" is incompatible with parameter of type "BULLETType *"
                       myPlane_createOneBullet(&myplane,&myBullet);
main.c(287): warning:  #167-D: argument of type "BULLETType (*)[12]" is incompatible with parameter of type "BULLETType *"
              myPlane_updateBulletData(&myBullet);
main.c(289): warning:  #167-D: argument of type "S_GREY_PLANEType (*)[3]" is incompatible with parameter of type "S_GREY_PLANEType *"
              s_grey_movePlane(&s_grey_plane,&myplane,&enmeyBullets);
main.c(289): warning:  #167-D: argument of type "BULLETType (*)[5]" is incompatible with parameter of type "BULLETType *"
              s_grey_movePlane(&s_grey_plane,&myplane,&enmeyBullets);
main.c(290): warning:  #167-D: argument of type "S_GREEN_PLANEType (*)[1]" is incompatible with parameter of type "S_GREEN_PLANEType *"
              s_green_movePlane(&s_green_plane,&myplane,&enmeyBullets);
main.c(290): warning:  #167-D: argument of type "BULLETType (*)[5]" is incompatible with parameter of type "BULLETType *"
              s_green_movePlane(&s_green_plane,&myplane,&enmeyBullets);
main.c(291): warning:  #167-D: argument of type "M_STRAIGHT_PLANEType (*)[1]" is incompatible with parameter of type "M_STRAIGHT_PLANEType *"
              m_straight_movePlane(&m_straight_plane);
main.c(292): warning:  #167-D: argument of type "BULLETType (*)[5]" is incompatible with parameter of type "BULLETType *"
              updateEnemyBulletData(&enmeyBullets);
main.c(293): warning:  #167-D: argument of type "BOOMType (*)[12]" is incompatible with parameter of type "BOOMType *"
              new_updateBoomData(&boom);
main.c(297): warning:  #167-D: argument of type "BULLETType (*)[12]" is incompatible with parameter of type "BULLETType *"
              myBulletsMapCreate(&myBullet,&myBulletsHitMap);
main.c(298): warning:  #167-D: argument of type "S_GREY_PLANEType (*)[3]" is incompatible with parameter of type "S_GREY_PLANEType *"
              enemyAndBulletMapCreate(&s_grey_plane,&s_green_plane,&enmeyBullets,&enemyPlaneAndBullet_HitMap);
main.c(298): warning:  #167-D: argument of type "S_GREEN_PLANEType (*)[1]" is incompatible with parameter of type "S_GREEN_PLANEType *"
              enemyAndBulletMapCreate(&s_grey_plane,&s_green_plane,&enmeyBullets,&enemyPlaneAndBullet_HitMap);
main.c(298): warning:  #167-D: argument of type "BULLETType (*)[5]" is incompatible with parameter of type "BULLETType *"
              enemyAndBulletMapCreate(&s_grey_plane,&s_green_plane,&enmeyBullets,&enemyPlaneAndBullet_HitMap);
main.c(301): warning:  #167-D: argument of type "S_GREY_PLANEType (*)[3]" is incompatible with parameter of type "S_GREY_PLANEType *"
              isHit_s_grey_EnemyPlane(&s_grey_plane,&s_green_plane,&myBulletsHitMap,&boom);
main.c(301): warning:  #167-D: argument of type "S_GREEN_PLANEType (*)[1]" is incompatible with parameter of type "S_GREEN_PLANEType *"
              isHit_s_grey_EnemyPlane(&s_grey_plane,&s_green_plane,&myBulletsHitMap,&boom);
main.c(301): warning:  #167-D: argument of type "BOOMType (*)[12]" is incompatible with parameter of type "BOOMType *"
              isHit_s_grey_EnemyPlane(&s_grey_plane,&s_green_plane,&myBulletsHitMap,&boom);
main.c(320): warning:  #167-D: argument of type "BULLETType (*)[12]" is incompatible with parameter of type "BULLETType *"
              myPlane_bulletDraw(&myBullet,&spriteRamAddr);
main.c(321): warning:  #167-D: argument of type "S_GREY_PLANEType (*)[3]" is incompatible with parameter of type "S_GREY_PLANEType *"
              s_grey_drawPlane(&s_grey_plane,&spriteRamAddr);
main.c(322): warning:  #167-D: argument of type "S_GREEN_PLANEType (*)[1]" is incompatible with parameter of type "S_GREEN_PLANEType *"
              s_green_drawPlane(&s_green_plane,&spriteRamAddr);
main.c(323): warning:  #167-D: argument of type "M_STRAIGHT_PLANEType (*)[1]" is incompatible with parameter of type "M_STRAIGHT_PLANEType *"
              m_straight_drawPlane(&m_straight_plane,&spriteRamAddr);
main.c(324): warning:  #167-D: argument of type "BULLETType (*)[5]" is incompatible with parameter of type "BULLETType *"
              enmeyBulletDraw(&enmeyBullets,&spriteRamAddr);
main.c(325): warning:  #167-D: argument of type "BOOMType (*)[12]" is incompatible with parameter of type "BOOMType *"
              new_boomDraw(&boom,&spriteRamAddr);
main.c(402): warning:  #1-D: last line of file ends without a newline
     // writeOneSprite(2,x+ 4,y- 7,0x51,0x00|0x40);
main.c: 45 warnings, 0 errors
compiling boom.c...
..\MY_GAME\gameStruct.h(113): warning:  #1-D: last line of file ends without a newline
  #endif
..\MY_GAME\boom.h(14): warning:  #1-D: last line of file ends without a newline
  #endif
..\MY_GAME\boom.c(40): warning:  #223-D: function "writeOneSprite" declared implicitly
              writeOneSprite((*spriteRamAddr)+0,(boom+i)->PosX   ,(boom+i)->PosY   ,0xe0+step,0x10);
..\MY_GAME\boom.c(47): warning:  #1-D: last line of file ends without a newline
  }
..\MY_GAME\boom.c: 4 warnings, 0 errors
compiling spriteRam.c...
..\DEVICE\spriteRam.c(44): warning:  #1-D: last line of file ends without a newline
  }
..\DEVICE\spriteRam.c: 1 warning, 0 errors
compiling systick.c...
compiling malloc.c...
compiling pstwo.c...
compiling enemyBullet.c...
..\MY_GAME\gameStruct.h(113): warning:  #1-D: last line of file ends without a newline
  #endif
..\MY_GAME\enemyBullet.h(14): warning:  #1-D: last line of file ends without a newline
  #endif
..\MY_GAME\enemyBullet.c(6): warning:  #3170-D: use of a const variable in a constant expression is nonstandard in C
  const int16_t sin_array[ANGLE_NUMMAX]={1,2,2,2,3,4,4,4,5,5};
..\MY_GAME\enemyBullet.c(7): warning:  #3170-D: use of a const variable in a constant expression is nonstandard in C
  const int16_t cos_array[ANGLE_NUMMAX]={4,4,4,4,4,3,2,2,1,0};
..\MY_GAME\enemyBullet.c(8): warning:  #3170-D: use of a const variable in a constant expression is nonstandard in C
  const float tan_array[ANGLE_NUMMAX]={0.00,0.18,0.36,0.58,0.84,1.19,1.73,2.75,5.67,200};
..\MY_GAME\enemyBullet.c(70): warning:  #223-D: function "writeOneSprite" declared implicitly
              writeOneSprite((*spriteRamAddr),(bullet+i)->PosX,(bullet+i)->PosY,0x30,0x10);
..\MY_GAME\enemyBullet.c: 6 warnings, 0 errors
compiling gameInterFace.c...
..\MY_GAME\gameStruct.h(113): warning:  #1-D: last line of file ends without a newline
  #endif
..\MY_GAME\gameInterFace.h(24): warning:  #1-D: last line of file ends without a newline
  #endif
..\MY_GAME\gameInterFace.c(10): warning:  #223-D: function "writeOneSprite" declared implicitly
      writeOneSprite((*spriteRamAddr)+0,PosX,PosY,qian,0x30);
..\MY_GAME\gameInterFace.c(60): warning:  #223-D: function "writeOneNametable" declared implicitly
                  writeOneNametable(i,j,GAME_LOGO_1942[j-y0][i-x0]);
..\MY_GAME\gameInterFace.c(67): warning:  #223-D: function "writeOneNametable" declared implicitly
                  writeOneNametable(i,j,GAME_START_CHAR[i-x1]);
..\MY_GAME\gameInterFace.c(74): warning:  #223-D: function "writeOneNametable" declared implicitly
                  writeOneNametable(i,j,GAME_STOP_CHAR[i-x2]);
..\MY_GAME\gameInterFace.c(81): warning:  #223-D: function "writeOneNametable" declared implicitly
                  writeOneNametable(i,j,GAME_VERSION[i-x3]);
..\MY_GAME\gameInterFace.c(102): warning:  #223-D: function "writeOneSprite" declared implicitly
      writeOneSprite(0,PosX+0,PosY+0,0x40,0xA0);
..\MY_GAME\gameInterFace.c(101): warning:  #177-D: variable "num"  was declared but never referenced
      uint8_t num=0x40;
..\MY_GAME\gameInterFace.c(131): warning:  #223-D: function "writeOneSprite" declared implicitly
          writeOneSprite(*arrayCnt,endInterFaceArray[*arrayCnt][0],endInterFaceArray[*arrayCnt][1],endInterFaceArray[*arrayCnt][2],0x00);
..\MY_GAME\gameInterFace.c(133): warning:  #223-D: function "LED_toggle" declared implicitly
          LED_toggle(5);
..\MY_GAME\gameInterFace.c(137): warning:  #1-D: last line of file ends without a newline
  #endif
..\MY_GAME\gameInterFace.c: 12 warnings, 0 errors
compiling gameHitCheck.c...
..\MY_GAME\gameStruct.h(113): warning:  #1-D: last line of file ends without a newline
  #endif
..\MY_GAME\gameHitCheck.h(17): warning:  #1-D: last line of file ends without a newline
  #endif
..\MY_GAME\boom.h(14): warning:  #1-D: last line of file ends without a newline
  #endif
..\MY_GAME\gameHitCheck.c(118): warning:  #1-D: last line of file ends without a newline
  }
..\MY_GAME\gameHitCheck.c: 4 warnings, 0 errors
compiling myPlane.c...
..\MY_GAME\gameStruct.h(113): warning:  #1-D: last line of file ends without a newline
  #endif
..\MY_GAME\myPlane.h(54): warning:  #1-D: last line of file ends without a newline
  #endif
..\MY_GAME\myPlane.c(71): warning:  #223-D: function "LED_toggle" declared implicitly
              LED_toggle(3);
..\MY_GAME\myPlane.c(106): warning:  #223-D: function "writeOneSprite" declared implicitly
                  writeOneSprite(ram_num+0,myPlane->PosX+0,myPlane->PosY,MYPLANE_ACT_0_0,0x30);
..\MY_GAME\myPlane.c(197): warning:  #223-D: function "writeOneSprite" declared implicitly
              writeOneSprite((*spriteRamAddr),(mybullet+i)->PosX,(mybullet+i)->PosY,0x31,0x10);
..\MY_GAME\myPlane.c(201): warning:  #1-D: last line of file ends without a newline
  }
..\MY_GAME\myPlane.c: 6 warnings, 0 errors
compiling enemyPlane.c...
..\MY_GAME\gameStruct.h(113): warning:  #1-D: last line of file ends without a newline
  #endif
..\MY_GAME\enemyBullet.h(14): warning:  #1-D: last line of file ends without a newline
  #endif
..\MY_GAME\enemyPlane.c(194): warning:  #185-D: dynamic initialization in unreachable code
                  uint8_t num=0;
..\MY_GAME\enemyPlane.c(192): warning:  #546-D: transfer of control bypasses initialization of:
            variable "num"  (declared at line 194)
              switch ( (plane+i)->actDraw)
              ^
..\MY_GAME\enemyPlane.c(392): warning:  #185-D: dynamic initialization in unreachable code
                  uint8_t num=0;
..\MY_GAME\enemyPlane.c(392): warning:  #550-D: variable "num"  was set but never used
                  uint8_t num=0;
..\MY_GAME\enemyPlane.c(390): warning:  #546-D: transfer of control bypasses initialization of:
            variable "num"  (declared at line 392)
              switch ( (plane+i)->actDraw)
              ^
..\MY_GAME\enemyPlane.c(533): warning:  #1-D: last line of file ends without a newline
  }
..\MY_GAME\enemyPlane.c: 8 warnings, 0 errors
linking...
Program Size: Code=14752 RO-data=1744 RW-data=6116 ZI-data=1780  
FromELF: creating hex file...
After Build - User command #1: fromelf -cvf .\Objects\m0.axf --vhx --32x1 -o image.hex
After Build - User command #2: fromelf -cvf .\Objects\m0.axf -o image.txt
".\Objects\m0.axf" - 0 Error(s), 86 Warning(s).

<h2>Software Packages used:</h2>

Package Vendor: Keil
                http://www.keil.com/pack/Keil.V2M-MPS2_CMx_BSP.1.7.1.pack
                Keil.V2M-MPS2_CMx_BSP.1.7.1
                ARM V2M-MPS2 Board Support PACK for Cortex-M System Design Kit Devices

<h2>Collection of Component include folders:</h2>
  .\RTE\_Target_1
  D:\Program Files\\Keil_V5\Arm\Packs\Keil\V2M-MPS2_CMx_BSP\1.7.1\Device\CMSDK_CM0\Include

<h2>Collection of Component Files used:</h2>
Build Time Elapsed:  00:00:04
</pre>
</body>
</html>
