Component: ARM Compiler 5.06 update 6 (build 750) Tool: armlink [4d35ed]

==============================================================================

Section Cross References

    main.o(i.main) refers to uart.o(i.uart_init) for uart_init
    main.o(i.main) refers to pstwo.o(i.PS2_Init) for PS2_Init
    main.o(i.main) refers to spriteram.o(i.writeOneSprite) for writeOneSprite
    main.o(i.main) refers to spriteram.o(i.clearNameTableAll) for clearNameTableAll
    main.o(i.main) refers to mygame.o(i.gameStartInterfaceShow) for gameStartInterfaceShow
    main.o(i.main) refers to mygame.o(i.gameCursorDraw) for gameCursorDraw
    main.o(i.main) refers to mygame.o(i.myPlaneInit) for myPlaneInit
    main.o(i.main) refers to mygame.o(i.bulletInit) for bulletInit
    main.o(i.main) refers to mygame.o(i.enmeyPlaneInit) for enmeyPlaneInit
    main.o(i.main) refers to mygame.o(i.enmeyBulletInit) for enmeyBulletInit
    main.o(i.main) refers to mygame.o(i.buffInit) for buffInit
    main.o(i.main) refers to spriteram.o(i.writeOneNametable) for writeOneNametable
    main.o(i.main) refers to pstwo.o(i.PS2_DataKey) for PS2_DataKey
    main.o(i.main) refers to systick.o(i.delay_ms) for delay_ms
    main.o(i.main) refers to rand.o(.text) for rand
    main.o(i.main) refers to idiv.o(.text) for __aeabi_idivmod
    main.o(i.main) refers to mygame.o(i.createOneEnmeyPlane) for createOneEnmeyPlane
    main.o(i.main) refers to mygame.o(i.enemyMapCreate) for enemyMapCreate
    main.o(i.main) refers to mygame.o(i.enemyBulletsMapCreate) for enemyBulletsMapCreate
    main.o(i.main) refers to mygame.o(i.bulletsMapCreate) for bulletsMapCreate
    main.o(i.main) refers to mygame.o(i.myPlaneMapCreate) for myPlaneMapCreate
    main.o(i.main) refers to mygame.o(i.isMyPlaneHit) for isMyPlaneHit
    main.o(i.main) refers to memcpya.o(.text) for __aeabi_memcpy4
    main.o(i.main) refers to mygame.o(i.isEnemyPlaneHit) for isEnemyPlaneHit
    main.o(i.main) refers to mygame.o(i.isBulletsHit) for isBulletsHit
    main.o(i.main) refers to mygame.o(i.createOneBullet) for createOneBullet
    main.o(i.main) refers to mygame.o(i.myPlaneAct) for myPlaneAct
    main.o(i.main) refers to mygame.o(i.moveEnmeyPlane) for moveEnmeyPlane
    main.o(i.main) refers to mygame.o(i.updateEnemyBulletData) for updateEnemyBulletData
    main.o(i.main) refers to mygame.o(i.updateBulletData) for updateBulletData
    main.o(i.main) refers to mygame.o(i.updateBoomData) for updateBoomData
    main.o(i.main) refers to mygame.o(i.updateBuffData) for updateBuffData
    main.o(i.main) refers to mygame.o(i.gameScoreDraw) for gameScoreDraw
    main.o(i.main) refers to mygame.o(i.myPlaneDraw) for myPlaneDraw
    main.o(i.main) refers to mygame.o(i.bulletDraw) for bulletDraw
    main.o(i.main) refers to mygame.o(i.enmeyPlaneDraw) for enmeyPlaneDraw
    main.o(i.main) refers to mygame.o(i.enmeyBulletDraw) for enmeyBulletDraw
    main.o(i.main) refers to mygame.o(i.boomDraw) for boomDraw
    main.o(i.main) refers to mygame.o(i.buffDraw) for buffDraw
    main.o(i.main) refers to main.o(.data) for game_state
    main.o(i.main) refers to main.o(.bss) for myplane
    main.o(i.main) refers to led.o(i.LED_toggle) for LED_toggle
    main.o(i.main) refers to mygame.o(i.endInterFaceDraw) for endInterFaceDraw
    handler.o(i.KEY0) refers to led.o(i.LED_toggle) for LED_toggle
    handler.o(i.KEY0) refers to main.o(.bss) for myplane
    handler.o(i.KEY1) refers to led.o(i.LED_toggle) for LED_toggle
    handler.o(i.KEY1) refers to main.o(.bss) for myplane
    handler.o(i.KEY2) refers to led.o(i.LED_toggle) for LED_toggle
    handler.o(i.KEY2) refers to mygame.o(i.createOneBullet) for createOneBullet
    handler.o(i.KEY3) refers to led.o(i.LED_toggle) for LED_toggle
    handler.o(i.KEY3) refers to main.o(.bss) for myplane
    handler.o(i.SysTickHandler) refers to systick.o(i.Set_SysTick_CTRL) for Set_SysTick_CTRL
    handler.o(i.UARTRXHandler) refers to uart.o(i.uart_ClearRxIRQ) for uart_ClearRxIRQ
    handler.o(i.UARTRXHandler) refers to led.o(i.LED_toggle) for LED_toggle
    handler.o(i.UARTRXHandler) refers to printfb.o(i.__0printf$bare) for __2printf
    handler.o(i.UARTTXHandler) refers to uart.o(i.uart_ClearTxIRQ) for uart_ClearTxIRQ
    handler.o(i.UARTTXHandler) refers to led.o(i.LED_toggle) for LED_toggle
    handler.o(i.UARTTXHandler) refers to lcd.o(i.LCD_ShowString) for LCD_ShowString
    handler.o(i.vga_Handler) refers to led.o(i.LED_toggle) for LED_toggle
    handler.o(i.vga_Handler) refers to main.o(.data) for game_state
    startup_cm0ds.o(RESET) refers to startup_cm0ds.o(STACK) for __initial_sp
    startup_cm0ds.o(RESET) refers to startup_cm0ds.o(.text) for Reset_Handler
    startup_cm0ds.o(.text) refers to handler.o(i.NMIHandler) for NMIHandler
    startup_cm0ds.o(.text) refers to handler.o(i.HardFaultHandler) for HardFaultHandler
    startup_cm0ds.o(.text) refers to handler.o(i.MemManageHandler) for MemManageHandler
[...]
    malloc.o(i.myrealloc) refers to malloc.o(i.myfree) for myfree
    malloc.o(i.myrealloc) refers to malloc.o(.data) for mallco_dev
    malloc.o(.data) refers to malloc.o(i.mem_init) for mem_init
    malloc.o(.data) refers to malloc.o(i.mem_perused) for mem_perused
    malloc.o(.data) refers to malloc.o(.bss) for membase
    spriteram.o(i.clearNameTableAll) refers to spriteram.o(i.writeOneNametable) for writeOneNametable
    spriteram.o(i.clearNameTableOneline) refers to spriteram.o(i.writeOneNametable) for writeOneNametable
    mygame.o(i.boomDraw) refers to spriteram.o(i.writeOneSprite) for writeOneSprite
    mygame.o(i.boomDraw) refers to main.o(.bss) for boom
    mygame.o(i.boomDraw) refers to main.o(.constdata) for BOOM_NUMMAX
    mygame.o(i.boomInit) refers to main.o(.constdata) for BOOM_NUMMAX
    mygame.o(i.buffDraw) refers to spriteram.o(i.writeOneSprite) for writeOneSprite
    mygame.o(i.buffDraw) refers to main.o(.data) for buff
    mygame.o(i.bulletDraw) refers to spriteram.o(i.writeOneSprite) for writeOneSprite
    mygame.o(i.bulletDraw) refers to main.o(.bss) for bullet
    mygame.o(i.bulletDraw) refers to main.o(.constdata) for BULLET_NUMMAX
    mygame.o(i.bulletInit) refers to main.o(.bss) for bullet
    mygame.o(i.bulletInit) refers to main.o(.constdata) for BULLET_NUMMAX
    mygame.o(i.bulletsMapCreate) refers to mygame.o(i.tileMap) for tileMap
    mygame.o(i.bulletsMapCreate) refers to main.o(.constdata) for BULLET_NUMMAX
    mygame.o(i.createOneBoom) refers to main.o(.constdata) for BOOM_NUMMAX
    mygame.o(i.createOneBullet) refers to main.o(.bss) for myplane
    mygame.o(i.createOneEnmeyBullet) refers to fflti.o(.text) for __aeabi_i2f
    mygame.o(i.createOneEnmeyBullet) refers to fdiv.o(.text) for __aeabi_fdiv
    mygame.o(i.createOneEnmeyBullet) refers to fadd.o(.text) for __aeabi_fsub
    mygame.o(i.createOneEnmeyBullet) refers to cfrcmple.o(.text) for __aeabi_cfrcmple
    mygame.o(i.createOneEnmeyBullet) refers to main.o(.bss) for enmeyBullets
    mygame.o(i.createOneEnmeyBullet) refers to main.o(.constdata) for tan_array
    mygame.o(i.createOneEnmeyPlane) refers to rand.o(.text) for rand
    mygame.o(i.createOneEnmeyPlane) refers to idiv.o(.text) for __aeabi_idivmod
    mygame.o(i.createOneEnmeyPlane) refers to main.o(.bss) for enmeyPlane
    mygame.o(i.createOneEnmeyPlane) refers to main.o(.constdata) for ENEMY_NUMMAX
    mygame.o(i.endInterFaceDraw) refers to spriteram.o(i.writeOneSprite) for writeOneSprite
    mygame.o(i.endInterFaceDraw) refers to led.o(i.LED_toggle) for LED_toggle
    mygame.o(i.endInterFaceDraw) refers to main.o(.data) for endInterFaceArray
    mygame.o(i.enemyBulletsMapCreate) refers to mygame.o(i.tileMap) for tileMap
    mygame.o(i.enemyBulletsMapCreate) refers to main.o(.bss) for enmeyBullets
    mygame.o(i.enemyBulletsMapCreate) refers to main.o(.constdata) for ENEMY_BULLETS_NUMMAX
    mygame.o(i.enemyMapCreate) refers to mygame.o(i.tileMap) for tileMap
    mygame.o(i.enemyMapCreate) refers to main.o(.constdata) for ENEMY_NUMMAX
    mygame.o(i.enmeyBulletDraw) refers to spriteram.o(i.writeOneSprite) for writeOneSprite
    mygame.o(i.enmeyBulletDraw) refers to main.o(.bss) for enmeyBullets
    mygame.o(i.enmeyBulletDraw) refers to main.o(.constdata) for ENEMY_BULLETS_NUMMAX
    mygame.o(i.enmeyBulletInit) refers to main.o(.bss) for enmeyBullets
    mygame.o(i.enmeyBulletInit) refers to main.o(.constdata) for ENEMY_BULLETS_NUMMAX
    mygame.o(i.enmeyPlaneDraw) refers to lcd.o(i.__ARM_common_switch8) for __ARM_common_switch8
    mygame.o(i.enmeyPlaneDraw) refers to spriteram.o(i.writeOneSprite) for writeOneSprite
    mygame.o(i.enmeyPlaneDraw) refers to main.o(.bss) for enmeyPlane
    mygame.o(i.enmeyPlaneDraw) refers to main.o(.constdata) for ENEMY_NUMMAX
    mygame.o(i.enmeyPlaneInit) refers to main.o(.bss) for enmeyPlane
    mygame.o(i.enmeyPlaneInit) refers to main.o(.constdata) for ENEMY_NUMMAX
    mygame.o(i.gameCursorDraw) refers to spriteram.o(i.writeOneSprite) for writeOneSprite
    mygame.o(i.gameFPSDraw) refers to uidiv.o(.text) for __aeabi_uidivmod
    mygame.o(i.gameFPSDraw) refers to spriteram.o(i.writeOneSprite) for writeOneSprite
    mygame.o(i.gameScoreDraw) refers to uidiv.o(.text) for __aeabi_uidivmod
    mygame.o(i.gameScoreDraw) refers to spriteram.o(i.writeOneSprite) for writeOneSprite
    mygame.o(i.gameStartInterfaceShow) refers to spriteram.o(i.writeOneNametable) for writeOneNametable
    mygame.o(i.gameStartInterfaceShow) refers to main.o(.data) for GAME_LOGO_1942
    mygame.o(i.isBulletsHit) refers to main.o(.constdata) for BULLET_NUMMAX
    mygame.o(i.isEnemyPlaneHit) refers to mygame.o(i.createOneBoom) for createOneBoom
    mygame.o(i.isEnemyPlaneHit) refers to mygame.o(i.createOneBuff) for createOneBuff
    mygame.o(i.isEnemyPlaneHit) refers to main.o(.bss) for boom
    mygame.o(i.isEnemyPlaneHit) refers to main.o(.data) for GameScore
    mygame.o(i.isEnemyPlaneHit) refers to main.o(.constdata) for ENEMY_NUMMAX
    mygame.o(i.isMyPlaneHit) refers to mygame.o(i.createOneBoom) for createOneBoom
    mygame.o(i.isMyPlaneHit) refers to main.o(.bss) for myplane
    mygame.o(i.moveEnmeyPlane) refers to rand.o(.text) for rand
    mygame.o(i.moveEnmeyPlane) refers to idiv.o(.text) for __aeabi_idivmod
    mygame.o(i.moveEnmeyPlane) refers to mygame.o(i.createOneEnmeyBullet) for createOneEnmeyBullet
    mygame.o(i.moveEnmeyPlane) refers to main.o(.bss) for myplane
    mygame.o(i.moveEnmeyPlane) refers to main.o(.constdata) for ENEMY_NUMMAX
    mygame.o(i.myPlaneAct) refers to led.o(i.LED_toggle) for LED_toggle
    mygame.o(i.myPlaneAct) refers to main.o(.bss) for myplane
    mygame.o(i.myPlaneDraw) refers to lcd.o(i.__ARM_common_switch8) for __ARM_common_switch8
    mygame.o(i.myPlaneDraw) refers to spriteram.o(i.writeOneSprite) for writeOneSprite
    mygame.o(i.myPlaneDraw) refers to main.o(.bss) for myplane
    mygame.o(i.myPlaneInit) refers to main.o(.bss) for myplane
    mygame.o(i.myPlaneMapCreate) refers to mygame.o(i.tileMap) for tileMap
    mygame.o(i.updateBoomData) refers to main.o(.constdata) for BOOM_NUMMAX
    mygame.o(i.updateBulletData) refers to main.o(.bss) for bullet
    mygame.o(i.updateBulletData) refers to main.o(.constdata) for BULLET_NUMMAX
    mygame.o(i.updateEnemyBulletData) refers to main.o(.bss) for enmeyBullets
    mygame.o(i.updateEnemyBulletData) refers to main.o(.constdata) for ENEMY_BULLETS_NUMMAX
    pstwo.o(i.PS2_AnologData) refers to pstwo.o(.bss) for Data
    pstwo.o(i.PS2_ClearData) refers to pstwo.o(.bss) for Data
    pstwo.o(i.PS2_Cmd) refers to systick.o(i.delay_us) for delay_us
    pstwo.o(i.PS2_Cmd) refers to pstwo.o(i.readPs2DI) for readPs2DI
    pstwo.o(i.PS2_Cmd) refers to pstwo.o(.bss) for Data
    pstwo.o(i.PS2_DataKey) refers to pstwo.o(i.PS2_ClearData) for PS2_ClearData
    pstwo.o(i.PS2_DataKey) refers to pstwo.o(i.PS2_ReadData) for PS2_ReadData
    pstwo.o(i.PS2_DataKey) refers to pstwo.o(.bss) for Data
    pstwo.o(i.PS2_DataKey) refers to pstwo.o(.data) for Handkey
    pstwo.o(i.PS2_EnterConfing) refers to systick.o(i.delay_us) for delay_us
    pstwo.o(i.PS2_EnterConfing) refers to pstwo.o(i.PS2_Cmd) for PS2_Cmd
    pstwo.o(i.PS2_ExitConfing) refers to systick.o(i.delay_us) for delay_us
    pstwo.o(i.PS2_ExitConfing) refers to pstwo.o(i.PS2_Cmd) for PS2_Cmd
    pstwo.o(i.PS2_ReadData) refers to pstwo.o(i.PS2_Cmd) for PS2_Cmd
    pstwo.o(i.PS2_ReadData) refers to systick.o(i.delay_us) for delay_us
    pstwo.o(i.PS2_ReadData) refers to pstwo.o(i.readPs2DI) for readPs2DI
    pstwo.o(i.PS2_ReadData) refers to pstwo.o(.data) for Comd
    pstwo.o(i.PS2_ReadData) refers to pstwo.o(.bss) for Data
    pstwo.o(i.PS2_RedLight) refers to pstwo.o(i.PS2_Cmd) for PS2_Cmd
    pstwo.o(i.PS2_RedLight) refers to pstwo.o(.data) for Comd
    pstwo.o(i.PS2_RedLight) refers to pstwo.o(.bss) for Data
    pstwo.o(i.PS2_SetInit) refers to pstwo.o(i.PS2_ShortPoll) for PS2_ShortPoll
    pstwo.o(i.PS2_SetInit) refers to pstwo.o(i.PS2_EnterConfing) for PS2_EnterConfing
    pstwo.o(i.PS2_SetInit) refers to pstwo.o(i.PS2_TurnOnAnalogMode) for PS2_TurnOnAnalogMode
    pstwo.o(i.PS2_SetInit) refers to pstwo.o(i.PS2_ExitConfing) for PS2_ExitConfing
    pstwo.o(i.PS2_ShortPoll) refers to systick.o(i.delay_us) for delay_us
    pstwo.o(i.PS2_ShortPoll) refers to pstwo.o(i.PS2_Cmd) for PS2_Cmd
    pstwo.o(i.PS2_TurnOnAnalogMode) refers to pstwo.o(i.PS2_Cmd) for PS2_Cmd
    pstwo.o(i.PS2_TurnOnAnalogMode) refers to systick.o(i.delay_us) for delay_us
    pstwo.o(i.PS2_Vibration) refers to systick.o(i.delay_us) for delay_us
    pstwo.o(i.PS2_Vibration) refers to pstwo.o(i.PS2_Cmd) for PS2_Cmd
    pstwo.o(i.PS2_VibrationMode) refers to systick.o(i.delay_us) for delay_us
    pstwo.o(i.PS2_VibrationMode) refers to pstwo.o(i.PS2_Cmd) for PS2_Cmd
    entry.o(.ARM.Collect$$$$00000000) refers (Special) to entry10a.o(.ARM.Collect$$$$0000000D) for __rt_final_cpp
    entry.o(.ARM.Collect$$$$00000000) refers (Special) to entry11a.o(.ARM.Collect$$$$0000000F) for __rt_final_exit
    entry.o(.ARM.Collect$$$$00000000) refers (Special) to entry7b.o(.ARM.Collect$$$$00000008) for _main_clock
    entry.o(.ARM.Collect$$$$00000000) refers (Special) to entry8b.o(.ARM.Collect$$$$0000000A) for _main_cpp_init
    entry.o(.ARM.Collect$$$$00000000) refers (Special) to entry9a.o(.ARM.Collect$$$$0000000B) for _main_init
    entry.o(.ARM.Collect$$$$00000000) refers (Special) to entry5.o(.ARM.Collect$$$$00000004) for _main_scatterload
    entry.o(.ARM.Collect$$$$00000000) refers (Special) to entry2.o(.ARM.Collect$$$$00000001) for _main_stk
    idiv.o(.text) refers to uidiv.o(.text) for __aeabi_uidivmod
    rand.o(.text) refers to rand.o(.data) for .data
    printfb.o(i.__0fprintf$bare) refers to printfb.o(i._printf_core) for _printf_core
    printfb.o(i.__0fprintf$bare) refers to retarget.o(i.fputc) for fputc
    printfb.o(i.__0printf$bare) refers to printfb.o(i._printf_core) for _printf_core
    printfb.o(i.__0printf$bare) refers to retarget.o(i.fputc) for fputc
    printfb.o(i.__0printf$bare) refers to retarget.o(.data) for __stdout
    printfb.o(i.__0snprintf$bare) refers to printfb.o(i._printf_core) for _printf_core
    printfb.o(i.__0snprintf$bare) refers to printfb.o(i._snputc) for _snputc
    printfb.o(i.__0sprintf$bare) refers to printfb.o(i._printf_core) for _printf_core
    printfb.o(i.__0sprintf$bare) refers to printfb.o(i._sputc) for _sputc
    printfb.o(i.__0vfprintf$bare) refers to printfb.o(i._printf_core) for _printf_core
    printfb.o(i.__0vfprintf$bare) refers to retarget.o(i.fputc) for fputc
    printfb.o(i.__0vprintf$bare) refers to printfb.o(i._printf_core) for _printf_core
    printfb.o(i.__0vprintf$bare) refers to retarget.o(i.fputc) for fputc
    printfb.o(i.__0vprintf$bare) refers to retarget.o(.data) for __stdout
    printfb.o(i.__0vsnprintf$bare) refers to printfb.o(i._printf_core) for _printf_core
    printfb.o(i.__0vsnprintf$bare) refers to printfb.o(i._snputc) for _snputc
    printfb.o(i.__0vsprintf$bare) refers to printfb.o(i._printf_core) for _printf_core
    printfb.o(i.__0vsprintf$bare) refers to printfb.o(i._sputc) for _sputc
    printf0.o(i.__0fprintf$0) refers to printf0.o(i._printf_core) for _printf_core
    printf0.o(i.__0fprintf$0) refers to retarget.o(i.fputc) for fputc
    printf0.o(i.__0printf$0) refers to printf0.o(i._printf_core) for _printf_core
    printf0.o(i.__0printf$0) refers to retarget.o(i.fputc) for fputc
    printf0.o(i.__0printf$0) refers to retarget.o(.data) for __stdout
    printf0.o(i.__0snprintf$0) refers to printf0.o(i._printf_core) for _printf_core
    printf0.o(i.__0snprintf$0) refers to printf0.o(i._snputc) for _snputc
    printf0.o(i.__0sprintf$0) refers to printf0.o(i._printf_core) for _printf_core
    printf0.o(i.__0sprintf$0) refers to printf0.o(i._sputc) for _sputc
    printf0.o(i.__0vfprintf$0) refers to printf0.o(i._printf_core) for _printf_core
    printf0.o(i.__0vfprintf$0) refers to retarget.o(i.fputc) for fputc
    printf0.o(i.__0vprintf$0) refers to printf0.o(i._printf_core) for _printf_core
    printf0.o(i.__0vprintf$0) refers to retarget.o(i.fputc) for fputc
    printf0.o(i.__0vprintf$0) refers to retarget.o(.data) for __stdout
    printf0.o(i.__0vsnprintf$0) refers to printf0.o(i._printf_core) for _printf_core
    printf0.o(i.__0vsnprintf$0) refers to printf0.o(i._snputc) for _snputc
    printf0.o(i.__0vsprintf$0) refers to printf0.o(i._printf_core) for _printf_core
    printf0.o(i.__0vsprintf$0) refers to printf0.o(i._sputc) for _sputc
    printf1.o(i.__0fprintf$1) refers to printf1.o(i._printf_core) for _printf_core
    printf1.o(i.__0fprintf$1) refers to retarget.o(i.fputc) for fputc
    printf1.o(i.__0printf$1) refers to printf1.o(i._printf_core) for _printf_core
    printf1.o(i.__0printf$1) refers to retarget.o(i.fputc) for fputc
    printf1.o(i.__0printf$1) refers to retarget.o(.data) for __stdout
    printf1.o(i.__0snprintf$1) refers to printf1.o(i._printf_core) for _printf_core
    printf1.o(i.__0snprintf$1) refers to printf1.o(i._snputc) for _snputc
    printf1.o(i.__0sprintf$1) refers to printf1.o(i._printf_core) for _printf_core
    printf1.o(i.__0sprintf$1) refers to printf1.o(i._sputc) for _sputc
    printf1.o(i.__0vfprintf$1) refers to printf1.o(i._printf_core) for _printf_core
    printf1.o(i.__0vfprintf$1) refers to retarget.o(i.fputc) for fputc
    printf1.o(i.__0vprintf$1) refers to printf1.o(i._printf_core) for _printf_core
    printf1.o(i.__0vprintf$1) refers to retarget.o(i.fputc) for fputc
    printf1.o(i.__0vprintf$1) refers to retarget.o(.data) for __stdout
    printf1.o(i.__0vsnprintf$1) refers to printf1.o(i._printf_core) for _printf_core
    printf1.o(i.__0vsnprintf$1) refers to printf1.o(i._snputc) for _snputc
    printf1.o(i.__0vsprintf$1) refers to printf1.o(i._printf_core) for _printf_core
    printf1.o(i.__0vsprintf$1) refers to printf1.o(i._sputc) for _sputc
    printf1.o(i._printf_core) refers to uidiv.o(.text) for __aeabi_uidivmod
    printf2.o(i.__0fprintf$2) refers to printf2.o(i._printf_core) for _printf_core
    printf2.o(i.__0fprintf$2) refers to retarget.o(i.fputc) for fputc
    printf2.o(i.__0printf$2) refers to printf2.o(i._printf_core) for _printf_core
    printf2.o(i.__0printf$2) refers to retarget.o(i.fputc) for fputc
    printf2.o(i.__0printf$2) refers to retarget.o(.data) for __stdout
    printf2.o(i.__0snprintf$2) refers to printf2.o(i._printf_core) for _printf_core
    printf2.o(i.__0snprintf$2) refers to printf2.o(i._snputc) for _snputc
    printf2.o(i.__0sprintf$2) refers to printf2.o(i._printf_core) for _printf_core
    printf2.o(i.__0sprintf$2) refers to printf2.o(i._sputc) for _sputc
    printf2.o(i.__0vfprintf$2) refers to printf2.o(i._printf_core) for _printf_core
    printf2.o(i.__0vfprintf$2) refers to retarget.o(i.fputc) for fputc
    printf2.o(i.__0vprintf$2) refers to printf2.o(i._printf_core) for _printf_core
    printf2.o(i.__0vprintf$2) refers to retarget.o(i.fputc) for fputc
    printf2.o(i.__0vprintf$2) refers to retarget.o(.data) for __stdout
    printf2.o(i.__0vsnprintf$2) refers to printf2.o(i._printf_core) for _printf_core
    printf2.o(i.__0vsnprintf$2) refers to printf2.o(i._snputc) for _snputc
    printf2.o(i.__0vsprintf$2) refers to printf2.o(i._printf_core) for _printf_core
    printf2.o(i.__0vsprintf$2) refers to printf2.o(i._sputc) for _sputc
    printf3.o(i.__0fprintf$3) refers to printf3.o(i._printf_core) for _printf_core
    printf3.o(i.__0fprintf$3) refers to retarget.o(i.fputc) for fputc
    printf3.o(i.__0printf$3) refers to printf3.o(i._printf_core) for _printf_core
    printf3.o(i.__0printf$3) refers to retarget.o(i.fputc) for fputc
    printf3.o(i.__0printf$3) refers to retarget.o(.data) for __stdout
    printf3.o(i.__0snprintf$3) refers to printf3.o(i._printf_core) for _printf_core
    printf3.o(i.__0snprintf$3) refers to printf3.o(i._snputc) for _snputc
    printf3.o(i.__0sprintf$3) refers to printf3.o(i._printf_core) for _printf_core
    printf3.o(i.__0sprintf$3) refers to printf3.o(i._sputc) for _sputc
    printf3.o(i.__0vfprintf$3) refers to printf3.o(i._printf_core) for _printf_core
    printf3.o(i.__0vfprintf$3) refers to retarget.o(i.fputc) for fputc
    printf3.o(i.__0vprintf$3) refers to printf3.o(i._printf_core) for _printf_core
    printf3.o(i.__0vprintf$3) refers to retarget.o(i.fputc) for fputc
    printf3.o(i.__0vprintf$3) refers to retarget.o(.data) for __stdout
    printf3.o(i.__0vsnprintf$3) refers to printf3.o(i._printf_core) for _printf_core
    printf3.o(i.__0vsnprintf$3) refers to printf3.o(i._snputc) for _snputc
    printf3.o(i.__0vsprintf$3) refers to printf3.o(i._printf_core) for _printf_core
    printf3.o(i.__0vsprintf$3) refers to printf3.o(i._sputc) for _sputc
    printf3.o(i._printf_core) refers to uidiv.o(.text) for __aeabi_uidivmod
    printf4.o(i.__0fprintf$4) refers to printf4.o(i._printf_core) for _printf_core
    printf4.o(i.__0fprintf$4) refers to retarget.o(i.fputc) for fputc
    printf4.o(i.__0printf$4) refers to printf4.o(i._printf_core) for _printf_core
    printf4.o(i.__0printf$4) refers to retarget.o(i.fputc) for fputc
    printf4.o(i.__0printf$4) refers to retarget.o(.data) for __stdout
    printf4.o(i.__0snprintf$4) refers to printf4.o(i._printf_core) for _printf_core
    printf4.o(i.__0snprintf$4) refers to printf4.o(i._snputc) for _snputc
    printf4.o(i.__0sprintf$4) refers to printf4.o(i._printf_core) for _printf_core
    printf4.o(i.__0sprintf$4) refers to printf4.o(i._sputc) for _sputc
    printf4.o(i.__0vfprintf$4) refers to printf4.o(i._printf_core) for _printf_core
    printf4.o(i.__0vfprintf$4) refers to retarget.o(i.fputc) for fputc
    printf4.o(i.__0vprintf$4) refers to printf4.o(i._printf_core) for _printf_core
    printf4.o(i.__0vprintf$4) refers to retarget.o(i.fputc) for fputc
    printf4.o(i.__0vprintf$4) refers to retarget.o(.data) for __stdout
    printf4.o(i.__0vsnprintf$4) refers to printf4.o(i._printf_core) for _printf_core
    printf4.o(i.__0vsnprintf$4) refers to printf4.o(i._snputc) for _snputc
    printf4.o(i.__0vsprintf$4) refers to printf4.o(i._printf_core) for _printf_core
    printf4.o(i.__0vsprintf$4) refers to printf4.o(i._sputc) for _sputc
    printf4.o(i._printf_core) refers to uldiv.o(.text) for __aeabi_uldivmod
    printf5.o(i.__0fprintf$5) refers to printf5.o(i._printf_core) for _printf_core
    printf5.o(i.__0fprintf$5) refers to retarget.o(i.fputc) for fputc
    printf5.o(i.__0printf$5) refers to printf5.o(i._printf_core) for _printf_core
    printf5.o(i.__0printf$5) refers to retarget.o(i.fputc) for fputc
    printf5.o(i.__0printf$5) refers to retarget.o(.data) for __stdout
    printf5.o(i.__0snprintf$5) refers to printf5.o(i._printf_core) for _printf_core
    printf5.o(i.__0snprintf$5) refers to printf5.o(i._snputc) for _snputc
    printf5.o(i.__0sprintf$5) refers to printf5.o(i._printf_core) for _printf_core
    printf5.o(i.__0sprintf$5) refers to printf5.o(i._sputc) for _sputc
    printf5.o(i.__0vfprintf$5) refers to printf5.o(i._printf_core) for _printf_core
    printf5.o(i.__0vfprintf$5) refers to retarget.o(i.fputc) for fputc
    printf5.o(i.__0vprintf$5) refers to printf5.o(i._printf_core) for _printf_core
    printf5.o(i.__0vprintf$5) refers to retarget.o(i.fputc) for fputc
    printf5.o(i.__0vprintf$5) refers to retarget.o(.data) for __stdout
    printf5.o(i.__0vsnprintf$5) refers to printf5.o(i._printf_core) for _printf_core
    printf5.o(i.__0vsnprintf$5) refers to printf5.o(i._snputc) for _snputc
    printf5.o(i.__0vsprintf$5) refers to printf5.o(i._printf_core) for _printf_core
    printf5.o(i.__0vsprintf$5) refers to printf5.o(i._sputc) for _sputc
    printf5.o(i._printf_core) refers to uldiv.o(.text) for __aeabi_uldivmod
    printf6.o(i.__0fprintf$6) refers to printf6.o(i._printf_core) for _printf_core
    printf6.o(i.__0fprintf$6) refers to retarget.o(i.fputc) for fputc
    printf6.o(i.__0printf$6) refers to printf6.o(i._printf_core) for _printf_core
    printf6.o(i.__0printf$6) refers to retarget.o(i.fputc) for fputc
    printf6.o(i.__0printf$6) refers to retarget.o(.data) for __stdout
    printf6.o(i.__0snprintf$6) refers to printf6.o(i._printf_core) for _printf_core
    printf6.o(i.__0snprintf$6) refers to printf6.o(i._snputc) for _snputc
    printf6.o(i.__0sprintf$6) refers to printf6.o(i._printf_core) for _printf_core
    printf6.o(i.__0sprintf$6) refers to printf6.o(i._sputc) for _sputc
    printf6.o(i.__0vfprintf$6) refers to printf6.o(i._printf_core) for _printf_core
    printf6.o(i.__0vfprintf$6) refers to retarget.o(i.fputc) for fputc
    printf6.o(i.__0vprintf$6) refers to printf6.o(i._printf_core) for _printf_core
    printf6.o(i.__0vprintf$6) refers to retarget.o(i.fputc) for fputc
    printf6.o(i.__0vprintf$6) refers to retarget.o(.data) for __stdout
    printf6.o(i.__0vsnprintf$6) refers to printf6.o(i._printf_core) for _printf_core
    printf6.o(i.__0vsnprintf$6) refers to printf6.o(i._snputc) for _snputc
    printf6.o(i.__0vsprintf$6) refers to printf6.o(i._printf_core) for _printf_core
    printf6.o(i.__0vsprintf$6) refers to printf6.o(i._sputc) for _sputc
    printf6.o(i._printf_core) refers to printf6.o(i._printf_pre_padding) for _printf_pre_padding
    printf6.o(i._printf_core) refers to printf6.o(i._printf_post_padding) for _printf_post_padding
    printf6.o(i._printf_core) refers to uidiv.o(.text) for __aeabi_uidivmod
    printf7.o(i.__0fprintf$7) refers to printf7.o(i._printf_core) for _printf_core
    printf7.o(i.__0fprintf$7) refers to retarget.o(i.fputc) for fputc
    printf7.o(i.__0printf$7) refers to printf7.o(i._printf_core) for _printf_core
    printf7.o(i.__0printf$7) refers to retarget.o(i.fputc) for fputc
    printf7.o(i.__0printf$7) refers to retarget.o(.data) for __stdout
    printf7.o(i.__0snprintf$7) refers to printf7.o(i._printf_core) for _printf_core
    printf7.o(i.__0snprintf$7) refers to printf7.o(i._snputc) for _snputc
    printf7.o(i.__0sprintf$7) refers to printf7.o(i._printf_core) for _printf_core
    printf7.o(i.__0sprintf$7) refers to printf7.o(i._sputc) for _sputc
    printf7.o(i.__0vfprintf$7) refers to printf7.o(i._printf_core) for _printf_core
    printf7.o(i.__0vfprintf$7) refers to retarget.o(i.fputc) for fputc
    printf7.o(i.__0vprintf$7) refers to printf7.o(i._printf_core) for _printf_core
    printf7.o(i.__0vprintf$7) refers to retarget.o(i.fputc) for fputc
    printf7.o(i.__0vprintf$7) refers to retarget.o(.data) for __stdout
    printf7.o(i.__0vsnprintf$7) refers to printf7.o(i._printf_core) for _printf_core
    printf7.o(i.__0vsnprintf$7) refers to printf7.o(i._snputc) for _snputc
    printf7.o(i.__0vsprintf$7) refers to printf7.o(i._printf_core) for _printf_core
    printf7.o(i.__0vsprintf$7) refers to printf7.o(i._sputc) for _sputc
    printf7.o(i._printf_core) refers to printf7.o(i._printf_pre_padding) for _printf_pre_padding
    printf7.o(i._printf_core) refers to printf7.o(i._printf_post_padding) for _printf_post_padding
    printf7.o(i._printf_core) refers to uldiv.o(.text) for __aeabi_uldivmod
    printf8.o(i.__0fprintf$8) refers to printf8.o(i._printf_core) for _printf_core
    printf8.o(i.__0fprintf$8) refers to retarget.o(i.fputc) for fputc
    printf8.o(i.__0printf$8) refers to printf8.o(i._printf_core) for _printf_core
    printf8.o(i.__0printf$8) refers to retarget.o(i.fputc) for fputc
    printf8.o(i.__0printf$8) refers to retarget.o(.data) for __stdout
    printf8.o(i.__0snprintf$8) refers to printf8.o(i._printf_core) for _printf_core
    printf8.o(i.__0snprintf$8) refers to printf8.o(i._snputc) for _snputc
    printf8.o(i.__0sprintf$8) refers to printf8.o(i._printf_core) for _printf_core
    printf8.o(i.__0sprintf$8) refers to printf8.o(i._sputc) for _sputc
    printf8.o(i.__0vfprintf$8) refers to printf8.o(i._printf_core) for _printf_core
    printf8.o(i.__0vfprintf$8) refers to retarget.o(i.fputc) for fputc
    printf8.o(i.__0vprintf$8) refers to printf8.o(i._printf_core) for _printf_core
    printf8.o(i.__0vprintf$8) refers to retarget.o(i.fputc) for fputc
    printf8.o(i.__0vprintf$8) refers to retarget.o(.data) for __stdout
    printf8.o(i.__0vsnprintf$8) refers to printf8.o(i._printf_core) for _printf_core
    printf8.o(i.__0vsnprintf$8) refers to printf8.o(i._snputc) for _snputc
    printf8.o(i.__0vsprintf$8) refers to printf8.o(i._printf_core) for _printf_core
    printf8.o(i.__0vsprintf$8) refers to printf8.o(i._sputc) for _sputc
    printf8.o(i._printf_core) refers to printf8.o(i._printf_pre_padding) for _printf_pre_padding
    printf8.o(i._printf_core) refers to printf8.o(i._printf_post_padding) for _printf_post_padding
    printf8.o(i._printf_core) refers to uldiv.o(.text) for __aeabi_uldivmod
    printfa.o(i.__0fprintf) refers (Special) to iusefp.o(.text) for __I$use$fp
    printfa.o(i.__0fprintf) refers to printfa.o(i._printf_core) for _printf_core
    printfa.o(i.__0fprintf) refers to retarget.o(i.fputc) for fputc
    printfa.o(i.__0printf) refers (Special) to iusefp.o(.text) for __I$use$fp
    printfa.o(i.__0printf) refers to printfa.o(i._printf_core) for _printf_core
    printfa.o(i.__0printf) refers to retarget.o(i.fputc) for fputc
    printfa.o(i.__0printf) refers to retarget.o(.data) for __stdout
    printfa.o(i.__0snprintf) refers (Special) to iusefp.o(.text) for __I$use$fp
    printfa.o(i.__0snprintf) refers to printfa.o(i._printf_core) for _printf_core
    printfa.o(i.__0snprintf) refers to printfa.o(i._snputc) for _snputc
    printfa.o(i.__0sprintf) refers (Special) to iusefp.o(.text) for __I$use$fp
    printfa.o(i.__0sprintf) refers to printfa.o(i._printf_core) for _printf_core
    printfa.o(i.__0sprintf) refers to printfa.o(i._sputc) for _sputc
    printfa.o(i.__0vfprintf) refers (Special) to iusefp.o(.text) for __I$use$fp
    printfa.o(i.__0vfprintf) refers to printfa.o(i._printf_core) for _printf_core
    printfa.o(i.__0vfprintf) refers to retarget.o(i.fputc) for fputc
    printfa.o(i.__0vprintf) refers (Special) to iusefp.o(.text) for __I$use$fp
    printfa.o(i.__0vprintf) refers to printfa.o(i._printf_core) for _printf_core
    printfa.o(i.__0vprintf) refers to retarget.o(i.fputc) for fputc
    printfa.o(i.__0vprintf) refers to retarget.o(.data) for __stdout
    printfa.o(i.__0vsnprintf) refers (Special) to iusefp.o(.text) for __I$use$fp
    printfa.o(i.__0vsnprintf) refers to printfa.o(i._printf_core) for _printf_core
    printfa.o(i.__0vsnprintf) refers to printfa.o(i._snputc) for _snputc
    printfa.o(i.__0vsprintf) refers (Special) to iusefp.o(.text) for __I$use$fp
    printfa.o(i.__0vsprintf) refers to printfa.o(i._printf_core) for _printf_core
    printfa.o(i.__0vsprintf) refers to printfa.o(i._sputc) for _sputc
    printfa.o(i._fp_digits) refers (Special) to iusefp.o(.text) for __I$use$fp
    printfa.o(i._fp_digits) refers to dmul.o(.text) for __aeabi_dmul
    printfa.o(i._fp_digits) refers to ddiv.o(.text) for __aeabi_ddiv
    printfa.o(i._fp_digits) refers to cdrcmple.o(.text) for __aeabi_cdrcmple
    printfa.o(i._fp_digits) refers to dadd.o(.text) for __aeabi_dadd
    printfa.o(i._fp_digits) refers to dfixul.o(.text) for __aeabi_d2ulz
    printfa.o(i._fp_digits) refers to uldiv.o(.text) for __aeabi_uldivmod
    printfa.o(i._printf_core) refers (Special) to iusefp.o(.text) for __I$use$fp
    printfa.o(i._printf_core) refers to printfa.o(i._printf_pre_padding) for _printf_pre_padding
    printfa.o(i._printf_core) refers to uldiv.o(.text) for __aeabi_uldivmod
    printfa.o(i._printf_core) refers to printfa.o(i._printf_post_padding) for _printf_post_padding
    printfa.o(i._printf_core) refers to printfa.o(i._fp_digits) for _fp_digits
    printfa.o(i._printf_core) refers to uidiv.o(.text) for __aeabi_uidivmod
    printfa.o(i._printf_post_padding) refers (Special) to iusefp.o(.text) for __I$use$fp
    printfa.o(i._printf_pre_padding) refers (Special) to iusefp.o(.text) for __I$use$fp
    printfa.o(i._snputc) refers (Special) to iusefp.o(.text) for __I$use$fp
    printfa.o(i._sputc) refers (Special) to iusefp.o(.text) for __I$use$fp
    fadd.o(.text) refers (Special) to iusefp.o(.text) for __I$use$fp
    fadd.o(.text) refers to fepilogue.o(.text) for _float_epilogue
    fdiv.o(.text) refers (Special) to iusefp.o(.text) for __I$use$fp
    fdiv.o(.text) refers to fepilogue.o(.text) for _float_round
    fflti.o(.text) refers (Special) to iusefp.o(.text) for __I$use$fp
    fflti.o(.text) refers to fepilogue.o(.text) for _float_epilogue
    cfrcmple.o(.text) refers (Special) to iusefp.o(.text) for __I$use$fp
    entry2.o(.ARM.Collect$$$$00000001) refers to entry2.o(.ARM.Collect$$$$00002712) for __lit__00000000
    entry2.o(.ARM.Collect$$$$00002712) refers to startup_cm0ds.o(STACK) for __initial_sp
    entry2.o(__vectab_stack_and_reset_area) refers to startup_cm0ds.o(STACK) for __initial_sp
    entry2.o(__vectab_stack_and_reset_area) refers to entry.o(.ARM.Collect$$$$00000000) for __main
    entry5.o(.ARM.Collect$$$$00000004) refers to init.o(.text) for __scatterload
    entry9a.o(.ARM.Collect$$$$0000000B) refers to main.o(i.main) for main
    entry9b.o(.ARM.Collect$$$$0000000C) refers to main.o(i.main) for main
    uldiv.o(.text) refers to llushr.o(.text) for __aeabi_llsr
    uldiv.o(.text) refers to llshl.o(.text) for __aeabi_llsl
    dadd.o(.text) refers to llshl.o(.text) for __aeabi_llsl
    dadd.o(.text) refers to llsshr.o(.text) for __aeabi_lasr
    dadd.o(.text) refers to depilogue.o(.text) for _double_epilogue
    dmul.o(.text) refers to depilogue.o(.text) for _double_epilogue
    ddiv.o(.text) refers to depilogue.o(.text) for _double_round
    dfixul.o(.text) refers to llushr.o(.text) for __aeabi_llsr
    dfixul.o(.text) refers to llshl.o(.text) for __aeabi_llsl
    init.o(.text) refers to entry5.o(.ARM.Collect$$$$00000004) for __main_after_scatterload
    depilogue.o(.text) refers to depilogue.o(i.__ARM_clz) for __ARM_clz
    depilogue.o(.text) refers to llshl.o(.text) for __aeabi_llsl
    depilogue.o(.text) refers to llushr.o(.text) for __aeabi_llsr


==============================================================================

Removing Unused input sections from the image.

    Removing main.o(.rev16_text), (4 bytes).
    Removing main.o(.revsh_text), (4 bytes).
    Removing handler.o(.rev16_text), (4 bytes).
    Removing handler.o(.revsh_text), (4 bytes).
    Removing startup_cm0ds.o(HEAP), (1024 bytes).
    Removing system.o(.rev16_text), (4 bytes).
    Removing system.o(.revsh_text), (4 bytes).
    Removing system.o(i.SystemCoreClockUpdate), (16 bytes).
    Removing system.o(.data), (4 bytes).
    Removing camera.o(i.CAMERA_Command), (42 bytes).
    Removing camera.o(i.CAMERA_Initial), (800 bytes).
    Removing camera.o(i.CAMERA_NA), (44 bytes).
    Removing camera.o(i.CAMERA_Read_Byte), (64 bytes).
    Removing camera.o(i.CAMERA_Read_Reg), (64 bytes).
    Removing camera.o(i.CAMERA_Start), (32 bytes).
    Removing camera.o(i.CAMERA_Stop), (34 bytes).
    Removing camera.o(i.CAMERA_Waite), (24 bytes).
    Removing camera.o(i.CAMERA_Write_Byte), (94 bytes).
    Removing camera.o(i.Clr_CAMERA_PWDN), (12 bytes).
    Removing camera.o(i.Clr_CAMERA_RST), (12 bytes).
    Removing camera.o(i.Clr_CAMERA_SCL), (12 bytes).
    Removing camera.o(i.Clr_CAMERA_SDA), (12 bytes).
    Removing camera.o(i.Read_CAMERA_DATA_STATE), (12 bytes).
    Removing camera.o(i.Read_CAMERA_SDA), (12 bytes).
    Removing camera.o(i.Set_CAMERA_DATA_STATE), (12 bytes).
    Removing camera.o(i.Set_CAMERA_PWDN), (12 bytes).
    Removing camera.o(i.Set_CAMERA_RST), (12 bytes).
    Removing camera.o(i.Set_CAMERA_SCL), (12 bytes).
    Removing camera.o(i.Set_CAMERA_SDA), (12 bytes).
    Removing camera.o(i.Set_CAMERA_SDA_R), (12 bytes).
    Removing camera.o(i.Set_CAMERA_SDA_W), (12 bytes).
    Removing camera.o(i.photo), (20 bytes).
    Removing camera.o(.constdata), (4769 bytes).
    Removing key.o(i.KEY_INIT), (12 bytes).
    Removing key.o(i.READ_KEY), (12 bytes).
    Removing lcd.o(i.Gui_Drawbmp16), (100 bytes).
    Removing lcd.o(i.LCD_Clear), (108 bytes).
    Removing lcd.o(i.LCD_Color_Fill), (90 bytes).
    Removing lcd.o(i.LCD_DisplayOff), (10 bytes).
    Removing lcd.o(i.LCD_DisplayOn), (10 bytes).
    Removing lcd.o(i.LCD_Display_Dir), (120 bytes).
    Removing lcd.o(i.LCD_DrawLine), (178 bytes).
    Removing lcd.o(i.LCD_DrawPoint), (32 bytes).
    Removing lcd.o(i.LCD_Fill), (80 bytes).
    Removing lcd.o(i.LCD_Init), (664 bytes).
    Removing lcd.o(i.LCD_Pow), (26 bytes).
    Removing lcd.o(i.LCD_RD_DATA), (36 bytes).
    Removing lcd.o(i.LCD_ReadReg), (24 bytes).
    Removing lcd.o(i.LCD_Scan_Dir), (744 bytes).
    Removing lcd.o(i.LCD_SetCursor), (52 bytes).
    Removing lcd.o(i.LCD_Set_Window), (84 bytes).
    Removing lcd.o(i.LCD_ShowChar1), (288 bytes).
    Removing lcd.o(i.LCD_ShowNum), (146 bytes).
    Removing lcd.o(i.LCD_ShowxNum), (200 bytes).
    Removing lcd.o(i.LCD_WriteRAM), (12 bytes).
    Removing lcd.o(i.LCD_WriteRAM_Prepare), (16 bytes).
    Removing lcd.o(i.LCD_WriteReg), (20 bytes).
    Removing lcd.o(i.Paint8x8x2bin), (224 bytes).
    Removing lcd.o(i.Paint_PicBin), (112 bytes).
    Removing lcd.o(i.ReadData), (10 bytes).
    Removing lcd.o(i.Show_Str), (200 bytes).
    Removing lcd.o(i.opt_delay), (14 bytes).
    Removing led.o(i.LED_down), (24 bytes).
    Removing led.o(i.LED_on), (24 bytes).
    Removing led.o(i.led_ctrl), (56 bytes).
    Removing retarget.o(i._sys_exit), (4 bytes).
    Removing retarget.o(i._ttywrch), (16 bytes).
    Removing retarget.o(i.ferror), (8 bytes).
    Removing retarget.o(i.fgetc), (34 bytes).
    Removing spi_flash.o(i.Is_SPI_Ready), (12 bytes).
    Removing spi_flash.o(i.SPI_FLASH_Clear_SR), (36 bytes).
    Removing spi_flash.o(i.SPI_FLASH_Write_Disable), (28 bytes).
    Removing spi_flash.o(i.SPI_FLASH_Write_Enable), (28 bytes).
    Removing spi_flash.o(i.SPI_FLASH_Write_SR), (36 bytes).
    Removing spi_flash.o(i.SPI_Flash_Erase_Block), (64 bytes).
    Removing spi_flash.o(i.SPI_Flash_Erase_Chip), (40 bytes).
    Removing spi_flash.o(i.SPI_Flash_Erase_Sector), (64 bytes).
    Removing spi_flash.o(i.SPI_Flash_Read), (76 bytes).
    Removing spi_flash.o(i.SPI_Flash_ReadID), (68 bytes).
    Removing spi_flash.o(i.SPI_Flash_ReadSR), (40 bytes).
    Removing spi_flash.o(i.SPI_Flash_Wait_Busy), (18 bytes).
    Removing spi_flash.o(i.SPI_Flash_Write_Max65536), (208 bytes).
    Removing spi_flash.o(i.SPI_Flash_Write_NoCheck), (68 bytes).
    Removing spi_flash.o(i.SPI_Flash_Write_Page), (80 bytes).
    Removing spi_flash.o(i.SPI_Init), (16 bytes).
    Removing spi_flash.o(i.SPI_ReadWriteByte), (72 bytes).
    Removing spi_flash.o(i.SPI_SendData), (20 bytes).
    Removing systick.o(.rev16_text), (4 bytes).
    Removing systick.o(.revsh_text), (4 bytes).
    Removing systick.o(i.Read_SysTick_VALUE), (12 bytes).
    Removing systick.o(i.Timer_Ini), (44 bytes).
    Removing systick.o(i.Timer_Stop), (36 bytes).
    Removing timer.o(i.TIMER_1_Init), (32 bytes).
    Removing timer.o(i.TIMER_Init), (32 bytes).
    Removing uart.o(i.uart_ClearOverrunStatus), (16 bytes).
    Removing uart.o(i.uart_GetBaudDivider), (6 bytes).
    Removing uart.o(i.uart_GetOverrunStatus), (12 bytes).
    Removing uart.o(i.uart_GetRxBufferFull), (12 bytes).
    Removing uart.o(i.uart_GetRxIRQStatus), (12 bytes).
    Removing uart.o(i.uart_GetTxBufferFull), (10 bytes).
    Removing uart.o(i.uart_GetTxIRQStatus), (10 bytes).
    Removing uart.o(i.uart_ReceiveChar), (20 bytes).
    Removing uart.o(i.uart_SendString), (34 bytes).
    Removing malloc.o(i.mem_free), (76 bytes).
    Removing malloc.o(i.mem_init), (44 bytes).
    Removing malloc.o(i.mem_malloc), (124 bytes).
    Removing malloc.o(i.mem_perused), (40 bytes).
    Removing malloc.o(i.myfree), (32 bytes).
    Removing malloc.o(i.mymalloc), (32 bytes).
    Removing malloc.o(i.mymemcpy), (26 bytes).
    Removing malloc.o(i.mymemset), (20 bytes).
    Removing malloc.o(i.myrealloc), (56 bytes).
    Removing malloc.o(.bss), (4352 bytes).
    Removing malloc.o(.constdata), (12 bytes).
    Removing malloc.o(.data), (20 bytes).
    Removing spriteram.o(i.clearNameTableOneline), (28 bytes).
    Removing mygame.o(i.boomInit), (32 bytes).
    Removing mygame.o(i.gameFPSDraw), (150 bytes).
    Removing pstwo.o(i.PS2_AnologData), (12 bytes).
    Removing pstwo.o(i.PS2_EnterConfing), (88 bytes).
    Removing pstwo.o(i.PS2_ExitConfing), (88 bytes).
    Removing pstwo.o(i.PS2_RedLight), (60 bytes).
    Removing pstwo.o(i.PS2_SetInit), (28 bytes).
    Removing pstwo.o(i.PS2_ShortPoll), (64 bytes).
    Removing pstwo.o(i.PS2_TurnOnAnalogMode), (80 bytes).
    Removing pstwo.o(i.PS2_Vibration), (92 bytes).
    Removing pstwo.o(i.PS2_VibrationMode), (64 bytes).
    Removing dadd.o(.text), (356 bytes).
    Removing dmul.o(.text), (208 bytes).
    Removing ddiv.o(.text), (240 bytes).
    Removing dfixul.o(.text), (64 bytes).
    Removing cdrcmple.o(.text), (40 bytes).
    Removing depilogue.o(.text), (190 bytes).
    Removing depilogue.o(i.__ARM_clz), (46 bytes).

134 unused section(s) (total 19035 bytes) removed from the image.

==============================================================================

Image Symbol Table

    Local Symbols

    Symbol Name                              Value     Ov Type        Size  Object(Section)

    RESET                                    0x00000000   Section      100  startup_cm0ds.o(RESET)
    ../clib/../cmprslib/zerorunl2.c          0x00000000   Number         0  __dczerorl2.o ABSOLUTE
    ../clib/microlib/division.c              0x00000000   Number         0  idiv.o ABSOLUTE
    ../clib/microlib/division.c              0x00000000   Number         0  uldiv.o ABSOLUTE
    ../clib/microlib/division.c              0x00000000   Number         0  uidiv.o ABSOLUTE
    ../clib/microlib/init/entry.s            0x00000000   Number         0  entry7a.o ABSOLUTE
    ../clib/microlib/init/entry.s            0x00000000   Number         0  entry5.o ABSOLUTE
    ../clib/microlib/init/entry.s            0x00000000   Number         0  entry2.o ABSOLUTE
    ../clib/microlib/init/entry.s            0x00000000   Number         0  entry7b.o ABSOLUTE
    ../clib/microlib/init/entry.s            0x00000000   Number         0  entry10b.o ABSOLUTE
    ../clib/microlib/init/entry.s            0x00000000   Number         0  entry9b.o ABSOLUTE
    ../clib/microlib/init/entry.s            0x00000000   Number         0  entry11a.o ABSOLUTE
    ../clib/microlib/init/entry.s            0x00000000   Number         0  entry11b.o ABSOLUTE
    ../clib/microlib/init/entry.s            0x00000000   Number         0  entry.o ABSOLUTE
    ../clib/microlib/init/entry.s            0x00000000   Number         0  entry10a.o ABSOLUTE
    ../clib/microlib/init/entry.s            0x00000000   Number         0  entry9a.o ABSOLUTE
    ../clib/microlib/init/entry.s            0x00000000   Number         0  entry8b.o ABSOLUTE
    ../clib/microlib/init/entry.s            0x00000000   Number         0  entry8a.o ABSOLUTE
    ../clib/microlib/longlong.c              0x00000000   Number         0  llsshr.o ABSOLUTE
    ../clib/microlib/longlong.c              0x00000000   Number         0  llshl.o ABSOLUTE
    ../clib/microlib/longlong.c              0x00000000   Number         0  llushr.o ABSOLUTE
    ../clib/microlib/printf/printf.c         0x00000000   Number         0  printf4.o ABSOLUTE
    ../clib/microlib/printf/printf.c         0x00000000   Number         0  printf3.o ABSOLUTE
    ../clib/microlib/printf/printf.c         0x00000000   Number         0  printf2.o ABSOLUTE
    ../clib/microlib/printf/printf.c         0x00000000   Number         0  printf0.o ABSOLUTE
    ../clib/microlib/printf/printf.c         0x00000000   Number         0  printfb.o ABSOLUTE
    ../clib/microlib/printf/printf.c         0x00000000   Number         0  printfa.o ABSOLUTE
    ../clib/microlib/printf/printf.c         0x00000000   Number         0  printf1.o ABSOLUTE
    ../clib/microlib/printf/printf.c         0x00000000   Number         0  printf5.o ABSOLUTE
    ../clib/microlib/printf/printf.c         0x00000000   Number         0  printf8.o ABSOLUTE
    ../clib/microlib/printf/printf.c         0x00000000   Number         0  printf7.o ABSOLUTE
    ../clib/microlib/printf/printf.c         0x00000000   Number         0  printf6.o ABSOLUTE
    ../clib/microlib/stdlib/rand.c           0x00000000   Number         0  rand.o ABSOLUTE
    ../clib/microlib/string/memcpy.c         0x00000000   Number         0  memcpyb.o ABSOLUTE
    ../clib/microlib/string/memcpy.c         0x00000000   Number         0  memcpya.o ABSOLUTE
    ../clib/microlib/string/strlen.c         0x00000000   Number         0  strlen.o ABSOLUTE
    ../clib/microlib/stubs.s                 0x00000000   Number         0  iusefp.o ABSOLUTE
    ../fplib/microlib/fpadd.c                0x00000000   Number         0  fadd.o ABSOLUTE
    ../fplib/microlib/fpadd.c                0x00000000   Number         0  dadd.o ABSOLUTE
    ../fplib/microlib/fpdiv.c                0x00000000   Number         0  ddiv.o ABSOLUTE
    ../fplib/microlib/fpdiv.c                0x00000000   Number         0  fdiv.o ABSOLUTE
    ../fplib/microlib/fpepilogue.c           0x00000000   Number         0  depilogue.o ABSOLUTE
    ../fplib/microlib/fpepilogue.c           0x00000000   Number         0  fepilogue.o ABSOLUTE
    ../fplib/microlib/fpfix.c                0x00000000   Number         0  dfixul.o ABSOLUTE
    ../fplib/microlib/fpflt.c                0x00000000   Number         0  fflti.o ABSOLUTE
    ../fplib/microlib/fpmul.c                0x00000000   Number         0  dmul.o ABSOLUTE
    ..\CORE\handler.c                        0x00000000   Number         0  handler.o ABSOLUTE
    ..\CORE\startup_CM0DS.s                  0x00000000   Number         0  startup_cm0ds.o ABSOLUTE
    ..\CORE\system.c                         0x00000000   Number         0  system.o ABSOLUTE
    ..\DEVICE\Retarget.c                     0x00000000   Number         0  retarget.o ABSOLUTE
    ..\DEVICE\camera.c                       0x00000000   Number         0  camera.o ABSOLUTE
    ..\DEVICE\key.c                          0x00000000   Number         0  key.o ABSOLUTE
    ..\DEVICE\lcd.c                          0x00000000   Number         0  lcd.o ABSOLUTE
    ..\DEVICE\led.c                          0x00000000   Number         0  led.o ABSOLUTE
    ..\DEVICE\malloc.c                       0x00000000   Number         0  malloc.o ABSOLUTE
    ..\DEVICE\myGame.c                       0x00000000   Number         0  mygame.o ABSOLUTE
    ..\DEVICE\pstwo.c                        0x00000000   Number         0  pstwo.o ABSOLUTE
    ..\DEVICE\spi_flash.c                    0x00000000   Number         0  spi_flash.o ABSOLUTE
    ..\DEVICE\spriteRam.c                    0x00000000   Number         0  spriteram.o ABSOLUTE
    ..\DEVICE\systick.c                      0x00000000   Number         0  systick.o ABSOLUTE
    ..\DEVICE\timer.c                        0x00000000   Number         0  timer.o ABSOLUTE
    ..\DEVICE\uart.c                         0x00000000   Number         0  uart.o ABSOLUTE
    ..\\CORE\\handler.c                      0x00000000   Number         0  handler.o ABSOLUTE
    ..\\CORE\\system.c                       0x00000000   Number         0  system.o ABSOLUTE
    ..\\DEVICE\\systick.c                    0x00000000   Number         0  systick.o ABSOLUTE
    cdrcmple.s                               0x00000000   Number         0  cdrcmple.o ABSOLUTE
    cfrcmple.s                               0x00000000   Number         0  cfrcmple.o ABSOLUTE
    dc.s                                     0x00000000   Number         0  dc.o ABSOLUTE
    handlers.s                               0x00000000   Number         0  handlers.o ABSOLUTE
    init.s                                   0x00000000   Number         0  init.o ABSOLUTE
    main.c                                   0x00000000   Number         0  main.o ABSOLUTE
    main.c                                   0x00000000   Number         0  main.o ABSOLUTE
    .ARM.Collect$$$$00000000                 0x00000064   Section        0  entry.o(.ARM.Collect$$$$00000000)
    .ARM.Collect$$$$00000001                 0x00000064   Section        4  entry2.o(.ARM.Collect$$$$00000001)
    .ARM.Collect$$$$00000004                 0x00000068   Section        4  entry5.o(.ARM.Collect$$$$00000004)
    .ARM.Collect$$$$00000008                 0x0000006c   Section        0  entry7b.o(.ARM.Collect$$$$00000008)
    .ARM.Collect$$$$0000000A                 0x0000006c   Section        0  entry8b.o(.ARM.Collect$$$$0000000A)
    .ARM.Collect$$$$0000000B                 0x0000006c   Section        8  entry9a.o(.ARM.Collect$$$$0000000B)
    .ARM.Collect$$$$0000000D                 0x00000074   Section        0  entry10a.o(.ARM.Collect$$$$0000000D)
    .ARM.Collect$$$$0000000F                 0x00000074   Section        0  entry11a.o(.ARM.Collect$$$$0000000F)
    .ARM.Collect$$$$00002712                 0x00000074   Section        4  entry2.o(.ARM.Collect$$$$00002712)
    __lit__00000000                          0x00000074   Data           4  entry2.o(.ARM.Collect$$$$00002712)
    .text                                    0x00000078   Section      164  startup_cm0ds.o(.text)
    .text                                    0x0000011c   Section        0  uidiv.o(.text)
    .text                                    0x00000148   Section        0  idiv.o(.text)
    .text                                    0x00000170   Section        0  rand.o(.text)
    .text                                    0x00000194   Section        0  memcpya.o(.text)
    .text                                    0x000001b8   Section        0  fadd.o(.text)
    .text                                    0x0000026a   Section        0  fdiv.o(.text)
    .text                                    0x000002e6   Section        0  fflti.o(.text)
    .text                                    0x000002fc   Section       20  cfrcmple.o(.text)
    .text                                    0x00000310   Section        0  fepilogue.o(.text)
    .text                                    0x00000310   Section        0  iusefp.o(.text)
    .text                                    0x00000394   Section       36  init.o(.text)
    .text                                    0x000003b8   Section        0  __dczerorl2.o(.text)
    i.BusFaultHandler                        0x0000040e   Section        0  handler.o(i.BusFaultHandler)
    i.DebugMonHandler                        0x00000410   Section        0  handler.o(i.DebugMonHandler)
    i.HardFaultHandler                       0x00000412   Section        0  handler.o(i.HardFaultHandler)
    i.KEY0                                   0x00000414   Section        0  handler.o(i.KEY0)
    i.KEY1                                   0x00000438   Section        0  handler.o(i.KEY1)
    i.KEY2                                   0x0000045c   Section        0  handler.o(i.KEY2)
    i.KEY3                                   0x0000046c   Section        0  handler.o(i.KEY3)
    i.LCD_Fast_DrawPoint                     0x00000490   Section        0  lcd.o(i.LCD_Fast_DrawPoint)
    i.LCD_ShowChar                           0x000004ec   Section        0  lcd.o(i.LCD_ShowChar)
    i.LCD_ShowString                         0x000005fc   Section        0  lcd.o(i.LCD_ShowString)
    i.LCD_WR_DATA                            0x0000065e   Section        0  lcd.o(i.LCD_WR_DATA)
    i.LCD_WR_REG                             0x00000684   Section        0  lcd.o(i.LCD_WR_REG)
    i.LED_toggle                             0x000006a8   Section        0  led.o(i.LED_toggle)
    i.MakeData                               0x000006e0   Section        0  lcd.o(i.MakeData)
    i.MemManageHandler                       0x000006e8   Section        0  handler.o(i.MemManageHandler)
    i.NMIHandler                             0x000006ea   Section        0  handler.o(i.NMIHandler)
    i.NVIC_EnableIRQ                         0x000006ec   Section        0  system.o(i.NVIC_EnableIRQ)
    NVIC_EnableIRQ                           0x000006ed   Thumb Code    14  system.o(i.NVIC_EnableIRQ)
    i.PS2_ClearData                          0x00000700   Section        0  pstwo.o(i.PS2_ClearData)
    i.PS2_Cmd                                0x00000718   Section        0  pstwo.o(i.PS2_Cmd)
    i.PS2_DataKey                            0x0000079c   Section        0  pstwo.o(i.PS2_DataKey)
    i.PS2_Init                               0x000007f0   Section        0  pstwo.o(i.PS2_Init)
    i.PS2_ReadData                           0x00000800   Section        0  pstwo.o(i.PS2_ReadData)
    i.PendSVHandler                          0x000008a8   Section        0  handler.o(i.PendSVHandler)
    i.SVCHandler                             0x000008aa   Section        0  handler.o(i.SVCHandler)
    i.Set_SysTick_CTRL                       0x000008ac   Section        0  systick.o(i.Set_SysTick_CTRL)
    i.Set_SysTick_LOAD                       0x000008b8   Section        0  systick.o(i.Set_SysTick_LOAD)
    i.Set_SysTick_VALUE                      0x000008c4   Section        0  systick.o(i.Set_SysTick_VALUE)
    i.SysTickHandler                         0x000008d0   Section        0  handler.o(i.SysTickHandler)
    i.SystemInit                             0x000008ec   Section        0  system.o(i.SystemInit)
    i.Timer_Handler                          0x00000908   Section        0  handler.o(i.Timer_Handler)
    i.UARTOVRHandler                         0x0000090a   Section        0  handler.o(i.UARTOVRHandler)
    i.UARTRXHandler                          0x0000090c   Section        0  handler.o(i.UARTRXHandler)
    i.UARTTXHandler                          0x0000093c   Section        0  handler.o(i.UARTTXHandler)
    i.UsageFaultHandler                      0x00000978   Section        0  handler.o(i.UsageFaultHandler)
    i.__0printf$bare                         0x0000097c   Section        0  printfb.o(i.__0printf$bare)
    i.__ARM_common_switch8                   0x00000990   Section        0  lcd.o(i.__ARM_common_switch8)
    i.__scatterload_copy                     0x000009ac   Section       14  handlers.o(i.__scatterload_copy)
    i.__scatterload_null                     0x000009ba   Section        2  handlers.o(i.__scatterload_null)
    i.__scatterload_zeroinit                 0x000009bc   Section       14  handlers.o(i.__scatterload_zeroinit)
    i._printf_core                           0x000009ca   Section        0  printfb.o(i._printf_core)
    _printf_core                             0x000009cb   Thumb Code    30  printfb.o(i._printf_core)
    i.boomDraw                               0x000009e8   Section        0  mygame.o(i.boomDraw)
    i.buffDraw                               0x00000ac0   Section        0  mygame.o(i.buffDraw)
    i.buffInit                               0x00000b98   Section        0  mygame.o(i.buffInit)
    i.bulletDraw                             0x00000ba0   Section        0  mygame.o(i.bulletDraw)
    i.bulletInit                             0x00000bf0   Section        0  mygame.o(i.bulletInit)
    i.bulletsMapCreate                       0x00000c14   Section        0  mygame.o(i.bulletsMapCreate)
    i.clearNameTableAll                      0x00000c64   Section        0  spriteram.o(i.clearNameTableAll)
    i.createOneBoom                          0x00000c8c   Section        0  mygame.o(i.createOneBoom)
    i.createOneBuff                          0x00000cd4   Section        0  mygame.o(i.createOneBuff)
    i.createOneBullet                        0x00000cec   Section        0  mygame.o(i.createOneBullet)
    i.createOneEnmeyBullet                   0x00000efc   Section        0  mygame.o(i.createOneEnmeyBullet)
    i.createOneEnmeyPlane                    0x0000104c   Section        0  mygame.o(i.createOneEnmeyPlane)
    i.delay                                  0x00001130   Section        0  systick.o(i.delay)
    i.delay_ms                               0x00001150   Section        0  systick.o(i.delay_ms)
    i.delay_us                               0x0000116c   Section        0  systick.o(i.delay_us)
    i.endInterFaceDraw                       0x00001184   Section        0  mygame.o(i.endInterFaceDraw)
    i.enemyBulletsMapCreate                  0x000011d8   Section        0  mygame.o(i.enemyBulletsMapCreate)
    i.enemyMapCreate                         0x00001230   Section        0  mygame.o(i.enemyMapCreate)
    i.enmeyBulletDraw                        0x000012b4   Section        0  mygame.o(i.enmeyBulletDraw)
    i.enmeyBulletInit                        0x00001304   Section        0  mygame.o(i.enmeyBulletInit)
    i.enmeyPlaneDraw                         0x00001328   Section        0  mygame.o(i.enmeyPlaneDraw)
    i.enmeyPlaneInit                         0x00001600   Section        0  mygame.o(i.enmeyPlaneInit)
    i.fputc                                  0x00001624   Section        0  retarget.o(i.fputc)
    i.gameCursorDraw                         0x00001644   Section        0  mygame.o(i.gameCursorDraw)
    i.gameScoreDraw                          0x000016a4   Section        0  mygame.o(i.gameScoreDraw)
    i.gameStartInterfaceShow                 0x00001754   Section        0  mygame.o(i.gameStartInterfaceShow)
    i.isBulletsHit                           0x00001890   Section        0  mygame.o(i.isBulletsHit)
    i.isEnemyPlaneHit                        0x00001920   Section        0  mygame.o(i.isEnemyPlaneHit)
    i.isMyPlaneHit                           0x00001a0c   Section        0  mygame.o(i.isMyPlaneHit)
    i.main                                   0x00001bb0   Section        0  main.o(i.main)
    i.moveEnmeyPlane                         0x000020a4   Section        0  mygame.o(i.moveEnmeyPlane)
    i.myPlaneAct                             0x00002310   Section        0  mygame.o(i.myPlaneAct)
    i.myPlaneDraw                            0x00002398   Section        0  mygame.o(i.myPlaneDraw)
    i.myPlaneInit                            0x000028dc   Section        0  mygame.o(i.myPlaneInit)
    i.myPlaneMapCreate                       0x00002900   Section        0  mygame.o(i.myPlaneMapCreate)
    i.readPs2DI                              0x00002970   Section        0  pstwo.o(i.readPs2DI)
    i.tileMap                                0x0000297c   Section        0  mygame.o(i.tileMap)
    i.uart_ClearRxIRQ                        0x00002994   Section        0  uart.o(i.uart_ClearRxIRQ)
    i.uart_ClearTxIRQ                        0x0000299a   Section        0  uart.o(i.uart_ClearTxIRQ)
    i.uart_SendChar                          0x000029a0   Section        0  uart.o(i.uart_SendChar)
    i.uart_init                              0x000029b6   Section        0  uart.o(i.uart_init)
    i.updateBoomData                         0x00002a10   Section        0  mygame.o(i.updateBoomData)
    i.updateBuffData                         0x00002a74   Section        0  mygame.o(i.updateBuffData)
    i.updateBulletData                       0x00002aa4   Section        0  mygame.o(i.updateBulletData)
    i.updateEnemyBulletData                  0x00002afc   Section        0  mygame.o(i.updateEnemyBulletData)
    i.vga_Handler                            0x00002bdc   Section        0  handler.o(i.vga_Handler)
    i.writeOneNametable                      0x00002c44   Section        0  spriteram.o(i.writeOneNametable)
    i.writeOneSprite                         0x00002c54   Section        0  spriteram.o(i.writeOneSprite)
    .constdata                               0x00002c78   Section      124  main.o(.constdata)
    .constdata                               0x00002cf4   Section     1520  lcd.o(.constdata)
    .data                                    0x20000000   Section     2963  main.o(.data)
    .data                                    0x20000b94   Section        4  lcd.o(.data)
    .data                                    0x20000b98   Section        8  retarget.o(.data)
    .data                                    0x20000ba0   Section       36  pstwo.o(.data)
    .data                                    0x20000bc4   Section        4  rand.o(.data)
    _rand_state                              0x20000bc4   Data           4  rand.o(.data)
    .bss                                     0x20000bc8   Section     1004  main.o(.bss)
    .bss                                     0x20000fb4   Section       14  lcd.o(.bss)
    .bss                                     0x20000fc2   Section        9  pstwo.o(.bss)
    STACK                                    0x20000fd0   Section     1024  startup_cm0ds.o(STACK)

    Global Symbols

    Symbol Name                              Value     Ov Type        Size  Object(Section)

    BuildAttributes$$THM_ISAv3M$S$PE$A:L22$X:L11$S22$IEEE1$IW$USESV6$~STKCKD$USESV7$~SHL$OTIME$ROPI$EBA8$MICROLIB$REQ8$PRES8$EABIv2 0x00000000   Number         0  anon$$obj.o ABSOLUTE
    __ARM_use_no_argv                        0x00000000   Number         0  main.o ABSOLUTE
    __Vectors                                0x00000000   Data           4  startup_cm0ds.o(RESET)
    __cpp_initialize__aeabi_                  - Undefined Weak Reference
    __cxa_finalize                            - Undefined Weak Reference
    _clock_init                               - Undefined Weak Reference
    _microlib_exit                            - Undefined Weak Reference
    __Vectors_End                            0x00000064   Data           0  startup_cm0ds.o(RESET)
    __Vectors_Size                           0x00000064   Number         0  startup_cm0ds.o ABSOLUTE
    __main                                   0x00000065   Thumb Code     0  entry.o(.ARM.Collect$$$$00000000)
    _main_stk                                0x00000065   Thumb Code     0  entry2.o(.ARM.Collect$$$$00000001)
    _main_scatterload                        0x00000069   Thumb Code     0  entry5.o(.ARM.Collect$$$$00000004)
    __main_after_scatterload                 0x0000006d   Thumb Code     0  entry5.o(.ARM.Collect$$$$00000004)
    _main_clock                              0x0000006d   Thumb Code     0  entry7b.o(.ARM.Collect$$$$00000008)
    _main_cpp_init                           0x0000006d   Thumb Code     0  entry8b.o(.ARM.Collect$$$$0000000A)
    _main_init                               0x0000006d   Thumb Code     0  entry9a.o(.ARM.Collect$$$$0000000B)
    __rt_final_cpp                           0x00000075   Thumb Code     0  entry10a.o(.ARM.Collect$$$$0000000D)
    __rt_final_exit                          0x00000075   Thumb Code     0  entry11a.o(.ARM.Collect$$$$0000000F)
    Reset_Handler                            0x00000079   Thumb Code    12  startup_cm0ds.o(.text)
    NMI_Handler                              0x00000085   Thumb Code     8  startup_cm0ds.o(.text)
    HardFault_Handler                        0x0000008d   Thumb Code     8  startup_cm0ds.o(.text)
    MemManage_Handler                        0x00000095   Thumb Code     8  startup_cm0ds.o(.text)
    BusFault_Handler                         0x0000009d   Thumb Code     8  startup_cm0ds.o(.text)
    UsageFault_Handler                       0x000000a5   Thumb Code     8  startup_cm0ds.o(.text)
    SVC_Handler                              0x000000ad   Thumb Code     8  startup_cm0ds.o(.text)
    DebugMon_Handler                         0x000000b5   Thumb Code     8  startup_cm0ds.o(.text)
    PendSV_Handler                           0x000000bd   Thumb Code     8  startup_cm0ds.o(.text)
    SysTick_Handler                          0x000000c5   Thumb Code     8  startup_cm0ds.o(.text)
    UARTRX_Handler                           0x000000cd   Thumb Code     8  startup_cm0ds.o(.text)
    UARTTX_Handler                           0x000000d5   Thumb Code     8  startup_cm0ds.o(.text)
    UARTOVR_Handler                          0x000000dd   Thumb Code     8  startup_cm0ds.o(.text)
    KEY0_Handler                             0x000000e5   Thumb Code     8  startup_cm0ds.o(.text)
    KEY1_Handler                             0x000000ed   Thumb Code     8  startup_cm0ds.o(.text)
    KEY2_Handler                             0x000000f5   Thumb Code     8  startup_cm0ds.o(.text)
    KEY3_Handler                             0x000000fd   Thumb Code     8  startup_cm0ds.o(.text)
    TIMER_Handler                            0x00000105   Thumb Code     8  startup_cm0ds.o(.text)
    VGA_Handler                              0x0000010d   Thumb Code     8  startup_cm0ds.o(.text)
    __aeabi_uidiv                            0x0000011d   Thumb Code     0  uidiv.o(.text)
    __aeabi_uidivmod                         0x0000011d   Thumb Code    44  uidiv.o(.text)
    __aeabi_idiv                             0x00000149   Thumb Code     0  idiv.o(.text)
    __aeabi_idivmod                          0x00000149   Thumb Code    40  idiv.o(.text)
    rand                                     0x00000171   Thumb Code    18  rand.o(.text)
    srand                                    0x00000183   Thumb Code     6  rand.o(.text)
    __aeabi_memcpy                           0x00000195   Thumb Code    36  memcpya.o(.text)
    __aeabi_memcpy4                          0x00000195   Thumb Code     0  memcpya.o(.text)
    __aeabi_memcpy8                          0x00000195   Thumb Code     0  memcpya.o(.text)
    __aeabi_fadd                             0x000001b9   Thumb Code   162  fadd.o(.text)
    __aeabi_fsub                             0x0000025b   Thumb Code     8  fadd.o(.text)
    __aeabi_frsub                            0x00000263   Thumb Code     8  fadd.o(.text)
    __aeabi_fdiv                             0x0000026b   Thumb Code   124  fdiv.o(.text)
    __aeabi_i2f                              0x000002e7   Thumb Code    22  fflti.o(.text)
    __aeabi_cfrcmple                         0x000002fd   Thumb Code    20  cfrcmple.o(.text)
    __I$use$fp                               0x00000311   Thumb Code     0  iusefp.o(.text)
    _float_round                             0x00000311   Thumb Code    16  fepilogue.o(.text)
    _float_epilogue                          0x00000321   Thumb Code   114  fepilogue.o(.text)
    __scatterload                            0x00000395   Thumb Code    28  init.o(.text)
    __scatterload_rt2                        0x00000395   Thumb Code     0  init.o(.text)
    __decompress                             0x000003b9   Thumb Code     0  __dczerorl2.o(.text)
    __decompress1                            0x000003b9   Thumb Code    86  __dczerorl2.o(.text)
    BusFaultHandler                          0x0000040f   Thumb Code     2  handler.o(i.BusFaultHandler)
    DebugMonHandler                          0x00000411   Thumb Code     2  handler.o(i.DebugMonHandler)
    HardFaultHandler                         0x00000413   Thumb Code     2  handler.o(i.HardFaultHandler)
    KEY0                                     0x00000415   Thumb Code    30  handler.o(i.KEY0)
    KEY1                                     0x00000439   Thumb Code    30  handler.o(i.KEY1)
    KEY2                                     0x0000045d   Thumb Code    14  handler.o(i.KEY2)
    KEY3                                     0x0000046d   Thumb Code    30  handler.o(i.KEY3)
    LCD_Fast_DrawPoint                       0x00000491   Thumb Code    88  lcd.o(i.LCD_Fast_DrawPoint)
    LCD_ShowChar                             0x000004ed   Thumb Code   254  lcd.o(i.LCD_ShowChar)
    LCD_ShowString                           0x000005fd   Thumb Code    98  lcd.o(i.LCD_ShowString)
    LCD_WR_DATA                              0x0000065f   Thumb Code    38  lcd.o(i.LCD_WR_DATA)
    LCD_WR_REG                               0x00000685   Thumb Code    36  lcd.o(i.LCD_WR_REG)
    LED_toggle                               0x000006a9   Thumb Code    50  led.o(i.LED_toggle)
    MakeData                                 0x000006e1   Thumb Code     8  lcd.o(i.MakeData)
    MemManageHandler                         0x000006e9   Thumb Code     2  handler.o(i.MemManageHandler)
    NMIHandler                               0x000006eb   Thumb Code     2  handler.o(i.NMIHandler)
    PS2_ClearData                            0x00000701   Thumb Code    20  pstwo.o(i.PS2_ClearData)
    PS2_Cmd                                  0x00000719   Thumb Code   122  pstwo.o(i.PS2_Cmd)
    PS2_DataKey                              0x0000079d   Thumb Code    70  pstwo.o(i.PS2_DataKey)
    PS2_Init                                 0x000007f1   Thumb Code    12  pstwo.o(i.PS2_Init)
    PS2_ReadData                             0x00000801   Thumb Code   154  pstwo.o(i.PS2_ReadData)
    PendSVHandler                            0x000008a9   Thumb Code     2  handler.o(i.PendSVHandler)
    SVCHandler                               0x000008ab   Thumb Code     2  handler.o(i.SVCHandler)
    Set_SysTick_CTRL                         0x000008ad   Thumb Code     6  systick.o(i.Set_SysTick_CTRL)
    Set_SysTick_LOAD                         0x000008b9   Thumb Code     6  systick.o(i.Set_SysTick_LOAD)
    Set_SysTick_VALUE                        0x000008c5   Thumb Code     6  systick.o(i.Set_SysTick_VALUE)
    SysTickHandler                           0x000008d1   Thumb Code    24  handler.o(i.SysTickHandler)
    SystemInit                               0x000008ed   Thumb Code    28  system.o(i.SystemInit)
    Timer_Handler                            0x00000909   Thumb Code     2  handler.o(i.Timer_Handler)
    UARTOVRHandler                           0x0000090b   Thumb Code     2  handler.o(i.UARTOVRHandler)
    UARTRXHandler                            0x0000090d   Thumb Code    24  handler.o(i.UARTRXHandler)
    UARTTXHandler                            0x0000093d   Thumb Code    36  handler.o(i.UARTTXHandler)
    UsageFaultHandler                        0x00000979   Thumb Code     2  handler.o(i.UsageFaultHandler)
    __0printf$bare                           0x0000097d   Thumb Code    12  printfb.o(i.__0printf$bare)
    __1printf$bare                           0x0000097d   Thumb Code     0  printfb.o(i.__0printf$bare)
    __2printf                                0x0000097d   Thumb Code     0  printfb.o(i.__0printf$bare)
    __ARM_common_switch8                     0x00000991   Thumb Code    28  lcd.o(i.__ARM_common_switch8)
    __scatterload_copy                       0x000009ad   Thumb Code    14  handlers.o(i.__scatterload_copy)
    __scatterload_null                       0x000009bb   Thumb Code     2  handlers.o(i.__scatterload_null)
    __scatterload_zeroinit                   0x000009bd   Thumb Code    14  handlers.o(i.__scatterload_zeroinit)
    boomDraw                                 0x000009e9   Thumb Code   206  mygame.o(i.boomDraw)
    buffDraw                                 0x00000ac1   Thumb Code   212  mygame.o(i.buffDraw)
    buffInit                                 0x00000b99   Thumb Code     6  mygame.o(i.buffInit)
    bulletDraw                               0x00000ba1   Thumb Code    72  mygame.o(i.bulletDraw)
    bulletInit                               0x00000bf1   Thumb Code    28  mygame.o(i.bulletInit)
    bulletsMapCreate                         0x00000c15   Thumb Code    74  mygame.o(i.bulletsMapCreate)
    clearNameTableAll                        0x00000c65   Thumb Code    38  spriteram.o(i.clearNameTableAll)
    createOneBoom                            0x00000c8d   Thumb Code    66  mygame.o(i.createOneBoom)
    createOneBuff                            0x00000cd5   Thumb Code    24  mygame.o(i.createOneBuff)
    createOneBullet                          0x00000ced   Thumb Code   520  mygame.o(i.createOneBullet)
    createOneEnmeyBullet                     0x00000efd   Thumb Code   306  mygame.o(i.createOneEnmeyBullet)
    createOneEnmeyPlane                      0x0000104d   Thumb Code   218  mygame.o(i.createOneEnmeyPlane)
    delay                                    0x00001131   Thumb Code    32  systick.o(i.delay)
    delay_ms                                 0x00001151   Thumb Code    22  systick.o(i.delay_ms)
    delay_us                                 0x0000116d   Thumb Code    22  systick.o(i.delay_us)
    endInterFaceDraw                         0x00001185   Thumb Code    80  mygame.o(i.endInterFaceDraw)
    enemyBulletsMapCreate                    0x000011d9   Thumb Code    78  mygame.o(i.enemyBulletsMapCreate)
    enemyMapCreate                           0x00001231   Thumb Code   128  mygame.o(i.enemyMapCreate)
    enmeyBulletDraw                          0x000012b5   Thumb Code    72  mygame.o(i.enmeyBulletDraw)
    enmeyBulletInit                          0x00001305   Thumb Code    28  mygame.o(i.enmeyBulletInit)
    enmeyPlaneDraw                           0x00001329   Thumb Code   718  mygame.o(i.enmeyPlaneDraw)
    enmeyPlaneInit                           0x00001601   Thumb Code    28  mygame.o(i.enmeyPlaneInit)
    fputc                                    0x00001625   Thumb Code    32  retarget.o(i.fputc)
    gameCursorDraw                           0x00001645   Thumb Code    96  mygame.o(i.gameCursorDraw)
    gameScoreDraw                            0x000016a5   Thumb Code   176  mygame.o(i.gameScoreDraw)
    gameStartInterfaceShow                   0x00001755   Thumb Code   300  mygame.o(i.gameStartInterfaceShow)
    isBulletsHit                             0x00001891   Thumb Code   138  mygame.o(i.isBulletsHit)
    isEnemyPlaneHit                          0x00001921   Thumb Code   218  mygame.o(i.isEnemyPlaneHit)
    isMyPlaneHit                             0x00001a0d   Thumb Code   412  mygame.o(i.isMyPlaneHit)
    main                                     0x00001bb1   Thumb Code  1244  main.o(i.main)
    moveEnmeyPlane                           0x000020a5   Thumb Code   612  mygame.o(i.moveEnmeyPlane)
    myPlaneAct                               0x00002311   Thumb Code   130  mygame.o(i.myPlaneAct)
    myPlaneDraw                              0x00002399   Thumb Code  1348  mygame.o(i.myPlaneDraw)
    myPlaneInit                              0x000028dd   Thumb Code    30  mygame.o(i.myPlaneInit)
    myPlaneMapCreate                         0x00002901   Thumb Code   112  mygame.o(i.myPlaneMapCreate)
    readPs2DI                                0x00002971   Thumb Code     6  pstwo.o(i.readPs2DI)
    tileMap                                  0x0000297d   Thumb Code    24  mygame.o(i.tileMap)
    uart_ClearRxIRQ                          0x00002995   Thumb Code     6  uart.o(i.uart_ClearRxIRQ)
    uart_ClearTxIRQ                          0x0000299b   Thumb Code     6  uart.o(i.uart_ClearTxIRQ)
    uart_SendChar                            0x000029a1   Thumb Code    22  uart.o(i.uart_SendChar)
    uart_init                                0x000029b7   Thumb Code    88  uart.o(i.uart_init)
    updateBoomData                           0x00002a11   Thumb Code    94  mygame.o(i.updateBoomData)
    updateBuffData                           0x00002a75   Thumb Code    46  mygame.o(i.updateBuffData)
    updateBulletData                         0x00002aa5   Thumb Code    78  mygame.o(i.updateBulletData)
    updateEnemyBulletData                    0x00002afd   Thumb Code   216  mygame.o(i.updateEnemyBulletData)
    vga_Handler                              0x00002bdd   Thumb Code    82  handler.o(i.vga_Handler)
    writeOneNametable                        0x00002c45   Thumb Code    12  spriteram.o(i.writeOneNametable)
    writeOneSprite                           0x00002c55   Thumb Code    32  spriteram.o(i.writeOneSprite)
    routeCircle                              0x00002c78   Data          36  main.o(.constdata)
    ANGLE_NUMMAX                             0x00002c9c   Data           1  main.o(.constdata)
    sin_array                                0x00002c9e   Data          20  main.o(.constdata)
    cos_array                                0x00002cb2   Data          20  main.o(.constdata)
    tan_array                                0x00002cc8   Data          40  main.o(.constdata)
    BULLET_NUMMAX                            0x00002cf0   Data           1  main.o(.constdata)
    ENEMY_BULLETS_NUMMAX                     0x00002cf1   Data           1  main.o(.constdata)
    ENEMY_NUMMAX                             0x00002cf2   Data           1  main.o(.constdata)
    BOOM_NUMMAX                              0x00002cf3   Data           1  main.o(.constdata)
    asc2_1608                                0x00002cf4   Data        1520  lcd.o(.constdata)
    Region$$Table$$Base                      0x000032e4   Number         0  anon$$obj.o(Region$$Table)
    Region$$Table$$Limit                     0x00003304   Number         0  anon$$obj.o(Region$$Table)
    gImage_hero_48x32                        0x20000000   Data         192  main.o(.data)
    gImage_enemy01_32x32                     0x200000c0   Data         128  main.o(.data)
    gImage_enemy02_48x48                     0x20000140   Data         294  main.o(.data)
    gImage_backgroud_00                      0x20000266   Data        2160  main.o(.data)
    GAME_LOGO_1942                           0x20000ad6   Data          90  main.o(.data)
    GAME_VERSION                             0x20000b30   Data          12  main.o(.data)
    GAME_START_CHAR                          0x20000b3c   Data           8  main.o(.data)
    GAME_STOP_CHAR                           0x20000b44   Data           8  main.o(.data)
    endInterFaceArray                        0x20000b4c   Data          39  main.o(.data)
    timer_cnt                                0x20000b73   Data           1  main.o(.data)
    start                                    0x20000b74   Data           1  main.o(.data)
    buff                                     0x20000b76   Data           8  main.o(.data)
    gameCursor                               0x20000b7e   Data           1  main.o(.data)
    spriteRamAddr                            0x20000b7f   Data           1  main.o(.data)
    GameScore                                0x20000b80   Data           4  main.o(.data)
    fps                                      0x20000b84   Data           4  main.o(.data)
    PS2_KEY                                  0x20000b88   Data           4  main.o(.data)
    game_state                               0x20000b8c   Data           1  main.o(.data)
    gameEndFpsCnt                            0x20000b8d   Data           1  main.o(.data)
    gameEndInterFaceFpsCnt                   0x20000b8e   Data           1  main.o(.data)
    gameEndInterFaceFpsSpeed                 0x20000b8f   Data           1  main.o(.data)
    gameEndInterFaceArrayCnt                 0x20000b90   Data           1  main.o(.data)
    DrawFlag                                 0x20000b91   Data           1  main.o(.data)
    gameRunState                             0x20000b92   Data           1  main.o(.data)
    POINT_COLOR                              0x20000b94   Data           2  lcd.o(.data)
    BACK_COLOR                               0x20000b96   Data           2  lcd.o(.data)
    __stdout                                 0x20000b98   Data           4  retarget.o(.data)
    __stdin                                  0x20000b9c   Data           4  retarget.o(.data)
    Handkey                                  0x20000ba0   Data           2  pstwo.o(.data)
    Comd                                     0x20000ba2   Data           2  pstwo.o(.data)
    MASK                                     0x20000ba4   Data          32  pstwo.o(.data)
    bullet                                   0x20000bc8   Data         200  main.o(.bss)
    bulletsHitMap                            0x20000c90   Data         120  main.o(.bss)
    enmeyBullets                             0x20000d08   Data          50  main.o(.bss)
    enmeyBulletsHitMap                       0x20000d3c   Data         120  main.o(.bss)
    myplane                                  0x20000db4   Data          10  main.o(.bss)
    myPlaneHitMap                            0x20000dc0   Data         120  main.o(.bss)
    enmeyPlane                               0x20000e38   Data         100  main.o(.bss)
    enemyPlaneHitMap                         0x20000e9c   Data         120  main.o(.bss)
    boom                                     0x20000f14   Data         160  main.o(.bss)
    lcddev                                   0x20000fb4   Data          14  lcd.o(.bss)
    Data                                     0x20000fc2   Data           9  pstwo.o(.bss)
    __initial_sp                             0x200013d0   Data           0  startup_cm0ds.o(STACK)



==============================================================================

Memory Map of the image

  Image Entry point : 0x00000065

  Load Region LR_IROM1 (Base: 0x00000000, Size: 0x00003ecc, Max: 0x00008000, ABSOLUTE, COMPRESSED[0x00003840])

    Execution Region ER_IROM1 (Exec base: 0x00000000, Load base: 0x00000000, Size: 0x00003304, Max: 0x00008000, ABSOLUTE)

    Exec Addr    Load Addr    Size         Type   Attr      Idx    E Section Name        Object

    0x00000000   0x00000000   0x00000064   Data   RO          226    RESET               startup_cm0ds.o
    0x00000064   0x00000064   0x00000000   Code   RO         1450  * .ARM.Collect$$$$00000000  mc_p.l(entry.o)
    0x00000064   0x00000064   0x00000004   Code   RO         1734    .ARM.Collect$$$$00000001  mc_p.l(entry2.o)
    0x00000068   0x00000068   0x00000004   Code   RO         1737    .ARM.Collect$$$$00000004  mc_p.l(entry5.o)
    0x0000006c   0x0000006c   0x00000000   Code   RO         1739    .ARM.Collect$$$$00000008  mc_p.l(entry7b.o)
    0x0000006c   0x0000006c   0x00000000   Code   RO         1741    .ARM.Collect$$$$0000000A  mc_p.l(entry8b.o)
    0x0000006c   0x0000006c   0x00000008   Code   RO         1742    .ARM.Collect$$$$0000000B  mc_p.l(entry9a.o)
    0x00000074   0x00000074   0x00000000   Code   RO         1744    .ARM.Collect$$$$0000000D  mc_p.l(entry10a.o)
    0x00000074   0x00000074   0x00000000   Code   RO         1746    .ARM.Collect$$$$0000000F  mc_p.l(entry11a.o)
    0x00000074   0x00000074   0x00000004   Code   RO         1735    .ARM.Collect$$$$00002712  mc_p.l(entry2.o)
    0x00000078   0x00000078   0x000000a4   Code   RO          227    .text               startup_cm0ds.o
    0x0000011c   0x0000011c   0x0000002c   Code   RO         1453    .text               mc_p.l(uidiv.o)
    0x00000148   0x00000148   0x00000028   Code   RO         1455    .text               mc_p.l(idiv.o)
    0x00000170   0x00000170   0x00000024   Code   RO         1457    .text               mc_p.l(rand.o)
    0x00000194   0x00000194   0x00000024   Code   RO         1460    .text               mc_p.l(memcpya.o)
    0x000001b8   0x000001b8   0x000000b2   Code   RO         1726    .text               mf_p.l(fadd.o)
    0x0000026a   0x0000026a   0x0000007c   Code   RO         1728    .text               mf_p.l(fdiv.o)
    0x000002e6   0x000002e6   0x00000016   Code   RO         1730    .text               mf_p.l(fflti.o)
    0x000002fc   0x000002fc   0x00000014   Code   RO         1732    .text               mf_p.l(cfrcmple.o)
    0x00000310   0x00000310   0x00000000   Code   RO         1750    .text               mc_p.l(iusefp.o)
    0x00000310   0x00000310   0x00000082   Code   RO         1751    .text               mf_p.l(fepilogue.o)
    0x00000392   0x00000392   0x00000002   PAD
    0x00000394   0x00000394   0x00000024   Code   RO         1763    .text               mc_p.l(init.o)
    0x000003b8   0x000003b8   0x00000056   Code   RO         1783    .text               mc_p.l(__dczerorl2.o)
    0x0000040e   0x0000040e   0x00000002   Code   RO           99    i.BusFaultHandler   handler.o
    0x00000410   0x00000410   0x00000002   Code   RO          100    i.DebugMonHandler   handler.o
    0x00000412   0x00000412   0x00000002   Code   RO          101    i.HardFaultHandler  handler.o
    0x00000414   0x00000414   0x00000024   Code   RO          102    i.KEY0              handler.o
    0x00000438   0x00000438   0x00000024   Code   RO          103    i.KEY1              handler.o
    0x0000045c   0x0000045c   0x0000000e   Code   RO          104    i.KEY2              handler.o
    0x0000046a   0x0000046a   0x00000002   PAD
    0x0000046c   0x0000046c   0x00000024   Code   RO          105    i.KEY3              handler.o
    0x00000490   0x00000490   0x0000005c   Code   RO          448    i.LCD_Fast_DrawPoint  lcd.o
    0x000004ec   0x000004ec   0x00000110   Code   RO          457    i.LCD_ShowChar      lcd.o
    0x000005fc   0x000005fc   0x00000062   Code   RO          460    i.LCD_ShowString    lcd.o
    0x0000065e   0x0000065e   0x00000026   Code   RO          462    i.LCD_WR_DATA       lcd.o
    0x00000684   0x00000684   0x00000024   Code   RO          463    i.LCD_WR_REG        lcd.o
    0x000006a8   0x000006a8   0x00000038   Code   RO          659    i.LED_toggle        led.o
    0x000006e0   0x000006e0   0x00000008   Code   RO          467    i.MakeData          lcd.o
    0x000006e8   0x000006e8   0x00000002   Code   RO          106    i.MemManageHandler  handler.o
    0x000006ea   0x000006ea   0x00000002   Code   RO          107    i.NMIHandler        handler.o
    0x000006ec   0x000006ec   0x00000014   Code   RO          233    i.NVIC_EnableIRQ    system.o
    0x00000700   0x00000700   0x00000018   Code   RO         1348    i.PS2_ClearData     pstwo.o
    0x00000718   0x00000718   0x00000084   Code   RO         1349    i.PS2_Cmd           pstwo.o
    0x0000079c   0x0000079c   0x00000054   Code   RO         1350    i.PS2_DataKey       pstwo.o
    0x000007f0   0x000007f0   0x00000010   Code   RO         1353    i.PS2_Init          pstwo.o
    0x00000800   0x00000800   0x000000a8   Code   RO         1354    i.PS2_ReadData      pstwo.o
    0x000008a8   0x000008a8   0x00000002   Code   RO          108    i.PendSVHandler     handler.o
    0x000008aa   0x000008aa   0x00000002   Code   RO          109    i.SVCHandler        handler.o
    0x000008ac   0x000008ac   0x0000000c   Code   RO          848    i.Set_SysTick_CTRL  systick.o
    0x000008b8   0x000008b8   0x0000000c   Code   RO          849    i.Set_SysTick_LOAD  systick.o
    0x000008c4   0x000008c4   0x0000000c   Code   RO          850    i.Set_SysTick_VALUE  systick.o
    0x000008d0   0x000008d0   0x0000001c   Code   RO          110    i.SysTickHandler    handler.o
    0x000008ec   0x000008ec   0x0000001c   Code   RO          235    i.SystemInit        system.o
    0x00000908   0x00000908   0x00000002   Code   RO          111    i.Timer_Handler     handler.o
    0x0000090a   0x0000090a   0x00000002   Code   RO          112    i.UARTOVRHandler    handler.o
    0x0000090c   0x0000090c   0x00000030   Code   RO          113    i.UARTRXHandler     handler.o
    0x0000093c   0x0000093c   0x0000003c   Code   RO          114    i.UARTTXHandler     handler.o
    0x00000978   0x00000978   0x00000002   Code   RO          115    i.UsageFaultHandler  handler.o
    0x0000097a   0x0000097a   0x00000002   PAD
    0x0000097c   0x0000097c   0x00000014   Code   RO         1467    i.__0printf$bare    mc_p.l(printfb.o)
    0x00000990   0x00000990   0x0000001c   Code   RO          646    i.__ARM_common_switch8  lcd.o
    0x000009ac   0x000009ac   0x0000000e   Code   RO         1777    i.__scatterload_copy  mc_p.l(handlers.o)
    0x000009ba   0x000009ba   0x00000002   Code   RO         1778    i.__scatterload_null  mc_p.l(handlers.o)
    0x000009bc   0x000009bc   0x0000000e   Code   RO         1779    i.__scatterload_zeroinit  mc_p.l(handlers.o)
    0x000009ca   0x000009ca   0x0000001e   Code   RO         1474    i._printf_core      mc_p.l(printfb.o)
    0x000009e8   0x000009e8   0x000000d8   Code   RO         1124    i.boomDraw          mygame.o
    0x00000ac0   0x00000ac0   0x000000d8   Code   RO         1126    i.buffDraw          mygame.o
    0x00000b98   0x00000b98   0x00000006   Code   RO         1127    i.buffInit          mygame.o
    0x00000b9e   0x00000b9e   0x00000002   PAD
    0x00000ba0   0x00000ba0   0x00000050   Code   RO         1128    i.bulletDraw        mygame.o
    0x00000bf0   0x00000bf0   0x00000024   Code   RO         1129    i.bulletInit        mygame.o
    0x00000c14   0x00000c14   0x00000050   Code   RO         1130    i.bulletsMapCreate  mygame.o
    0x00000c64   0x00000c64   0x00000026   Code   RO         1094    i.clearNameTableAll  spriteram.o
    0x00000c8a   0x00000c8a   0x00000002   PAD
    0x00000c8c   0x00000c8c   0x00000048   Code   RO         1131    i.createOneBoom     mygame.o
    0x00000cd4   0x00000cd4   0x00000018   Code   RO         1132    i.createOneBuff     mygame.o
    0x00000cec   0x00000cec   0x00000210   Code   RO         1133    i.createOneBullet   mygame.o
    0x00000efc   0x00000efc   0x00000150   Code   RO         1134    i.createOneEnmeyBullet  mygame.o
    0x0000104c   0x0000104c   0x000000e4   Code   RO         1135    i.createOneEnmeyPlane  mygame.o
    0x00001130   0x00001130   0x00000020   Code   RO          853    i.delay             systick.o
    0x00001150   0x00001150   0x0000001c   Code   RO          854    i.delay_ms          systick.o
    0x0000116c   0x0000116c   0x00000016   Code   RO          855    i.delay_us          systick.o
    0x00001182   0x00001182   0x00000002   PAD
    0x00001184   0x00001184   0x00000054   Code   RO         1136    i.endInterFaceDraw  mygame.o
    0x000011d8   0x000011d8   0x00000058   Code   RO         1137    i.enemyBulletsMapCreate  mygame.o
    0x00001230   0x00001230   0x00000084   Code   RO         1138    i.enemyMapCreate    mygame.o
    0x000012b4   0x000012b4   0x00000050   Code   RO         1139    i.enmeyBulletDraw   mygame.o
    0x00001304   0x00001304   0x00000024   Code   RO         1140    i.enmeyBulletInit   mygame.o
    0x00001328   0x00001328   0x000002d8   Code   RO         1141    i.enmeyPlaneDraw    mygame.o
    0x00001600   0x00001600   0x00000024   Code   RO         1142    i.enmeyPlaneInit    mygame.o
    0x00001624   0x00001624   0x00000020   Code   RO          691    i.fputc             retarget.o
    0x00001644   0x00001644   0x00000060   Code   RO         1143    i.gameCursorDraw    mygame.o
    0x000016a4   0x000016a4   0x000000b0   Code   RO         1145    i.gameScoreDraw     mygame.o
    0x00001754   0x00001754   0x0000013c   Code   RO         1146    i.gameStartInterfaceShow  mygame.o
    0x00001890   0x00001890   0x00000090   Code   RO         1147    i.isBulletsHit      mygame.o
    0x00001920   0x00001920   0x000000ec   Code   RO         1148    i.isEnemyPlaneHit   mygame.o
    0x00001a0c   0x00001a0c   0x000001a4   Code   RO         1149    i.isMyPlaneHit      mygame.o
    0x00001bb0   0x00001bb0   0x000004f4   Code   RO            3    i.main              main.o
    0x000020a4   0x000020a4   0x0000026c   Code   RO         1150    i.moveEnmeyPlane    mygame.o
    0x00002310   0x00002310   0x00000088   Code   RO         1151    i.myPlaneAct        mygame.o
    0x00002398   0x00002398   0x00000544   Code   RO         1152    i.myPlaneDraw       mygame.o
    0x000028dc   0x000028dc   0x00000024   Code   RO         1153    i.myPlaneInit       mygame.o
    0x00002900   0x00002900   0x00000070   Code   RO         1154    i.myPlaneMapCreate  mygame.o
    0x00002970   0x00002970   0x0000000c   Code   RO         1361    i.readPs2DI         pstwo.o
    0x0000297c   0x0000297c   0x00000018   Code   RO         1155    i.tileMap           mygame.o
    0x00002994   0x00002994   0x00000006   Code   RO          936    i.uart_ClearRxIRQ   uart.o
    0x0000299a   0x0000299a   0x00000006   Code   RO          937    i.uart_ClearTxIRQ   uart.o
    0x000029a0   0x000029a0   0x00000016   Code   RO          945    i.uart_SendChar     uart.o
    0x000029b6   0x000029b6   0x00000058   Code   RO          947    i.uart_init         uart.o
    0x00002a0e   0x00002a0e   0x00000002   PAD
    0x00002a10   0x00002a10   0x00000064   Code   RO         1156    i.updateBoomData    mygame.o
    0x00002a74   0x00002a74   0x0000002e   Code   RO         1157    i.updateBuffData    mygame.o
    0x00002aa2   0x00002aa2   0x00000002   PAD
    0x00002aa4   0x00002aa4   0x00000058   Code   RO         1158    i.updateBulletData  mygame.o
    0x00002afc   0x00002afc   0x000000e0   Code   RO         1159    i.updateEnemyBulletData  mygame.o
    0x00002bdc   0x00002bdc   0x00000068   Code   RO          116    i.vga_Handler       handler.o
    0x00002c44   0x00002c44   0x00000010   Code   RO         1096    i.writeOneNametable  spriteram.o
    0x00002c54   0x00002c54   0x00000024   Code   RO         1097    i.writeOneSprite    spriteram.o
    0x00002c78   0x00002c78   0x0000007c   Data   RO            5    .constdata          main.o
    0x00002cf4   0x00002cf4   0x000005f0   Data   RO          474    .constdata          lcd.o
    0x000032e4   0x000032e4   0x00000020   Data   RO         1775    Region$$Table       anon$$obj.o


    Execution Region RW_IRAM1 (Exec base: 0x20000000, Load base: 0x00003304, Size: 0x000013d0, Max: 0x00004000, ABSOLUTE, COMPRESSED[0x0000053c])

    Exec Addr    Load Addr    Size         Type   Attr      Idx    E Section Name        Object

    0x20000000   COMPRESSED   0x00000b93   Data   RW            6    .data               main.o
    0x20000b93   COMPRESSED   0x00000001   PAD
    0x20000b94   COMPRESSED   0x00000004   Data   RW          475    .data               lcd.o
    0x20000b98   COMPRESSED   0x00000008   Data   RW          692    .data               retarget.o
    0x20000ba0   COMPRESSED   0x00000024   Data   RW         1363    .data               pstwo.o
    0x20000bc4   COMPRESSED   0x00000004   Data   RW         1458    .data               mc_p.l(rand.o)
    0x20000bc8        -       0x000003ec   Zero   RW            4    .bss                main.o
    0x20000fb4        -       0x0000000e   Zero   RW          473    .bss                lcd.o
    0x20000fc2        -       0x00000009   Zero   RW         1362    .bss                pstwo.o
    0x20000fcb   COMPRESSED   0x00000005   PAD
    0x20000fd0        -       0x00000400   Zero   RW          224    STACK               startup_cm0ds.o


==============================================================================

Image component sizes


      Code (inc. data)   RO Data    RW Data    ZI Data      Debug   Object Name

       382         92          0          0          0       7148   handler.o
       572         22       1520          4         14       6749   lcd.o
        56          6          0          0          0        573   led.o
      1268        112        124       2963       1004      14520   main.o
      7128        256          0          0          0      23881   mygame.o
       436         52          0         36          9       3555   pstwo.o
        32          0          0          8          0       2488   retarget.o
        90          8          0          0          0       1729   spriteram.o
       164          8        100          0       1024       1140   startup_cm0ds.o
        48          6          0          0          0       6425   system.o
       118         24          0          0          0       2708   systick.o
       122          0          0          0          0       2696   uart.o

    ----------------------------------------------------------------------
     10430        586       1776       3012       2056      73612   Object Totals
         0          0         32          0          0          0   (incl. Generated)
        14          0          0          1          5          0   (incl. Padding)

    ----------------------------------------------------------------------

      Code (inc. data)   RO Data    RW Data    ZI Data      Debug   Library Member Name

        86          0          0          0          0          0   __dczerorl2.o
         0          0          0          0          0          0   entry.o
         0          0          0          0          0          0   entry10a.o
         0          0          0          0          0          0   entry11a.o
         8          4          0          0          0          0   entry2.o
         4          0          0          0          0          0   entry5.o
         0          0          0          0          0          0   entry7b.o
         0          0          0          0          0          0   entry8b.o
         8          4          0          0          0          0   entry9a.o
        30          0          0          0          0          0   handlers.o
        40          0          0          0          0         72   idiv.o
        36          8          0          0          0         68   init.o
         0          0          0          0          0          0   iusefp.o
        36          0          0          0          0         60   memcpya.o
        50          8          0          0          0        144   printfb.o
        36         12          0          4          0        120   rand.o
        44          0          0          0          0         72   uidiv.o
        20          0          0          0          0         68   cfrcmple.o
       178          0          0          0          0        108   fadd.o
       124          0          0          0          0         72   fdiv.o
       130          0          0          0          0        144   fepilogue.o
        22          0          0          0          0         68   fflti.o

    ----------------------------------------------------------------------
       854         36          0          4          0        996   Library Totals
         2          0          0          0          0          0   (incl. Padding)

    ----------------------------------------------------------------------

      Code (inc. data)   RO Data    RW Data    ZI Data      Debug   Library Name

       378         36          0          4          0        536   mc_p.l
       474          0          0          0          0        460   mf_p.l

    ----------------------------------------------------------------------
       854         36          0          4          0        996   Library Totals

    ----------------------------------------------------------------------

==============================================================================


      Code (inc. data)   RO Data    RW Data    ZI Data      Debug   

     11284        622       1776       3016       2056      70952   Grand Totals
     11284        622       1776       1340       2056      70952   ELF Image Totals (compressed)
     11284        622       1776       1340          0          0   ROM Totals

==============================================================================

    Total RO  Size (Code + RO Data)                13060 (  12.75kB)
    Total RW  Size (RW Data + ZI Data)              5072 (   4.95kB)
    Total ROM Size (Code + RO Data + RW Data)      14400 (  14.06kB)

==============================================================================

