Component: ARM Compiler 5.06 update 6 (build 750) Tool: armlink [4d35ed]

==============================================================================

Section Cross References

    main.o(i.main) refers to spriteram.o(i.writeOneSprite) for writeOneSprite
    main.o(i.main) refers to mygame.o(i.myPlaneInit) for myPlaneInit
    main.o(i.main) refers to mygame.o(i.bulletInit) for bulletInit
    main.o(i.main) refers to mygame.o(i.enmeyPlaneInit) for enmeyPlaneInit
    main.o(i.main) refers to uart.o(i.uart_init) for uart_init
    main.o(i.main) refers to spi_flash.o(i.SPI_Init) for SPI_Init
    main.o(i.main) refers to lcd.o(i.LCD_Init) for LCD_Init
    main.o(i.main) refers to key.o(i.KEY_INIT) for KEY_INIT
    main.o(i.main) refers to main.o(i.NVIC_EnableIRQ) for NVIC_EnableIRQ
    main.o(i.main) refers to timer.o(i.TIMER_Init) for TIMER_Init
    main.o(i.main) refers to malloc.o(i.mymalloc) for mymalloc
    main.o(i.main) refers to malloc.o(i.myfree) for myfree
    main.o(i.main) refers to lcd.o(i.LCD_Clear) for LCD_Clear
    handler.o(i.KEY0) refers to led.o(i.LED_toggle) for LED_toggle
    handler.o(i.KEY0) refers to main.o(.data) for myplane
    handler.o(i.KEY1) refers to led.o(i.LED_toggle) for LED_toggle
    handler.o(i.KEY1) refers to main.o(.data) for myplane
    handler.o(i.KEY2) refers to led.o(i.LED_toggle) for LED_toggle
    handler.o(i.KEY2) refers to mygame.o(i.createOneBullet) for createOneBullet
    handler.o(i.KEY3) refers to led.o(i.LED_toggle) for LED_toggle
    handler.o(i.KEY3) refers to main.o(.data) for myplane
    handler.o(i.SysTickHandler) refers to systick.o(i.Set_SysTick_CTRL) for Set_SysTick_CTRL
    handler.o(i.Timer_Handler) refers to rand.o(.text) for rand
    handler.o(i.Timer_Handler) refers to idiv.o(.text) for __aeabi_idivmod
    handler.o(i.Timer_Handler) refers to mygame.o(i.createOneEnmeyPlane) for createOneEnmeyPlane
    handler.o(i.Timer_Handler) refers to mygame.o(i.myPlaneDraw) for myPlaneDraw
    handler.o(i.Timer_Handler) refers to mygame.o(i.bulletDraw) for bulletDraw
    handler.o(i.Timer_Handler) refers to mygame.o(i.enmeyPlaneDraw) for enmeyPlaneDraw
    handler.o(i.Timer_Handler) refers to mygame.o(i.enemyMapCreate) for enemyMapCreate
    handler.o(i.Timer_Handler) refers to mygame.o(i.bulletsMapCreate) for bulletsMapCreate
    handler.o(i.Timer_Handler) refers to mygame.o(i.isMyPlaneHit) for isMyPlaneHit
    handler.o(i.Timer_Handler) refers to memcpya.o(.text) for __aeabi_memcpy4
    handler.o(i.Timer_Handler) refers to mygame.o(i.isEnemyPlaneHit) for isEnemyPlaneHit
    handler.o(i.Timer_Handler) refers to mygame.o(i.isBulletsHit) for isBulletsHit
    handler.o(i.Timer_Handler) refers to mygame.o(i.gameScoreDraw) for gameScoreDraw
    handler.o(i.Timer_Handler) refers to mygame.o(i.updateBulletData) for updateBulletData
    handler.o(i.Timer_Handler) refers to main.o(.data) for myplane
    handler.o(i.Timer_Handler) refers to main.o(.bss) for enemyPlaneHitMap
    handler.o(i.UARTRXHandler) refers to uart.o(i.uart_ClearRxIRQ) for uart_ClearRxIRQ
    handler.o(i.UARTRXHandler) refers to led.o(i.LED_toggle) for LED_toggle
    handler.o(i.UARTRXHandler) refers to printfb.o(i.__0printf$bare) for __2printf
    handler.o(i.UARTTXHandler) refers to uart.o(i.uart_ClearTxIRQ) for uart_ClearTxIRQ
    handler.o(i.UARTTXHandler) refers to led.o(i.LED_toggle) for LED_toggle
    handler.o(i.UARTTXHandler) refers to lcd.o(i.LCD_ShowString) for LCD_ShowString
    startup_cm0ds.o(RESET) refers to startup_cm0ds.o(STACK) for __initial_sp
    startup_cm0ds.o(RESET) refers to startup_cm0ds.o(.text) for Reset_Handler
    startup_cm0ds.o(.text) refers to handler.o(i.NMIHandler) for NMIHandler
    startup_cm0ds.o(.text) refers to handler.o(i.HardFaultHandler) for HardFaultHandler
    startup_cm0ds.o(.text) refers to handler.o(i.MemManageHandler) for MemManageHandler
    startup_cm0ds.o(.text) refers to handler.o(i.BusFaultHandler) for BusFaultHandler
    startup_cm0ds.o(.text) refers to handler.o(i.UsageFaultHandler) for UsageFaultHandler
    startup_cm0ds.o(.text) refers to handler.o(i.SVCHandler) for SVCHandler
    startup_cm0ds.o(.text) refers to handler.o(i.DebugMonHandler) for DebugMonHandler
    startup_cm0ds.o(.text) refers to handler.o(i.PendSVHandler) for PendSVHandler
    startup_cm0ds.o(.text) refers to handler.o(i.SysTickHandler) for SysTickHandler
    startup_cm0ds.o(.text) refers to handler.o(i.UARTRXHandler) for UARTRXHandler
    startup_cm0ds.o(.text) refers to handler.o(i.UARTTXHandler) for UARTTXHandler
    startup_cm0ds.o(.text) refers to handler.o(i.UARTOVRHandler) for UARTOVRHandler
    startup_cm0ds.o(.text) refers to handler.o(i.KEY0) for KEY0
    startup_cm0ds.o(.text) refers to handler.o(i.KEY1) for KEY1
    startup_cm0ds.o(.text) refers to handler.o(i.KEY2) for KEY2
    startup_cm0ds.o(.text) refers to handler.o(i.KEY3) for KEY3
    startup_cm0ds.o(.text) refers to handler.o(i.Timer_Handler) for Timer_Handler
    startup_cm0ds.o(.text) refers to system.o(i.SystemInit) for SystemInit
    startup_cm0ds.o(.text) refers to entry.o(.ARM.Collect$$$$00000000) for __main
    system.o(i.SystemCoreClockUpdate) refers to system.o(.data) for SystemCoreClock
    system.o(i.SystemInit) refers to system.o(i.NVIC_EnableIRQ) for NVIC_EnableIRQ
    camera.o(i.CAMERA_Command) refers to camera.o(i.CAMERA_Start) for CAMERA_Start
    camera.o(i.CAMERA_Command) refers to camera.o(i.CAMERA_Write_Byte) for CAMERA_Write_Byte
    camera.o(i.CAMERA_Command) refers to camera.o(i.CAMERA_Stop) for CAMERA_Stop
    camera.o(i.CAMERA_Initial) refers to camera.o(i.Set_CAMERA_SDA_W) for Set_CAMERA_SDA_W
    camera.o(i.CAMERA_Initial) refers to camera.o(i.Clr_CAMERA_PWDN) for Clr_CAMERA_PWDN
    camera.o(i.CAMERA_Initial) refers to systick.o(i.delay) for delay
    camera.o(i.CAMERA_Initial) refers to camera.o(i.Set_CAMERA_RST) for Set_CAMERA_RST
    camera.o(i.CAMERA_Initial) refers to camera.o(i.CAMERA_Read_Reg) for CAMERA_Read_Reg
    camera.o(i.CAMERA_Initial) refers to camera.o(i.CAMERA_Command) for CAMERA_Command
    camera.o(i.CAMERA_Initial) refers to camera.o(.constdata) for camera_initial_reg
    camera.o(i.CAMERA_NA) refers to systick.o(i.delay) for delay
    camera.o(i.CAMERA_NA) refers to camera.o(i.Set_CAMERA_SDA) for Set_CAMERA_SDA
    camera.o(i.CAMERA_NA) refers to camera.o(i.Set_CAMERA_SCL) for Set_CAMERA_SCL
    camera.o(i.CAMERA_NA) refers to camera.o(i.Clr_CAMERA_SCL) for Clr_CAMERA_SCL
    camera.o(i.CAMERA_NA) refers to camera.o(i.Clr_CAMERA_SDA) for Clr_CAMERA_SDA
    camera.o(i.CAMERA_Read_Byte) refers to camera.o(i.Set_CAMERA_SDA_R) for Set_CAMERA_SDA_R
    camera.o(i.CAMERA_Read_Byte) refers to systick.o(i.delay) for delay
    camera.o(i.CAMERA_Read_Byte) refers to camera.o(i.Set_CAMERA_SCL) for Set_CAMERA_SCL
    camera.o(i.CAMERA_Read_Byte) refers to camera.o(i.Read_CAMERA_SDA) for Read_CAMERA_SDA
    camera.o(i.CAMERA_Read_Byte) refers to camera.o(i.Clr_CAMERA_SCL) for Clr_CAMERA_SCL
    camera.o(i.CAMERA_Read_Byte) refers to camera.o(i.Set_CAMERA_SDA_W) for Set_CAMERA_SDA_W
    camera.o(i.CAMERA_Read_Reg) refers to camera.o(i.CAMERA_Start) for CAMERA_Start
    camera.o(i.CAMERA_Read_Reg) refers to camera.o(i.CAMERA_Write_Byte) for CAMERA_Write_Byte
    camera.o(i.CAMERA_Read_Reg) refers to camera.o(i.CAMERA_Stop) for CAMERA_Stop
    camera.o(i.CAMERA_Read_Reg) refers to systick.o(i.delay) for delay
    camera.o(i.CAMERA_Read_Reg) refers to camera.o(i.CAMERA_Read_Byte) for CAMERA_Read_Byte
    camera.o(i.CAMERA_Read_Reg) refers to camera.o(i.CAMERA_NA) for CAMERA_NA
    camera.o(i.CAMERA_Start) refers to camera.o(i.Set_CAMERA_SDA) for Set_CAMERA_SDA
    camera.o(i.CAMERA_Start) refers to camera.o(i.Set_CAMERA_SCL) for Set_CAMERA_SCL
    camera.o(i.CAMERA_Start) refers to systick.o(i.delay) for delay
    camera.o(i.CAMERA_Start) refers to camera.o(i.Clr_CAMERA_SDA) for Clr_CAMERA_SDA
    camera.o(i.CAMERA_Start) refers to camera.o(i.Clr_CAMERA_SCL) for Clr_CAMERA_SCL
    camera.o(i.CAMERA_Stop) refers to camera.o(i.Clr_CAMERA_SDA) for Clr_CAMERA_SDA
    camera.o(i.CAMERA_Stop) refers to systick.o(i.delay) for delay
    camera.o(i.CAMERA_Stop) refers to camera.o(i.Set_CAMERA_SCL) for Set_CAMERA_SCL
    camera.o(i.CAMERA_Stop) refers to camera.o(i.Set_CAMERA_SDA) for Set_CAMERA_SDA
    camera.o(i.CAMERA_Waite) refers to systick.o(i.delay) for delay
    camera.o(i.CAMERA_Waite) refers to camera.o(i.Set_CAMERA_SCL) for Set_CAMERA_SCL
    camera.o(i.CAMERA_Waite) refers to camera.o(i.Clr_CAMERA_SCL) for Clr_CAMERA_SCL
    camera.o(i.CAMERA_Write_Byte) refers to camera.o(i.Set_CAMERA_SDA) for Set_CAMERA_SDA
    camera.o(i.CAMERA_Write_Byte) refers to camera.o(i.Clr_CAMERA_SDA) for Clr_CAMERA_SDA
    camera.o(i.CAMERA_Write_Byte) refers to systick.o(i.delay) for delay
    camera.o(i.CAMERA_Write_Byte) refers to camera.o(i.Set_CAMERA_SCL) for Set_CAMERA_SCL
    camera.o(i.CAMERA_Write_Byte) refers to camera.o(i.Clr_CAMERA_SCL) for Clr_CAMERA_SCL
    camera.o(i.CAMERA_Write_Byte) refers to camera.o(i.Set_CAMERA_SDA_R) for Set_CAMERA_SDA_R
    camera.o(i.CAMERA_Write_Byte) refers to camera.o(i.Set_CAMERA_SDA_W) for Set_CAMERA_SDA_W
    camera.o(i.photo) refers to camera.o(i.Set_CAMERA_DATA_STATE) for Set_CAMERA_DATA_STATE
    camera.o(i.photo) refers to camera.o(i.Read_CAMERA_DATA_STATE) for Read_CAMERA_DATA_STATE
    lcd.o(i.Gui_Drawbmp16) refers to lcd.o(i.LCD_Set_Window) for LCD_Set_Window
    lcd.o(i.Gui_Drawbmp16) refers to lcd.o(i.LCD_WR_DATA) for LCD_WR_DATA
    lcd.o(i.Gui_Drawbmp16) refers to lcd.o(.bss) for lcddev
    lcd.o(i.LCD_Clear) refers to lcd.o(i.LCD_SetCursor) for LCD_SetCursor
    lcd.o(i.LCD_Clear) refers to lcd.o(i.LCD_WriteRAM_Prepare) for LCD_WriteRAM_Prepare
    lcd.o(i.LCD_Clear) refers to lcd.o(i.LCD_WR_DATA) for LCD_WR_DATA
    lcd.o(i.LCD_Clear) refers to lcd.o(.bss) for lcddev
    lcd.o(i.LCD_Color_Fill) refers to lcd.o(i.LCD_SetCursor) for LCD_SetCursor
    lcd.o(i.LCD_Color_Fill) refers to lcd.o(i.LCD_WriteRAM_Prepare) for LCD_WriteRAM_Prepare
    lcd.o(i.LCD_Color_Fill) refers to lcd.o(i.LCD_WR_DATA) for LCD_WR_DATA
    lcd.o(i.LCD_DisplayOff) refers to lcd.o(i.LCD_WR_REG) for LCD_WR_REG
    lcd.o(i.LCD_DisplayOn) refers to lcd.o(i.LCD_WR_REG) for LCD_WR_REG
    lcd.o(i.LCD_Display_Dir) refers to lcd.o(i.LCD_Scan_Dir) for LCD_Scan_Dir
    lcd.o(i.LCD_Display_Dir) refers to lcd.o(.bss) for lcddev
    lcd.o(i.LCD_DrawLine) refers to lcd.o(i.LCD_DrawPoint) for LCD_DrawPoint
    lcd.o(i.LCD_DrawPoint) refers to lcd.o(i.LCD_SetCursor) for LCD_SetCursor
    lcd.o(i.LCD_DrawPoint) refers to lcd.o(i.LCD_WriteRAM_Prepare) for LCD_WriteRAM_Prepare
    lcd.o(i.LCD_DrawPoint) refers to lcd.o(i.LCD_WR_DATA) for LCD_WR_DATA
    lcd.o(i.LCD_DrawPoint) refers to lcd.o(.data) for POINT_COLOR
    lcd.o(i.LCD_Fast_DrawPoint) refers to lcd.o(i.LCD_WR_REG) for LCD_WR_REG
    lcd.o(i.LCD_Fast_DrawPoint) refers to lcd.o(i.LCD_WR_DATA) for LCD_WR_DATA
    lcd.o(i.LCD_Fast_DrawPoint) refers to lcd.o(i.MakeData) for MakeData
    lcd.o(i.LCD_Fast_DrawPoint) refers to lcd.o(.bss) for lcddev
    lcd.o(i.LCD_Fill) refers to lcd.o(i.LCD_SetCursor) for LCD_SetCursor
    lcd.o(i.LCD_Fill) refers to lcd.o(i.LCD_WriteRAM_Prepare) for LCD_WriteRAM_Prepare
    lcd.o(i.LCD_Fill) refers to lcd.o(i.LCD_WR_DATA) for LCD_WR_DATA
    lcd.o(i.LCD_Init) refers to systick.o(i.delay) for delay
    lcd.o(i.LCD_Init) refers to lcd.o(i.LCD_WR_REG) for LCD_WR_REG
    lcd.o(i.LCD_Init) refers to lcd.o(i.LCD_WR_DATA) for LCD_WR_DATA
    lcd.o(i.LCD_Init) refers to lcd.o(i.LCD_Display_Dir) for LCD_Display_Dir
    lcd.o(i.LCD_Init) refers to lcd.o(i.LCD_Clear) for LCD_Clear
    lcd.o(i.LCD_Init) refers to lcd.o(.bss) for lcddev
    lcd.o(i.LCD_RD_DATA) refers to lcd.o(i.ReadData) for ReadData
    lcd.o(i.LCD_ReadReg) refers to lcd.o(i.LCD_WR_REG) for LCD_WR_REG
    lcd.o(i.LCD_ReadReg) refers to systick.o(i.delay) for delay
    lcd.o(i.LCD_ReadReg) refers to lcd.o(i.LCD_RD_DATA) for LCD_RD_DATA
    lcd.o(i.LCD_Scan_Dir) refers to lcd.o(i.__ARM_common_switch8) for __ARM_common_switch8
    lcd.o(i.LCD_Scan_Dir) refers to lcd.o(i.LCD_WriteReg) for LCD_WriteReg
    lcd.o(i.LCD_Scan_Dir) refers to lcd.o(i.LCD_WR_REG) for LCD_WR_REG
    lcd.o(i.LCD_Scan_Dir) refers to lcd.o(i.LCD_WR_DATA) for LCD_WR_DATA
    lcd.o(i.LCD_Scan_Dir) refers to lcd.o(.bss) for lcddev
    lcd.o(i.LCD_SetCursor) refers to lcd.o(i.LCD_WR_REG) for LCD_WR_REG
    lcd.o(i.LCD_SetCursor) refers to lcd.o(i.LCD_WR_DATA) for LCD_WR_DATA
    lcd.o(i.LCD_SetCursor) refers to lcd.o(.bss) for lcddev
    lcd.o(i.LCD_Set_Window) refers to lcd.o(i.LCD_WR_REG) for LCD_WR_REG
    lcd.o(i.LCD_Set_Window) refers to lcd.o(i.LCD_WR_DATA) for LCD_WR_DATA
    lcd.o(i.LCD_Set_Window) refers to lcd.o(i.LCD_WriteRAM_Prepare) for LCD_WriteRAM_Prepare
    lcd.o(i.LCD_Set_Window) refers to lcd.o(.bss) for lcddev
    lcd.o(i.LCD_ShowChar) refers to lcd.o(i.LCD_Fast_DrawPoint) for LCD_Fast_DrawPoint
    lcd.o(i.LCD_ShowChar) refers to lcd.o(.constdata) for asc2_1608
    lcd.o(i.LCD_ShowChar) refers to lcd.o(.data) for POINT_COLOR
    lcd.o(i.LCD_ShowChar) refers to lcd.o(.bss) for lcddev
    lcd.o(i.LCD_ShowChar1) refers to lcd.o(i.LCD_Set_Window) for LCD_Set_Window
    lcd.o(i.LCD_ShowChar1) refers to lcd.o(i.LCD_WR_DATA) for LCD_WR_DATA
    lcd.o(i.LCD_ShowChar1) refers to lcd.o(i.LCD_DrawPoint) for LCD_DrawPoint
    lcd.o(i.LCD_ShowChar1) refers to lcd.o(.data) for POINT_COLOR
    lcd.o(i.LCD_ShowChar1) refers to lcd.o(.constdata) for asc2_1608
    lcd.o(i.LCD_ShowChar1) refers to lcd.o(.bss) for lcddev
    lcd.o(i.LCD_ShowNum) refers to lcd.o(i.LCD_Pow) for LCD_Pow
    lcd.o(i.LCD_ShowNum) refers to uidiv.o(.text) for __aeabi_uidivmod
    lcd.o(i.LCD_ShowNum) refers to lcd.o(i.LCD_ShowChar) for LCD_ShowChar
    lcd.o(i.LCD_ShowString) refers to lcd.o(i.LCD_ShowChar) for LCD_ShowChar
    lcd.o(i.LCD_ShowxNum) refers to lcd.o(i.LCD_Pow) for LCD_Pow
    lcd.o(i.LCD_ShowxNum) refers to uidiv.o(.text) for __aeabi_uidivmod
    lcd.o(i.LCD_ShowxNum) refers to lcd.o(i.LCD_ShowChar) for LCD_ShowChar
    lcd.o(i.LCD_WR_DATA) refers to lcd.o(i.MakeData) for MakeData
    lcd.o(i.LCD_WR_REG) refers to lcd.o(i.MakeData) for MakeData
    lcd.o(i.LCD_WriteRAM) refers to lcd.o(i.LCD_WR_DATA) for LCD_WR_DATA
    lcd.o(i.LCD_WriteRAM_Prepare) refers to lcd.o(i.LCD_WR_REG) for LCD_WR_REG
    lcd.o(i.LCD_WriteRAM_Prepare) refers to lcd.o(.bss) for lcddev
    lcd.o(i.LCD_WriteReg) refers to lcd.o(i.LCD_WR_REG) for LCD_WR_REG
    lcd.o(i.LCD_WriteReg) refers to lcd.o(i.LCD_WR_DATA) for LCD_WR_DATA
    lcd.o(i.Paint8x8x2bin) refers to lcd.o(i.LCD_Fast_DrawPoint) for LCD_Fast_DrawPoint
    lcd.o(i.Paint_PicBin) refers to idiv.o(.text) for __aeabi_idivmod
    lcd.o(i.Paint_PicBin) refers to lcd.o(i.LCD_DrawPoint) for LCD_DrawPoint
    lcd.o(i.Paint_PicBin) refers to lcd.o(.data) for POINT_COLOR
    lcd.o(i.Show_Str) refers to lcd.o(i.LCD_ShowChar1) for LCD_ShowChar1
    lcd.o(i.Show_Str) refers to lcd.o(.bss) for lcddev
    retarget.o(i._ttywrch) refers to uart.o(i.uart_SendChar) for uart_SendChar
    retarget.o(i.fgetc) refers to uart.o(i.uart_ReceiveChar) for uart_ReceiveChar
    retarget.o(i.fgetc) refers to uart.o(i.uart_SendChar) for uart_SendChar
    retarget.o(i.fputc) refers to uart.o(i.uart_SendChar) for uart_SendChar
    spi_flash.o(i.SPI_FLASH_Clear_SR) refers to spi_flash.o(i.SPI_FLASH_Write_Enable) for SPI_FLASH_Write_Enable
    spi_flash.o(i.SPI_FLASH_Clear_SR) refers to spi_flash.o(i.SPI_ReadWriteByte) for SPI_ReadWriteByte
    spi_flash.o(i.SPI_FLASH_Write_Disable) refers to spi_flash.o(i.SPI_ReadWriteByte) for SPI_ReadWriteByte
    spi_flash.o(i.SPI_FLASH_Write_Enable) refers to spi_flash.o(i.SPI_ReadWriteByte) for SPI_ReadWriteByte
    spi_flash.o(i.SPI_FLASH_Write_SR) refers to spi_flash.o(i.SPI_ReadWriteByte) for SPI_ReadWriteByte
    spi_flash.o(i.SPI_Flash_Erase_Block) refers to spi_flash.o(i.SPI_FLASH_Write_Enable) for SPI_FLASH_Write_Enable
    spi_flash.o(i.SPI_Flash_Erase_Block) refers to spi_flash.o(i.SPI_Flash_Wait_Busy) for SPI_Flash_Wait_Busy
    spi_flash.o(i.SPI_Flash_Erase_Block) refers to spi_flash.o(i.SPI_ReadWriteByte) for SPI_ReadWriteByte
    spi_flash.o(i.SPI_Flash_Erase_Chip) refers to spi_flash.o(i.SPI_FLASH_Write_Enable) for SPI_FLASH_Write_Enable
    spi_flash.o(i.SPI_Flash_Erase_Chip) refers to spi_flash.o(i.SPI_Flash_Wait_Busy) for SPI_Flash_Wait_Busy
    spi_flash.o(i.SPI_Flash_Erase_Chip) refers to spi_flash.o(i.SPI_ReadWriteByte) for SPI_ReadWriteByte
    spi_flash.o(i.SPI_Flash_Erase_Sector) refers to spi_flash.o(i.SPI_FLASH_Write_Enable) for SPI_FLASH_Write_Enable
    spi_flash.o(i.SPI_Flash_Erase_Sector) refers to spi_flash.o(i.SPI_Flash_Wait_Busy) for SPI_Flash_Wait_Busy
    spi_flash.o(i.SPI_Flash_Erase_Sector) refers to spi_flash.o(i.SPI_ReadWriteByte) for SPI_ReadWriteByte
    spi_flash.o(i.SPI_Flash_Read) refers to spi_flash.o(i.SPI_ReadWriteByte) for SPI_ReadWriteByte
    spi_flash.o(i.SPI_Flash_ReadID) refers to spi_flash.o(i.SPI_ReadWriteByte) for SPI_ReadWriteByte
    spi_flash.o(i.SPI_Flash_ReadSR) refers to spi_flash.o(i.SPI_ReadWriteByte) for SPI_ReadWriteByte
    spi_flash.o(i.SPI_Flash_Wait_Busy) refers to spi_flash.o(i.SPI_Flash_ReadSR) for SPI_Flash_ReadSR
    spi_flash.o(i.SPI_Flash_Write_Max65536) refers to spi_flash.o(i.SPI_Flash_Read) for SPI_Flash_Read
    spi_flash.o(i.SPI_Flash_Write_Max65536) refers to spi_flash.o(i.SPI_Flash_Erase_Sector) for SPI_Flash_Erase_Sector
    spi_flash.o(i.SPI_Flash_Write_Max65536) refers to spi_flash.o(i.SPI_Flash_Write_NoCheck) for SPI_Flash_Write_NoCheck
    spi_flash.o(i.SPI_Flash_Write_NoCheck) refers to spi_flash.o(i.SPI_Flash_Write_Page) for SPI_Flash_Write_Page
    spi_flash.o(i.SPI_Flash_Write_Page) refers to spi_flash.o(i.SPI_FLASH_Write_Enable) for SPI_FLASH_Write_Enable
    spi_flash.o(i.SPI_Flash_Write_Page) refers to spi_flash.o(i.SPI_ReadWriteByte) for SPI_ReadWriteByte
    spi_flash.o(i.SPI_Flash_Write_Page) refers to spi_flash.o(i.SPI_Flash_Wait_Busy) for SPI_Flash_Wait_Busy
    spi_flash.o(i.SPI_ReadWriteByte) refers to spi_flash.o(i.Is_SPI_Ready) for Is_SPI_Ready
    spi_flash.o(i.SPI_ReadWriteByte) refers to spi_flash.o(i.SPI_SendData) for SPI_SendData
    systick.o(i.delay) refers to systick.o(i.Set_SysTick_CTRL) for Set_SysTick_CTRL
    systick.o(i.delay) refers to systick.o(i.Set_SysTick_LOAD) for Set_SysTick_LOAD
    systick.o(i.delay) refers to systick.o(i.Set_SysTick_VALUE) for Set_SysTick_VALUE
    systick.o(i.delay_ms) refers to systick.o(i.delay) for delay
    uart.o(i.uart_SendString) refers to strlen.o(.text) for strlen
    uart.o(i.uart_SendString) refers to uart.o(i.uart_SendChar) for uart_SendChar
    malloc.o(i.mem_free) refers to malloc.o(.data) for mallco_dev
    malloc.o(i.mem_init) refers to malloc.o(i.mymemset) for mymemset
    malloc.o(i.mem_init) refers to malloc.o(.data) for mallco_dev
    malloc.o(i.mem_malloc) refers to malloc.o(.data) for mallco_dev
    malloc.o(i.mem_perused) refers to malloc.o(.data) for mallco_dev
    malloc.o(i.myfree) refers to malloc.o(i.mem_free) for mem_free
    malloc.o(i.myfree) refers to malloc.o(.data) for mallco_dev
    malloc.o(i.mymalloc) refers to malloc.o(i.mem_malloc) for mem_malloc
    malloc.o(i.mymalloc) refers to malloc.o(.data) for mallco_dev
    malloc.o(i.myrealloc) refers to malloc.o(i.mem_malloc) for mem_malloc
    malloc.o(i.myrealloc) refers to malloc.o(i.mymemcpy) for mymemcpy
    malloc.o(i.myrealloc) refers to malloc.o(i.myfree) for myfree
    malloc.o(i.myrealloc) refers to malloc.o(.data) for mallco_dev
    malloc.o(.data) refers to malloc.o(i.mem_init) for mem_init
    malloc.o(.data) refers to malloc.o(i.mem_perused) for mem_perused
    malloc.o(.data) refers to malloc.o(.bss) for membase
    mygame.o(i.boomDraw) refers to spriteram.o(i.writeOneSprite) for writeOneSprite
    mygame.o(i.bulletDraw) refers to spriteram.o(i.writeOneSprite) for writeOneSprite
    mygame.o(i.bulletDraw) refers to main.o(.bss) for bullet
    mygame.o(i.bulletDraw) refers to main.o(.constdata) for BULLET_NUMMAX
    mygame.o(i.bulletInit) refers to main.o(.bss) for bullet
    mygame.o(i.bulletInit) refers to main.o(.constdata) for BULLET_NUMMAX
    mygame.o(i.bulletsMapCreate) refers to mygame.o(i.tileMap) for tileMap
    mygame.o(i.bulletsMapCreate) refers to main.o(.constdata) for BULLET_NUMMAX
    mygame.o(i.createOneBullet) refers to main.o(.bss) for bullet
    mygame.o(i.createOneBullet) refers to main.o(.data) for myplane
    mygame.o(i.createOneBullet) refers to main.o(.constdata) for BULLET_NUMMAX
    mygame.o(i.createOneEnmeyPlane) refers to main.o(.bss) for enmeyPlane
    mygame.o(i.createOneEnmeyPlane) refers to main.o(.constdata) for ENEMY_NUMMAX
    mygame.o(i.enemyMapCreate) refers to mygame.o(i.tileMap) for tileMap
    mygame.o(i.enemyMapCreate) refers to main.o(.constdata) for ENEMY_NUMMAX
    mygame.o(i.enmeyPlaneDraw) refers to spriteram.o(i.writeOneSprite) for writeOneSprite
    mygame.o(i.enmeyPlaneDraw) refers to main.o(.bss) for enmeyPlane
    mygame.o(i.enmeyPlaneDraw) refers to main.o(.constdata) for ENEMY_NUMMAX
    mygame.o(i.enmeyPlaneInit) refers to main.o(.bss) for enmeyPlane
    mygame.o(i.enmeyPlaneInit) refers to main.o(.constdata) for ENEMY_NUMMAX
    mygame.o(i.gameScoreDraw) refers to uidiv.o(.text) for __aeabi_uidivmod
    mygame.o(i.gameScoreDraw) refers to spriteram.o(i.writeOneSprite) for writeOneSprite
    mygame.o(i.isBulletsHit) refers to main.o(.constdata) for BULLET_NUMMAX
    mygame.o(i.isEnemyPlaneHit) refers to mygame.o(i.boomDraw) for boomDraw
    mygame.o(i.isEnemyPlaneHit) refers to main.o(.data) for GameScore
    mygame.o(i.isEnemyPlaneHit) refers to main.o(.constdata) for ENEMY_NUMMAX
    mygame.o(i.isMyPlaneHit) refers to mygame.o(i.enemyMapCreate) for enemyMapCreate
    mygame.o(i.isMyPlaneHit) refers to mygame.o(i.boomDraw) for boomDraw
    mygame.o(i.isMyPlaneHit) refers to main.o(.bss) for enmeyPlane
    mygame.o(i.isMyPlaneHit) refers to main.o(.data) for myplane
    mygame.o(i.myPlaneDraw) refers to spriteram.o(i.writeOneSprite) for writeOneSprite
    mygame.o(i.myPlaneDraw) refers to main.o(.data) for myplane
    mygame.o(i.myPlaneInit) refers to main.o(.data) for myplane
    mygame.o(i.myPlaneMapCreate) refers to mygame.o(i.tileMap) for tileMap
    mygame.o(i.updateBulletData) refers to main.o(.bss) for bullet
    mygame.o(i.updateBulletData) refers to main.o(.constdata) for BULLET_NUMMAX
    entry.o(.ARM.Collect$$$$00000000) refers (Special) to entry10a.o(.ARM.Collect$$$$0000000D) for __rt_final_cpp
    entry.o(.ARM.Collect$$$$00000000) refers (Special) to entry11a.o(.ARM.Collect$$$$0000000F) for __rt_final_exit
    entry.o(.ARM.Collect$$$$00000000) refers (Special) to entry7b.o(.ARM.Collect$$$$00000008) for _main_clock
    entry.o(.ARM.Collect$$$$00000000) refers (Special) to entry8b.o(.ARM.Collect$$$$0000000A) for _main_cpp_init
    entry.o(.ARM.Collect$$$$00000000) refers (Special) to entry9a.o(.ARM.Collect$$$$0000000B) for _main_init
    entry.o(.ARM.Collect$$$$00000000) refers (Special) to entry5.o(.ARM.Collect$$$$00000004) for _main_scatterload
    entry.o(.ARM.Collect$$$$00000000) refers (Special) to entry2.o(.ARM.Collect$$$$00000001) for _main_stk
    idiv.o(.text) refers to uidiv.o(.text) for __aeabi_uidivmod
    rand.o(.text) refers to rand.o(.data) for .data
    printfb.o(i.__0fprintf$bare) refers to printfb.o(i._printf_core) for _printf_core
    printfb.o(i.__0fprintf$bare) refers to retarget.o(i.fputc) for fputc
    printfb.o(i.__0printf$bare) refers to printfb.o(i._printf_core) for _printf_core
    printfb.o(i.__0printf$bare) refers to retarget.o(i.fputc) for fputc
    printfb.o(i.__0printf$bare) refers to retarget.o(.data) for __stdout
    printfb.o(i.__0snprintf$bare) refers to printfb.o(i._printf_core) for _printf_core
    printfb.o(i.__0snprintf$bare) refers to printfb.o(i._snputc) for _snputc
    printfb.o(i.__0sprintf$bare) refers to printfb.o(i._printf_core) for _printf_core
    printfb.o(i.__0sprintf$bare) refers to printfb.o(i._sputc) for _sputc
    printfb.o(i.__0vfprintf$bare) refers to printfb.o(i._printf_core) for _printf_core
    printfb.o(i.__0vfprintf$bare) refers to retarget.o(i.fputc) for fputc
    printfb.o(i.__0vprintf$bare) refers to printfb.o(i._printf_core) for _printf_core
    printfb.o(i.__0vprintf$bare) refers to retarget.o(i.fputc) for fputc
    printfb.o(i.__0vprintf$bare) refers to retarget.o(.data) for __stdout
    printfb.o(i.__0vsnprintf$bare) refers to printfb.o(i._printf_core) for _printf_core
    printfb.o(i.__0vsnprintf$bare) refers to printfb.o(i._snputc) for _snputc
    printfb.o(i.__0vsprintf$bare) refers to printfb.o(i._printf_core) for _printf_core
    printfb.o(i.__0vsprintf$bare) refers to printfb.o(i._sputc) for _sputc
    printf0.o(i.__0fprintf$0) refers to printf0.o(i._printf_core) for _printf_core
    printf0.o(i.__0fprintf$0) refers to retarget.o(i.fputc) for fputc
    printf0.o(i.__0printf$0) refers to printf0.o(i._printf_core) for _printf_core
    printf0.o(i.__0printf$0) refers to retarget.o(i.fputc) for fputc
    printf0.o(i.__0printf$0) refers to retarget.o(.data) for __stdout
    printf0.o(i.__0snprintf$0) refers to printf0.o(i._printf_core) for _printf_core
    printf0.o(i.__0snprintf$0) refers to printf0.o(i._snputc) for _snputc
    printf0.o(i.__0sprintf$0) refers to printf0.o(i._printf_core) for _printf_core
    printf0.o(i.__0sprintf$0) refers to printf0.o(i._sputc) for _sputc
    printf0.o(i.__0vfprintf$0) refers to printf0.o(i._printf_core) for _printf_core
    printf0.o(i.__0vfprintf$0) refers to retarget.o(i.fputc) for fputc
    printf0.o(i.__0vprintf$0) refers to printf0.o(i._printf_core) for _printf_core
    printf0.o(i.__0vprintf$0) refers to retarget.o(i.fputc) for fputc
    printf0.o(i.__0vprintf$0) refers to retarget.o(.data) for __stdout
    printf0.o(i.__0vsnprintf$0) refers to printf0.o(i._printf_core) for _printf_core
    printf0.o(i.__0vsnprintf$0) refers to printf0.o(i._snputc) for _snputc
    printf0.o(i.__0vsprintf$0) refers to printf0.o(i._printf_core) for _printf_core
    printf0.o(i.__0vsprintf$0) refers to printf0.o(i._sputc) for _sputc
    printf1.o(i.__0fprintf$1) refers to printf1.o(i._printf_core) for _printf_core
    printf1.o(i.__0fprintf$1) refers to retarget.o(i.fputc) for fputc
    printf1.o(i.__0printf$1) refers to printf1.o(i._printf_core) for _printf_core
    printf1.o(i.__0printf$1) refers to retarget.o(i.fputc) for fputc
    printf1.o(i.__0printf$1) refers to retarget.o(.data) for __stdout
    printf1.o(i.__0snprintf$1) refers to printf1.o(i._printf_core) for _printf_core
    printf1.o(i.__0snprintf$1) refers to printf1.o(i._snputc) for _snputc
    printf1.o(i.__0sprintf$1) refers to printf1.o(i._printf_core) for _printf_core
    printf1.o(i.__0sprintf$1) refers to printf1.o(i._sputc) for _sputc
    printf1.o(i.__0vfprintf$1) refers to printf1.o(i._printf_core) for _printf_core
    printf1.o(i.__0vfprintf$1) refers to retarget.o(i.fputc) for fputc
    printf1.o(i.__0vprintf$1) refers to printf1.o(i._printf_core) for _printf_core
    printf1.o(i.__0vprintf$1) refers to retarget.o(i.fputc) for fputc
    printf1.o(i.__0vprintf$1) refers to retarget.o(.data) for __stdout
    printf1.o(i.__0vsnprintf$1) refers to printf1.o(i._printf_core) for _printf_core
    printf1.o(i.__0vsnprintf$1) refers to printf1.o(i._snputc) for _snputc
    printf1.o(i.__0vsprintf$1) refers to printf1.o(i._printf_core) for _printf_core
    printf1.o(i.__0vsprintf$1) refers to printf1.o(i._sputc) for _sputc
    printf1.o(i._printf_core) refers to uidiv.o(.text) for __aeabi_uidivmod
    printf2.o(i.__0fprintf$2) refers to printf2.o(i._printf_core) for _printf_core
    printf2.o(i.__0fprintf$2) refers to retarget.o(i.fputc) for fputc
    printf2.o(i.__0printf$2) refers to printf2.o(i._printf_core) for _printf_core
    printf2.o(i.__0printf$2) refers to retarget.o(i.fputc) for fputc
    printf2.o(i.__0printf$2) refers to retarget.o(.data) for __stdout
    printf2.o(i.__0snprintf$2) refers to printf2.o(i._printf_core) for _printf_core
    printf2.o(i.__0snprintf$2) refers to printf2.o(i._snputc) for _snputc
    printf2.o(i.__0sprintf$2) refers to printf2.o(i._printf_core) for _printf_core
    printf2.o(i.__0sprintf$2) refers to printf2.o(i._sputc) for _sputc
    printf2.o(i.__0vfprintf$2) refers to printf2.o(i._printf_core) for _printf_core
    printf2.o(i.__0vfprintf$2) refers to retarget.o(i.fputc) for fputc
    printf2.o(i.__0vprintf$2) refers to printf2.o(i._printf_core) for _printf_core
    printf2.o(i.__0vprintf$2) refers to retarget.o(i.fputc) for fputc
    printf2.o(i.__0vprintf$2) refers to retarget.o(.data) for __stdout
    printf2.o(i.__0vsnprintf$2) refers to printf2.o(i._printf_core) for _printf_core
    printf2.o(i.__0vsnprintf$2) refers to printf2.o(i._snputc) for _snputc
    printf2.o(i.__0vsprintf$2) refers to printf2.o(i._printf_core) for _printf_core
    printf2.o(i.__0vsprintf$2) refers to printf2.o(i._sputc) for _sputc
    printf3.o(i.__0fprintf$3) refers to printf3.o(i._printf_core) for _printf_core
    printf3.o(i.__0fprintf$3) refers to retarget.o(i.fputc) for fputc
    printf3.o(i.__0printf$3) refers to printf3.o(i._printf_core) for _printf_core
    printf3.o(i.__0printf$3) refers to retarget.o(i.fputc) for fputc
    printf3.o(i.__0printf$3) refers to retarget.o(.data) for __stdout
    printf3.o(i.__0snprintf$3) refers to printf3.o(i._printf_core) for _printf_core
    printf3.o(i.__0snprintf$3) refers to printf3.o(i._snputc) for _snputc
    printf3.o(i.__0sprintf$3) refers to printf3.o(i._printf_core) for _printf_core
    printf3.o(i.__0sprintf$3) refers to printf3.o(i._sputc) for _sputc
    printf3.o(i.__0vfprintf$3) refers to printf3.o(i._printf_core) for _printf_core
    printf3.o(i.__0vfprintf$3) refers to retarget.o(i.fputc) for fputc
    printf3.o(i.__0vprintf$3) refers to printf3.o(i._printf_core) for _printf_core
    printf3.o(i.__0vprintf$3) refers to retarget.o(i.fputc) for fputc
    printf3.o(i.__0vprintf$3) refers to retarget.o(.data) for __stdout
    printf3.o(i.__0vsnprintf$3) refers to printf3.o(i._printf_core) for _printf_core
    printf3.o(i.__0vsnprintf$3) refers to printf3.o(i._snputc) for _snputc
    printf3.o(i.__0vsprintf$3) refers to printf3.o(i._printf_core) for _printf_core
    printf3.o(i.__0vsprintf$3) refers to printf3.o(i._sputc) for _sputc
    printf3.o(i._printf_core) refers to uidiv.o(.text) for __aeabi_uidivmod
    printf4.o(i.__0fprintf$4) refers to printf4.o(i._printf_core) for _printf_core
    printf4.o(i.__0fprintf$4) refers to retarget.o(i.fputc) for fputc
    printf4.o(i.__0printf$4) refers to printf4.o(i._printf_core) for _printf_core
    printf4.o(i.__0printf$4) refers to retarget.o(i.fputc) for fputc
    printf4.o(i.__0printf$4) refers to retarget.o(.data) for __stdout
    printf4.o(i.__0snprintf$4) refers to printf4.o(i._printf_core) for _printf_core
    printf4.o(i.__0snprintf$4) refers to printf4.o(i._snputc) for _snputc
    printf4.o(i.__0sprintf$4) refers to printf4.o(i._printf_core) for _printf_core
    printf4.o(i.__0sprintf$4) refers to printf4.o(i._sputc) for _sputc
    printf4.o(i.__0vfprintf$4) refers to printf4.o(i._printf_core) for _printf_core
    printf4.o(i.__0vfprintf$4) refers to retarget.o(i.fputc) for fputc
    printf4.o(i.__0vprintf$4) refers to printf4.o(i._printf_core) for _printf_core
    printf4.o(i.__0vprintf$4) refers to retarget.o(i.fputc) for fputc
    printf4.o(i.__0vprintf$4) refers to retarget.o(.data) for __stdout
    printf4.o(i.__0vsnprintf$4) refers to printf4.o(i._printf_core) for _printf_core
    printf4.o(i.__0vsnprintf$4) refers to printf4.o(i._snputc) for _snputc
    printf4.o(i.__0vsprintf$4) refers to printf4.o(i._printf_core) for _printf_core
    printf4.o(i.__0vsprintf$4) refers to printf4.o(i._sputc) for _sputc
    printf4.o(i._printf_core) refers to uldiv.o(.text) for __aeabi_uldivmod
    printf5.o(i.__0fprintf$5) refers to printf5.o(i._printf_core) for _printf_core
    printf5.o(i.__0fprintf$5) refers to retarget.o(i.fputc) for fputc
    printf5.o(i.__0printf$5) refers to printf5.o(i._printf_core) for _printf_core
    printf5.o(i.__0printf$5) refers to retarget.o(i.fputc) for fputc
    printf5.o(i.__0printf$5) refers to retarget.o(.data) for __stdout
    printf5.o(i.__0snprintf$5) refers to printf5.o(i._printf_core) for _printf_core
    printf5.o(i.__0snprintf$5) refers to printf5.o(i._snputc) for _snputc
    printf5.o(i.__0sprintf$5) refers to printf5.o(i._printf_core) for _printf_core
    printf5.o(i.__0sprintf$5) refers to printf5.o(i._sputc) for _sputc
    printf5.o(i.__0vfprintf$5) refers to printf5.o(i._printf_core) for _printf_core
    printf5.o(i.__0vfprintf$5) refers to retarget.o(i.fputc) for fputc
    printf5.o(i.__0vprintf$5) refers to printf5.o(i._printf_core) for _printf_core
    printf5.o(i.__0vprintf$5) refers to retarget.o(i.fputc) for fputc
    printf5.o(i.__0vprintf$5) refers to retarget.o(.data) for __stdout
    printf5.o(i.__0vsnprintf$5) refers to printf5.o(i._printf_core) for _printf_core
    printf5.o(i.__0vsnprintf$5) refers to printf5.o(i._snputc) for _snputc
    printf5.o(i.__0vsprintf$5) refers to printf5.o(i._printf_core) for _printf_core
    printf5.o(i.__0vsprintf$5) refers to printf5.o(i._sputc) for _sputc
    printf5.o(i._printf_core) refers to uldiv.o(.text) for __aeabi_uldivmod
    printf6.o(i.__0fprintf$6) refers to printf6.o(i._printf_core) for _printf_core
    printf6.o(i.__0fprintf$6) refers to retarget.o(i.fputc) for fputc
    printf6.o(i.__0printf$6) refers to printf6.o(i._printf_core) for _printf_core
    printf6.o(i.__0printf$6) refers to retarget.o(i.fputc) for fputc
    printf6.o(i.__0printf$6) refers to retarget.o(.data) for __stdout
    printf6.o(i.__0snprintf$6) refers to printf6.o(i._printf_core) for _printf_core
    printf6.o(i.__0snprintf$6) refers to printf6.o(i._snputc) for _snputc
    printf6.o(i.__0sprintf$6) refers to printf6.o(i._printf_core) for _printf_core
    printf6.o(i.__0sprintf$6) refers to printf6.o(i._sputc) for _sputc
    printf6.o(i.__0vfprintf$6) refers to printf6.o(i._printf_core) for _printf_core
    printf6.o(i.__0vfprintf$6) refers to retarget.o(i.fputc) for fputc
    printf6.o(i.__0vprintf$6) refers to printf6.o(i._printf_core) for _printf_core
    printf6.o(i.__0vprintf$6) refers to retarget.o(i.fputc) for fputc
    printf6.o(i.__0vprintf$6) refers to retarget.o(.data) for __stdout
    printf6.o(i.__0vsnprintf$6) refers to printf6.o(i._printf_core) for _printf_core
    printf6.o(i.__0vsnprintf$6) refers to printf6.o(i._snputc) for _snputc
    printf6.o(i.__0vsprintf$6) refers to printf6.o(i._printf_core) for _printf_core
    printf6.o(i.__0vsprintf$6) refers to printf6.o(i._sputc) for _sputc
    printf6.o(i._printf_core) refers to printf6.o(i._printf_pre_padding) for _printf_pre_padding
    printf6.o(i._printf_core) refers to printf6.o(i._printf_post_padding) for _printf_post_padding
    printf6.o(i._printf_core) refers to uidiv.o(.text) for __aeabi_uidivmod
    printf7.o(i.__0fprintf$7) refers to printf7.o(i._printf_core) for _printf_core
    printf7.o(i.__0fprintf$7) refers to retarget.o(i.fputc) for fputc
    printf7.o(i.__0printf$7) refers to printf7.o(i._printf_core) for _printf_core
    printf7.o(i.__0printf$7) refers to retarget.o(i.fputc) for fputc
    printf7.o(i.__0printf$7) refers to retarget.o(.data) for __stdout
    printf7.o(i.__0snprintf$7) refers to printf7.o(i._printf_core) for _printf_core
    printf7.o(i.__0snprintf$7) refers to printf7.o(i._snputc) for _snputc
    printf7.o(i.__0sprintf$7) refers to printf7.o(i._printf_core) for _printf_core
    printf7.o(i.__0sprintf$7) refers to printf7.o(i._sputc) for _sputc
    printf7.o(i.__0vfprintf$7) refers to printf7.o(i._printf_core) for _printf_core
    printf7.o(i.__0vfprintf$7) refers to retarget.o(i.fputc) for fputc
    printf7.o(i.__0vprintf$7) refers to printf7.o(i._printf_core) for _printf_core
    printf7.o(i.__0vprintf$7) refers to retarget.o(i.fputc) for fputc
    printf7.o(i.__0vprintf$7) refers to retarget.o(.data) for __stdout
    printf7.o(i.__0vsnprintf$7) refers to printf7.o(i._printf_core) for _printf_core
    printf7.o(i.__0vsnprintf$7) refers to printf7.o(i._snputc) for _snputc
    printf7.o(i.__0vsprintf$7) refers to printf7.o(i._printf_core) for _printf_core
    printf7.o(i.__0vsprintf$7) refers to printf7.o(i._sputc) for _sputc
    printf7.o(i._printf_core) refers to printf7.o(i._printf_pre_padding) for _printf_pre_padding
    printf7.o(i._printf_core) refers to printf7.o(i._printf_post_padding) for _printf_post_padding
    printf7.o(i._printf_core) refers to uldiv.o(.text) for __aeabi_uldivmod
    printf8.o(i.__0fprintf$8) refers to printf8.o(i._printf_core) for _printf_core
    printf8.o(i.__0fprintf$8) refers to retarget.o(i.fputc) for fputc
    printf8.o(i.__0printf$8) refers to printf8.o(i._printf_core) for _printf_core
    printf8.o(i.__0printf$8) refers to retarget.o(i.fputc) for fputc
    printf8.o(i.__0printf$8) refers to retarget.o(.data) for __stdout
    printf8.o(i.__0snprintf$8) refers to printf8.o(i._printf_core) for _printf_core
    printf8.o(i.__0snprintf$8) refers to printf8.o(i._snputc) for _snputc
    printf8.o(i.__0sprintf$8) refers to printf8.o(i._printf_core) for _printf_core
    printf8.o(i.__0sprintf$8) refers to printf8.o(i._sputc) for _sputc
    printf8.o(i.__0vfprintf$8) refers to printf8.o(i._printf_core) for _printf_core
    printf8.o(i.__0vfprintf$8) refers to retarget.o(i.fputc) for fputc
    printf8.o(i.__0vprintf$8) refers to printf8.o(i._printf_core) for _printf_core
    printf8.o(i.__0vprintf$8) refers to retarget.o(i.fputc) for fputc
    printf8.o(i.__0vprintf$8) refers to retarget.o(.data) for __stdout
    printf8.o(i.__0vsnprintf$8) refers to printf8.o(i._printf_core) for _printf_core
    printf8.o(i.__0vsnprintf$8) refers to printf8.o(i._snputc) for _snputc
    printf8.o(i.__0vsprintf$8) refers to printf8.o(i._printf_core) for _printf_core
    printf8.o(i.__0vsprintf$8) refers to printf8.o(i._sputc) for _sputc
    printf8.o(i._printf_core) refers to printf8.o(i._printf_pre_padding) for _printf_pre_padding
    printf8.o(i._printf_core) refers to printf8.o(i._printf_post_padding) for _printf_post_padding
    printf8.o(i._printf_core) refers to uldiv.o(.text) for __aeabi_uldivmod
    printfa.o(i.__0fprintf) refers (Special) to iusefp.o(.text) for __I$use$fp
    printfa.o(i.__0fprintf) refers to printfa.o(i._printf_core) for _printf_core
    printfa.o(i.__0fprintf) refers to retarget.o(i.fputc) for fputc
    printfa.o(i.__0printf) refers (Special) to iusefp.o(.text) for __I$use$fp
    printfa.o(i.__0printf) refers to printfa.o(i._printf_core) for _printf_core
    printfa.o(i.__0printf) refers to retarget.o(i.fputc) for fputc
    printfa.o(i.__0printf) refers to retarget.o(.data) for __stdout
    printfa.o(i.__0snprintf) refers (Special) to iusefp.o(.text) for __I$use$fp
    printfa.o(i.__0snprintf) refers to printfa.o(i._printf_core) for _printf_core
    printfa.o(i.__0snprintf) refers to printfa.o(i._snputc) for _snputc
    printfa.o(i.__0sprintf) refers (Special) to iusefp.o(.text) for __I$use$fp
    printfa.o(i.__0sprintf) refers to printfa.o(i._printf_core) for _printf_core
    printfa.o(i.__0sprintf) refers to printfa.o(i._sputc) for _sputc
    printfa.o(i.__0vfprintf) refers (Special) to iusefp.o(.text) for __I$use$fp
    printfa.o(i.__0vfprintf) refers to printfa.o(i._printf_core) for _printf_core
    printfa.o(i.__0vfprintf) refers to retarget.o(i.fputc) for fputc
    printfa.o(i.__0vprintf) refers (Special) to iusefp.o(.text) for __I$use$fp
    printfa.o(i.__0vprintf) refers to printfa.o(i._printf_core) for _printf_core
    printfa.o(i.__0vprintf) refers to retarget.o(i.fputc) for fputc
    printfa.o(i.__0vprintf) refers to retarget.o(.data) for __stdout
    printfa.o(i.__0vsnprintf) refers (Special) to iusefp.o(.text) for __I$use$fp
    printfa.o(i.__0vsnprintf) refers to printfa.o(i._printf_core) for _printf_core
    printfa.o(i.__0vsnprintf) refers to printfa.o(i._snputc) for _snputc
    printfa.o(i.__0vsprintf) refers (Special) to iusefp.o(.text) for __I$use$fp
    printfa.o(i.__0vsprintf) refers to printfa.o(i._printf_core) for _printf_core
    printfa.o(i.__0vsprintf) refers to printfa.o(i._sputc) for _sputc
    printfa.o(i._fp_digits) refers (Special) to iusefp.o(.text) for __I$use$fp
    printfa.o(i._fp_digits) refers to dmul.o(.text) for __aeabi_dmul
    printfa.o(i._fp_digits) refers to ddiv.o(.text) for __aeabi_ddiv
    printfa.o(i._fp_digits) refers to cdrcmple.o(.text) for __aeabi_cdrcmple
    printfa.o(i._fp_digits) refers to dadd.o(.text) for __aeabi_dadd
    printfa.o(i._fp_digits) refers to dfixul.o(.text) for __aeabi_d2ulz
    printfa.o(i._fp_digits) refers to uldiv.o(.text) for __aeabi_uldivmod
    printfa.o(i._printf_core) refers (Special) to iusefp.o(.text) for __I$use$fp
    printfa.o(i._printf_core) refers to printfa.o(i._printf_pre_padding) for _printf_pre_padding
    printfa.o(i._printf_core) refers to uldiv.o(.text) for __aeabi_uldivmod
    printfa.o(i._printf_core) refers to printfa.o(i._printf_post_padding) for _printf_post_padding
    printfa.o(i._printf_core) refers to printfa.o(i._fp_digits) for _fp_digits
    printfa.o(i._printf_core) refers to uidiv.o(.text) for __aeabi_uidivmod
    printfa.o(i._printf_post_padding) refers (Special) to iusefp.o(.text) for __I$use$fp
    printfa.o(i._printf_pre_padding) refers (Special) to iusefp.o(.text) for __I$use$fp
    printfa.o(i._snputc) refers (Special) to iusefp.o(.text) for __I$use$fp
    printfa.o(i._sputc) refers (Special) to iusefp.o(.text) for __I$use$fp
    entry2.o(.ARM.Collect$$$$00000001) refers to entry2.o(.ARM.Collect$$$$00002712) for __lit__00000000
    entry2.o(.ARM.Collect$$$$00002712) refers to startup_cm0ds.o(STACK) for __initial_sp
    entry2.o(__vectab_stack_and_reset_area) refers to startup_cm0ds.o(STACK) for __initial_sp
    entry2.o(__vectab_stack_and_reset_area) refers to entry.o(.ARM.Collect$$$$00000000) for __main
    entry5.o(.ARM.Collect$$$$00000004) refers to init.o(.text) for __scatterload
    entry9a.o(.ARM.Collect$$$$0000000B) refers to main.o(i.main) for main
    entry9b.o(.ARM.Collect$$$$0000000C) refers to main.o(i.main) for main
    uldiv.o(.text) refers to llushr.o(.text) for __aeabi_llsr
    uldiv.o(.text) refers to llshl.o(.text) for __aeabi_llsl
    dadd.o(.text) refers to llshl.o(.text) for __aeabi_llsl
    dadd.o(.text) refers to llsshr.o(.text) for __aeabi_lasr
    dadd.o(.text) refers to depilogue.o(.text) for _double_epilogue
    dmul.o(.text) refers to depilogue.o(.text) for _double_epilogue
    ddiv.o(.text) refers to depilogue.o(.text) for _double_round
    dfixul.o(.text) refers to llushr.o(.text) for __aeabi_llsr
    dfixul.o(.text) refers to llshl.o(.text) for __aeabi_llsl
    init.o(.text) refers to entry5.o(.ARM.Collect$$$$00000004) for __main_after_scatterload
    depilogue.o(.text) refers to depilogue.o(i.__ARM_clz) for __ARM_clz
    depilogue.o(.text) refers to llshl.o(.text) for __aeabi_llsl
    depilogue.o(.text) refers to llushr.o(.text) for __aeabi_llsr


==============================================================================

Removing Unused input sections from the image.

    Removing main.o(.rev16_text), (4 bytes).
    Removing main.o(.revsh_text), (4 bytes).
    Removing handler.o(.rev16_text), (4 bytes).
    Removing handler.o(.revsh_text), (4 bytes).
    Removing startup_cm0ds.o(HEAP), (1024 bytes).
    Removing system.o(.rev16_text), (4 bytes).
    Removing system.o(.revsh_text), (4 bytes).
    Removing system.o(i.SystemCoreClockUpdate), (16 bytes).
    Removing system.o(.data), (4 bytes).
    Removing camera.o(i.CAMERA_Command), (42 bytes).
    Removing camera.o(i.CAMERA_Initial), (800 bytes).
    Removing camera.o(i.CAMERA_NA), (44 bytes).
    Removing camera.o(i.CAMERA_Read_Byte), (64 bytes).
    Removing camera.o(i.CAMERA_Read_Reg), (64 bytes).
    Removing camera.o(i.CAMERA_Start), (32 bytes).
    Removing camera.o(i.CAMERA_Stop), (34 bytes).
    Removing camera.o(i.CAMERA_Waite), (24 bytes).
    Removing camera.o(i.CAMERA_Write_Byte), (94 bytes).
    Removing camera.o(i.Clr_CAMERA_PWDN), (12 bytes).
    Removing camera.o(i.Clr_CAMERA_RST), (12 bytes).
    Removing camera.o(i.Clr_CAMERA_SCL), (12 bytes).
    Removing camera.o(i.Clr_CAMERA_SDA), (12 bytes).
    Removing camera.o(i.Read_CAMERA_DATA_STATE), (12 bytes).
    Removing camera.o(i.Read_CAMERA_SDA), (12 bytes).
    Removing camera.o(i.Set_CAMERA_DATA_STATE), (12 bytes).
    Removing camera.o(i.Set_CAMERA_PWDN), (12 bytes).
    Removing camera.o(i.Set_CAMERA_RST), (12 bytes).
    Removing camera.o(i.Set_CAMERA_SCL), (12 bytes).
    Removing camera.o(i.Set_CAMERA_SDA), (12 bytes).
    Removing camera.o(i.Set_CAMERA_SDA_R), (12 bytes).
    Removing camera.o(i.Set_CAMERA_SDA_W), (12 bytes).
    Removing camera.o(i.photo), (20 bytes).
    Removing camera.o(.constdata), (4769 bytes).
    Removing key.o(i.READ_KEY), (12 bytes).
    Removing lcd.o(i.Gui_Drawbmp16), (100 bytes).
    Removing lcd.o(i.LCD_Color_Fill), (90 bytes).
    Removing lcd.o(i.LCD_DisplayOff), (10 bytes).
    Removing lcd.o(i.LCD_DisplayOn), (10 bytes).
    Removing lcd.o(i.LCD_DrawLine), (178 bytes).
    Removing lcd.o(i.LCD_DrawPoint), (32 bytes).
    Removing lcd.o(i.LCD_Fill), (80 bytes).
    Removing lcd.o(i.LCD_Pow), (26 bytes).
    Removing lcd.o(i.LCD_RD_DATA), (36 bytes).
    Removing lcd.o(i.LCD_ReadReg), (24 bytes).
    Removing lcd.o(i.LCD_Set_Window), (84 bytes).
    Removing lcd.o(i.LCD_ShowChar1), (288 bytes).
    Removing lcd.o(i.LCD_ShowNum), (146 bytes).
    Removing lcd.o(i.LCD_ShowxNum), (200 bytes).
    Removing lcd.o(i.LCD_WriteRAM), (12 bytes).
    Removing lcd.o(i.Paint8x8x2bin), (224 bytes).
    Removing lcd.o(i.Paint_PicBin), (112 bytes).
    Removing lcd.o(i.ReadData), (10 bytes).
    Removing lcd.o(i.Show_Str), (200 bytes).
    Removing lcd.o(i.opt_delay), (14 bytes).
    Removing led.o(i.LED_down), (24 bytes).
    Removing led.o(i.LED_on), (24 bytes).
    Removing led.o(i.led_ctrl), (56 bytes).
    Removing retarget.o(i._sys_exit), (4 bytes).
    Removing retarget.o(i._ttywrch), (16 bytes).
    Removing retarget.o(i.ferror), (8 bytes).
    Removing retarget.o(i.fgetc), (34 bytes).
    Removing spi_flash.o(i.Is_SPI_Ready), (12 bytes).
    Removing spi_flash.o(i.SPI_FLASH_Clear_SR), (36 bytes).
    Removing spi_flash.o(i.SPI_FLASH_Write_Disable), (28 bytes).
    Removing spi_flash.o(i.SPI_FLASH_Write_Enable), (28 bytes).
    Removing spi_flash.o(i.SPI_FLASH_Write_SR), (36 bytes).
    Removing spi_flash.o(i.SPI_Flash_Erase_Block), (64 bytes).
    Removing spi_flash.o(i.SPI_Flash_Erase_Chip), (40 bytes).
    Removing spi_flash.o(i.SPI_Flash_Erase_Sector), (64 bytes).
    Removing spi_flash.o(i.SPI_Flash_Read), (76 bytes).
    Removing spi_flash.o(i.SPI_Flash_ReadID), (68 bytes).
    Removing spi_flash.o(i.SPI_Flash_ReadSR), (40 bytes).
    Removing spi_flash.o(i.SPI_Flash_Wait_Busy), (18 bytes).
    Removing spi_flash.o(i.SPI_Flash_Write_Max65536), (208 bytes).
    Removing spi_flash.o(i.SPI_Flash_Write_NoCheck), (68 bytes).
    Removing spi_flash.o(i.SPI_Flash_Write_Page), (80 bytes).
    Removing spi_flash.o(i.SPI_ReadWriteByte), (72 bytes).
    Removing spi_flash.o(i.SPI_SendData), (20 bytes).
    Removing systick.o(.rev16_text), (4 bytes).
    Removing systick.o(.revsh_text), (4 bytes).
    Removing systick.o(i.Read_SysTick_VALUE), (12 bytes).
    Removing systick.o(i.Timer_Ini), (44 bytes).
    Removing systick.o(i.Timer_Stop), (36 bytes).
    Removing systick.o(i.delay_ms), (28 bytes).
    Removing uart.o(i.uart_ClearOverrunStatus), (16 bytes).
    Removing uart.o(i.uart_GetBaudDivider), (6 bytes).
    Removing uart.o(i.uart_GetOverrunStatus), (12 bytes).
    Removing uart.o(i.uart_GetRxBufferFull), (12 bytes).
    Removing uart.o(i.uart_GetRxIRQStatus), (12 bytes).
    Removing uart.o(i.uart_GetTxBufferFull), (10 bytes).
    Removing uart.o(i.uart_GetTxIRQStatus), (10 bytes).
    Removing uart.o(i.uart_ReceiveChar), (20 bytes).
    Removing uart.o(i.uart_SendString), (34 bytes).
    Removing malloc.o(i.mymemcpy), (26 bytes).
    Removing malloc.o(i.myrealloc), (56 bytes).
    Removing malloc.o(.constdata), (12 bytes).
    Removing mygame.o(i.myPlaneMapCreate), (82 bytes).
    Removing dadd.o(.text), (356 bytes).
    Removing dmul.o(.text), (208 bytes).
    Removing ddiv.o(.text), (240 bytes).
    Removing dfixul.o(.text), (64 bytes).
    Removing cdrcmple.o(.text), (40 bytes).
    Removing depilogue.o(.text), (190 bytes).
    Removing depilogue.o(i.__ARM_clz), (46 bytes).

104 unused section(s) (total 11803 bytes) removed from the image.

==============================================================================

Image Symbol Table

    Local Symbols

    Symbol Name                              Value     Ov Type        Size  Object(Section)

    RESET                                    0x00000000   Section       96  startup_cm0ds.o(RESET)
    ../clib/../cmprslib/zerorunl2.c          0x00000000   Number         0  __dczerorl2.o ABSOLUTE
    ../clib/microlib/division.c              0x00000000   Number         0  uidiv.o ABSOLUTE
    ../clib/microlib/division.c              0x00000000   Number         0  idiv.o ABSOLUTE
    ../clib/microlib/division.c              0x00000000   Number         0  uldiv.o ABSOLUTE
    ../clib/microlib/init/entry.s            0x00000000   Number         0  entry10b.o ABSOLUTE
    ../clib/microlib/init/entry.s            0x00000000   Number         0  entry8b.o ABSOLUTE
    ../clib/microlib/init/entry.s            0x00000000   Number         0  entry11a.o ABSOLUTE
    ../clib/microlib/init/entry.s            0x00000000   Number         0  entry.o ABSOLUTE
    ../clib/microlib/init/entry.s            0x00000000   Number         0  entry7b.o ABSOLUTE
    ../clib/microlib/init/entry.s            0x00000000   Number         0  entry10a.o ABSOLUTE
    ../clib/microlib/init/entry.s            0x00000000   Number         0  entry9b.o ABSOLUTE
    ../clib/microlib/init/entry.s            0x00000000   Number         0  entry9a.o ABSOLUTE
    ../clib/microlib/init/entry.s            0x00000000   Number         0  entry5.o ABSOLUTE
    ../clib/microlib/init/entry.s            0x00000000   Number         0  entry8a.o ABSOLUTE
    ../clib/microlib/init/entry.s            0x00000000   Number         0  entry2.o ABSOLUTE
    ../clib/microlib/init/entry.s            0x00000000   Number         0  entry7a.o ABSOLUTE
    ../clib/microlib/init/entry.s            0x00000000   Number         0  entry11b.o ABSOLUTE
    ../clib/microlib/longlong.c              0x00000000   Number         0  llsshr.o ABSOLUTE
    ../clib/microlib/longlong.c              0x00000000   Number         0  llushr.o ABSOLUTE
    ../clib/microlib/longlong.c              0x00000000   Number         0  llshl.o ABSOLUTE
    ../clib/microlib/printf/printf.c         0x00000000   Number         0  printf8.o ABSOLUTE
    ../clib/microlib/printf/printf.c         0x00000000   Number         0  printfb.o ABSOLUTE
    ../clib/microlib/printf/printf.c         0x00000000   Number         0  printfa.o ABSOLUTE
    ../clib/microlib/printf/printf.c         0x00000000   Number         0  printf0.o ABSOLUTE
    ../clib/microlib/printf/printf.c         0x00000000   Number         0  printf6.o ABSOLUTE
    ../clib/microlib/printf/printf.c         0x00000000   Number         0  printf1.o ABSOLUTE
    ../clib/microlib/printf/printf.c         0x00000000   Number         0  printf2.o ABSOLUTE
    ../clib/microlib/printf/printf.c         0x00000000   Number         0  printf3.o ABSOLUTE
    ../clib/microlib/printf/printf.c         0x00000000   Number         0  printf4.o ABSOLUTE
    ../clib/microlib/printf/printf.c         0x00000000   Number         0  printf5.o ABSOLUTE
    ../clib/microlib/printf/printf.c         0x00000000   Number         0  printf7.o ABSOLUTE
    ../clib/microlib/stdlib/rand.c           0x00000000   Number         0  rand.o ABSOLUTE
    ../clib/microlib/string/memcpy.c         0x00000000   Number         0  memcpyb.o ABSOLUTE
    ../clib/microlib/string/memcpy.c         0x00000000   Number         0  memcpya.o ABSOLUTE
    ../clib/microlib/string/strlen.c         0x00000000   Number         0  strlen.o ABSOLUTE
    ../clib/microlib/stubs.s                 0x00000000   Number         0  iusefp.o ABSOLUTE
    ../fplib/microlib/fpadd.c                0x00000000   Number         0  dadd.o ABSOLUTE
    ../fplib/microlib/fpdiv.c                0x00000000   Number         0  ddiv.o ABSOLUTE
    ../fplib/microlib/fpepilogue.c           0x00000000   Number         0  depilogue.o ABSOLUTE
    ../fplib/microlib/fpfix.c                0x00000000   Number         0  dfixul.o ABSOLUTE
    ../fplib/microlib/fpmul.c                0x00000000   Number         0  dmul.o ABSOLUTE
    ..\CORE\handler.c                        0x00000000   Number         0  handler.o ABSOLUTE
    ..\CORE\startup_CM0DS.s                  0x00000000   Number         0  startup_cm0ds.o ABSOLUTE
    ..\CORE\system.c                         0x00000000   Number         0  system.o ABSOLUTE
    ..\DEVICE\Retarget.c                     0x00000000   Number         0  retarget.o ABSOLUTE
    ..\DEVICE\camera.c                       0x00000000   Number         0  camera.o ABSOLUTE
    ..\DEVICE\key.c                          0x00000000   Number         0  key.o ABSOLUTE
    ..\DEVICE\lcd.c                          0x00000000   Number         0  lcd.o ABSOLUTE
    ..\DEVICE\led.c                          0x00000000   Number         0  led.o ABSOLUTE
    ..\DEVICE\malloc.c                       0x00000000   Number         0  malloc.o ABSOLUTE
    ..\DEVICE\myGame.c                       0x00000000   Number         0  mygame.o ABSOLUTE
    ..\DEVICE\spi_flash.c                    0x00000000   Number         0  spi_flash.o ABSOLUTE
    ..\DEVICE\spriteRam.c                    0x00000000   Number         0  spriteram.o ABSOLUTE
    ..\DEVICE\systick.c                      0x00000000   Number         0  systick.o ABSOLUTE
    ..\DEVICE\timer.c                        0x00000000   Number         0  timer.o ABSOLUTE
    ..\DEVICE\uart.c                         0x00000000   Number         0  uart.o ABSOLUTE
    ..\\CORE\\handler.c                      0x00000000   Number         0  handler.o ABSOLUTE
    ..\\CORE\\system.c                       0x00000000   Number         0  system.o ABSOLUTE
    ..\\DEVICE\\systick.c                    0x00000000   Number         0  systick.o ABSOLUTE
    cdrcmple.s                               0x00000000   Number         0  cdrcmple.o ABSOLUTE
    dc.s                                     0x00000000   Number         0  dc.o ABSOLUTE
    handlers.s                               0x00000000   Number         0  handlers.o ABSOLUTE
    init.s                                   0x00000000   Number         0  init.o ABSOLUTE
    main.c                                   0x00000000   Number         0  main.o ABSOLUTE
    main.c                                   0x00000000   Number         0  main.o ABSOLUTE
    .ARM.Collect$$$$00000000                 0x00000060   Section        0  entry.o(.ARM.Collect$$$$00000000)
    .ARM.Collect$$$$00000001                 0x00000060   Section        4  entry2.o(.ARM.Collect$$$$00000001)
    .ARM.Collect$$$$00000004                 0x00000064   Section        4  entry5.o(.ARM.Collect$$$$00000004)
    .ARM.Collect$$$$00000008                 0x00000068   Section        0  entry7b.o(.ARM.Collect$$$$00000008)
    .ARM.Collect$$$$0000000A                 0x00000068   Section        0  entry8b.o(.ARM.Collect$$$$0000000A)
    .ARM.Collect$$$$0000000B                 0x00000068   Section        8  entry9a.o(.ARM.Collect$$$$0000000B)
    .ARM.Collect$$$$0000000D                 0x00000070   Section        0  entry10a.o(.ARM.Collect$$$$0000000D)
    .ARM.Collect$$$$0000000F                 0x00000070   Section        0  entry11a.o(.ARM.Collect$$$$0000000F)
    .ARM.Collect$$$$00002712                 0x00000070   Section        4  entry2.o(.ARM.Collect$$$$00002712)
    __lit__00000000                          0x00000070   Data           4  entry2.o(.ARM.Collect$$$$00002712)
    .text                                    0x00000074   Section      156  startup_cm0ds.o(.text)
    .text                                    0x00000110   Section        0  uidiv.o(.text)
    .text                                    0x0000013c   Section        0  idiv.o(.text)
    .text                                    0x00000164   Section        0  rand.o(.text)
    .text                                    0x00000188   Section        0  memcpya.o(.text)
    .text                                    0x000001ac   Section       36  init.o(.text)
    .text                                    0x000001d0   Section        0  __dczerorl2.o(.text)
    i.BusFaultHandler                        0x00000226   Section        0  handler.o(i.BusFaultHandler)
    i.DebugMonHandler                        0x00000228   Section        0  handler.o(i.DebugMonHandler)
    i.HardFaultHandler                       0x0000022a   Section        0  handler.o(i.HardFaultHandler)
    i.KEY0                                   0x0000022c   Section        0  handler.o(i.KEY0)
    i.KEY1                                   0x0000024c   Section        0  handler.o(i.KEY1)
    i.KEY2                                   0x0000026c   Section        0  handler.o(i.KEY2)
    i.KEY3                                   0x0000027c   Section        0  handler.o(i.KEY3)
    i.KEY_INIT                               0x0000029c   Section        0  key.o(i.KEY_INIT)
    i.LCD_Clear                              0x000002a8   Section        0  lcd.o(i.LCD_Clear)
    i.LCD_Display_Dir                        0x00000314   Section        0  lcd.o(i.LCD_Display_Dir)
    i.LCD_Fast_DrawPoint                     0x0000038c   Section        0  lcd.o(i.LCD_Fast_DrawPoint)
    i.LCD_Init                               0x000003e8   Section        0  lcd.o(i.LCD_Init)
    i.LCD_Scan_Dir                           0x00000680   Section        0  lcd.o(i.LCD_Scan_Dir)
    i.LCD_SetCursor                          0x00000968   Section        0  lcd.o(i.LCD_SetCursor)
    i.LCD_ShowChar                           0x0000099c   Section        0  lcd.o(i.LCD_ShowChar)
    i.LCD_ShowString                         0x00000aac   Section        0  lcd.o(i.LCD_ShowString)
    i.LCD_WR_DATA                            0x00000b0e   Section        0  lcd.o(i.LCD_WR_DATA)
    i.LCD_WR_REG                             0x00000b34   Section        0  lcd.o(i.LCD_WR_REG)
    i.LCD_WriteRAM_Prepare                   0x00000b58   Section        0  lcd.o(i.LCD_WriteRAM_Prepare)
    i.LCD_WriteReg                           0x00000b68   Section        0  lcd.o(i.LCD_WriteReg)
    i.LED_toggle                             0x00000b7c   Section        0  led.o(i.LED_toggle)
    i.MakeData                               0x00000bb4   Section        0  lcd.o(i.MakeData)
    i.MemManageHandler                       0x00000bbc   Section        0  handler.o(i.MemManageHandler)
    i.NMIHandler                             0x00000bbe   Section        0  handler.o(i.NMIHandler)
    i.NVIC_EnableIRQ                         0x00000bc0   Section        0  main.o(i.NVIC_EnableIRQ)
    NVIC_EnableIRQ                           0x00000bc1   Thumb Code    14  main.o(i.NVIC_EnableIRQ)
    i.NVIC_EnableIRQ                         0x00000bd4   Section        0  system.o(i.NVIC_EnableIRQ)
    NVIC_EnableIRQ                           0x00000bd5   Thumb Code    14  system.o(i.NVIC_EnableIRQ)
    i.PendSVHandler                          0x00000be8   Section        0  handler.o(i.PendSVHandler)
    i.SPI_Init                               0x00000bec   Section        0  spi_flash.o(i.SPI_Init)
    i.SVCHandler                             0x00000bfc   Section        0  handler.o(i.SVCHandler)
    i.Set_SysTick_CTRL                       0x00000c00   Section        0  systick.o(i.Set_SysTick_CTRL)
    i.Set_SysTick_LOAD                       0x00000c0c   Section        0  systick.o(i.Set_SysTick_LOAD)
    i.Set_SysTick_VALUE                      0x00000c18   Section        0  systick.o(i.Set_SysTick_VALUE)
    i.SysTickHandler                         0x00000c24   Section        0  handler.o(i.SysTickHandler)
    i.SystemInit                             0x00000c40   Section        0  system.o(i.SystemInit)
    i.TIMER_Init                             0x00000c58   Section        0  timer.o(i.TIMER_Init)
    i.Timer_Handler                          0x00000c78   Section        0  handler.o(i.Timer_Handler)
    i.UARTOVRHandler                         0x00000d30   Section        0  handler.o(i.UARTOVRHandler)
    i.UARTRXHandler                          0x00000d34   Section        0  handler.o(i.UARTRXHandler)
    i.UARTTXHandler                          0x00000d64   Section        0  handler.o(i.UARTTXHandler)
    i.UsageFaultHandler                      0x00000da0   Section        0  handler.o(i.UsageFaultHandler)
    i.__0printf$bare                         0x00000da4   Section        0  printfb.o(i.__0printf$bare)
    i.__ARM_common_switch8                   0x00000db8   Section        0  lcd.o(i.__ARM_common_switch8)
    i.__scatterload_copy                     0x00000dd4   Section       14  handlers.o(i.__scatterload_copy)
    i.__scatterload_null                     0x00000de2   Section        2  handlers.o(i.__scatterload_null)
    i.__scatterload_zeroinit                 0x00000de4   Section       14  handlers.o(i.__scatterload_zeroinit)
    i._printf_core                           0x00000df2   Section        0  printfb.o(i._printf_core)
    _printf_core                             0x00000df3   Thumb Code    30  printfb.o(i._printf_core)
    i.boomDraw                               0x00000e10   Section        0  mygame.o(i.boomDraw)
    i.bulletDraw                             0x00000e68   Section        0  mygame.o(i.bulletDraw)
    i.bulletInit                             0x00000ed4   Section        0  mygame.o(i.bulletInit)
    i.bulletsMapCreate                       0x00000ef8   Section        0  mygame.o(i.bulletsMapCreate)
    i.createOneBullet                        0x00000f44   Section        0  mygame.o(i.createOneBullet)
    i.createOneEnmeyPlane                    0x00000fa0   Section        0  mygame.o(i.createOneEnmeyPlane)
    i.delay                                  0x00000fe0   Section        0  systick.o(i.delay)
    i.enemyMapCreate                         0x00001000   Section        0  mygame.o(i.enemyMapCreate)
    i.enmeyPlaneDraw                         0x00001070   Section        0  mygame.o(i.enmeyPlaneDraw)
    i.enmeyPlaneInit                         0x0000113c   Section        0  mygame.o(i.enmeyPlaneInit)
    i.fputc                                  0x00001160   Section        0  retarget.o(i.fputc)
    i.gameScoreDraw                          0x00001180   Section        0  mygame.o(i.gameScoreDraw)
    i.isBulletsHit                           0x0000121c   Section        0  mygame.o(i.isBulletsHit)
    i.isEnemyPlaneHit                        0x0000129c   Section        0  mygame.o(i.isEnemyPlaneHit)
    i.isMyPlaneHit                           0x0000134c   Section        0  mygame.o(i.isMyPlaneHit)
    i.main                                   0x000013d8   Section        0  main.o(i.main)
    i.mem_free                               0x00001470   Section        0  malloc.o(i.mem_free)
    i.mem_init                               0x000014bc   Section        0  malloc.o(i.mem_init)
    i.mem_malloc                             0x000014e8   Section        0  malloc.o(i.mem_malloc)
    i.mem_perused                            0x00001564   Section        0  malloc.o(i.mem_perused)
    i.myPlaneDraw                            0x0000158c   Section        0  mygame.o(i.myPlaneDraw)
    i.myPlaneInit                            0x0000166c   Section        0  mygame.o(i.myPlaneInit)
    i.myfree                                 0x00001684   Section        0  malloc.o(i.myfree)
    i.mymalloc                               0x000016a4   Section        0  malloc.o(i.mymalloc)
    i.mymemset                               0x000016c4   Section        0  malloc.o(i.mymemset)
    i.tileMap                                0x000016d8   Section        0  mygame.o(i.tileMap)
    i.uart_ClearRxIRQ                        0x000016f0   Section        0  uart.o(i.uart_ClearRxIRQ)
    i.uart_ClearTxIRQ                        0x000016f6   Section        0  uart.o(i.uart_ClearTxIRQ)
    i.uart_SendChar                          0x000016fc   Section        0  uart.o(i.uart_SendChar)
    i.uart_init                              0x00001712   Section        0  uart.o(i.uart_init)
    i.updateBulletData                       0x0000176c   Section        0  mygame.o(i.updateBulletData)
    i.writeOneSprite                         0x000017c0   Section        0  spriteram.o(i.writeOneSprite)
    .constdata                               0x000017e4   Section        2  main.o(.constdata)
    .constdata                               0x000017e6   Section     1520  lcd.o(.constdata)
    .data                                    0x20000000   Section     2784  main.o(.data)
    .data                                    0x20000ae0   Section        4  lcd.o(.data)
    .data                                    0x20000ae4   Section        8  retarget.o(.data)
    .data                                    0x20000aec   Section       20  malloc.o(.data)
    .data                                    0x20000b00   Section        4  rand.o(.data)
    _rand_state                              0x20000b00   Data           4  rand.o(.data)
    .bss                                     0x20000b04   Section      392  main.o(.bss)
    .bss                                     0x20000c8c   Section       14  lcd.o(.bss)
    .bss                                     0x20000c9c   Section     4352  malloc.o(.bss)
    STACK                                    0x20001da0   Section     1024  startup_cm0ds.o(STACK)

    Global Symbols

    Symbol Name                              Value     Ov Type        Size  Object(Section)

    BuildAttributes$$THM_ISAv3M$S$PE$A:L22$X:L11$S22$IEEE1$IW$USESV6$~STKCKD$USESV7$~SHL$OSPACE$ROPI$EBA8$MICROLIB$REQ8$PRES8$EABIv2 0x00000000   Number         0  anon$$obj.o ABSOLUTE
    __ARM_use_no_argv                        0x00000000   Number         0  main.o ABSOLUTE
    __Vectors                                0x00000000   Data           4  startup_cm0ds.o(RESET)
    __cpp_initialize__aeabi_                  - Undefined Weak Reference
    __cxa_finalize                            - Undefined Weak Reference
    _clock_init                               - Undefined Weak Reference
    _microlib_exit                            - Undefined Weak Reference
    __Vectors_End                            0x00000060   Data           0  startup_cm0ds.o(RESET)
    __Vectors_Size                           0x00000060   Number         0  startup_cm0ds.o ABSOLUTE
    __main                                   0x00000061   Thumb Code     0  entry.o(.ARM.Collect$$$$00000000)
    _main_stk                                0x00000061   Thumb Code     0  entry2.o(.ARM.Collect$$$$00000001)
    _main_scatterload                        0x00000065   Thumb Code     0  entry5.o(.ARM.Collect$$$$00000004)
    __main_after_scatterload                 0x00000069   Thumb Code     0  entry5.o(.ARM.Collect$$$$00000004)
    _main_clock                              0x00000069   Thumb Code     0  entry7b.o(.ARM.Collect$$$$00000008)
    _main_cpp_init                           0x00000069   Thumb Code     0  entry8b.o(.ARM.Collect$$$$0000000A)
    _main_init                               0x00000069   Thumb Code     0  entry9a.o(.ARM.Collect$$$$0000000B)
    __rt_final_cpp                           0x00000071   Thumb Code     0  entry10a.o(.ARM.Collect$$$$0000000D)
    __rt_final_exit                          0x00000071   Thumb Code     0  entry11a.o(.ARM.Collect$$$$0000000F)
    Reset_Handler                            0x00000075   Thumb Code    12  startup_cm0ds.o(.text)
    NMI_Handler                              0x00000081   Thumb Code     8  startup_cm0ds.o(.text)
    HardFault_Handler                        0x00000089   Thumb Code     8  startup_cm0ds.o(.text)
    MemManage_Handler                        0x00000091   Thumb Code     8  startup_cm0ds.o(.text)
    BusFault_Handler                         0x00000099   Thumb Code     8  startup_cm0ds.o(.text)
    UsageFault_Handler                       0x000000a1   Thumb Code     8  startup_cm0ds.o(.text)
    SVC_Handler                              0x000000a9   Thumb Code     8  startup_cm0ds.o(.text)
    DebugMon_Handler                         0x000000b1   Thumb Code     8  startup_cm0ds.o(.text)
    PendSV_Handler                           0x000000b9   Thumb Code     8  startup_cm0ds.o(.text)
    SysTick_Handler                          0x000000c1   Thumb Code     8  startup_cm0ds.o(.text)
    UARTRX_Handler                           0x000000c9   Thumb Code     8  startup_cm0ds.o(.text)
    UARTTX_Handler                           0x000000d1   Thumb Code     8  startup_cm0ds.o(.text)
    UARTOVR_Handler                          0x000000d9   Thumb Code     8  startup_cm0ds.o(.text)
    KEY0_Handler                             0x000000e1   Thumb Code     8  startup_cm0ds.o(.text)
    KEY1_Handler                             0x000000e9   Thumb Code     8  startup_cm0ds.o(.text)
    KEY2_Handler                             0x000000f1   Thumb Code     8  startup_cm0ds.o(.text)
    KEY3_Handler                             0x000000f9   Thumb Code     8  startup_cm0ds.o(.text)
    TIMER_Handler                            0x00000101   Thumb Code     8  startup_cm0ds.o(.text)
    __aeabi_uidiv                            0x00000111   Thumb Code     0  uidiv.o(.text)
    __aeabi_uidivmod                         0x00000111   Thumb Code    44  uidiv.o(.text)
    __aeabi_idiv                             0x0000013d   Thumb Code     0  idiv.o(.text)
    __aeabi_idivmod                          0x0000013d   Thumb Code    40  idiv.o(.text)
    rand                                     0x00000165   Thumb Code    18  rand.o(.text)
    srand                                    0x00000177   Thumb Code     6  rand.o(.text)
    __aeabi_memcpy                           0x00000189   Thumb Code    36  memcpya.o(.text)
    __aeabi_memcpy4                          0x00000189   Thumb Code     0  memcpya.o(.text)
    __aeabi_memcpy8                          0x00000189   Thumb Code     0  memcpya.o(.text)
    __scatterload                            0x000001ad   Thumb Code    28  init.o(.text)
    __scatterload_rt2                        0x000001ad   Thumb Code     0  init.o(.text)
    __decompress                             0x000001d1   Thumb Code     0  __dczerorl2.o(.text)
    __decompress1                            0x000001d1   Thumb Code    86  __dczerorl2.o(.text)
    BusFaultHandler                          0x00000227   Thumb Code     2  handler.o(i.BusFaultHandler)
    DebugMonHandler                          0x00000229   Thumb Code     2  handler.o(i.DebugMonHandler)
    HardFaultHandler                         0x0000022b   Thumb Code     2  handler.o(i.HardFaultHandler)
    KEY0                                     0x0000022d   Thumb Code    28  handler.o(i.KEY0)
    KEY1                                     0x0000024d   Thumb Code    28  handler.o(i.KEY1)
    KEY2                                     0x0000026d   Thumb Code    14  handler.o(i.KEY2)
    KEY3                                     0x0000027d   Thumb Code    28  handler.o(i.KEY3)
    KEY_INIT                                 0x0000029d   Thumb Code     6  key.o(i.KEY_INIT)
    LCD_Clear                                0x000002a9   Thumb Code   100  lcd.o(i.LCD_Clear)
    LCD_Display_Dir                          0x00000315   Thumb Code   106  lcd.o(i.LCD_Display_Dir)
    LCD_Fast_DrawPoint                       0x0000038d   Thumb Code    88  lcd.o(i.LCD_Fast_DrawPoint)
    LCD_Init                                 0x000003e9   Thumb Code   646  lcd.o(i.LCD_Init)
    LCD_Scan_Dir                             0x00000681   Thumb Code   720  lcd.o(i.LCD_Scan_Dir)
    LCD_SetCursor                            0x00000969   Thumb Code    48  lcd.o(i.LCD_SetCursor)
    LCD_ShowChar                             0x0000099d   Thumb Code   254  lcd.o(i.LCD_ShowChar)
    LCD_ShowString                           0x00000aad   Thumb Code    98  lcd.o(i.LCD_ShowString)
    LCD_WR_DATA                              0x00000b0f   Thumb Code    38  lcd.o(i.LCD_WR_DATA)
    LCD_WR_REG                               0x00000b35   Thumb Code    36  lcd.o(i.LCD_WR_REG)
    LCD_WriteRAM_Prepare                     0x00000b59   Thumb Code    12  lcd.o(i.LCD_WriteRAM_Prepare)
    LCD_WriteReg                             0x00000b69   Thumb Code    20  lcd.o(i.LCD_WriteReg)
    LED_toggle                               0x00000b7d   Thumb Code    50  led.o(i.LED_toggle)
    MakeData                                 0x00000bb5   Thumb Code     8  lcd.o(i.MakeData)
    MemManageHandler                         0x00000bbd   Thumb Code     2  handler.o(i.MemManageHandler)
    NMIHandler                               0x00000bbf   Thumb Code     2  handler.o(i.NMIHandler)
    PendSVHandler                            0x00000be9   Thumb Code     2  handler.o(i.PendSVHandler)
    SPI_Init                                 0x00000bed   Thumb Code    12  spi_flash.o(i.SPI_Init)
    SVCHandler                               0x00000bfd   Thumb Code     2  handler.o(i.SVCHandler)
    Set_SysTick_CTRL                         0x00000c01   Thumb Code     6  systick.o(i.Set_SysTick_CTRL)
    Set_SysTick_LOAD                         0x00000c0d   Thumb Code     6  systick.o(i.Set_SysTick_LOAD)
    Set_SysTick_VALUE                        0x00000c19   Thumb Code     6  systick.o(i.Set_SysTick_VALUE)
    SysTickHandler                           0x00000c25   Thumb Code    24  handler.o(i.SysTickHandler)
    SystemInit                               0x00000c41   Thumb Code    22  system.o(i.SystemInit)
    TIMER_Init                               0x00000c59   Thumb Code    26  timer.o(i.TIMER_Init)
    Timer_Handler                            0x00000c79   Thumb Code   158  handler.o(i.Timer_Handler)
    UARTOVRHandler                           0x00000d31   Thumb Code     2  handler.o(i.UARTOVRHandler)
    UARTRXHandler                            0x00000d35   Thumb Code    24  handler.o(i.UARTRXHandler)
    UARTTXHandler                            0x00000d65   Thumb Code    36  handler.o(i.UARTTXHandler)
    UsageFaultHandler                        0x00000da1   Thumb Code     2  handler.o(i.UsageFaultHandler)
    __0printf$bare                           0x00000da5   Thumb Code    12  printfb.o(i.__0printf$bare)
    __1printf$bare                           0x00000da5   Thumb Code     0  printfb.o(i.__0printf$bare)
    __2printf                                0x00000da5   Thumb Code     0  printfb.o(i.__0printf$bare)
    __ARM_common_switch8                     0x00000db9   Thumb Code    28  lcd.o(i.__ARM_common_switch8)
    __scatterload_copy                       0x00000dd5   Thumb Code    14  handlers.o(i.__scatterload_copy)
    __scatterload_null                       0x00000de3   Thumb Code     2  handlers.o(i.__scatterload_null)
    __scatterload_zeroinit                   0x00000de5   Thumb Code    14  handlers.o(i.__scatterload_zeroinit)
    boomDraw                                 0x00000e11   Thumb Code    88  mygame.o(i.boomDraw)
    bulletDraw                               0x00000e69   Thumb Code    98  mygame.o(i.bulletDraw)
    bulletInit                               0x00000ed5   Thumb Code    28  mygame.o(i.bulletInit)
    bulletsMapCreate                         0x00000ef9   Thumb Code    70  mygame.o(i.bulletsMapCreate)
    createOneBullet                          0x00000f45   Thumb Code    80  mygame.o(i.createOneBullet)
    createOneEnmeyPlane                      0x00000fa1   Thumb Code    56  mygame.o(i.createOneEnmeyPlane)
    delay                                    0x00000fe1   Thumb Code    32  systick.o(i.delay)
    enemyMapCreate                           0x00001001   Thumb Code   108  mygame.o(i.enemyMapCreate)
    enmeyPlaneDraw                           0x00001071   Thumb Code   196  mygame.o(i.enmeyPlaneDraw)
    enmeyPlaneInit                           0x0000113d   Thumb Code    26  mygame.o(i.enmeyPlaneInit)
    fputc                                    0x00001161   Thumb Code    32  retarget.o(i.fputc)
    gameScoreDraw                            0x00001181   Thumb Code   156  mygame.o(i.gameScoreDraw)
    isBulletsHit                             0x0000121d   Thumb Code   124  mygame.o(i.isBulletsHit)
    isEnemyPlaneHit                          0x0000129d   Thumb Code   168  mygame.o(i.isEnemyPlaneHit)
    isMyPlaneHit                             0x0000134d   Thumb Code   132  mygame.o(i.isMyPlaneHit)
    main                                     0x000013d9   Thumb Code   144  main.o(i.main)
    mem_free                                 0x00001471   Thumb Code    70  malloc.o(i.mem_free)
    mem_init                                 0x000014bd   Thumb Code    38  malloc.o(i.mem_init)
    mem_malloc                               0x000014e9   Thumb Code   120  malloc.o(i.mem_malloc)
    mem_perused                              0x00001565   Thumb Code    36  malloc.o(i.mem_perused)
    myPlaneDraw                              0x0000158d   Thumb Code   220  mygame.o(i.myPlaneDraw)
    myPlaneInit                              0x0000166d   Thumb Code    20  mygame.o(i.myPlaneInit)
    myfree                                   0x00001685   Thumb Code    26  malloc.o(i.myfree)
    mymalloc                                 0x000016a5   Thumb Code    28  malloc.o(i.mymalloc)
    mymemset                                 0x000016c5   Thumb Code    20  malloc.o(i.mymemset)
    tileMap                                  0x000016d9   Thumb Code    24  mygame.o(i.tileMap)
    uart_ClearRxIRQ                          0x000016f1   Thumb Code     6  uart.o(i.uart_ClearRxIRQ)
    uart_ClearTxIRQ                          0x000016f7   Thumb Code     6  uart.o(i.uart_ClearTxIRQ)
    uart_SendChar                            0x000016fd   Thumb Code    22  uart.o(i.uart_SendChar)
    uart_init                                0x00001713   Thumb Code    88  uart.o(i.uart_init)
    updateBulletData                         0x0000176d   Thumb Code    74  mygame.o(i.updateBulletData)
    writeOneSprite                           0x000017c1   Thumb Code    32  spriteram.o(i.writeOneSprite)
    BULLET_NUMMAX                            0x000017e4   Data           1  main.o(.constdata)
    ENEMY_NUMMAX                             0x000017e5   Data           1  main.o(.constdata)
    asc2_1608                                0x000017e6   Data        1520  lcd.o(.constdata)
    Region$$Table$$Base                      0x00001dd8   Number         0  anon$$obj.o(Region$$Table)
    Region$$Table$$Limit                     0x00001df8   Number         0  anon$$obj.o(Region$$Table)
    gImage_hero_48x32                        0x20000000   Data         192  main.o(.data)
    gImage_enemy01_32x32                     0x200000c0   Data         128  main.o(.data)
    gImage_enemy02_48x48                     0x20000140   Data         294  main.o(.data)
    gImage_backgroud_00                      0x20000266   Data        2160  main.o(.data)
    myplane                                  0x20000ad6   Data           4  main.o(.data)
    GameScore                                0x20000adc   Data           4  main.o(.data)
    POINT_COLOR                              0x20000ae0   Data           2  lcd.o(.data)
    BACK_COLOR                               0x20000ae2   Data           2  lcd.o(.data)
    __stdout                                 0x20000ae4   Data           4  retarget.o(.data)
    __stdin                                  0x20000ae8   Data           4  retarget.o(.data)
    mallco_dev                               0x20000aec   Data          20  malloc.o(.data)
    bullet                                   0x20000b04   Data           9  main.o(.bss)
    bulletsHitMap                            0x20000b10   Data         120  main.o(.bss)
    myPlaneHitMap                            0x20000b88   Data         120  main.o(.bss)
    enmeyPlane                               0x20000c00   Data          20  main.o(.bss)
    enemyPlaneHitMap                         0x20000c14   Data         120  main.o(.bss)
    lcddev                                   0x20000c8c   Data          14  lcd.o(.bss)
    membase                                  0x20000c9c   Data        4096  malloc.o(.bss)
    memmapbase                               0x20001c9c   Data         256  malloc.o(.bss)
    __initial_sp                             0x200021a0   Data           0  startup_cm0ds.o(STACK)



==============================================================================

Memory Map of the image

  Image Entry point : 0x00000061

  Load Region LR_IROM1 (Base: 0x00000000, Size: 0x000028fc, Max: 0x00004000, ABSOLUTE, COMPRESSED[0x00002288])

    Execution Region ER_IROM1 (Exec base: 0x00000000, Load base: 0x00000000, Size: 0x00001df8, Max: 0x00004000, ABSOLUTE)

    Exec Addr    Load Addr    Size         Type   Attr      Idx    E Section Name        Object

    0x00000000   0x00000000   0x00000060   Data   RO          223    RESET               startup_cm0ds.o
    0x00000060   0x00000060   0x00000000   Code   RO         1203  * .ARM.Collect$$$$00000000  mc_p.l(entry.o)
    0x00000060   0x00000060   0x00000004   Code   RO         1479    .ARM.Collect$$$$00000001  mc_p.l(entry2.o)
    0x00000064   0x00000064   0x00000004   Code   RO         1482    .ARM.Collect$$$$00000004  mc_p.l(entry5.o)
    0x00000068   0x00000068   0x00000000   Code   RO         1484    .ARM.Collect$$$$00000008  mc_p.l(entry7b.o)
    0x00000068   0x00000068   0x00000000   Code   RO         1486    .ARM.Collect$$$$0000000A  mc_p.l(entry8b.o)
    0x00000068   0x00000068   0x00000008   Code   RO         1487    .ARM.Collect$$$$0000000B  mc_p.l(entry9a.o)
    0x00000070   0x00000070   0x00000000   Code   RO         1489    .ARM.Collect$$$$0000000D  mc_p.l(entry10a.o)
    0x00000070   0x00000070   0x00000000   Code   RO         1491    .ARM.Collect$$$$0000000F  mc_p.l(entry11a.o)
    0x00000070   0x00000070   0x00000004   Code   RO         1480    .ARM.Collect$$$$00002712  mc_p.l(entry2.o)
    0x00000074   0x00000074   0x0000009c   Code   RO          224    .text               startup_cm0ds.o
    0x00000110   0x00000110   0x0000002c   Code   RO         1206    .text               mc_p.l(uidiv.o)
    0x0000013c   0x0000013c   0x00000028   Code   RO         1208    .text               mc_p.l(idiv.o)
    0x00000164   0x00000164   0x00000024   Code   RO         1210    .text               mc_p.l(rand.o)
    0x00000188   0x00000188   0x00000024   Code   RO         1213    .text               mc_p.l(memcpya.o)
    0x000001ac   0x000001ac   0x00000024   Code   RO         1506    .text               mc_p.l(init.o)
    0x000001d0   0x000001d0   0x00000056   Code   RO         1526    .text               mc_p.l(__dczerorl2.o)
    0x00000226   0x00000226   0x00000002   Code   RO           99    i.BusFaultHandler   handler.o
    0x00000228   0x00000228   0x00000002   Code   RO          100    i.DebugMonHandler   handler.o
    0x0000022a   0x0000022a   0x00000002   Code   RO          101    i.HardFaultHandler  handler.o
    0x0000022c   0x0000022c   0x00000020   Code   RO          102    i.KEY0              handler.o
    0x0000024c   0x0000024c   0x00000020   Code   RO          103    i.KEY1              handler.o
    0x0000026c   0x0000026c   0x0000000e   Code   RO          104    i.KEY2              handler.o
    0x0000027a   0x0000027a   0x00000002   PAD
    0x0000027c   0x0000027c   0x00000020   Code   RO          105    i.KEY3              handler.o
    0x0000029c   0x0000029c   0x0000000c   Code   RO          416    i.KEY_INIT          key.o
    0x000002a8   0x000002a8   0x0000006c   Code   RO          435    i.LCD_Clear         lcd.o
    0x00000314   0x00000314   0x00000078   Code   RO          439    i.LCD_Display_Dir   lcd.o
    0x0000038c   0x0000038c   0x0000005c   Code   RO          442    i.LCD_Fast_DrawPoint  lcd.o
    0x000003e8   0x000003e8   0x00000298   Code   RO          444    i.LCD_Init          lcd.o
    0x00000680   0x00000680   0x000002e8   Code   RO          448    i.LCD_Scan_Dir      lcd.o
    0x00000968   0x00000968   0x00000034   Code   RO          449    i.LCD_SetCursor     lcd.o
    0x0000099c   0x0000099c   0x00000110   Code   RO          451    i.LCD_ShowChar      lcd.o
    0x00000aac   0x00000aac   0x00000062   Code   RO          454    i.LCD_ShowString    lcd.o
    0x00000b0e   0x00000b0e   0x00000026   Code   RO          456    i.LCD_WR_DATA       lcd.o
    0x00000b34   0x00000b34   0x00000024   Code   RO          457    i.LCD_WR_REG        lcd.o
    0x00000b58   0x00000b58   0x00000010   Code   RO          459    i.LCD_WriteRAM_Prepare  lcd.o
    0x00000b68   0x00000b68   0x00000014   Code   RO          460    i.LCD_WriteReg      lcd.o
    0x00000b7c   0x00000b7c   0x00000038   Code   RO          653    i.LED_toggle        led.o
    0x00000bb4   0x00000bb4   0x00000008   Code   RO          461    i.MakeData          lcd.o
    0x00000bbc   0x00000bbc   0x00000002   Code   RO          106    i.MemManageHandler  handler.o
    0x00000bbe   0x00000bbe   0x00000002   Code   RO          107    i.NMIHandler        handler.o
    0x00000bc0   0x00000bc0   0x00000014   Code   RO            3    i.NVIC_EnableIRQ    main.o
    0x00000bd4   0x00000bd4   0x00000014   Code   RO          230    i.NVIC_EnableIRQ    system.o
    0x00000be8   0x00000be8   0x00000002   Code   RO          108    i.PendSVHandler     handler.o
    0x00000bea   0x00000bea   0x00000002   PAD
    0x00000bec   0x00000bec   0x00000010   Code   RO          740    i.SPI_Init          spi_flash.o
    0x00000bfc   0x00000bfc   0x00000002   Code   RO          109    i.SVCHandler        handler.o
    0x00000bfe   0x00000bfe   0x00000002   PAD
    0x00000c00   0x00000c00   0x0000000c   Code   RO          842    i.Set_SysTick_CTRL  systick.o
    0x00000c0c   0x00000c0c   0x0000000c   Code   RO          843    i.Set_SysTick_LOAD  systick.o
    0x00000c18   0x00000c18   0x0000000c   Code   RO          844    i.Set_SysTick_VALUE  systick.o
    0x00000c24   0x00000c24   0x0000001c   Code   RO          110    i.SysTickHandler    handler.o
    0x00000c40   0x00000c40   0x00000016   Code   RO          232    i.SystemInit        system.o
    0x00000c56   0x00000c56   0x00000002   PAD
    0x00000c58   0x00000c58   0x00000020   Code   RO          905    i.TIMER_Init        timer.o
    0x00000c78   0x00000c78   0x000000b8   Code   RO          111    i.Timer_Handler     handler.o
    0x00000d30   0x00000d30   0x00000002   Code   RO          112    i.UARTOVRHandler    handler.o
    0x00000d32   0x00000d32   0x00000002   PAD
    0x00000d34   0x00000d34   0x00000030   Code   RO          113    i.UARTRXHandler     handler.o
    0x00000d64   0x00000d64   0x0000003c   Code   RO          114    i.UARTTXHandler     handler.o
    0x00000da0   0x00000da0   0x00000002   Code   RO          115    i.UsageFaultHandler  handler.o
    0x00000da2   0x00000da2   0x00000002   PAD
    0x00000da4   0x00000da4   0x00000014   Code   RO         1220    i.__0printf$bare    mc_p.l(printfb.o)
    0x00000db8   0x00000db8   0x0000001c   Code   RO          640    i.__ARM_common_switch8  lcd.o
    0x00000dd4   0x00000dd4   0x0000000e   Code   RO         1520    i.__scatterload_copy  mc_p.l(handlers.o)
    0x00000de2   0x00000de2   0x00000002   Code   RO         1521    i.__scatterload_null  mc_p.l(handlers.o)
    0x00000de4   0x00000de4   0x0000000e   Code   RO         1522    i.__scatterload_zeroinit  mc_p.l(handlers.o)
    0x00000df2   0x00000df2   0x0000001e   Code   RO         1227    i._printf_core      mc_p.l(printfb.o)
    0x00000e10   0x00000e10   0x00000058   Code   RO         1088    i.boomDraw          mygame.o
    0x00000e68   0x00000e68   0x0000006c   Code   RO         1089    i.bulletDraw        mygame.o
    0x00000ed4   0x00000ed4   0x00000024   Code   RO         1090    i.bulletInit        mygame.o
    0x00000ef8   0x00000ef8   0x0000004c   Code   RO         1091    i.bulletsMapCreate  mygame.o
    0x00000f44   0x00000f44   0x0000005c   Code   RO         1092    i.createOneBullet   mygame.o
    0x00000fa0   0x00000fa0   0x00000040   Code   RO         1093    i.createOneEnmeyPlane  mygame.o
    0x00000fe0   0x00000fe0   0x00000020   Code   RO          847    i.delay             systick.o
    0x00001000   0x00001000   0x00000070   Code   RO         1094    i.enemyMapCreate    mygame.o
    0x00001070   0x00001070   0x000000cc   Code   RO         1095    i.enmeyPlaneDraw    mygame.o
    0x0000113c   0x0000113c   0x00000024   Code   RO         1096    i.enmeyPlaneInit    mygame.o
    0x00001160   0x00001160   0x00000020   Code   RO          685    i.fputc             retarget.o
    0x00001180   0x00001180   0x0000009c   Code   RO         1097    i.gameScoreDraw     mygame.o
    0x0000121c   0x0000121c   0x00000080   Code   RO         1098    i.isBulletsHit      mygame.o
    0x0000129c   0x0000129c   0x000000b0   Code   RO         1099    i.isEnemyPlaneHit   mygame.o
    0x0000134c   0x0000134c   0x0000008c   Code   RO         1100    i.isMyPlaneHit      mygame.o
    0x000013d8   0x000013d8   0x00000098   Code   RO            4    i.main              main.o
    0x00001470   0x00001470   0x0000004c   Code   RO         1008    i.mem_free          malloc.o
    0x000014bc   0x000014bc   0x0000002c   Code   RO         1009    i.mem_init          malloc.o
    0x000014e8   0x000014e8   0x0000007c   Code   RO         1010    i.mem_malloc        malloc.o
    0x00001564   0x00001564   0x00000028   Code   RO         1011    i.mem_perused       malloc.o
    0x0000158c   0x0000158c   0x000000e0   Code   RO         1101    i.myPlaneDraw       mygame.o
    0x0000166c   0x0000166c   0x00000018   Code   RO         1102    i.myPlaneInit       mygame.o
    0x00001684   0x00001684   0x00000020   Code   RO         1012    i.myfree            malloc.o
    0x000016a4   0x000016a4   0x00000020   Code   RO         1013    i.mymalloc          malloc.o
    0x000016c4   0x000016c4   0x00000014   Code   RO         1015    i.mymemset          malloc.o
    0x000016d8   0x000016d8   0x00000018   Code   RO         1104    i.tileMap           mygame.o
    0x000016f0   0x000016f0   0x00000006   Code   RO          918    i.uart_ClearRxIRQ   uart.o
    0x000016f6   0x000016f6   0x00000006   Code   RO          919    i.uart_ClearTxIRQ   uart.o
    0x000016fc   0x000016fc   0x00000016   Code   RO          927    i.uart_SendChar     uart.o
    0x00001712   0x00001712   0x00000058   Code   RO          929    i.uart_init         uart.o
    0x0000176a   0x0000176a   0x00000002   PAD
    0x0000176c   0x0000176c   0x00000054   Code   RO         1105    i.updateBulletData  mygame.o
    0x000017c0   0x000017c0   0x00000024   Code   RO         1076    i.writeOneSprite    spriteram.o
    0x000017e4   0x000017e4   0x00000002   Data   RO            6    .constdata          main.o
    0x000017e6   0x000017e6   0x000005f0   Data   RO          468    .constdata          lcd.o
    0x00001dd6   0x00001dd6   0x00000002   PAD
    0x00001dd8   0x00001dd8   0x00000020   Data   RO         1518    Region$$Table       anon$$obj.o


    Execution Region RW_IRAM1 (Exec base: 0x20000000, Load base: 0x00001df8, Size: 0x000021a0, Max: 0x00004000, ABSOLUTE, COMPRESSED[0x00000490])

    Exec Addr    Load Addr    Size         Type   Attr      Idx    E Section Name        Object

    0x20000000   COMPRESSED   0x00000ae0   Data   RW            7    .data               main.o
    0x20000ae0   COMPRESSED   0x00000004   Data   RW          469    .data               lcd.o
    0x20000ae4   COMPRESSED   0x00000008   Data   RW          686    .data               retarget.o
    0x20000aec   COMPRESSED   0x00000014   Data   RW         1019    .data               malloc.o
    0x20000b00   COMPRESSED   0x00000004   Data   RW         1211    .data               mc_p.l(rand.o)
    0x20000b04        -       0x00000188   Zero   RW            5    .bss                main.o
    0x20000c8c        -       0x0000000e   Zero   RW          467    .bss                lcd.o
    0x20000c9a   COMPRESSED   0x00000002   PAD
    0x20000c9c        -       0x00001100   Zero   RW         1017    .bss                malloc.o
    0x20001d9c   COMPRESSED   0x00000004   PAD
    0x20001da0        -       0x00000400   Zero   RW          221    STACK               startup_cm0ds.o


==============================================================================

Image component sizes


      Code (inc. data)   RO Data    RW Data    ZI Data      Debug   Object Name

       448         90          0          0          0       6834   handler.o
        12          6          0          0          0        407   key.o
      2296        124       1520          4         14      11211   lcd.o
        56          6          0          0          0        573   led.o
       172         14          2       2784        392      15957   main.o
       368         30          0         20       4352       5258   malloc.o
      1772        104          0          0          0      10485   mygame.o
        32          0          0          8          0       2488   retarget.o
        16          4          0          0          0        431   spi_flash.o
        36          4          0          0          0        613   spriteram.o
       156          8         96          0       1024       1100   startup_cm0ds.o
        42          6          0          0          0        777   system.o
        68         18          0          0          0       1758   systick.o
        32          6          0          0          0        557   timer.o
       122          0          0          0          0       2696   uart.o

    ----------------------------------------------------------------------
      5642        420       1652       2816       5788      61145   Object Totals
         0          0         32          0          0          0   (incl. Generated)
        14          0          2          0          6          0   (incl. Padding)

    ----------------------------------------------------------------------

      Code (inc. data)   RO Data    RW Data    ZI Data      Debug   Library Member Name

        86          0          0          0          0          0   __dczerorl2.o
         0          0          0          0          0          0   entry.o
         0          0          0          0          0          0   entry10a.o
         0          0          0          0          0          0   entry11a.o
         8          4          0          0          0          0   entry2.o
         4          0          0          0          0          0   entry5.o
         0          0          0          0          0          0   entry7b.o
         0          0          0          0          0          0   entry8b.o
         8          4          0          0          0          0   entry9a.o
        30          0          0          0          0          0   handlers.o
        40          0          0          0          0         72   idiv.o
        36          8          0          0          0         68   init.o
        36          0          0          0          0         60   memcpya.o
        50          8          0          0          0        144   printfb.o
        36         12          0          4          0        120   rand.o
        44          0          0          0          0         72   uidiv.o

    ----------------------------------------------------------------------
       378         36          0          4          0        536   Library Totals
         0          0          0          0          0          0   (incl. Padding)

    ----------------------------------------------------------------------

      Code (inc. data)   RO Data    RW Data    ZI Data      Debug   Library Name

       378         36          0          4          0        536   mc_p.l

    ----------------------------------------------------------------------
       378         36          0          4          0        536   Library Totals

    ----------------------------------------------------------------------

==============================================================================


      Code (inc. data)   RO Data    RW Data    ZI Data      Debug   

      6020        456       1652       2820       5788      58693   Grand Totals
      6020        456       1652       1168       5788      58693   ELF Image Totals (compressed)
      6020        456       1652       1168          0          0   ROM Totals

==============================================================================

    Total RO  Size (Code + RO Data)                 7672 (   7.49kB)
    Total RW  Size (RW Data + ZI Data)              8608 (   8.41kB)
    Total ROM Size (Code + RO Data + RW Data)       8840 (   8.63kB)

==============================================================================

