Component: ARM Compiler 5.06 update 6 (build 750) Tool: armlink [4d35ed]

==============================================================================

Section Cross References

    main.o(i.main) refers to spriteram.o(i.writeOneSprite) for writeOneSprite
    main.o(i.main) refers to mygame.o(i.myPlaneInit) for myPlaneInit
    main.o(i.main) refers to mygame.o(i.bulletInit) for bulletInit
    main.o(i.main) refers to mygame.o(i.enmeyPlaneInit) for enmeyPlaneInit
    main.o(i.main) refers to mygame.o(i.buffInit) for buffInit
    main.o(i.main) refers to uart.o(i.uart_init) for uart_init
    main.o(i.main) refers to spi_flash.o(i.SPI_Init) for SPI_Init
    main.o(i.main) refers to main.o(i.NVIC_EnableIRQ) for NVIC_EnableIRQ
    main.o(i.main) refers to timer.o(i.TIMER_Init) for TIMER_Init
    main.o(i.main) refers to malloc.o(i.mymalloc) for mymalloc
    main.o(i.main) refers to malloc.o(i.myfree) for myfree
    main.o(i.main) refers to rand.o(.text) for rand
    main.o(i.main) refers to idiv.o(.text) for __aeabi_idivmod
    main.o(i.main) refers to mygame.o(i.createOneEnmeyPlane) for createOneEnmeyPlane
    main.o(i.main) refers to mygame.o(i.createOneBuff) for createOneBuff
    main.o(i.main) refers to mygame.o(i.gameScoreDraw) for gameScoreDraw
    main.o(i.main) refers to mygame.o(i.myPlaneDraw) for myPlaneDraw
    main.o(i.main) refers to mygame.o(i.bulletDraw) for bulletDraw
    main.o(i.main) refers to mygame.o(i.enmeyPlaneDraw) for enmeyPlaneDraw
    main.o(i.main) refers to mygame.o(i.boomDraw) for boomDraw
    main.o(i.main) refers to mygame.o(i.buffDraw) for buffDraw
    main.o(i.main) refers to mygame.o(i.enemyMapCreate) for enemyMapCreate
    main.o(i.main) refers to mygame.o(i.bulletsMapCreate) for bulletsMapCreate
    main.o(i.main) refers to mygame.o(i.myPlaneMapCreate) for myPlaneMapCreate
    main.o(i.main) refers to mygame.o(i.isMyPlaneHit) for isMyPlaneHit
    main.o(i.main) refers to memcpya.o(.text) for __aeabi_memcpy4
    main.o(i.main) refers to mygame.o(i.isEnemyPlaneHit) for isEnemyPlaneHit
    main.o(i.main) refers to mygame.o(i.isBulletsHit) for isBulletsHit
    main.o(i.main) refers to mygame.o(i.moveEnmeyPlane) for moveEnmeyPlane
    main.o(i.main) refers to mygame.o(i.updateBulletData) for updateBulletData
    main.o(i.main) refers to mygame.o(i.updateBoomData) for updateBoomData
    main.o(i.main) refers to mygame.o(i.updateBuffData) for updateBuffData
    main.o(i.main) refers to systick.o(i.delay_ms) for delay_ms
    main.o(i.main) refers to main.o(.data) for buff
    main.o(i.main) refers to main.o(.bss) for enemyPlaneHitMap
    handler.o(i.KEY0) refers to led.o(i.LED_toggle) for LED_toggle
    handler.o(i.KEY0) refers to main.o(.data) for myplane
    handler.o(i.KEY1) refers to led.o(i.LED_toggle) for LED_toggle
    handler.o(i.KEY1) refers to main.o(.data) for myplane
    handler.o(i.KEY2) refers to led.o(i.LED_toggle) for LED_toggle
    handler.o(i.KEY2) refers to mygame.o(i.createOneBullet) for createOneBullet
    handler.o(i.KEY3) refers to led.o(i.LED_toggle) for LED_toggle
    handler.o(i.KEY3) refers to main.o(.data) for myplane
    handler.o(i.SysTickHandler) refers to systick.o(i.Set_SysTick_CTRL) for Set_SysTick_CTRL
    handler.o(i.Timer_Handler) refers to key.o(i.READ_KEY) for READ_KEY
    handler.o(i.Timer_Handler) refers to mygame.o(i.createOneBullet) for createOneBullet
    handler.o(i.Timer_Handler) refers to main.o(.data) for myplane
    handler.o(i.UARTRXHandler) refers to uart.o(i.uart_ClearRxIRQ) for uart_ClearRxIRQ
    handler.o(i.UARTRXHandler) refers to led.o(i.LED_toggle) for LED_toggle
    handler.o(i.UARTRXHandler) refers to printfb.o(i.__0printf$bare) for __2printf
    handler.o(i.UARTTXHandler) refers to uart.o(i.uart_ClearTxIRQ) for uart_ClearTxIRQ
    handler.o(i.UARTTXHandler) refers to led.o(i.LED_toggle) for LED_toggle
    handler.o(i.UARTTXHandler) refers to lcd.o(i.LCD_ShowString) for LCD_ShowString
    startup_cm0ds.o(RESET) refers to startup_cm0ds.o(STACK) for __initial_sp
    startup_cm0ds.o(RESET) refers to startup_cm0ds.o(.text) for Reset_Handler
    startup_cm0ds.o(.text) refers to handler.o(i.NMIHandler) for NMIHandler
    startup_cm0ds.o(.text) refers to handler.o(i.HardFaultHandler) for HardFaultHandler
    startup_cm0ds.o(.text) refers to handler.o(i.MemManageHandler) for MemManageHandler
    startup_cm0ds.o(.text) refers to handler.o(i.BusFaultHandler) for BusFaultHandler
    startup_cm0ds.o(.text) refers to handler.o(i.UsageFaultHandler) for UsageFaultHandler
    startup_cm0ds.o(.text) refers to handler.o(i.SVCHandler) for SVCHandler
    startup_cm0ds.o(.text) refers to handler.o(i.DebugMonHandler) for DebugMonHandler
    startup_cm0ds.o(.text) refers to handler.o(i.PendSVHandler) for PendSVHandler
    startup_cm0ds.o(.text) refers to handler.o(i.SysTickHandler) for SysTickHandler
    startup_cm0ds.o(.text) refers to handler.o(i.UARTRXHandler) for UARTRXHandler
[...]
    camera.o(i.CAMERA_Write_Byte) refers to camera.o(i.Set_CAMERA_SDA_W) for Set_CAMERA_SDA_W
    camera.o(i.photo) refers to camera.o(i.Set_CAMERA_DATA_STATE) for Set_CAMERA_DATA_STATE
    camera.o(i.photo) refers to camera.o(i.Read_CAMERA_DATA_STATE) for Read_CAMERA_DATA_STATE
    lcd.o(i.Gui_Drawbmp16) refers to lcd.o(i.LCD_Set_Window) for LCD_Set_Window
    lcd.o(i.Gui_Drawbmp16) refers to lcd.o(i.LCD_WR_DATA) for LCD_WR_DATA
    lcd.o(i.Gui_Drawbmp16) refers to lcd.o(.bss) for lcddev
    lcd.o(i.LCD_Clear) refers to lcd.o(i.LCD_SetCursor) for LCD_SetCursor
    lcd.o(i.LCD_Clear) refers to lcd.o(i.LCD_WriteRAM_Prepare) for LCD_WriteRAM_Prepare
    lcd.o(i.LCD_Clear) refers to lcd.o(i.LCD_WR_DATA) for LCD_WR_DATA
    lcd.o(i.LCD_Clear) refers to lcd.o(.bss) for lcddev
    lcd.o(i.LCD_Color_Fill) refers to lcd.o(i.LCD_SetCursor) for LCD_SetCursor
    lcd.o(i.LCD_Color_Fill) refers to lcd.o(i.LCD_WriteRAM_Prepare) for LCD_WriteRAM_Prepare
    lcd.o(i.LCD_Color_Fill) refers to lcd.o(i.LCD_WR_DATA) for LCD_WR_DATA
    lcd.o(i.LCD_DisplayOff) refers to lcd.o(i.LCD_WR_REG) for LCD_WR_REG
    lcd.o(i.LCD_DisplayOn) refers to lcd.o(i.LCD_WR_REG) for LCD_WR_REG
    lcd.o(i.LCD_Display_Dir) refers to lcd.o(i.LCD_Scan_Dir) for LCD_Scan_Dir
    lcd.o(i.LCD_Display_Dir) refers to lcd.o(.bss) for lcddev
    lcd.o(i.LCD_DrawLine) refers to lcd.o(i.LCD_DrawPoint) for LCD_DrawPoint
    lcd.o(i.LCD_DrawPoint) refers to lcd.o(i.LCD_SetCursor) for LCD_SetCursor
    lcd.o(i.LCD_DrawPoint) refers to lcd.o(i.LCD_WriteRAM_Prepare) for LCD_WriteRAM_Prepare
    lcd.o(i.LCD_DrawPoint) refers to lcd.o(i.LCD_WR_DATA) for LCD_WR_DATA
    lcd.o(i.LCD_DrawPoint) refers to lcd.o(.data) for POINT_COLOR
    lcd.o(i.LCD_Fast_DrawPoint) refers to lcd.o(i.LCD_WR_REG) for LCD_WR_REG
    lcd.o(i.LCD_Fast_DrawPoint) refers to lcd.o(i.LCD_WR_DATA) for LCD_WR_DATA
    lcd.o(i.LCD_Fast_DrawPoint) refers to lcd.o(i.MakeData) for MakeData
    lcd.o(i.LCD_Fast_DrawPoint) refers to lcd.o(.bss) for lcddev
    lcd.o(i.LCD_Fill) refers to lcd.o(i.LCD_SetCursor) for LCD_SetCursor
    lcd.o(i.LCD_Fill) refers to lcd.o(i.LCD_WriteRAM_Prepare) for LCD_WriteRAM_Prepare
    lcd.o(i.LCD_Fill) refers to lcd.o(i.LCD_WR_DATA) for LCD_WR_DATA
    lcd.o(i.LCD_Init) refers to systick.o(i.delay) for delay
    lcd.o(i.LCD_Init) refers to lcd.o(i.LCD_WR_REG) for LCD_WR_REG
    lcd.o(i.LCD_Init) refers to lcd.o(i.LCD_WR_DATA) for LCD_WR_DATA
    lcd.o(i.LCD_Init) refers to lcd.o(i.LCD_Display_Dir) for LCD_Display_Dir
    lcd.o(i.LCD_Init) refers to lcd.o(i.LCD_Clear) for LCD_Clear
    lcd.o(i.LCD_Init) refers to lcd.o(.bss) for lcddev
    lcd.o(i.LCD_RD_DATA) refers to lcd.o(i.ReadData) for ReadData
    lcd.o(i.LCD_ReadReg) refers to lcd.o(i.LCD_WR_REG) for LCD_WR_REG
    lcd.o(i.LCD_ReadReg) refers to systick.o(i.delay) for delay
    lcd.o(i.LCD_ReadReg) refers to lcd.o(i.LCD_RD_DATA) for LCD_RD_DATA
    lcd.o(i.LCD_Scan_Dir) refers to lcd.o(i.__ARM_common_switch8) for __ARM_common_switch8
    lcd.o(i.LCD_Scan_Dir) refers to lcd.o(i.LCD_WriteReg) for LCD_WriteReg
    lcd.o(i.LCD_Scan_Dir) refers to lcd.o(i.LCD_WR_REG) for LCD_WR_REG
    lcd.o(i.LCD_Scan_Dir) refers to lcd.o(i.LCD_WR_DATA) for LCD_WR_DATA
    lcd.o(i.LCD_Scan_Dir) refers to lcd.o(.bss) for lcddev
    lcd.o(i.LCD_SetCursor) refers to lcd.o(i.LCD_WR_REG) for LCD_WR_REG
    lcd.o(i.LCD_SetCursor) refers to lcd.o(i.LCD_WR_DATA) for LCD_WR_DATA
    lcd.o(i.LCD_SetCursor) refers to lcd.o(.bss) for lcddev
    lcd.o(i.LCD_Set_Window) refers to lcd.o(i.LCD_WR_REG) for LCD_WR_REG
    lcd.o(i.LCD_Set_Window) refers to lcd.o(i.LCD_WR_DATA) for LCD_WR_DATA
    lcd.o(i.LCD_Set_Window) refers to lcd.o(i.LCD_WriteRAM_Prepare) for LCD_WriteRAM_Prepare
    lcd.o(i.LCD_Set_Window) refers to lcd.o(.bss) for lcddev
    lcd.o(i.LCD_ShowChar) refers to lcd.o(i.LCD_Fast_DrawPoint) for LCD_Fast_DrawPoint
    lcd.o(i.LCD_ShowChar) refers to lcd.o(.constdata) for asc2_1608
    lcd.o(i.LCD_ShowChar) refers to lcd.o(.data) for POINT_COLOR
    lcd.o(i.LCD_ShowChar) refers to lcd.o(.bss) for lcddev
    lcd.o(i.LCD_ShowChar1) refers to lcd.o(i.LCD_Set_Window) for LCD_Set_Window
    lcd.o(i.LCD_ShowChar1) refers to lcd.o(i.LCD_WR_DATA) for LCD_WR_DATA
    lcd.o(i.LCD_ShowChar1) refers to lcd.o(i.LCD_DrawPoint) for LCD_DrawPoint
    lcd.o(i.LCD_ShowChar1) refers to lcd.o(.data) for POINT_COLOR
    lcd.o(i.LCD_ShowChar1) refers to lcd.o(.constdata) for asc2_1608
    lcd.o(i.LCD_ShowChar1) refers to lcd.o(.bss) for lcddev
    lcd.o(i.LCD_ShowNum) refers to lcd.o(i.LCD_Pow) for LCD_Pow
    lcd.o(i.LCD_ShowNum) refers to uidiv.o(.text) for __aeabi_uidivmod
    lcd.o(i.LCD_ShowNum) refers to lcd.o(i.LCD_ShowChar) for LCD_ShowChar
    lcd.o(i.LCD_ShowString) refers to lcd.o(i.LCD_ShowChar) for LCD_ShowChar
    lcd.o(i.LCD_ShowxNum) refers to lcd.o(i.LCD_Pow) for LCD_Pow
    lcd.o(i.LCD_ShowxNum) refers to uidiv.o(.text) for __aeabi_uidivmod
    lcd.o(i.LCD_ShowxNum) refers to lcd.o(i.LCD_ShowChar) for LCD_ShowChar
    lcd.o(i.LCD_WR_DATA) refers to lcd.o(i.MakeData) for MakeData
    lcd.o(i.LCD_WR_REG) refers to lcd.o(i.MakeData) for MakeData
    lcd.o(i.LCD_WriteRAM) refers to lcd.o(i.LCD_WR_DATA) for LCD_WR_DATA
    lcd.o(i.LCD_WriteRAM_Prepare) refers to lcd.o(i.LCD_WR_REG) for LCD_WR_REG
    lcd.o(i.LCD_WriteRAM_Prepare) refers to lcd.o(.bss) for lcddev
    lcd.o(i.LCD_WriteReg) refers to lcd.o(i.LCD_WR_REG) for LCD_WR_REG
    lcd.o(i.LCD_WriteReg) refers to lcd.o(i.LCD_WR_DATA) for LCD_WR_DATA
    lcd.o(i.Paint8x8x2bin) refers to lcd.o(i.LCD_Fast_DrawPoint) for LCD_Fast_DrawPoint
    lcd.o(i.Paint_PicBin) refers to idiv.o(.text) for __aeabi_idivmod
    lcd.o(i.Paint_PicBin) refers to lcd.o(i.LCD_DrawPoint) for LCD_DrawPoint
    lcd.o(i.Paint_PicBin) refers to lcd.o(.data) for POINT_COLOR
    lcd.o(i.Show_Str) refers to lcd.o(i.LCD_ShowChar1) for LCD_ShowChar1
    lcd.o(i.Show_Str) refers to lcd.o(.bss) for lcddev
    retarget.o(i._ttywrch) refers to uart.o(i.uart_SendChar) for uart_SendChar
    retarget.o(i.fgetc) refers to uart.o(i.uart_ReceiveChar) for uart_ReceiveChar
    retarget.o(i.fgetc) refers to uart.o(i.uart_SendChar) for uart_SendChar
    retarget.o(i.fputc) refers to uart.o(i.uart_SendChar) for uart_SendChar
    spi_flash.o(i.SPI_FLASH_Clear_SR) refers to spi_flash.o(i.SPI_FLASH_Write_Enable) for SPI_FLASH_Write_Enable
    spi_flash.o(i.SPI_FLASH_Clear_SR) refers to spi_flash.o(i.SPI_ReadWriteByte) for SPI_ReadWriteByte
    spi_flash.o(i.SPI_FLASH_Write_Disable) refers to spi_flash.o(i.SPI_ReadWriteByte) for SPI_ReadWriteByte
    spi_flash.o(i.SPI_FLASH_Write_Enable) refers to spi_flash.o(i.SPI_ReadWriteByte) for SPI_ReadWriteByte
    spi_flash.o(i.SPI_FLASH_Write_SR) refers to spi_flash.o(i.SPI_ReadWriteByte) for SPI_ReadWriteByte
    spi_flash.o(i.SPI_Flash_Erase_Block) refers to spi_flash.o(i.SPI_FLASH_Write_Enable) for SPI_FLASH_Write_Enable
    spi_flash.o(i.SPI_Flash_Erase_Block) refers to spi_flash.o(i.SPI_Flash_Wait_Busy) for SPI_Flash_Wait_Busy
    spi_flash.o(i.SPI_Flash_Erase_Block) refers to spi_flash.o(i.SPI_ReadWriteByte) for SPI_ReadWriteByte
    spi_flash.o(i.SPI_Flash_Erase_Chip) refers to spi_flash.o(i.SPI_FLASH_Write_Enable) for SPI_FLASH_Write_Enable
    spi_flash.o(i.SPI_Flash_Erase_Chip) refers to spi_flash.o(i.SPI_Flash_Wait_Busy) for SPI_Flash_Wait_Busy
    spi_flash.o(i.SPI_Flash_Erase_Chip) refers to spi_flash.o(i.SPI_ReadWriteByte) for SPI_ReadWriteByte
    spi_flash.o(i.SPI_Flash_Erase_Sector) refers to spi_flash.o(i.SPI_FLASH_Write_Enable) for SPI_FLASH_Write_Enable
    spi_flash.o(i.SPI_Flash_Erase_Sector) refers to spi_flash.o(i.SPI_Flash_Wait_Busy) for SPI_Flash_Wait_Busy
    spi_flash.o(i.SPI_Flash_Erase_Sector) refers to spi_flash.o(i.SPI_ReadWriteByte) for SPI_ReadWriteByte
    spi_flash.o(i.SPI_Flash_Read) refers to spi_flash.o(i.SPI_ReadWriteByte) for SPI_ReadWriteByte
    spi_flash.o(i.SPI_Flash_ReadID) refers to spi_flash.o(i.SPI_ReadWriteByte) for SPI_ReadWriteByte
    spi_flash.o(i.SPI_Flash_ReadSR) refers to spi_flash.o(i.SPI_ReadWriteByte) for SPI_ReadWriteByte
    spi_flash.o(i.SPI_Flash_Wait_Busy) refers to spi_flash.o(i.SPI_Flash_ReadSR) for SPI_Flash_ReadSR
    spi_flash.o(i.SPI_Flash_Write_Max65536) refers to spi_flash.o(i.SPI_Flash_Read) for SPI_Flash_Read
    spi_flash.o(i.SPI_Flash_Write_Max65536) refers to spi_flash.o(i.SPI_Flash_Erase_Sector) for SPI_Flash_Erase_Sector
    spi_flash.o(i.SPI_Flash_Write_Max65536) refers to spi_flash.o(i.SPI_Flash_Write_NoCheck) for SPI_Flash_Write_NoCheck
    spi_flash.o(i.SPI_Flash_Write_NoCheck) refers to spi_flash.o(i.SPI_Flash_Write_Page) for SPI_Flash_Write_Page
    spi_flash.o(i.SPI_Flash_Write_Page) refers to spi_flash.o(i.SPI_FLASH_Write_Enable) for SPI_FLASH_Write_Enable
    spi_flash.o(i.SPI_Flash_Write_Page) refers to spi_flash.o(i.SPI_ReadWriteByte) for SPI_ReadWriteByte
    spi_flash.o(i.SPI_Flash_Write_Page) refers to spi_flash.o(i.SPI_Flash_Wait_Busy) for SPI_Flash_Wait_Busy
    spi_flash.o(i.SPI_ReadWriteByte) refers to spi_flash.o(i.Is_SPI_Ready) for Is_SPI_Ready
    spi_flash.o(i.SPI_ReadWriteByte) refers to spi_flash.o(i.SPI_SendData) for SPI_SendData
    systick.o(i.delay) refers to systick.o(i.Set_SysTick_CTRL) for Set_SysTick_CTRL
    systick.o(i.delay) refers to systick.o(i.Set_SysTick_LOAD) for Set_SysTick_LOAD
    systick.o(i.delay) refers to systick.o(i.Set_SysTick_VALUE) for Set_SysTick_VALUE
    systick.o(i.delay_ms) refers to systick.o(i.delay) for delay
    systick.o(i.delay_us) refers to systick.o(i.delay) for delay
    uart.o(i.uart_SendString) refers to strlen.o(.text) for strlen
    uart.o(i.uart_SendString) refers to uart.o(i.uart_SendChar) for uart_SendChar
    malloc.o(i.mem_free) refers to malloc.o(.data) for mallco_dev
    malloc.o(i.mem_init) refers to malloc.o(i.mymemset) for mymemset
    malloc.o(i.mem_init) refers to malloc.o(.data) for mallco_dev
    malloc.o(i.mem_malloc) refers to malloc.o(.data) for mallco_dev
    malloc.o(i.mem_perused) refers to malloc.o(.data) for mallco_dev
    malloc.o(i.myfree) refers to malloc.o(i.mem_free) for mem_free
    malloc.o(i.myfree) refers to malloc.o(.data) for mallco_dev
    malloc.o(i.mymalloc) refers to malloc.o(i.mem_malloc) for mem_malloc
    malloc.o(i.mymalloc) refers to malloc.o(.data) for mallco_dev
    malloc.o(i.myrealloc) refers to malloc.o(i.mem_malloc) for mem_malloc
    malloc.o(i.myrealloc) refers to malloc.o(i.mymemcpy) for mymemcpy
    malloc.o(i.myrealloc) refers to malloc.o(i.myfree) for myfree
    malloc.o(i.myrealloc) refers to malloc.o(.data) for mallco_dev
    malloc.o(.data) refers to malloc.o(i.mem_init) for mem_init
    malloc.o(.data) refers to malloc.o(i.mem_perused) for mem_perused
    malloc.o(.data) refers to malloc.o(.bss) for membase
    mygame.o(i.boomDraw) refers to spriteram.o(i.writeOneSprite) for writeOneSprite
    mygame.o(i.boomDraw) refers to main.o(.bss) for boom
    mygame.o(i.boomDraw) refers to main.o(.constdata) for BOOM_NUMMAX
    mygame.o(i.boomInit) refers to main.o(.constdata) for BOOM_NUMMAX
    mygame.o(i.buffDraw) refers to spriteram.o(i.writeOneSprite) for writeOneSprite
    mygame.o(i.buffDraw) refers to main.o(.data) for buff
    mygame.o(i.bulletDraw) refers to spriteram.o(i.writeOneSprite) for writeOneSprite
    mygame.o(i.bulletDraw) refers to main.o(.bss) for bullet
    mygame.o(i.bulletDraw) refers to main.o(.constdata) for BULLET_NUMMAX
    mygame.o(i.bulletInit) refers to main.o(.bss) for bullet
    mygame.o(i.bulletInit) refers to main.o(.constdata) for BULLET_NUMMAX
    mygame.o(i.bulletsMapCreate) refers to mygame.o(i.tileMap) for tileMap
    mygame.o(i.bulletsMapCreate) refers to main.o(.constdata) for BULLET_NUMMAX
    mygame.o(i.createOneBoom) refers to main.o(.constdata) for BOOM_NUMMAX
    mygame.o(i.createOneBullet) refers to main.o(.data) for myplane
    mygame.o(i.createOneBullet) refers to main.o(.bss) for bullet
    mygame.o(i.createOneEnmeyPlane) refers to rand.o(.text) for rand
    mygame.o(i.createOneEnmeyPlane) refers to main.o(.bss) for enmeyPlane
    mygame.o(i.createOneEnmeyPlane) refers to main.o(.constdata) for ENEMY_NUMMAX
    mygame.o(i.enemyMapCreate) refers to mygame.o(i.tileMap) for tileMap
    mygame.o(i.enemyMapCreate) refers to main.o(.constdata) for ENEMY_NUMMAX
    mygame.o(i.enmeyPlaneDraw) refers to lcd.o(i.__ARM_common_switch8) for __ARM_common_switch8
    mygame.o(i.enmeyPlaneDraw) refers to spriteram.o(i.writeOneSprite) for writeOneSprite
    mygame.o(i.enmeyPlaneDraw) refers to main.o(.bss) for enmeyPlane
    mygame.o(i.enmeyPlaneDraw) refers to main.o(.constdata) for ENEMY_NUMMAX
    mygame.o(i.enmeyPlaneInit) refers to main.o(.bss) for enmeyPlane
    mygame.o(i.enmeyPlaneInit) refers to main.o(.constdata) for ENEMY_NUMMAX
    mygame.o(i.gameFPSDraw) refers to uidiv.o(.text) for __aeabi_uidivmod
    mygame.o(i.gameFPSDraw) refers to spriteram.o(i.writeOneSprite) for writeOneSprite
    mygame.o(i.gameScoreDraw) refers to uidiv.o(.text) for __aeabi_uidivmod
    mygame.o(i.gameScoreDraw) refers to spriteram.o(i.writeOneSprite) for writeOneSprite
    mygame.o(i.isBulletsHit) refers to main.o(.constdata) for BULLET_NUMMAX
    mygame.o(i.isEnemyPlaneHit) refers to mygame.o(i.createOneBoom) for createOneBoom
    mygame.o(i.isEnemyPlaneHit) refers to main.o(.bss) for boom
    mygame.o(i.isEnemyPlaneHit) refers to main.o(.data) for GameScore
    mygame.o(i.isEnemyPlaneHit) refers to main.o(.constdata) for ENEMY_NUMMAX
    mygame.o(i.isMyPlaneHit) refers to mygame.o(i.enemyMapCreate) for enemyMapCreate
    mygame.o(i.isMyPlaneHit) refers to mygame.o(i.createOneBoom) for createOneBoom
    mygame.o(i.isMyPlaneHit) refers to main.o(.bss) for enmeyPlane
    mygame.o(i.isMyPlaneHit) refers to main.o(.data) for myplane
    mygame.o(i.moveEnmeyPlane) refers to rand.o(.text) for rand
    mygame.o(i.moveEnmeyPlane) refers to idiv.o(.text) for __aeabi_idivmod
    mygame.o(i.moveEnmeyPlane) refers to main.o(.data) for myplane
    mygame.o(i.moveEnmeyPlane) refers to main.o(.constdata) for ENEMY_NUMMAX
    mygame.o(i.myPlaneDraw) refers to spriteram.o(i.writeOneSprite) for writeOneSprite
    mygame.o(i.myPlaneDraw) refers to main.o(.data) for myplane
    mygame.o(i.myPlaneInit) refers to main.o(.data) for myplane
    mygame.o(i.myPlaneMapCreate) refers to mygame.o(i.tileMap) for tileMap
    mygame.o(i.updateBoomData) refers to main.o(.constdata) for BOOM_NUMMAX
    mygame.o(i.updateBulletData) refers to main.o(.bss) for bullet
    mygame.o(i.updateBulletData) refers to main.o(.constdata) for BULLET_NUMMAX
    pstwo.o(i.PS2_AnologData) refers to pstwo.o(.bss) for Data
    pstwo.o(i.PS2_ClearData) refers to pstwo.o(.bss) for Data
    pstwo.o(i.PS2_Cmd) refers to systick.o(i.delay_us) for delay_us
    pstwo.o(i.PS2_Cmd) refers to pstwo.o(i.readPs2DI) for readPs2DI
    pstwo.o(i.PS2_Cmd) refers to pstwo.o(.bss) for Data
    pstwo.o(i.PS2_DataKey) refers to pstwo.o(i.PS2_ClearData) for PS2_ClearData
    pstwo.o(i.PS2_DataKey) refers to pstwo.o(i.PS2_ReadData) for PS2_ReadData
    pstwo.o(i.PS2_DataKey) refers to pstwo.o(.bss) for Data
    pstwo.o(i.PS2_DataKey) refers to pstwo.o(.data) for Handkey
    pstwo.o(i.PS2_EnterConfing) refers to systick.o(i.delay_us) for delay_us
    pstwo.o(i.PS2_EnterConfing) refers to pstwo.o(i.PS2_Cmd) for PS2_Cmd
    pstwo.o(i.PS2_ExitConfing) refers to systick.o(i.delay_us) for delay_us
    pstwo.o(i.PS2_ExitConfing) refers to pstwo.o(i.PS2_Cmd) for PS2_Cmd
    pstwo.o(i.PS2_ReadData) refers to pstwo.o(i.PS2_Cmd) for PS2_Cmd
    pstwo.o(i.PS2_ReadData) refers to systick.o(i.delay_us) for delay_us
    pstwo.o(i.PS2_ReadData) refers to pstwo.o(i.readPs2DI) for readPs2DI
    pstwo.o(i.PS2_ReadData) refers to pstwo.o(.data) for Comd
    pstwo.o(i.PS2_ReadData) refers to pstwo.o(.bss) for Data
    pstwo.o(i.PS2_RedLight) refers to pstwo.o(i.PS2_Cmd) for PS2_Cmd
    pstwo.o(i.PS2_RedLight) refers to pstwo.o(.data) for Comd
    pstwo.o(i.PS2_RedLight) refers to pstwo.o(.bss) for Data
    pstwo.o(i.PS2_SetInit) refers to pstwo.o(i.PS2_ShortPoll) for PS2_ShortPoll
    pstwo.o(i.PS2_SetInit) refers to pstwo.o(i.PS2_EnterConfing) for PS2_EnterConfing
    pstwo.o(i.PS2_SetInit) refers to pstwo.o(i.PS2_TurnOnAnalogMode) for PS2_TurnOnAnalogMode
    pstwo.o(i.PS2_SetInit) refers to pstwo.o(i.PS2_ExitConfing) for PS2_ExitConfing
    pstwo.o(i.PS2_ShortPoll) refers to systick.o(i.delay_us) for delay_us
    pstwo.o(i.PS2_ShortPoll) refers to pstwo.o(i.PS2_Cmd) for PS2_Cmd
    pstwo.o(i.PS2_TurnOnAnalogMode) refers to pstwo.o(i.PS2_Cmd) for PS2_Cmd
    pstwo.o(i.PS2_TurnOnAnalogMode) refers to systick.o(i.delay_us) for delay_us
    pstwo.o(i.PS2_Vibration) refers to systick.o(i.delay_us) for delay_us
    pstwo.o(i.PS2_Vibration) refers to pstwo.o(i.PS2_Cmd) for PS2_Cmd
    pstwo.o(i.PS2_VibrationMode) refers to systick.o(i.delay_us) for delay_us
    pstwo.o(i.PS2_VibrationMode) refers to pstwo.o(i.PS2_Cmd) for PS2_Cmd
    entry.o(.ARM.Collect$$$$00000000) refers (Special) to entry10a.o(.ARM.Collect$$$$0000000D) for __rt_final_cpp
    entry.o(.ARM.Collect$$$$00000000) refers (Special) to entry11a.o(.ARM.Collect$$$$0000000F) for __rt_final_exit
    entry.o(.ARM.Collect$$$$00000000) refers (Special) to entry7b.o(.ARM.Collect$$$$00000008) for _main_clock
    entry.o(.ARM.Collect$$$$00000000) refers (Special) to entry8b.o(.ARM.Collect$$$$0000000A) for _main_cpp_init
    entry.o(.ARM.Collect$$$$00000000) refers (Special) to entry9a.o(.ARM.Collect$$$$0000000B) for _main_init
    entry.o(.ARM.Collect$$$$00000000) refers (Special) to entry5.o(.ARM.Collect$$$$00000004) for _main_scatterload
    entry.o(.ARM.Collect$$$$00000000) refers (Special) to entry2.o(.ARM.Collect$$$$00000001) for _main_stk
    idiv.o(.text) refers to uidiv.o(.text) for __aeabi_uidivmod
    rand.o(.text) refers to rand.o(.data) for .data
    printfb.o(i.__0fprintf$bare) refers to printfb.o(i._printf_core) for _printf_core
    printfb.o(i.__0fprintf$bare) refers to retarget.o(i.fputc) for fputc
    printfb.o(i.__0printf$bare) refers to printfb.o(i._printf_core) for _printf_core
    printfb.o(i.__0printf$bare) refers to retarget.o(i.fputc) for fputc
    printfb.o(i.__0printf$bare) refers to retarget.o(.data) for __stdout
    printfb.o(i.__0snprintf$bare) refers to printfb.o(i._printf_core) for _printf_core
    printfb.o(i.__0snprintf$bare) refers to printfb.o(i._snputc) for _snputc
    printfb.o(i.__0sprintf$bare) refers to printfb.o(i._printf_core) for _printf_core
    printfb.o(i.__0sprintf$bare) refers to printfb.o(i._sputc) for _sputc
    printfb.o(i.__0vfprintf$bare) refers to printfb.o(i._printf_core) for _printf_core
    printfb.o(i.__0vfprintf$bare) refers to retarget.o(i.fputc) for fputc
    printfb.o(i.__0vprintf$bare) refers to printfb.o(i._printf_core) for _printf_core
    printfb.o(i.__0vprintf$bare) refers to retarget.o(i.fputc) for fputc
    printfb.o(i.__0vprintf$bare) refers to retarget.o(.data) for __stdout
    printfb.o(i.__0vsnprintf$bare) refers to printfb.o(i._printf_core) for _printf_core
    printfb.o(i.__0vsnprintf$bare) refers to printfb.o(i._snputc) for _snputc
    printfb.o(i.__0vsprintf$bare) refers to printfb.o(i._printf_core) for _printf_core
    printfb.o(i.__0vsprintf$bare) refers to printfb.o(i._sputc) for _sputc
    printf0.o(i.__0fprintf$0) refers to printf0.o(i._printf_core) for _printf_core
    printf0.o(i.__0fprintf$0) refers to retarget.o(i.fputc) for fputc
    printf0.o(i.__0printf$0) refers to printf0.o(i._printf_core) for _printf_core
    printf0.o(i.__0printf$0) refers to retarget.o(i.fputc) for fputc
    printf0.o(i.__0printf$0) refers to retarget.o(.data) for __stdout
    printf0.o(i.__0snprintf$0) refers to printf0.o(i._printf_core) for _printf_core
    printf0.o(i.__0snprintf$0) refers to printf0.o(i._snputc) for _snputc
    printf0.o(i.__0sprintf$0) refers to printf0.o(i._printf_core) for _printf_core
    printf0.o(i.__0sprintf$0) refers to printf0.o(i._sputc) for _sputc
    printf0.o(i.__0vfprintf$0) refers to printf0.o(i._printf_core) for _printf_core
    printf0.o(i.__0vfprintf$0) refers to retarget.o(i.fputc) for fputc
    printf0.o(i.__0vprintf$0) refers to printf0.o(i._printf_core) for _printf_core
    printf0.o(i.__0vprintf$0) refers to retarget.o(i.fputc) for fputc
    printf0.o(i.__0vprintf$0) refers to retarget.o(.data) for __stdout
    printf0.o(i.__0vsnprintf$0) refers to printf0.o(i._printf_core) for _printf_core
    printf0.o(i.__0vsnprintf$0) refers to printf0.o(i._snputc) for _snputc
    printf0.o(i.__0vsprintf$0) refers to printf0.o(i._printf_core) for _printf_core
    printf0.o(i.__0vsprintf$0) refers to printf0.o(i._sputc) for _sputc
    printf1.o(i.__0fprintf$1) refers to printf1.o(i._printf_core) for _printf_core
    printf1.o(i.__0fprintf$1) refers to retarget.o(i.fputc) for fputc
    printf1.o(i.__0printf$1) refers to printf1.o(i._printf_core) for _printf_core
    printf1.o(i.__0printf$1) refers to retarget.o(i.fputc) for fputc
    printf1.o(i.__0printf$1) refers to retarget.o(.data) for __stdout
    printf1.o(i.__0snprintf$1) refers to printf1.o(i._printf_core) for _printf_core
    printf1.o(i.__0snprintf$1) refers to printf1.o(i._snputc) for _snputc
    printf1.o(i.__0sprintf$1) refers to printf1.o(i._printf_core) for _printf_core
    printf1.o(i.__0sprintf$1) refers to printf1.o(i._sputc) for _sputc
    printf1.o(i.__0vfprintf$1) refers to printf1.o(i._printf_core) for _printf_core
    printf1.o(i.__0vfprintf$1) refers to retarget.o(i.fputc) for fputc
    printf1.o(i.__0vprintf$1) refers to printf1.o(i._printf_core) for _printf_core
    printf1.o(i.__0vprintf$1) refers to retarget.o(i.fputc) for fputc
    printf1.o(i.__0vprintf$1) refers to retarget.o(.data) for __stdout
    printf1.o(i.__0vsnprintf$1) refers to printf1.o(i._printf_core) for _printf_core
    printf1.o(i.__0vsnprintf$1) refers to printf1.o(i._snputc) for _snputc
    printf1.o(i.__0vsprintf$1) refers to printf1.o(i._printf_core) for _printf_core
    printf1.o(i.__0vsprintf$1) refers to printf1.o(i._sputc) for _sputc
    printf1.o(i._printf_core) refers to uidiv.o(.text) for __aeabi_uidivmod
    printf2.o(i.__0fprintf$2) refers to printf2.o(i._printf_core) for _printf_core
    printf2.o(i.__0fprintf$2) refers to retarget.o(i.fputc) for fputc
    printf2.o(i.__0printf$2) refers to printf2.o(i._printf_core) for _printf_core
    printf2.o(i.__0printf$2) refers to retarget.o(i.fputc) for fputc
    printf2.o(i.__0printf$2) refers to retarget.o(.data) for __stdout
    printf2.o(i.__0snprintf$2) refers to printf2.o(i._printf_core) for _printf_core
    printf2.o(i.__0snprintf$2) refers to printf2.o(i._snputc) for _snputc
    printf2.o(i.__0sprintf$2) refers to printf2.o(i._printf_core) for _printf_core
    printf2.o(i.__0sprintf$2) refers to printf2.o(i._sputc) for _sputc
    printf2.o(i.__0vfprintf$2) refers to printf2.o(i._printf_core) for _printf_core
    printf2.o(i.__0vfprintf$2) refers to retarget.o(i.fputc) for fputc
    printf2.o(i.__0vprintf$2) refers to printf2.o(i._printf_core) for _printf_core
    printf2.o(i.__0vprintf$2) refers to retarget.o(i.fputc) for fputc
    printf2.o(i.__0vprintf$2) refers to retarget.o(.data) for __stdout
    printf2.o(i.__0vsnprintf$2) refers to printf2.o(i._printf_core) for _printf_core
    printf2.o(i.__0vsnprintf$2) refers to printf2.o(i._snputc) for _snputc
    printf2.o(i.__0vsprintf$2) refers to printf2.o(i._printf_core) for _printf_core
    printf2.o(i.__0vsprintf$2) refers to printf2.o(i._sputc) for _sputc
    printf3.o(i.__0fprintf$3) refers to printf3.o(i._printf_core) for _printf_core
    printf3.o(i.__0fprintf$3) refers to retarget.o(i.fputc) for fputc
    printf3.o(i.__0printf$3) refers to printf3.o(i._printf_core) for _printf_core
    printf3.o(i.__0printf$3) refers to retarget.o(i.fputc) for fputc
    printf3.o(i.__0printf$3) refers to retarget.o(.data) for __stdout
    printf3.o(i.__0snprintf$3) refers to printf3.o(i._printf_core) for _printf_core
    printf3.o(i.__0snprintf$3) refers to printf3.o(i._snputc) for _snputc
    printf3.o(i.__0sprintf$3) refers to printf3.o(i._printf_core) for _printf_core
    printf3.o(i.__0sprintf$3) refers to printf3.o(i._sputc) for _sputc
    printf3.o(i.__0vfprintf$3) refers to printf3.o(i._printf_core) for _printf_core
    printf3.o(i.__0vfprintf$3) refers to retarget.o(i.fputc) for fputc
    printf3.o(i.__0vprintf$3) refers to printf3.o(i._printf_core) for _printf_core
    printf3.o(i.__0vprintf$3) refers to retarget.o(i.fputc) for fputc
    printf3.o(i.__0vprintf$3) refers to retarget.o(.data) for __stdout
    printf3.o(i.__0vsnprintf$3) refers to printf3.o(i._printf_core) for _printf_core
    printf3.o(i.__0vsnprintf$3) refers to printf3.o(i._snputc) for _snputc
    printf3.o(i.__0vsprintf$3) refers to printf3.o(i._printf_core) for _printf_core
    printf3.o(i.__0vsprintf$3) refers to printf3.o(i._sputc) for _sputc
    printf3.o(i._printf_core) refers to uidiv.o(.text) for __aeabi_uidivmod
    printf4.o(i.__0fprintf$4) refers to printf4.o(i._printf_core) for _printf_core
    printf4.o(i.__0fprintf$4) refers to retarget.o(i.fputc) for fputc
    printf4.o(i.__0printf$4) refers to printf4.o(i._printf_core) for _printf_core
    printf4.o(i.__0printf$4) refers to retarget.o(i.fputc) for fputc
    printf4.o(i.__0printf$4) refers to retarget.o(.data) for __stdout
    printf4.o(i.__0snprintf$4) refers to printf4.o(i._printf_core) for _printf_core
    printf4.o(i.__0snprintf$4) refers to printf4.o(i._snputc) for _snputc
    printf4.o(i.__0sprintf$4) refers to printf4.o(i._printf_core) for _printf_core
    printf4.o(i.__0sprintf$4) refers to printf4.o(i._sputc) for _sputc
    printf4.o(i.__0vfprintf$4) refers to printf4.o(i._printf_core) for _printf_core
    printf4.o(i.__0vfprintf$4) refers to retarget.o(i.fputc) for fputc
    printf4.o(i.__0vprintf$4) refers to printf4.o(i._printf_core) for _printf_core
    printf4.o(i.__0vprintf$4) refers to retarget.o(i.fputc) for fputc
    printf4.o(i.__0vprintf$4) refers to retarget.o(.data) for __stdout
    printf4.o(i.__0vsnprintf$4) refers to printf4.o(i._printf_core) for _printf_core
    printf4.o(i.__0vsnprintf$4) refers to printf4.o(i._snputc) for _snputc
    printf4.o(i.__0vsprintf$4) refers to printf4.o(i._printf_core) for _printf_core
    printf4.o(i.__0vsprintf$4) refers to printf4.o(i._sputc) for _sputc
    printf4.o(i._printf_core) refers to uldiv.o(.text) for __aeabi_uldivmod
    printf5.o(i.__0fprintf$5) refers to printf5.o(i._printf_core) for _printf_core
    printf5.o(i.__0fprintf$5) refers to retarget.o(i.fputc) for fputc
    printf5.o(i.__0printf$5) refers to printf5.o(i._printf_core) for _printf_core
    printf5.o(i.__0printf$5) refers to retarget.o(i.fputc) for fputc
    printf5.o(i.__0printf$5) refers to retarget.o(.data) for __stdout
    printf5.o(i.__0snprintf$5) refers to printf5.o(i._printf_core) for _printf_core
    printf5.o(i.__0snprintf$5) refers to printf5.o(i._snputc) for _snputc
    printf5.o(i.__0sprintf$5) refers to printf5.o(i._printf_core) for _printf_core
    printf5.o(i.__0sprintf$5) refers to printf5.o(i._sputc) for _sputc
    printf5.o(i.__0vfprintf$5) refers to printf5.o(i._printf_core) for _printf_core
    printf5.o(i.__0vfprintf$5) refers to retarget.o(i.fputc) for fputc
    printf5.o(i.__0vprintf$5) refers to printf5.o(i._printf_core) for _printf_core
    printf5.o(i.__0vprintf$5) refers to retarget.o(i.fputc) for fputc
    printf5.o(i.__0vprintf$5) refers to retarget.o(.data) for __stdout
    printf5.o(i.__0vsnprintf$5) refers to printf5.o(i._printf_core) for _printf_core
    printf5.o(i.__0vsnprintf$5) refers to printf5.o(i._snputc) for _snputc
    printf5.o(i.__0vsprintf$5) refers to printf5.o(i._printf_core) for _printf_core
    printf5.o(i.__0vsprintf$5) refers to printf5.o(i._sputc) for _sputc
    printf5.o(i._printf_core) refers to uldiv.o(.text) for __aeabi_uldivmod
    printf6.o(i.__0fprintf$6) refers to printf6.o(i._printf_core) for _printf_core
    printf6.o(i.__0fprintf$6) refers to retarget.o(i.fputc) for fputc
    printf6.o(i.__0printf$6) refers to printf6.o(i._printf_core) for _printf_core
    printf6.o(i.__0printf$6) refers to retarget.o(i.fputc) for fputc
    printf6.o(i.__0printf$6) refers to retarget.o(.data) for __stdout
    printf6.o(i.__0snprintf$6) refers to printf6.o(i._printf_core) for _printf_core
    printf6.o(i.__0snprintf$6) refers to printf6.o(i._snputc) for _snputc
    printf6.o(i.__0sprintf$6) refers to printf6.o(i._printf_core) for _printf_core
    printf6.o(i.__0sprintf$6) refers to printf6.o(i._sputc) for _sputc
    printf6.o(i.__0vfprintf$6) refers to printf6.o(i._printf_core) for _printf_core
    printf6.o(i.__0vfprintf$6) refers to retarget.o(i.fputc) for fputc
    printf6.o(i.__0vprintf$6) refers to printf6.o(i._printf_core) for _printf_core
    printf6.o(i.__0vprintf$6) refers to retarget.o(i.fputc) for fputc
    printf6.o(i.__0vprintf$6) refers to retarget.o(.data) for __stdout
    printf6.o(i.__0vsnprintf$6) refers to printf6.o(i._printf_core) for _printf_core
    printf6.o(i.__0vsnprintf$6) refers to printf6.o(i._snputc) for _snputc
    printf6.o(i.__0vsprintf$6) refers to printf6.o(i._printf_core) for _printf_core
    printf6.o(i.__0vsprintf$6) refers to printf6.o(i._sputc) for _sputc
    printf6.o(i._printf_core) refers to printf6.o(i._printf_pre_padding) for _printf_pre_padding
    printf6.o(i._printf_core) refers to printf6.o(i._printf_post_padding) for _printf_post_padding
    printf6.o(i._printf_core) refers to uidiv.o(.text) for __aeabi_uidivmod
    printf7.o(i.__0fprintf$7) refers to printf7.o(i._printf_core) for _printf_core
    printf7.o(i.__0fprintf$7) refers to retarget.o(i.fputc) for fputc
    printf7.o(i.__0printf$7) refers to printf7.o(i._printf_core) for _printf_core
    printf7.o(i.__0printf$7) refers to retarget.o(i.fputc) for fputc
    printf7.o(i.__0printf$7) refers to retarget.o(.data) for __stdout
    printf7.o(i.__0snprintf$7) refers to printf7.o(i._printf_core) for _printf_core
    printf7.o(i.__0snprintf$7) refers to printf7.o(i._snputc) for _snputc
    printf7.o(i.__0sprintf$7) refers to printf7.o(i._printf_core) for _printf_core
    printf7.o(i.__0sprintf$7) refers to printf7.o(i._sputc) for _sputc
    printf7.o(i.__0vfprintf$7) refers to printf7.o(i._printf_core) for _printf_core
    printf7.o(i.__0vfprintf$7) refers to retarget.o(i.fputc) for fputc
    printf7.o(i.__0vprintf$7) refers to printf7.o(i._printf_core) for _printf_core
    printf7.o(i.__0vprintf$7) refers to retarget.o(i.fputc) for fputc
    printf7.o(i.__0vprintf$7) refers to retarget.o(.data) for __stdout
    printf7.o(i.__0vsnprintf$7) refers to printf7.o(i._printf_core) for _printf_core
    printf7.o(i.__0vsnprintf$7) refers to printf7.o(i._snputc) for _snputc
    printf7.o(i.__0vsprintf$7) refers to printf7.o(i._printf_core) for _printf_core
    printf7.o(i.__0vsprintf$7) refers to printf7.o(i._sputc) for _sputc
    printf7.o(i._printf_core) refers to printf7.o(i._printf_pre_padding) for _printf_pre_padding
    printf7.o(i._printf_core) refers to printf7.o(i._printf_post_padding) for _printf_post_padding
    printf7.o(i._printf_core) refers to uldiv.o(.text) for __aeabi_uldivmod
    printf8.o(i.__0fprintf$8) refers to printf8.o(i._printf_core) for _printf_core
    printf8.o(i.__0fprintf$8) refers to retarget.o(i.fputc) for fputc
    printf8.o(i.__0printf$8) refers to printf8.o(i._printf_core) for _printf_core
    printf8.o(i.__0printf$8) refers to retarget.o(i.fputc) for fputc
    printf8.o(i.__0printf$8) refers to retarget.o(.data) for __stdout
    printf8.o(i.__0snprintf$8) refers to printf8.o(i._printf_core) for _printf_core
    printf8.o(i.__0snprintf$8) refers to printf8.o(i._snputc) for _snputc
    printf8.o(i.__0sprintf$8) refers to printf8.o(i._printf_core) for _printf_core
    printf8.o(i.__0sprintf$8) refers to printf8.o(i._sputc) for _sputc
    printf8.o(i.__0vfprintf$8) refers to printf8.o(i._printf_core) for _printf_core
    printf8.o(i.__0vfprintf$8) refers to retarget.o(i.fputc) for fputc
    printf8.o(i.__0vprintf$8) refers to printf8.o(i._printf_core) for _printf_core
    printf8.o(i.__0vprintf$8) refers to retarget.o(i.fputc) for fputc
    printf8.o(i.__0vprintf$8) refers to retarget.o(.data) for __stdout
    printf8.o(i.__0vsnprintf$8) refers to printf8.o(i._printf_core) for _printf_core
    printf8.o(i.__0vsnprintf$8) refers to printf8.o(i._snputc) for _snputc
    printf8.o(i.__0vsprintf$8) refers to printf8.o(i._printf_core) for _printf_core
    printf8.o(i.__0vsprintf$8) refers to printf8.o(i._sputc) for _sputc
    printf8.o(i._printf_core) refers to printf8.o(i._printf_pre_padding) for _printf_pre_padding
    printf8.o(i._printf_core) refers to printf8.o(i._printf_post_padding) for _printf_post_padding
    printf8.o(i._printf_core) refers to uldiv.o(.text) for __aeabi_uldivmod
    printfa.o(i.__0fprintf) refers (Special) to iusefp.o(.text) for __I$use$fp
    printfa.o(i.__0fprintf) refers to printfa.o(i._printf_core) for _printf_core
    printfa.o(i.__0fprintf) refers to retarget.o(i.fputc) for fputc
    printfa.o(i.__0printf) refers (Special) to iusefp.o(.text) for __I$use$fp
    printfa.o(i.__0printf) refers to printfa.o(i._printf_core) for _printf_core
    printfa.o(i.__0printf) refers to retarget.o(i.fputc) for fputc
    printfa.o(i.__0printf) refers to retarget.o(.data) for __stdout
    printfa.o(i.__0snprintf) refers (Special) to iusefp.o(.text) for __I$use$fp
    printfa.o(i.__0snprintf) refers to printfa.o(i._printf_core) for _printf_core
    printfa.o(i.__0snprintf) refers to printfa.o(i._snputc) for _snputc
    printfa.o(i.__0sprintf) refers (Special) to iusefp.o(.text) for __I$use$fp
    printfa.o(i.__0sprintf) refers to printfa.o(i._printf_core) for _printf_core
    printfa.o(i.__0sprintf) refers to printfa.o(i._sputc) for _sputc
    printfa.o(i.__0vfprintf) refers (Special) to iusefp.o(.text) for __I$use$fp
    printfa.o(i.__0vfprintf) refers to printfa.o(i._printf_core) for _printf_core
    printfa.o(i.__0vfprintf) refers to retarget.o(i.fputc) for fputc
    printfa.o(i.__0vprintf) refers (Special) to iusefp.o(.text) for __I$use$fp
    printfa.o(i.__0vprintf) refers to printfa.o(i._printf_core) for _printf_core
    printfa.o(i.__0vprintf) refers to retarget.o(i.fputc) for fputc
    printfa.o(i.__0vprintf) refers to retarget.o(.data) for __stdout
    printfa.o(i.__0vsnprintf) refers (Special) to iusefp.o(.text) for __I$use$fp
    printfa.o(i.__0vsnprintf) refers to printfa.o(i._printf_core) for _printf_core
    printfa.o(i.__0vsnprintf) refers to printfa.o(i._snputc) for _snputc
    printfa.o(i.__0vsprintf) refers (Special) to iusefp.o(.text) for __I$use$fp
    printfa.o(i.__0vsprintf) refers to printfa.o(i._printf_core) for _printf_core
    printfa.o(i.__0vsprintf) refers to printfa.o(i._sputc) for _sputc
    printfa.o(i._fp_digits) refers (Special) to iusefp.o(.text) for __I$use$fp
    printfa.o(i._fp_digits) refers to dmul.o(.text) for __aeabi_dmul
    printfa.o(i._fp_digits) refers to ddiv.o(.text) for __aeabi_ddiv
    printfa.o(i._fp_digits) refers to cdrcmple.o(.text) for __aeabi_cdrcmple
    printfa.o(i._fp_digits) refers to dadd.o(.text) for __aeabi_dadd
    printfa.o(i._fp_digits) refers to dfixul.o(.text) for __aeabi_d2ulz
    printfa.o(i._fp_digits) refers to uldiv.o(.text) for __aeabi_uldivmod
    printfa.o(i._printf_core) refers (Special) to iusefp.o(.text) for __I$use$fp
    printfa.o(i._printf_core) refers to printfa.o(i._printf_pre_padding) for _printf_pre_padding
    printfa.o(i._printf_core) refers to uldiv.o(.text) for __aeabi_uldivmod
    printfa.o(i._printf_core) refers to printfa.o(i._printf_post_padding) for _printf_post_padding
    printfa.o(i._printf_core) refers to printfa.o(i._fp_digits) for _fp_digits
    printfa.o(i._printf_core) refers to uidiv.o(.text) for __aeabi_uidivmod
    printfa.o(i._printf_post_padding) refers (Special) to iusefp.o(.text) for __I$use$fp
    printfa.o(i._printf_pre_padding) refers (Special) to iusefp.o(.text) for __I$use$fp
    printfa.o(i._snputc) refers (Special) to iusefp.o(.text) for __I$use$fp
    printfa.o(i._sputc) refers (Special) to iusefp.o(.text) for __I$use$fp
    entry2.o(.ARM.Collect$$$$00000001) refers to entry2.o(.ARM.Collect$$$$00002712) for __lit__00000000
    entry2.o(.ARM.Collect$$$$00002712) refers to startup_cm0ds.o(STACK) for __initial_sp
    entry2.o(__vectab_stack_and_reset_area) refers to startup_cm0ds.o(STACK) for __initial_sp
    entry2.o(__vectab_stack_and_reset_area) refers to entry.o(.ARM.Collect$$$$00000000) for __main
    entry5.o(.ARM.Collect$$$$00000004) refers to init.o(.text) for __scatterload
    entry9a.o(.ARM.Collect$$$$0000000B) refers to main.o(i.main) for main
    entry9b.o(.ARM.Collect$$$$0000000C) refers to main.o(i.main) for main
    uldiv.o(.text) refers to llushr.o(.text) for __aeabi_llsr
    uldiv.o(.text) refers to llshl.o(.text) for __aeabi_llsl
    dadd.o(.text) refers to llshl.o(.text) for __aeabi_llsl
    dadd.o(.text) refers to llsshr.o(.text) for __aeabi_lasr
    dadd.o(.text) refers to depilogue.o(.text) for _double_epilogue
    dmul.o(.text) refers to depilogue.o(.text) for _double_epilogue
    ddiv.o(.text) refers to depilogue.o(.text) for _double_round
    dfixul.o(.text) refers to llushr.o(.text) for __aeabi_llsr
    dfixul.o(.text) refers to llshl.o(.text) for __aeabi_llsl
    init.o(.text) refers to entry5.o(.ARM.Collect$$$$00000004) for __main_after_scatterload
    depilogue.o(.text) refers to depilogue.o(i.__ARM_clz) for __ARM_clz
    depilogue.o(.text) refers to llshl.o(.text) for __aeabi_llsl
    depilogue.o(.text) refers to llushr.o(.text) for __aeabi_llsr


==============================================================================

Removing Unused input sections from the image.

    Removing main.o(.rev16_text), (4 bytes).
    Removing main.o(.revsh_text), (4 bytes).
    Removing handler.o(.rev16_text), (4 bytes).
    Removing handler.o(.revsh_text), (4 bytes).
    Removing startup_cm0ds.o(HEAP), (1024 bytes).
    Removing system.o(.rev16_text), (4 bytes).
    Removing system.o(.revsh_text), (4 bytes).
    Removing system.o(i.SystemCoreClockUpdate), (16 bytes).
    Removing system.o(.data), (4 bytes).
    Removing camera.o(i.CAMERA_Command), (42 bytes).
    Removing camera.o(i.CAMERA_Initial), (800 bytes).
    Removing camera.o(i.CAMERA_NA), (44 bytes).
    Removing camera.o(i.CAMERA_Read_Byte), (64 bytes).
    Removing camera.o(i.CAMERA_Read_Reg), (64 bytes).
    Removing camera.o(i.CAMERA_Start), (32 bytes).
    Removing camera.o(i.CAMERA_Stop), (34 bytes).
    Removing camera.o(i.CAMERA_Waite), (24 bytes).
    Removing camera.o(i.CAMERA_Write_Byte), (94 bytes).
    Removing camera.o(i.Clr_CAMERA_PWDN), (12 bytes).
    Removing camera.o(i.Clr_CAMERA_RST), (12 bytes).
    Removing camera.o(i.Clr_CAMERA_SCL), (12 bytes).
    Removing camera.o(i.Clr_CAMERA_SDA), (12 bytes).
    Removing camera.o(i.Read_CAMERA_DATA_STATE), (12 bytes).
    Removing camera.o(i.Read_CAMERA_SDA), (12 bytes).
    Removing camera.o(i.Set_CAMERA_DATA_STATE), (12 bytes).
    Removing camera.o(i.Set_CAMERA_PWDN), (12 bytes).
    Removing camera.o(i.Set_CAMERA_RST), (12 bytes).
    Removing camera.o(i.Set_CAMERA_SCL), (12 bytes).
    Removing camera.o(i.Set_CAMERA_SDA), (12 bytes).
    Removing camera.o(i.Set_CAMERA_SDA_R), (12 bytes).
    Removing camera.o(i.Set_CAMERA_SDA_W), (12 bytes).
    Removing camera.o(i.photo), (20 bytes).
    Removing camera.o(.constdata), (4769 bytes).
    Removing key.o(i.KEY_INIT), (12 bytes).
    Removing lcd.o(i.Gui_Drawbmp16), (100 bytes).
    Removing lcd.o(i.LCD_Clear), (108 bytes).
    Removing lcd.o(i.LCD_Color_Fill), (90 bytes).
    Removing lcd.o(i.LCD_DisplayOff), (10 bytes).
    Removing lcd.o(i.LCD_DisplayOn), (10 bytes).
    Removing lcd.o(i.LCD_Display_Dir), (120 bytes).
    Removing lcd.o(i.LCD_DrawLine), (178 bytes).
    Removing lcd.o(i.LCD_DrawPoint), (32 bytes).
    Removing lcd.o(i.LCD_Fill), (80 bytes).
    Removing lcd.o(i.LCD_Init), (664 bytes).
    Removing lcd.o(i.LCD_Pow), (26 bytes).
    Removing lcd.o(i.LCD_RD_DATA), (36 bytes).
    Removing lcd.o(i.LCD_ReadReg), (24 bytes).
    Removing lcd.o(i.LCD_Scan_Dir), (744 bytes).
    Removing lcd.o(i.LCD_SetCursor), (52 bytes).
    Removing lcd.o(i.LCD_Set_Window), (84 bytes).
    Removing lcd.o(i.LCD_ShowChar1), (288 bytes).
    Removing lcd.o(i.LCD_ShowNum), (146 bytes).
    Removing lcd.o(i.LCD_ShowxNum), (200 bytes).
    Removing lcd.o(i.LCD_WriteRAM), (12 bytes).
    Removing lcd.o(i.LCD_WriteRAM_Prepare), (16 bytes).
    Removing lcd.o(i.LCD_WriteReg), (20 bytes).
    Removing lcd.o(i.Paint8x8x2bin), (224 bytes).
    Removing lcd.o(i.Paint_PicBin), (112 bytes).
    Removing lcd.o(i.ReadData), (10 bytes).
    Removing lcd.o(i.Show_Str), (200 bytes).
    Removing lcd.o(i.opt_delay), (14 bytes).
    Removing led.o(i.LED_down), (24 bytes).
    Removing led.o(i.LED_on), (24 bytes).
    Removing led.o(i.led_ctrl), (56 bytes).
    Removing retarget.o(i._sys_exit), (4 bytes).
    Removing retarget.o(i._ttywrch), (16 bytes).
    Removing retarget.o(i.ferror), (8 bytes).
    Removing retarget.o(i.fgetc), (34 bytes).
    Removing spi_flash.o(i.Is_SPI_Ready), (12 bytes).
    Removing spi_flash.o(i.SPI_FLASH_Clear_SR), (36 bytes).
    Removing spi_flash.o(i.SPI_FLASH_Write_Disable), (28 bytes).
    Removing spi_flash.o(i.SPI_FLASH_Write_Enable), (28 bytes).
    Removing spi_flash.o(i.SPI_FLASH_Write_SR), (36 bytes).
    Removing spi_flash.o(i.SPI_Flash_Erase_Block), (64 bytes).
    Removing spi_flash.o(i.SPI_Flash_Erase_Chip), (40 bytes).
    Removing spi_flash.o(i.SPI_Flash_Erase_Sector), (64 bytes).
    Removing spi_flash.o(i.SPI_Flash_Read), (76 bytes).
    Removing spi_flash.o(i.SPI_Flash_ReadID), (68 bytes).
    Removing spi_flash.o(i.SPI_Flash_ReadSR), (40 bytes).
    Removing spi_flash.o(i.SPI_Flash_Wait_Busy), (18 bytes).
    Removing spi_flash.o(i.SPI_Flash_Write_Max65536), (208 bytes).
    Removing spi_flash.o(i.SPI_Flash_Write_NoCheck), (68 bytes).
    Removing spi_flash.o(i.SPI_Flash_Write_Page), (80 bytes).
    Removing spi_flash.o(i.SPI_ReadWriteByte), (72 bytes).
    Removing spi_flash.o(i.SPI_SendData), (20 bytes).
    Removing systick.o(.rev16_text), (4 bytes).
    Removing systick.o(.revsh_text), (4 bytes).
    Removing systick.o(i.Read_SysTick_VALUE), (12 bytes).
    Removing systick.o(i.Timer_Ini), (44 bytes).
    Removing systick.o(i.Timer_Stop), (36 bytes).
    Removing systick.o(i.delay_us), (22 bytes).
    Removing uart.o(i.uart_ClearOverrunStatus), (16 bytes).
    Removing uart.o(i.uart_GetBaudDivider), (6 bytes).
    Removing uart.o(i.uart_GetOverrunStatus), (12 bytes).
    Removing uart.o(i.uart_GetRxBufferFull), (12 bytes).
    Removing uart.o(i.uart_GetRxIRQStatus), (12 bytes).
    Removing uart.o(i.uart_GetTxBufferFull), (10 bytes).
    Removing uart.o(i.uart_GetTxIRQStatus), (10 bytes).
    Removing uart.o(i.uart_ReceiveChar), (20 bytes).
    Removing uart.o(i.uart_SendString), (34 bytes).
    Removing malloc.o(i.mymemcpy), (26 bytes).
    Removing malloc.o(i.myrealloc), (56 bytes).
    Removing malloc.o(.constdata), (12 bytes).
    Removing mygame.o(i.boomInit), (32 bytes).
    Removing mygame.o(i.gameFPSDraw), (150 bytes).
    Removing pstwo.o(i.PS2_AnologData), (12 bytes).
    Removing pstwo.o(i.PS2_ClearData), (24 bytes).
    Removing pstwo.o(i.PS2_Cmd), (132 bytes).
    Removing pstwo.o(i.PS2_DataKey), (84 bytes).
    Removing pstwo.o(i.PS2_EnterConfing), (88 bytes).
    Removing pstwo.o(i.PS2_ExitConfing), (88 bytes).
    Removing pstwo.o(i.PS2_Init), (16 bytes).
    Removing pstwo.o(i.PS2_ReadData), (168 bytes).
    Removing pstwo.o(i.PS2_RedLight), (60 bytes).
    Removing pstwo.o(i.PS2_SetInit), (28 bytes).
    Removing pstwo.o(i.PS2_ShortPoll), (64 bytes).
    Removing pstwo.o(i.PS2_TurnOnAnalogMode), (80 bytes).
    Removing pstwo.o(i.PS2_Vibration), (92 bytes).
    Removing pstwo.o(i.PS2_VibrationMode), (64 bytes).
    Removing pstwo.o(i.readPs2DI), (12 bytes).
    Removing pstwo.o(.bss), (9 bytes).
    Removing pstwo.o(.data), (36 bytes).
    Removing dadd.o(.text), (356 bytes).
    Removing dmul.o(.text), (208 bytes).
    Removing ddiv.o(.text), (240 bytes).
    Removing dfixul.o(.text), (64 bytes).
    Removing cdrcmple.o(.text), (40 bytes).
    Removing depilogue.o(.text), (190 bytes).
    Removing depilogue.o(i.__ARM_clz), (46 bytes).

129 unused section(s) (total 14678 bytes) removed from the image.

==============================================================================

Image Symbol Table

    Local Symbols

    Symbol Name                              Value     Ov Type        Size  Object(Section)

    RESET                                    0x00000000   Section       96  startup_cm0ds.o(RESET)
    ../clib/../cmprslib/zerorunl2.c          0x00000000   Number         0  __dczerorl2.o ABSOLUTE
    ../clib/microlib/division.c              0x00000000   Number         0  uidiv.o ABSOLUTE
    ../clib/microlib/division.c              0x00000000   Number         0  idiv.o ABSOLUTE
    ../clib/microlib/division.c              0x00000000   Number         0  uldiv.o ABSOLUTE
    ../clib/microlib/init/entry.s            0x00000000   Number         0  entry10a.o ABSOLUTE
    ../clib/microlib/init/entry.s            0x00000000   Number         0  entry.o ABSOLUTE
    ../clib/microlib/init/entry.s            0x00000000   Number         0  entry7b.o ABSOLUTE
    ../clib/microlib/init/entry.s            0x00000000   Number         0  entry8b.o ABSOLUTE
    ../clib/microlib/init/entry.s            0x00000000   Number         0  entry5.o ABSOLUTE
    ../clib/microlib/init/entry.s            0x00000000   Number         0  entry2.o ABSOLUTE
    ../clib/microlib/init/entry.s            0x00000000   Number         0  entry7a.o ABSOLUTE
    ../clib/microlib/init/entry.s            0x00000000   Number         0  entry9a.o ABSOLUTE
    ../clib/microlib/init/entry.s            0x00000000   Number         0  entry10b.o ABSOLUTE
    ../clib/microlib/init/entry.s            0x00000000   Number         0  entry11a.o ABSOLUTE
    ../clib/microlib/init/entry.s            0x00000000   Number         0  entry11b.o ABSOLUTE
    ../clib/microlib/init/entry.s            0x00000000   Number         0  entry9b.o ABSOLUTE
    ../clib/microlib/init/entry.s            0x00000000   Number         0  entry8a.o ABSOLUTE
    ../clib/microlib/longlong.c              0x00000000   Number         0  llshl.o ABSOLUTE
    ../clib/microlib/longlong.c              0x00000000   Number         0  llushr.o ABSOLUTE
    ../clib/microlib/longlong.c              0x00000000   Number         0  llsshr.o ABSOLUTE
    ../clib/microlib/printf/printf.c         0x00000000   Number         0  printf1.o ABSOLUTE
    ../clib/microlib/printf/printf.c         0x00000000   Number         0  printf4.o ABSOLUTE
    ../clib/microlib/printf/printf.c         0x00000000   Number         0  printf2.o ABSOLUTE
    ../clib/microlib/printf/printf.c         0x00000000   Number         0  printf3.o ABSOLUTE
    ../clib/microlib/printf/printf.c         0x00000000   Number         0  printf6.o ABSOLUTE
    ../clib/microlib/printf/printf.c         0x00000000   Number         0  printf7.o ABSOLUTE
    ../clib/microlib/printf/printf.c         0x00000000   Number         0  printf8.o ABSOLUTE
    ../clib/microlib/printf/printf.c         0x00000000   Number         0  printfa.o ABSOLUTE
    ../clib/microlib/printf/printf.c         0x00000000   Number         0  printf5.o ABSOLUTE
    ../clib/microlib/printf/printf.c         0x00000000   Number         0  printfb.o ABSOLUTE
    ../clib/microlib/printf/printf.c         0x00000000   Number         0  printf0.o ABSOLUTE
    ../clib/microlib/stdlib/rand.c           0x00000000   Number         0  rand.o ABSOLUTE
    ../clib/microlib/string/memcpy.c         0x00000000   Number         0  memcpya.o ABSOLUTE
    ../clib/microlib/string/memcpy.c         0x00000000   Number         0  memcpyb.o ABSOLUTE
    ../clib/microlib/string/strlen.c         0x00000000   Number         0  strlen.o ABSOLUTE
    ../clib/microlib/stubs.s                 0x00000000   Number         0  iusefp.o ABSOLUTE
    ../fplib/microlib/fpadd.c                0x00000000   Number         0  dadd.o ABSOLUTE
    ../fplib/microlib/fpdiv.c                0x00000000   Number         0  ddiv.o ABSOLUTE
    ../fplib/microlib/fpepilogue.c           0x00000000   Number         0  depilogue.o ABSOLUTE
    ../fplib/microlib/fpfix.c                0x00000000   Number         0  dfixul.o ABSOLUTE
    ../fplib/microlib/fpmul.c                0x00000000   Number         0  dmul.o ABSOLUTE
    ..\CORE\handler.c                        0x00000000   Number         0  handler.o ABSOLUTE
    ..\CORE\startup_CM0DS.s                  0x00000000   Number         0  startup_cm0ds.o ABSOLUTE
    ..\CORE\system.c                         0x00000000   Number         0  system.o ABSOLUTE
    ..\DEVICE\Retarget.c                     0x00000000   Number         0  retarget.o ABSOLUTE
    ..\DEVICE\camera.c                       0x00000000   Number         0  camera.o ABSOLUTE
    ..\DEVICE\key.c                          0x00000000   Number         0  key.o ABSOLUTE
    ..\DEVICE\lcd.c                          0x00000000   Number         0  lcd.o ABSOLUTE
    ..\DEVICE\led.c                          0x00000000   Number         0  led.o ABSOLUTE
    ..\DEVICE\malloc.c                       0x00000000   Number         0  malloc.o ABSOLUTE
    ..\DEVICE\myGame.c                       0x00000000   Number         0  mygame.o ABSOLUTE
    ..\DEVICE\pstwo.c                        0x00000000   Number         0  pstwo.o ABSOLUTE
    ..\DEVICE\spi_flash.c                    0x00000000   Number         0  spi_flash.o ABSOLUTE
    ..\DEVICE\spriteRam.c                    0x00000000   Number         0  spriteram.o ABSOLUTE
    ..\DEVICE\systick.c                      0x00000000   Number         0  systick.o ABSOLUTE
    ..\DEVICE\timer.c                        0x00000000   Number         0  timer.o ABSOLUTE
    ..\DEVICE\uart.c                         0x00000000   Number         0  uart.o ABSOLUTE
    ..\\CORE\\handler.c                      0x00000000   Number         0  handler.o ABSOLUTE
    ..\\CORE\\system.c                       0x00000000   Number         0  system.o ABSOLUTE
    ..\\DEVICE\\systick.c                    0x00000000   Number         0  systick.o ABSOLUTE
    cdrcmple.s                               0x00000000   Number         0  cdrcmple.o ABSOLUTE
    dc.s                                     0x00000000   Number         0  dc.o ABSOLUTE
    handlers.s                               0x00000000   Number         0  handlers.o ABSOLUTE
    init.s                                   0x00000000   Number         0  init.o ABSOLUTE
    main.c                                   0x00000000   Number         0  main.o ABSOLUTE
    main.c                                   0x00000000   Number         0  main.o ABSOLUTE
    .ARM.Collect$$$$00000000                 0x00000060   Section        0  entry.o(.ARM.Collect$$$$00000000)
    .ARM.Collect$$$$00000001                 0x00000060   Section        4  entry2.o(.ARM.Collect$$$$00000001)
    .ARM.Collect$$$$00000004                 0x00000064   Section        4  entry5.o(.ARM.Collect$$$$00000004)
    .ARM.Collect$$$$00000008                 0x00000068   Section        0  entry7b.o(.ARM.Collect$$$$00000008)
    .ARM.Collect$$$$0000000A                 0x00000068   Section        0  entry8b.o(.ARM.Collect$$$$0000000A)
    .ARM.Collect$$$$0000000B                 0x00000068   Section        8  entry9a.o(.ARM.Collect$$$$0000000B)
    .ARM.Collect$$$$0000000D                 0x00000070   Section        0  entry10a.o(.ARM.Collect$$$$0000000D)
    .ARM.Collect$$$$0000000F                 0x00000070   Section        0  entry11a.o(.ARM.Collect$$$$0000000F)
    .ARM.Collect$$$$00002712                 0x00000070   Section        4  entry2.o(.ARM.Collect$$$$00002712)
    __lit__00000000                          0x00000070   Data           4  entry2.o(.ARM.Collect$$$$00002712)
    .text                                    0x00000074   Section      156  startup_cm0ds.o(.text)
    .text                                    0x00000110   Section        0  uidiv.o(.text)
    .text                                    0x0000013c   Section        0  idiv.o(.text)
    .text                                    0x00000164   Section        0  rand.o(.text)
    .text                                    0x00000188   Section        0  memcpya.o(.text)
    .text                                    0x000001ac   Section       36  init.o(.text)
    .text                                    0x000001d0   Section        0  __dczerorl2.o(.text)
    i.BusFaultHandler                        0x00000226   Section        0  handler.o(i.BusFaultHandler)
    i.DebugMonHandler                        0x00000228   Section        0  handler.o(i.DebugMonHandler)
    i.HardFaultHandler                       0x0000022a   Section        0  handler.o(i.HardFaultHandler)
    i.KEY0                                   0x0000022c   Section        0  handler.o(i.KEY0)
    i.KEY1                                   0x0000024c   Section        0  handler.o(i.KEY1)
    i.KEY2                                   0x0000026c   Section        0  handler.o(i.KEY2)
    i.KEY3                                   0x0000027c   Section        0  handler.o(i.KEY3)
    i.LCD_Fast_DrawPoint                     0x0000029c   Section        0  lcd.o(i.LCD_Fast_DrawPoint)
    i.LCD_ShowChar                           0x000002f8   Section        0  lcd.o(i.LCD_ShowChar)
    i.LCD_ShowString                         0x00000408   Section        0  lcd.o(i.LCD_ShowString)
    i.LCD_WR_DATA                            0x0000046a   Section        0  lcd.o(i.LCD_WR_DATA)
    i.LCD_WR_REG                             0x00000490   Section        0  lcd.o(i.LCD_WR_REG)
    i.LED_toggle                             0x000004b4   Section        0  led.o(i.LED_toggle)
    i.MakeData                               0x000004ec   Section        0  lcd.o(i.MakeData)
    i.MemManageHandler                       0x000004f4   Section        0  handler.o(i.MemManageHandler)
    i.NMIHandler                             0x000004f6   Section        0  handler.o(i.NMIHandler)
    i.NVIC_EnableIRQ                         0x000004f8   Section        0  main.o(i.NVIC_EnableIRQ)
    NVIC_EnableIRQ                           0x000004f9   Thumb Code    14  main.o(i.NVIC_EnableIRQ)
    i.NVIC_EnableIRQ                         0x0000050c   Section        0  system.o(i.NVIC_EnableIRQ)
    NVIC_EnableIRQ                           0x0000050d   Thumb Code    14  system.o(i.NVIC_EnableIRQ)
    i.PendSVHandler                          0x00000520   Section        0  handler.o(i.PendSVHandler)
    i.READ_KEY                               0x00000524   Section        0  key.o(i.READ_KEY)
    i.SPI_Init                               0x00000530   Section        0  spi_flash.o(i.SPI_Init)
    i.SVCHandler                             0x00000540   Section        0  handler.o(i.SVCHandler)
    i.Set_SysTick_CTRL                       0x00000544   Section        0  systick.o(i.Set_SysTick_CTRL)
    i.Set_SysTick_LOAD                       0x00000550   Section        0  systick.o(i.Set_SysTick_LOAD)
    i.Set_SysTick_VALUE                      0x0000055c   Section        0  systick.o(i.Set_SysTick_VALUE)
    i.SysTickHandler                         0x00000568   Section        0  handler.o(i.SysTickHandler)
    i.SystemInit                             0x00000584   Section        0  system.o(i.SystemInit)
    i.TIMER_Init                             0x0000059c   Section        0  timer.o(i.TIMER_Init)
    i.Timer_Handler                          0x000005bc   Section        0  handler.o(i.Timer_Handler)
    i.UARTOVRHandler                         0x00000600   Section        0  handler.o(i.UARTOVRHandler)
    i.UARTRXHandler                          0x00000604   Section        0  handler.o(i.UARTRXHandler)
    i.UARTTXHandler                          0x00000634   Section        0  handler.o(i.UARTTXHandler)
    i.UsageFaultHandler                      0x00000670   Section        0  handler.o(i.UsageFaultHandler)
    i.__0printf$bare                         0x00000674   Section        0  printfb.o(i.__0printf$bare)
    i.__ARM_common_switch8                   0x00000688   Section        0  lcd.o(i.__ARM_common_switch8)
    i.__scatterload_copy                     0x000006a4   Section       14  handlers.o(i.__scatterload_copy)
    i.__scatterload_null                     0x000006b2   Section        2  handlers.o(i.__scatterload_null)
    i.__scatterload_zeroinit                 0x000006b4   Section       14  handlers.o(i.__scatterload_zeroinit)
    i._printf_core                           0x000006c2   Section        0  printfb.o(i._printf_core)
    _printf_core                             0x000006c3   Thumb Code    30  printfb.o(i._printf_core)
    i.boomDraw                               0x000006e0   Section        0  mygame.o(i.boomDraw)
    i.buffDraw                               0x000007c0   Section        0  mygame.o(i.buffDraw)
    i.buffInit                               0x00000880   Section        0  mygame.o(i.buffInit)
    i.bulletDraw                             0x00000888   Section        0  mygame.o(i.bulletDraw)
    i.bulletInit                             0x000008d4   Section        0  mygame.o(i.bulletInit)
    i.bulletsMapCreate                       0x000008f8   Section        0  mygame.o(i.bulletsMapCreate)
    i.createOneBoom                          0x00000944   Section        0  mygame.o(i.createOneBoom)
    i.createOneBuff                          0x00000998   Section        0  mygame.o(i.createOneBuff)
    i.createOneBullet                        0x000009b0   Section        0  mygame.o(i.createOneBullet)
    i.createOneEnmeyPlane                    0x00000bb4   Section        0  mygame.o(i.createOneEnmeyPlane)
    i.delay                                  0x00000c70   Section        0  systick.o(i.delay)
    i.delay_ms                               0x00000c90   Section        0  systick.o(i.delay_ms)
    i.enemyMapCreate                         0x00000cac   Section        0  mygame.o(i.enemyMapCreate)
    i.enmeyPlaneDraw                         0x00000d2c   Section        0  mygame.o(i.enmeyPlaneDraw)
    i.enmeyPlaneInit                         0x00000fe4   Section        0  mygame.o(i.enmeyPlaneInit)
    i.fputc                                  0x00001008   Section        0  retarget.o(i.fputc)
    i.gameScoreDraw                          0x00001028   Section        0  mygame.o(i.gameScoreDraw)
    i.isBulletsHit                           0x000010d8   Section        0  mygame.o(i.isBulletsHit)
    i.isEnemyPlaneHit                        0x00001158   Section        0  mygame.o(i.isEnemyPlaneHit)
    i.isMyPlaneHit                           0x00001224   Section        0  mygame.o(i.isMyPlaneHit)
    i.main                                   0x00001358   Section        0  main.o(i.main)
    i.mem_free                               0x00001564   Section        0  malloc.o(i.mem_free)
    i.mem_init                               0x000015b0   Section        0  malloc.o(i.mem_init)
    i.mem_malloc                             0x000015dc   Section        0  malloc.o(i.mem_malloc)
    i.mem_perused                            0x00001658   Section        0  malloc.o(i.mem_perused)
    i.moveEnmeyPlane                         0x00001680   Section        0  mygame.o(i.moveEnmeyPlane)
    i.myPlaneDraw                            0x000018b4   Section        0  mygame.o(i.myPlaneDraw)
    i.myPlaneInit                            0x00001960   Section        0  mygame.o(i.myPlaneInit)
    i.myPlaneMapCreate                       0x00001978   Section        0  mygame.o(i.myPlaneMapCreate)
    i.myfree                                 0x000019e0   Section        0  malloc.o(i.myfree)
    i.mymalloc                               0x00001a00   Section        0  malloc.o(i.mymalloc)
    i.mymemset                               0x00001a20   Section        0  malloc.o(i.mymemset)
    i.tileMap                                0x00001a34   Section        0  mygame.o(i.tileMap)
    i.uart_ClearRxIRQ                        0x00001a4c   Section        0  uart.o(i.uart_ClearRxIRQ)
    i.uart_ClearTxIRQ                        0x00001a52   Section        0  uart.o(i.uart_ClearTxIRQ)
    i.uart_SendChar                          0x00001a58   Section        0  uart.o(i.uart_SendChar)
    i.uart_init                              0x00001a6e   Section        0  uart.o(i.uart_init)
    i.updateBoomData                         0x00001ac8   Section        0  mygame.o(i.updateBoomData)
    i.updateBuffData                         0x00001b3c   Section        0  mygame.o(i.updateBuffData)
    i.updateBulletData                       0x00001b68   Section        0  mygame.o(i.updateBulletData)
    i.writeOneSprite                         0x00001bbc   Section        0  spriteram.o(i.writeOneSprite)
    .constdata                               0x00001be0   Section       40  main.o(.constdata)
    .constdata                               0x00001c08   Section     1520  lcd.o(.constdata)
    .data                                    0x20000000   Section     2796  main.o(.data)
    .data                                    0x20000aec   Section        4  lcd.o(.data)
    .data                                    0x20000af0   Section        8  retarget.o(.data)
    .data                                    0x20000af8   Section       20  malloc.o(.data)
    .data                                    0x20000b0c   Section        4  rand.o(.data)
    _rand_state                              0x20000b0c   Data           4  rand.o(.data)
    .bss                                     0x20000b10   Section      728  main.o(.bss)
    .bss                                     0x20000de8   Section       14  lcd.o(.bss)
    .bss                                     0x20000df8   Section     4352  malloc.o(.bss)
    STACK                                    0x20001ef8   Section     1024  startup_cm0ds.o(STACK)

    Global Symbols

    Symbol Name                              Value     Ov Type        Size  Object(Section)

    BuildAttributes$$THM_ISAv3M$S$PE$A:L22$X:L11$S22$IEEE1$IW$USESV6$~STKCKD$USESV7$~SHL$OSPACE$ROPI$EBA8$MICROLIB$REQ8$PRES8$EABIv2 0x00000000   Number         0  anon$$obj.o ABSOLUTE
    __ARM_use_no_argv                        0x00000000   Number         0  main.o ABSOLUTE
    __Vectors                                0x00000000   Data           4  startup_cm0ds.o(RESET)
    __cpp_initialize__aeabi_                  - Undefined Weak Reference
    __cxa_finalize                            - Undefined Weak Reference
    _clock_init                               - Undefined Weak Reference
    _microlib_exit                            - Undefined Weak Reference
    __Vectors_End                            0x00000060   Data           0  startup_cm0ds.o(RESET)
    __Vectors_Size                           0x00000060   Number         0  startup_cm0ds.o ABSOLUTE
    __main                                   0x00000061   Thumb Code     0  entry.o(.ARM.Collect$$$$00000000)
    _main_stk                                0x00000061   Thumb Code     0  entry2.o(.ARM.Collect$$$$00000001)
    _main_scatterload                        0x00000065   Thumb Code     0  entry5.o(.ARM.Collect$$$$00000004)
    __main_after_scatterload                 0x00000069   Thumb Code     0  entry5.o(.ARM.Collect$$$$00000004)
    _main_clock                              0x00000069   Thumb Code     0  entry7b.o(.ARM.Collect$$$$00000008)
    _main_cpp_init                           0x00000069   Thumb Code     0  entry8b.o(.ARM.Collect$$$$0000000A)
    _main_init                               0x00000069   Thumb Code     0  entry9a.o(.ARM.Collect$$$$0000000B)
    __rt_final_cpp                           0x00000071   Thumb Code     0  entry10a.o(.ARM.Collect$$$$0000000D)
    __rt_final_exit                          0x00000071   Thumb Code     0  entry11a.o(.ARM.Collect$$$$0000000F)
    Reset_Handler                            0x00000075   Thumb Code    12  startup_cm0ds.o(.text)
    NMI_Handler                              0x00000081   Thumb Code     8  startup_cm0ds.o(.text)
    HardFault_Handler                        0x00000089   Thumb Code     8  startup_cm0ds.o(.text)
    MemManage_Handler                        0x00000091   Thumb Code     8  startup_cm0ds.o(.text)
    BusFault_Handler                         0x00000099   Thumb Code     8  startup_cm0ds.o(.text)
    UsageFault_Handler                       0x000000a1   Thumb Code     8  startup_cm0ds.o(.text)
    SVC_Handler                              0x000000a9   Thumb Code     8  startup_cm0ds.o(.text)
    DebugMon_Handler                         0x000000b1   Thumb Code     8  startup_cm0ds.o(.text)
    PendSV_Handler                           0x000000b9   Thumb Code     8  startup_cm0ds.o(.text)
    SysTick_Handler                          0x000000c1   Thumb Code     8  startup_cm0ds.o(.text)
    UARTRX_Handler                           0x000000c9   Thumb Code     8  startup_cm0ds.o(.text)
    UARTTX_Handler                           0x000000d1   Thumb Code     8  startup_cm0ds.o(.text)
    UARTOVR_Handler                          0x000000d9   Thumb Code     8  startup_cm0ds.o(.text)
    KEY0_Handler                             0x000000e1   Thumb Code     8  startup_cm0ds.o(.text)
    KEY1_Handler                             0x000000e9   Thumb Code     8  startup_cm0ds.o(.text)
    KEY2_Handler                             0x000000f1   Thumb Code     8  startup_cm0ds.o(.text)
    KEY3_Handler                             0x000000f9   Thumb Code     8  startup_cm0ds.o(.text)
    TIMER_Handler                            0x00000101   Thumb Code     8  startup_cm0ds.o(.text)
    __aeabi_uidiv                            0x00000111   Thumb Code     0  uidiv.o(.text)
    __aeabi_uidivmod                         0x00000111   Thumb Code    44  uidiv.o(.text)
    __aeabi_idiv                             0x0000013d   Thumb Code     0  idiv.o(.text)
    __aeabi_idivmod                          0x0000013d   Thumb Code    40  idiv.o(.text)
    rand                                     0x00000165   Thumb Code    18  rand.o(.text)
    srand                                    0x00000177   Thumb Code     6  rand.o(.text)
    __aeabi_memcpy                           0x00000189   Thumb Code    36  memcpya.o(.text)
    __aeabi_memcpy4                          0x00000189   Thumb Code     0  memcpya.o(.text)
    __aeabi_memcpy8                          0x00000189   Thumb Code     0  memcpya.o(.text)
    __scatterload                            0x000001ad   Thumb Code    28  init.o(.text)
    __scatterload_rt2                        0x000001ad   Thumb Code     0  init.o(.text)
    __decompress                             0x000001d1   Thumb Code     0  __dczerorl2.o(.text)
    __decompress1                            0x000001d1   Thumb Code    86  __dczerorl2.o(.text)
    BusFaultHandler                          0x00000227   Thumb Code     2  handler.o(i.BusFaultHandler)
    DebugMonHandler                          0x00000229   Thumb Code     2  handler.o(i.DebugMonHandler)
    HardFaultHandler                         0x0000022b   Thumb Code     2  handler.o(i.HardFaultHandler)
    KEY0                                     0x0000022d   Thumb Code    28  handler.o(i.KEY0)
    KEY1                                     0x0000024d   Thumb Code    28  handler.o(i.KEY1)
    KEY2                                     0x0000026d   Thumb Code    14  handler.o(i.KEY2)
    KEY3                                     0x0000027d   Thumb Code    28  handler.o(i.KEY3)
    LCD_Fast_DrawPoint                       0x0000029d   Thumb Code    88  lcd.o(i.LCD_Fast_DrawPoint)
    LCD_ShowChar                             0x000002f9   Thumb Code   254  lcd.o(i.LCD_ShowChar)
    LCD_ShowString                           0x00000409   Thumb Code    98  lcd.o(i.LCD_ShowString)
    LCD_WR_DATA                              0x0000046b   Thumb Code    38  lcd.o(i.LCD_WR_DATA)
    LCD_WR_REG                               0x00000491   Thumb Code    36  lcd.o(i.LCD_WR_REG)
    LED_toggle                               0x000004b5   Thumb Code    50  led.o(i.LED_toggle)
    MakeData                                 0x000004ed   Thumb Code     8  lcd.o(i.MakeData)
    MemManageHandler                         0x000004f5   Thumb Code     2  handler.o(i.MemManageHandler)
    NMIHandler                               0x000004f7   Thumb Code     2  handler.o(i.NMIHandler)
    PendSVHandler                            0x00000521   Thumb Code     2  handler.o(i.PendSVHandler)
    READ_KEY                                 0x00000525   Thumb Code     6  key.o(i.READ_KEY)
    SPI_Init                                 0x00000531   Thumb Code    12  spi_flash.o(i.SPI_Init)
    SVCHandler                               0x00000541   Thumb Code     2  handler.o(i.SVCHandler)
    Set_SysTick_CTRL                         0x00000545   Thumb Code     6  systick.o(i.Set_SysTick_CTRL)
    Set_SysTick_LOAD                         0x00000551   Thumb Code     6  systick.o(i.Set_SysTick_LOAD)
    Set_SysTick_VALUE                        0x0000055d   Thumb Code     6  systick.o(i.Set_SysTick_VALUE)
    SysTickHandler                           0x00000569   Thumb Code    24  handler.o(i.SysTickHandler)
    SystemInit                               0x00000585   Thumb Code    22  system.o(i.SystemInit)
    TIMER_Init                               0x0000059d   Thumb Code    26  timer.o(i.TIMER_Init)
    Timer_Handler                            0x000005bd   Thumb Code    62  handler.o(i.Timer_Handler)
    UARTOVRHandler                           0x00000601   Thumb Code     2  handler.o(i.UARTOVRHandler)
    UARTRXHandler                            0x00000605   Thumb Code    24  handler.o(i.UARTRXHandler)
    UARTTXHandler                            0x00000635   Thumb Code    36  handler.o(i.UARTTXHandler)
    UsageFaultHandler                        0x00000671   Thumb Code     2  handler.o(i.UsageFaultHandler)
    __0printf$bare                           0x00000675   Thumb Code    12  printfb.o(i.__0printf$bare)
    __1printf$bare                           0x00000675   Thumb Code     0  printfb.o(i.__0printf$bare)
    __2printf                                0x00000675   Thumb Code     0  printfb.o(i.__0printf$bare)
    __ARM_common_switch8                     0x00000689   Thumb Code    28  lcd.o(i.__ARM_common_switch8)
    __scatterload_copy                       0x000006a5   Thumb Code    14  handlers.o(i.__scatterload_copy)
    __scatterload_null                       0x000006b3   Thumb Code     2  handlers.o(i.__scatterload_null)
    __scatterload_zeroinit                   0x000006b5   Thumb Code    14  handlers.o(i.__scatterload_zeroinit)
    boomDraw                                 0x000006e1   Thumb Code   216  mygame.o(i.boomDraw)
    buffDraw                                 0x000007c1   Thumb Code   188  mygame.o(i.buffDraw)
    buffInit                                 0x00000881   Thumb Code     6  mygame.o(i.buffInit)
    bulletDraw                               0x00000889   Thumb Code    68  mygame.o(i.bulletDraw)
    bulletInit                               0x000008d5   Thumb Code    28  mygame.o(i.bulletInit)
    bulletsMapCreate                         0x000008f9   Thumb Code    70  mygame.o(i.bulletsMapCreate)
    createOneBoom                            0x00000945   Thumb Code    78  mygame.o(i.createOneBoom)
    createOneBuff                            0x00000999   Thumb Code    24  mygame.o(i.createOneBuff)
    createOneBullet                          0x000009b1   Thumb Code   508  mygame.o(i.createOneBullet)
    createOneEnmeyPlane                      0x00000bb5   Thumb Code   178  mygame.o(i.createOneEnmeyPlane)
    delay                                    0x00000c71   Thumb Code    32  systick.o(i.delay)
    delay_ms                                 0x00000c91   Thumb Code    22  systick.o(i.delay_ms)
    enemyMapCreate                           0x00000cad   Thumb Code   122  mygame.o(i.enemyMapCreate)
    enmeyPlaneDraw                           0x00000d2d   Thumb Code   688  mygame.o(i.enmeyPlaneDraw)
    enmeyPlaneInit                           0x00000fe5   Thumb Code    28  mygame.o(i.enmeyPlaneInit)
    fputc                                    0x00001009   Thumb Code    32  retarget.o(i.fputc)
    gameScoreDraw                            0x00001029   Thumb Code   176  mygame.o(i.gameScoreDraw)
    isBulletsHit                             0x000010d9   Thumb Code   124  mygame.o(i.isBulletsHit)
    isEnemyPlaneHit                          0x00001159   Thumb Code   190  mygame.o(i.isEnemyPlaneHit)
    isMyPlaneHit                             0x00001225   Thumb Code   296  mygame.o(i.isMyPlaneHit)
    main                                     0x00001359   Thumb Code   478  main.o(i.main)
    mem_free                                 0x00001565   Thumb Code    70  malloc.o(i.mem_free)
    mem_init                                 0x000015b1   Thumb Code    38  malloc.o(i.mem_init)
    mem_malloc                               0x000015dd   Thumb Code   120  malloc.o(i.mem_malloc)
    mem_perused                              0x00001659   Thumb Code    36  malloc.o(i.mem_perused)
    moveEnmeyPlane                           0x00001681   Thumb Code   556  mygame.o(i.moveEnmeyPlane)
    myPlaneDraw                              0x000018b5   Thumb Code   168  mygame.o(i.myPlaneDraw)
    myPlaneInit                              0x00001961   Thumb Code    20  mygame.o(i.myPlaneInit)
    myPlaneMapCreate                         0x00001979   Thumb Code   104  mygame.o(i.myPlaneMapCreate)
    myfree                                   0x000019e1   Thumb Code    26  malloc.o(i.myfree)
    mymalloc                                 0x00001a01   Thumb Code    28  malloc.o(i.mymalloc)
    mymemset                                 0x00001a21   Thumb Code    20  malloc.o(i.mymemset)
    tileMap                                  0x00001a35   Thumb Code    24  mygame.o(i.tileMap)
    uart_ClearRxIRQ                          0x00001a4d   Thumb Code     6  uart.o(i.uart_ClearRxIRQ)
    uart_ClearTxIRQ                          0x00001a53   Thumb Code     6  uart.o(i.uart_ClearTxIRQ)
    uart_SendChar                            0x00001a59   Thumb Code    22  uart.o(i.uart_SendChar)
    uart_init                                0x00001a6f   Thumb Code    88  uart.o(i.uart_init)
    updateBoomData                           0x00001ac9   Thumb Code   112  mygame.o(i.updateBoomData)
    updateBuffData                           0x00001b3d   Thumb Code    42  mygame.o(i.updateBuffData)
    updateBulletData                         0x00001b69   Thumb Code    74  mygame.o(i.updateBulletData)
    writeOneSprite                           0x00001bbd   Thumb Code    32  spriteram.o(i.writeOneSprite)
    routeCircle                              0x00001be0   Data          36  main.o(.constdata)
    BULLET_NUMMAX                            0x00001c04   Data           1  main.o(.constdata)
    ENEMY_BULLETS_NUMMAX                     0x00001c05   Data           1  main.o(.constdata)
    ENEMY_NUMMAX                             0x00001c06   Data           1  main.o(.constdata)
    BOOM_NUMMAX                              0x00001c07   Data           1  main.o(.constdata)
    asc2_1608                                0x00001c08   Data        1520  lcd.o(.constdata)
    Region$$Table$$Base                      0x000021f8   Number         0  anon$$obj.o(Region$$Table)
    Region$$Table$$Limit                     0x00002218   Number         0  anon$$obj.o(Region$$Table)
    gImage_hero_48x32                        0x20000000   Data         192  main.o(.data)
    gImage_enemy01_32x32                     0x200000c0   Data         128  main.o(.data)
    gImage_enemy02_48x48                     0x20000140   Data         294  main.o(.data)
    gImage_backgroud_00                      0x20000266   Data        2160  main.o(.data)
    myplane                                  0x20000ad6   Data           6  main.o(.data)
    buff                                     0x20000adc   Data           5  main.o(.data)
    spriteRamAddr                            0x20000ae1   Data           1  main.o(.data)
    GameScore                                0x20000ae4   Data           4  main.o(.data)
    fps                                      0x20000ae8   Data           4  main.o(.data)
    POINT_COLOR                              0x20000aec   Data           2  lcd.o(.data)
    BACK_COLOR                               0x20000aee   Data           2  lcd.o(.data)
    __stdout                                 0x20000af0   Data           4  retarget.o(.data)
    __stdin                                  0x20000af4   Data           4  retarget.o(.data)
    mallco_dev                               0x20000af8   Data          20  malloc.o(.data)
    bullet                                   0x20000b10   Data          60  main.o(.bss)
    bulletsHitMap                            0x20000b4c   Data         120  main.o(.bss)
    enmeyBullets                             0x20000bc4   Data          15  main.o(.bss)
    enmeyBulletsHitMap                       0x20000bd4   Data         120  main.o(.bss)
    myPlaneHitMap                            0x20000c4c   Data         120  main.o(.bss)
    enmeyPlane                               0x20000cc4   Data          70  main.o(.bss)
    enemyPlaneHitMap                         0x20000d0c   Data         120  main.o(.bss)
    boom                                     0x20000d84   Data         100  main.o(.bss)
    lcddev                                   0x20000de8   Data          14  lcd.o(.bss)
    membase                                  0x20000df8   Data        4096  malloc.o(.bss)
    memmapbase                               0x20001df8   Data         256  malloc.o(.bss)
    __initial_sp                             0x200022f8   Data           0  startup_cm0ds.o(STACK)



==============================================================================

Memory Map of the image

  Image Entry point : 0x00000061

  Load Region LR_IROM1 (Base: 0x00000000, Size: 0x00002d28, Max: 0x00004000, ABSOLUTE, COMPRESSED[0x000026a8])

    Execution Region ER_IROM1 (Exec base: 0x00000000, Load base: 0x00000000, Size: 0x00002218, Max: 0x00004000, ABSOLUTE)

    Exec Addr    Load Addr    Size         Type   Attr      Idx    E Section Name        Object

    0x00000000   0x00000000   0x00000060   Data   RO          223    RESET               startup_cm0ds.o
    0x00000060   0x00000060   0x00000000   Code   RO         1366  * .ARM.Collect$$$$00000000  mc_p.l(entry.o)
    0x00000060   0x00000060   0x00000004   Code   RO         1642    .ARM.Collect$$$$00000001  mc_p.l(entry2.o)
    0x00000064   0x00000064   0x00000004   Code   RO         1645    .ARM.Collect$$$$00000004  mc_p.l(entry5.o)
    0x00000068   0x00000068   0x00000000   Code   RO         1647    .ARM.Collect$$$$00000008  mc_p.l(entry7b.o)
    0x00000068   0x00000068   0x00000000   Code   RO         1649    .ARM.Collect$$$$0000000A  mc_p.l(entry8b.o)
    0x00000068   0x00000068   0x00000008   Code   RO         1650    .ARM.Collect$$$$0000000B  mc_p.l(entry9a.o)
    0x00000070   0x00000070   0x00000000   Code   RO         1652    .ARM.Collect$$$$0000000D  mc_p.l(entry10a.o)
    0x00000070   0x00000070   0x00000000   Code   RO         1654    .ARM.Collect$$$$0000000F  mc_p.l(entry11a.o)
    0x00000070   0x00000070   0x00000004   Code   RO         1643    .ARM.Collect$$$$00002712  mc_p.l(entry2.o)
    0x00000074   0x00000074   0x0000009c   Code   RO          224    .text               startup_cm0ds.o
    0x00000110   0x00000110   0x0000002c   Code   RO         1369    .text               mc_p.l(uidiv.o)
    0x0000013c   0x0000013c   0x00000028   Code   RO         1371    .text               mc_p.l(idiv.o)
    0x00000164   0x00000164   0x00000024   Code   RO         1373    .text               mc_p.l(rand.o)
    0x00000188   0x00000188   0x00000024   Code   RO         1376    .text               mc_p.l(memcpya.o)
    0x000001ac   0x000001ac   0x00000024   Code   RO         1669    .text               mc_p.l(init.o)
    0x000001d0   0x000001d0   0x00000056   Code   RO         1689    .text               mc_p.l(__dczerorl2.o)
    0x00000226   0x00000226   0x00000002   Code   RO           99    i.BusFaultHandler   handler.o
    0x00000228   0x00000228   0x00000002   Code   RO          100    i.DebugMonHandler   handler.o
    0x0000022a   0x0000022a   0x00000002   Code   RO          101    i.HardFaultHandler  handler.o
    0x0000022c   0x0000022c   0x00000020   Code   RO          102    i.KEY0              handler.o
    0x0000024c   0x0000024c   0x00000020   Code   RO          103    i.KEY1              handler.o
    0x0000026c   0x0000026c   0x0000000e   Code   RO          104    i.KEY2              handler.o
    0x0000027a   0x0000027a   0x00000002   PAD
    0x0000027c   0x0000027c   0x00000020   Code   RO          105    i.KEY3              handler.o
    0x0000029c   0x0000029c   0x0000005c   Code   RO          442    i.LCD_Fast_DrawPoint  lcd.o
    0x000002f8   0x000002f8   0x00000110   Code   RO          451    i.LCD_ShowChar      lcd.o
    0x00000408   0x00000408   0x00000062   Code   RO          454    i.LCD_ShowString    lcd.o
    0x0000046a   0x0000046a   0x00000026   Code   RO          456    i.LCD_WR_DATA       lcd.o
    0x00000490   0x00000490   0x00000024   Code   RO          457    i.LCD_WR_REG        lcd.o
    0x000004b4   0x000004b4   0x00000038   Code   RO          653    i.LED_toggle        led.o
    0x000004ec   0x000004ec   0x00000008   Code   RO          461    i.MakeData          lcd.o
    0x000004f4   0x000004f4   0x00000002   Code   RO          106    i.MemManageHandler  handler.o
    0x000004f6   0x000004f6   0x00000002   Code   RO          107    i.NMIHandler        handler.o
    0x000004f8   0x000004f8   0x00000014   Code   RO            3    i.NVIC_EnableIRQ    main.o
    0x0000050c   0x0000050c   0x00000014   Code   RO          230    i.NVIC_EnableIRQ    system.o
    0x00000520   0x00000520   0x00000002   Code   RO          108    i.PendSVHandler     handler.o
    0x00000522   0x00000522   0x00000002   PAD
    0x00000524   0x00000524   0x0000000c   Code   RO          417    i.READ_KEY          key.o
    0x00000530   0x00000530   0x00000010   Code   RO          740    i.SPI_Init          spi_flash.o
    0x00000540   0x00000540   0x00000002   Code   RO          109    i.SVCHandler        handler.o
    0x00000542   0x00000542   0x00000002   PAD
    0x00000544   0x00000544   0x0000000c   Code   RO          842    i.Set_SysTick_CTRL  systick.o
    0x00000550   0x00000550   0x0000000c   Code   RO          843    i.Set_SysTick_LOAD  systick.o
    0x0000055c   0x0000055c   0x0000000c   Code   RO          844    i.Set_SysTick_VALUE  systick.o
    0x00000568   0x00000568   0x0000001c   Code   RO          110    i.SysTickHandler    handler.o
    0x00000584   0x00000584   0x00000016   Code   RO          232    i.SystemInit        system.o
    0x0000059a   0x0000059a   0x00000002   PAD
    0x0000059c   0x0000059c   0x00000020   Code   RO          911    i.TIMER_Init        timer.o
    0x000005bc   0x000005bc   0x00000044   Code   RO          111    i.Timer_Handler     handler.o
    0x00000600   0x00000600   0x00000002   Code   RO          112    i.UARTOVRHandler    handler.o
    0x00000602   0x00000602   0x00000002   PAD
    0x00000604   0x00000604   0x00000030   Code   RO          113    i.UARTRXHandler     handler.o
    0x00000634   0x00000634   0x0000003c   Code   RO          114    i.UARTTXHandler     handler.o
    0x00000670   0x00000670   0x00000002   Code   RO          115    i.UsageFaultHandler  handler.o
    0x00000672   0x00000672   0x00000002   PAD
    0x00000674   0x00000674   0x00000014   Code   RO         1383    i.__0printf$bare    mc_p.l(printfb.o)
    0x00000688   0x00000688   0x0000001c   Code   RO          640    i.__ARM_common_switch8  lcd.o
    0x000006a4   0x000006a4   0x0000000e   Code   RO         1683    i.__scatterload_copy  mc_p.l(handlers.o)
    0x000006b2   0x000006b2   0x00000002   Code   RO         1684    i.__scatterload_null  mc_p.l(handlers.o)
    0x000006b4   0x000006b4   0x0000000e   Code   RO         1685    i.__scatterload_zeroinit  mc_p.l(handlers.o)
    0x000006c2   0x000006c2   0x0000001e   Code   RO         1390    i._printf_core      mc_p.l(printfb.o)
    0x000006e0   0x000006e0   0x000000e0   Code   RO         1094    i.boomDraw          mygame.o
    0x000007c0   0x000007c0   0x000000c0   Code   RO         1096    i.buffDraw          mygame.o
    0x00000880   0x00000880   0x00000006   Code   RO         1097    i.buffInit          mygame.o
    0x00000886   0x00000886   0x00000002   PAD
    0x00000888   0x00000888   0x0000004c   Code   RO         1098    i.bulletDraw        mygame.o
    0x000008d4   0x000008d4   0x00000024   Code   RO         1099    i.bulletInit        mygame.o
    0x000008f8   0x000008f8   0x0000004c   Code   RO         1100    i.bulletsMapCreate  mygame.o
    0x00000944   0x00000944   0x00000054   Code   RO         1101    i.createOneBoom     mygame.o
    0x00000998   0x00000998   0x00000018   Code   RO         1102    i.createOneBuff     mygame.o
    0x000009b0   0x000009b0   0x00000204   Code   RO         1103    i.createOneBullet   mygame.o
    0x00000bb4   0x00000bb4   0x000000bc   Code   RO         1104    i.createOneEnmeyPlane  mygame.o
    0x00000c70   0x00000c70   0x00000020   Code   RO          847    i.delay             systick.o
    0x00000c90   0x00000c90   0x0000001c   Code   RO          848    i.delay_ms          systick.o
    0x00000cac   0x00000cac   0x00000080   Code   RO         1105    i.enemyMapCreate    mygame.o
    0x00000d2c   0x00000d2c   0x000002b8   Code   RO         1106    i.enmeyPlaneDraw    mygame.o
    0x00000fe4   0x00000fe4   0x00000024   Code   RO         1107    i.enmeyPlaneInit    mygame.o
    0x00001008   0x00001008   0x00000020   Code   RO          685    i.fputc             retarget.o
    0x00001028   0x00001028   0x000000b0   Code   RO         1109    i.gameScoreDraw     mygame.o
    0x000010d8   0x000010d8   0x00000080   Code   RO         1110    i.isBulletsHit      mygame.o
    0x00001158   0x00001158   0x000000cc   Code   RO         1111    i.isEnemyPlaneHit   mygame.o
    0x00001224   0x00001224   0x00000134   Code   RO         1112    i.isMyPlaneHit      mygame.o
    0x00001358   0x00001358   0x0000020c   Code   RO            4    i.main              main.o
    0x00001564   0x00001564   0x0000004c   Code   RO         1014    i.mem_free          malloc.o
    0x000015b0   0x000015b0   0x0000002c   Code   RO         1015    i.mem_init          malloc.o
    0x000015dc   0x000015dc   0x0000007c   Code   RO         1016    i.mem_malloc        malloc.o
    0x00001658   0x00001658   0x00000028   Code   RO         1017    i.mem_perused       malloc.o
    0x00001680   0x00001680   0x00000234   Code   RO         1113    i.moveEnmeyPlane    mygame.o
    0x000018b4   0x000018b4   0x000000ac   Code   RO         1114    i.myPlaneDraw       mygame.o
    0x00001960   0x00001960   0x00000018   Code   RO         1115    i.myPlaneInit       mygame.o
    0x00001978   0x00001978   0x00000068   Code   RO         1116    i.myPlaneMapCreate  mygame.o
    0x000019e0   0x000019e0   0x00000020   Code   RO         1018    i.myfree            malloc.o
    0x00001a00   0x00001a00   0x00000020   Code   RO         1019    i.mymalloc          malloc.o
    0x00001a20   0x00001a20   0x00000014   Code   RO         1021    i.mymemset          malloc.o
    0x00001a34   0x00001a34   0x00000018   Code   RO         1117    i.tileMap           mygame.o
    0x00001a4c   0x00001a4c   0x00000006   Code   RO          924    i.uart_ClearRxIRQ   uart.o
    0x00001a52   0x00001a52   0x00000006   Code   RO          925    i.uart_ClearTxIRQ   uart.o
    0x00001a58   0x00001a58   0x00000016   Code   RO          933    i.uart_SendChar     uart.o
    0x00001a6e   0x00001a6e   0x00000058   Code   RO          935    i.uart_init         uart.o
    0x00001ac6   0x00001ac6   0x00000002   PAD
    0x00001ac8   0x00001ac8   0x00000074   Code   RO         1118    i.updateBoomData    mygame.o
    0x00001b3c   0x00001b3c   0x0000002a   Code   RO         1119    i.updateBuffData    mygame.o
    0x00001b66   0x00001b66   0x00000002   PAD
    0x00001b68   0x00001b68   0x00000054   Code   RO         1120    i.updateBulletData  mygame.o
    0x00001bbc   0x00001bbc   0x00000024   Code   RO         1082    i.writeOneSprite    spriteram.o
    0x00001be0   0x00001be0   0x00000028   Data   RO            6    .constdata          main.o
    0x00001c08   0x00001c08   0x000005f0   Data   RO          468    .constdata          lcd.o
    0x000021f8   0x000021f8   0x00000020   Data   RO         1681    Region$$Table       anon$$obj.o


    Execution Region RW_IRAM1 (Exec base: 0x20000000, Load base: 0x00002218, Size: 0x000022f8, Max: 0x00004000, ABSOLUTE, COMPRESSED[0x00000490])

    Exec Addr    Load Addr    Size         Type   Attr      Idx    E Section Name        Object

    0x20000000   COMPRESSED   0x00000aec   Data   RW            7    .data               main.o
    0x20000aec   COMPRESSED   0x00000004   Data   RW          469    .data               lcd.o
    0x20000af0   COMPRESSED   0x00000008   Data   RW          686    .data               retarget.o
    0x20000af8   COMPRESSED   0x00000014   Data   RW         1025    .data               malloc.o
    0x20000b0c   COMPRESSED   0x00000004   Data   RW         1374    .data               mc_p.l(rand.o)
    0x20000b10        -       0x000002d8   Zero   RW            5    .bss                main.o
    0x20000de8        -       0x0000000e   Zero   RW          467    .bss                lcd.o
    0x20000df6   COMPRESSED   0x00000002   PAD
    0x20000df8        -       0x00001100   Zero   RW         1023    .bss                malloc.o
    0x20001ef8        -       0x00000400   Zero   RW          221    STACK               startup_cm0ds.o


==============================================================================

Image component sizes


      Code (inc. data)   RO Data    RW Data    ZI Data      Debug   Object Name

       332         70          0          0          0       6810   handler.o
        12          6          0          0          0        399   key.o
       572         22       1520          4         14       6749   lcd.o
        56          6          0          0          0        573   led.o
       544         52         40       2796        728      17790   main.o
       368         30          0         20       4352       5258   malloc.o
      4228        148          0          0          0      16375   mygame.o
        32          0          0          8          0       2488   retarget.o
        16          4          0          0          0        431   spi_flash.o
        36          4          0          0          0        613   spriteram.o
       156          8         96          0       1024       1100   startup_cm0ds.o
        42          6          0          0          0        777   system.o
        96         24          0          0          0       2233   systick.o
        32          6          0          0          0        557   timer.o
       122          0          0          0          0       2696   uart.o

    ----------------------------------------------------------------------
      6662        386       1688       2828       6120      64849   Object Totals
         0          0         32          0          0          0   (incl. Generated)
        18          0          0          0          2          0   (incl. Padding)

    ----------------------------------------------------------------------

      Code (inc. data)   RO Data    RW Data    ZI Data      Debug   Library Member Name

        86          0          0          0          0          0   __dczerorl2.o
         0          0          0          0          0          0   entry.o
         0          0          0          0          0          0   entry10a.o
         0          0          0          0          0          0   entry11a.o
         8          4          0          0          0          0   entry2.o
         4          0          0          0          0          0   entry5.o
         0          0          0          0          0          0   entry7b.o
         0          0          0          0          0          0   entry8b.o
         8          4          0          0          0          0   entry9a.o
        30          0          0          0          0          0   handlers.o
        40          0          0          0          0         72   idiv.o
        36          8          0          0          0         68   init.o
        36          0          0          0          0         60   memcpya.o
        50          8          0          0          0        144   printfb.o
        36         12          0          4          0        120   rand.o
        44          0          0          0          0         72   uidiv.o

    ----------------------------------------------------------------------
       378         36          0          4          0        536   Library Totals
         0          0          0          0          0          0   (incl. Padding)

    ----------------------------------------------------------------------

      Code (inc. data)   RO Data    RW Data    ZI Data      Debug   Library Name

       378         36          0          4          0        536   mc_p.l

    ----------------------------------------------------------------------
       378         36          0          4          0        536   Library Totals

    ----------------------------------------------------------------------

==============================================================================


      Code (inc. data)   RO Data    RW Data    ZI Data      Debug   

      7040        422       1688       2832       6120      62353   Grand Totals
      7040        422       1688       1168       6120      62353   ELF Image Totals (compressed)
      7040        422       1688       1168          0          0   ROM Totals

==============================================================================

    Total RO  Size (Code + RO Data)                 8728 (   8.52kB)
    Total RW  Size (RW Data + ZI Data)              8952 (   8.74kB)
    Total ROM Size (Code + RO Data + RW Data)       9896 (   9.66kB)

==============================================================================

