Component: ARM Compiler 5.06 update 6 (build 750) Tool: armlink [4d35ed]

==============================================================================

Section Cross References

    main.o(i.main) refers to spriteram.o(i.writeOneSprite) for writeOneSprite
    main.o(i.main) refers to main.o(.data) for myplane
    handler.o(i.KEY0) refers to led.o(i.LED_toggle) for LED_toggle
    handler.o(i.KEY0) refers to main.o(.data) for myplane
    handler.o(i.KEY1) refers to led.o(i.LED_toggle) for LED_toggle
    handler.o(i.KEY1) refers to main.o(.data) for myplane
    handler.o(i.KEY2) refers to led.o(i.LED_toggle) for LED_toggle
    handler.o(i.KEY2) refers to main.o(.data) for myplane
    handler.o(i.KEY3) refers to led.o(i.LED_toggle) for LED_toggle
    handler.o(i.KEY3) refers to main.o(.data) for myplane
    handler.o(i.SysTickHandler) refers to systick.o(i.Set_SysTick_CTRL) for Set_SysTick_CTRL
    handler.o(i.Timer_Handler) refers to spriteram.o(i.myPlaneDraw) for myPlaneDraw
    handler.o(i.Timer_Handler) refers to led.o(i.LED_toggle) for LED_toggle
    handler.o(i.Timer_Handler) refers to main.o(.data) for myplane
    handler.o(i.UARTRXHandler) refers to uart.o(i.uart_ClearRxIRQ) for uart_ClearRxIRQ
    handler.o(i.UARTRXHandler) refers to led.o(i.LED_toggle) for LED_toggle
    handler.o(i.UARTRXHandler) refers to printfb.o(i.__0printf$bare) for __2printf
    handler.o(i.UARTTXHandler) refers to uart.o(i.uart_ClearTxIRQ) for uart_ClearTxIRQ
    handler.o(i.UARTTXHandler) refers to led.o(i.LED_toggle) for LED_toggle
    handler.o(i.UARTTXHandler) refers to lcd.o(i.LCD_ShowString) for LCD_ShowString
    startup_cm0ds.o(RESET) refers to startup_cm0ds.o(STACK) for __initial_sp
    startup_cm0ds.o(RESET) refers to startup_cm0ds.o(.text) for Reset_Handler
    startup_cm0ds.o(.text) refers to handler.o(i.NMIHandler) for NMIHandler
    startup_cm0ds.o(.text) refers to handler.o(i.HardFaultHandler) for HardFaultHandler
    startup_cm0ds.o(.text) refers to handler.o(i.MemManageHandler) for MemManageHandler
    startup_cm0ds.o(.text) refers to handler.o(i.BusFaultHandler) for BusFaultHandler
    startup_cm0ds.o(.text) refers to handler.o(i.UsageFaultHandler) for UsageFaultHandler
    startup_cm0ds.o(.text) refers to handler.o(i.SVCHandler) for SVCHandler
    startup_cm0ds.o(.text) refers to handler.o(i.DebugMonHandler) for DebugMonHandler
    startup_cm0ds.o(.text) refers to handler.o(i.PendSVHandler) for PendSVHandler
    startup_cm0ds.o(.text) refers to handler.o(i.SysTickHandler) for SysTickHandler
    startup_cm0ds.o(.text) refers to handler.o(i.UARTRXHandler) for UARTRXHandler
    startup_cm0ds.o(.text) refers to handler.o(i.UARTTXHandler) for UARTTXHandler
    startup_cm0ds.o(.text) refers to handler.o(i.UARTOVRHandler) for UARTOVRHandler
    startup_cm0ds.o(.text) refers to handler.o(i.KEY0) for KEY0
    startup_cm0ds.o(.text) refers to handler.o(i.KEY1) for KEY1
    startup_cm0ds.o(.text) refers to handler.o(i.KEY2) for KEY2
    startup_cm0ds.o(.text) refers to handler.o(i.KEY3) for KEY3
    startup_cm0ds.o(.text) refers to handler.o(i.Timer_Handler) for Timer_Handler
    startup_cm0ds.o(.text) refers to system.o(i.SystemInit) for SystemInit
    startup_cm0ds.o(.text) refers to entry.o(.ARM.Collect$$$$00000000) for __main
    system.o(i.SystemCoreClockUpdate) refers to system.o(.data) for SystemCoreClock
    system.o(i.SystemInit) refers to system.o(i.NVIC_EnableIRQ) for NVIC_EnableIRQ
    camera.o(i.CAMERA_Command) refers to camera.o(i.CAMERA_Start) for CAMERA_Start
    camera.o(i.CAMERA_Command) refers to camera.o(i.CAMERA_Write_Byte) for CAMERA_Write_Byte
    camera.o(i.CAMERA_Command) refers to camera.o(i.CAMERA_Stop) for CAMERA_Stop
    camera.o(i.CAMERA_Initial) refers to camera.o(i.Set_CAMERA_SDA_W) for Set_CAMERA_SDA_W
    camera.o(i.CAMERA_Initial) refers to camera.o(i.Clr_CAMERA_PWDN) for Clr_CAMERA_PWDN
    camera.o(i.CAMERA_Initial) refers to systick.o(i.delay) for delay
    camera.o(i.CAMERA_Initial) refers to camera.o(i.Set_CAMERA_RST) for Set_CAMERA_RST
    camera.o(i.CAMERA_Initial) refers to camera.o(i.CAMERA_Read_Reg) for CAMERA_Read_Reg
    camera.o(i.CAMERA_Initial) refers to camera.o(i.CAMERA_Command) for CAMERA_Command
    camera.o(i.CAMERA_Initial) refers to camera.o(.constdata) for camera_initial_reg
    camera.o(i.CAMERA_NA) refers to systick.o(i.delay) for delay
    camera.o(i.CAMERA_NA) refers to camera.o(i.Set_CAMERA_SDA) for Set_CAMERA_SDA
    camera.o(i.CAMERA_NA) refers to camera.o(i.Set_CAMERA_SCL) for Set_CAMERA_SCL
    camera.o(i.CAMERA_NA) refers to camera.o(i.Clr_CAMERA_SCL) for Clr_CAMERA_SCL
    camera.o(i.CAMERA_NA) refers to camera.o(i.Clr_CAMERA_SDA) for Clr_CAMERA_SDA
    camera.o(i.CAMERA_Read_Byte) refers to camera.o(i.Set_CAMERA_SDA_R) for Set_CAMERA_SDA_R
    camera.o(i.CAMERA_Read_Byte) refers to systick.o(i.delay) for delay
    camera.o(i.CAMERA_Read_Byte) refers to camera.o(i.Set_CAMERA_SCL) for Set_CAMERA_SCL
    camera.o(i.CAMERA_Read_Byte) refers to camera.o(i.Read_CAMERA_SDA) for Read_CAMERA_SDA
    camera.o(i.CAMERA_Read_Byte) refers to camera.o(i.Clr_CAMERA_SCL) for Clr_CAMERA_SCL
    camera.o(i.CAMERA_Read_Byte) refers to camera.o(i.Set_CAMERA_SDA_W) for Set_CAMERA_SDA_W
    camera.o(i.CAMERA_Read_Reg) refers to camera.o(i.CAMERA_Start) for CAMERA_Start
    camera.o(i.CAMERA_Read_Reg) refers to camera.o(i.CAMERA_Write_Byte) for CAMERA_Write_Byte
    camera.o(i.CAMERA_Read_Reg) refers to camera.o(i.CAMERA_Stop) for CAMERA_Stop
    camera.o(i.CAMERA_Read_Reg) refers to systick.o(i.delay) for delay
    camera.o(i.CAMERA_Read_Reg) refers to camera.o(i.CAMERA_Read_Byte) for CAMERA_Read_Byte
    camera.o(i.CAMERA_Read_Reg) refers to camera.o(i.CAMERA_NA) for CAMERA_NA
    camera.o(i.CAMERA_Start) refers to camera.o(i.Set_CAMERA_SDA) for Set_CAMERA_SDA
    camera.o(i.CAMERA_Start) refers to camera.o(i.Set_CAMERA_SCL) for Set_CAMERA_SCL
    camera.o(i.CAMERA_Start) refers to systick.o(i.delay) for delay
    camera.o(i.CAMERA_Start) refers to camera.o(i.Clr_CAMERA_SDA) for Clr_CAMERA_SDA
    camera.o(i.CAMERA_Start) refers to camera.o(i.Clr_CAMERA_SCL) for Clr_CAMERA_SCL
    camera.o(i.CAMERA_Stop) refers to camera.o(i.Clr_CAMERA_SDA) for Clr_CAMERA_SDA
    camera.o(i.CAMERA_Stop) refers to systick.o(i.delay) for delay
    camera.o(i.CAMERA_Stop) refers to camera.o(i.Set_CAMERA_SCL) for Set_CAMERA_SCL
    camera.o(i.CAMERA_Stop) refers to camera.o(i.Set_CAMERA_SDA) for Set_CAMERA_SDA
    camera.o(i.CAMERA_Waite) refers to systick.o(i.delay) for delay
    camera.o(i.CAMERA_Waite) refers to camera.o(i.Set_CAMERA_SCL) for Set_CAMERA_SCL
    camera.o(i.CAMERA_Waite) refers to camera.o(i.Clr_CAMERA_SCL) for Clr_CAMERA_SCL
    camera.o(i.CAMERA_Write_Byte) refers to camera.o(i.Set_CAMERA_SDA) for Set_CAMERA_SDA
    camera.o(i.CAMERA_Write_Byte) refers to camera.o(i.Clr_CAMERA_SDA) for Clr_CAMERA_SDA
    camera.o(i.CAMERA_Write_Byte) refers to systick.o(i.delay) for delay
    camera.o(i.CAMERA_Write_Byte) refers to camera.o(i.Set_CAMERA_SCL) for Set_CAMERA_SCL
    camera.o(i.CAMERA_Write_Byte) refers to camera.o(i.Clr_CAMERA_SCL) for Clr_CAMERA_SCL
    camera.o(i.CAMERA_Write_Byte) refers to camera.o(i.Set_CAMERA_SDA_R) for Set_CAMERA_SDA_R
    camera.o(i.CAMERA_Write_Byte) refers to camera.o(i.Set_CAMERA_SDA_W) for Set_CAMERA_SDA_W
    camera.o(i.photo) refers to camera.o(i.Set_CAMERA_DATA_STATE) for Set_CAMERA_DATA_STATE
    camera.o(i.photo) refers to camera.o(i.Read_CAMERA_DATA_STATE) for Read_CAMERA_DATA_STATE
    lcd.o(i.Gui_Drawbmp16) refers to lcd.o(i.LCD_Set_Window) for LCD_Set_Window
    lcd.o(i.Gui_Drawbmp16) refers to lcd.o(i.LCD_WR_DATA) for LCD_WR_DATA
    lcd.o(i.Gui_Drawbmp16) refers to lcd.o(.bss) for lcddev
    lcd.o(i.LCD_Clear) refers to lcd.o(i.LCD_SetCursor) for LCD_SetCursor
    lcd.o(i.LCD_Clear) refers to lcd.o(i.LCD_WriteRAM_Prepare) for LCD_WriteRAM_Prepare
    lcd.o(i.LCD_Clear) refers to lcd.o(i.LCD_WR_DATA) for LCD_WR_DATA
    lcd.o(i.LCD_Clear) refers to lcd.o(.bss) for lcddev
    lcd.o(i.LCD_Color_Fill) refers to lcd.o(i.LCD_SetCursor) for LCD_SetCursor
    lcd.o(i.LCD_Color_Fill) refers to lcd.o(i.LCD_WriteRAM_Prepare) for LCD_WriteRAM_Prepare
    lcd.o(i.LCD_Color_Fill) refers to lcd.o(i.LCD_WR_DATA) for LCD_WR_DATA
    lcd.o(i.LCD_DisplayOff) refers to lcd.o(i.LCD_WR_REG) for LCD_WR_REG
    lcd.o(i.LCD_DisplayOn) refers to lcd.o(i.LCD_WR_REG) for LCD_WR_REG
    lcd.o(i.LCD_Display_Dir) refers to lcd.o(i.LCD_Scan_Dir) for LCD_Scan_Dir
    lcd.o(i.LCD_Display_Dir) refers to lcd.o(.bss) for lcddev
    lcd.o(i.LCD_DrawLine) refers to lcd.o(i.LCD_DrawPoint) for LCD_DrawPoint
    lcd.o(i.LCD_DrawPoint) refers to lcd.o(i.LCD_SetCursor) for LCD_SetCursor
    lcd.o(i.LCD_DrawPoint) refers to lcd.o(i.LCD_WriteRAM_Prepare) for LCD_WriteRAM_Prepare
    lcd.o(i.LCD_DrawPoint) refers to lcd.o(i.LCD_WR_DATA) for LCD_WR_DATA
    lcd.o(i.LCD_DrawPoint) refers to lcd.o(.data) for POINT_COLOR
    lcd.o(i.LCD_Fast_DrawPoint) refers to lcd.o(i.LCD_WR_REG) for LCD_WR_REG
    lcd.o(i.LCD_Fast_DrawPoint) refers to lcd.o(i.LCD_WR_DATA) for LCD_WR_DATA
    lcd.o(i.LCD_Fast_DrawPoint) refers to lcd.o(i.MakeData) for MakeData
    lcd.o(i.LCD_Fast_DrawPoint) refers to lcd.o(.bss) for lcddev
    lcd.o(i.LCD_Fill) refers to lcd.o(i.LCD_SetCursor) for LCD_SetCursor
    lcd.o(i.LCD_Fill) refers to lcd.o(i.LCD_WriteRAM_Prepare) for LCD_WriteRAM_Prepare
    lcd.o(i.LCD_Fill) refers to lcd.o(i.LCD_WR_DATA) for LCD_WR_DATA
    lcd.o(i.LCD_Init) refers to systick.o(i.delay) for delay
    lcd.o(i.LCD_Init) refers to lcd.o(i.LCD_WR_REG) for LCD_WR_REG
    lcd.o(i.LCD_Init) refers to lcd.o(i.LCD_WR_DATA) for LCD_WR_DATA
    lcd.o(i.LCD_Init) refers to lcd.o(i.LCD_Display_Dir) for LCD_Display_Dir
    lcd.o(i.LCD_Init) refers to lcd.o(i.LCD_Clear) for LCD_Clear
    lcd.o(i.LCD_Init) refers to lcd.o(.bss) for lcddev
    lcd.o(i.LCD_RD_DATA) refers to lcd.o(i.ReadData) for ReadData
    lcd.o(i.LCD_ReadReg) refers to lcd.o(i.LCD_WR_REG) for LCD_WR_REG
    lcd.o(i.LCD_ReadReg) refers to systick.o(i.delay) for delay
    lcd.o(i.LCD_ReadReg) refers to lcd.o(i.LCD_RD_DATA) for LCD_RD_DATA
    lcd.o(i.LCD_Scan_Dir) refers to lcd.o(i.__ARM_common_switch8) for __ARM_common_switch8
    lcd.o(i.LCD_Scan_Dir) refers to lcd.o(i.LCD_WriteReg) for LCD_WriteReg
    lcd.o(i.LCD_Scan_Dir) refers to lcd.o(i.LCD_WR_REG) for LCD_WR_REG
    lcd.o(i.LCD_Scan_Dir) refers to lcd.o(i.LCD_WR_DATA) for LCD_WR_DATA
    lcd.o(i.LCD_Scan_Dir) refers to lcd.o(.bss) for lcddev
    lcd.o(i.LCD_SetCursor) refers to lcd.o(i.LCD_WR_REG) for LCD_WR_REG
    lcd.o(i.LCD_SetCursor) refers to lcd.o(i.LCD_WR_DATA) for LCD_WR_DATA
    lcd.o(i.LCD_SetCursor) refers to lcd.o(.bss) for lcddev
    lcd.o(i.LCD_Set_Window) refers to lcd.o(i.LCD_WR_REG) for LCD_WR_REG
    lcd.o(i.LCD_Set_Window) refers to lcd.o(i.LCD_WR_DATA) for LCD_WR_DATA
    lcd.o(i.LCD_Set_Window) refers to lcd.o(i.LCD_WriteRAM_Prepare) for LCD_WriteRAM_Prepare
    lcd.o(i.LCD_Set_Window) refers to lcd.o(.bss) for lcddev
    lcd.o(i.LCD_ShowChar) refers to lcd.o(i.LCD_Fast_DrawPoint) for LCD_Fast_DrawPoint
    lcd.o(i.LCD_ShowChar) refers to lcd.o(.constdata) for asc2_1608
    lcd.o(i.LCD_ShowChar) refers to lcd.o(.data) for POINT_COLOR
    lcd.o(i.LCD_ShowChar) refers to lcd.o(.bss) for lcddev
    lcd.o(i.LCD_ShowChar1) refers to lcd.o(i.LCD_Set_Window) for LCD_Set_Window
    lcd.o(i.LCD_ShowChar1) refers to lcd.o(i.LCD_WR_DATA) for LCD_WR_DATA
    lcd.o(i.LCD_ShowChar1) refers to lcd.o(i.LCD_DrawPoint) for LCD_DrawPoint
    lcd.o(i.LCD_ShowChar1) refers to lcd.o(.data) for POINT_COLOR
    lcd.o(i.LCD_ShowChar1) refers to lcd.o(.constdata) for asc2_1608
    lcd.o(i.LCD_ShowChar1) refers to lcd.o(.bss) for lcddev
    lcd.o(i.LCD_ShowNum) refers to lcd.o(i.LCD_Pow) for LCD_Pow
    lcd.o(i.LCD_ShowNum) refers to uidiv.o(.text) for __aeabi_uidivmod
    lcd.o(i.LCD_ShowNum) refers to lcd.o(i.LCD_ShowChar) for LCD_ShowChar
    lcd.o(i.LCD_ShowString) refers to lcd.o(i.LCD_ShowChar) for LCD_ShowChar
    lcd.o(i.LCD_ShowxNum) refers to lcd.o(i.LCD_Pow) for LCD_Pow
    lcd.o(i.LCD_ShowxNum) refers to uidiv.o(.text) for __aeabi_uidivmod
    lcd.o(i.LCD_ShowxNum) refers to lcd.o(i.LCD_ShowChar) for LCD_ShowChar
    lcd.o(i.LCD_WR_DATA) refers to lcd.o(i.MakeData) for MakeData
    lcd.o(i.LCD_WR_REG) refers to lcd.o(i.MakeData) for MakeData
    lcd.o(i.LCD_WriteRAM) refers to lcd.o(i.LCD_WR_DATA) for LCD_WR_DATA
    lcd.o(i.LCD_WriteRAM_Prepare) refers to lcd.o(i.LCD_WR_REG) for LCD_WR_REG
    lcd.o(i.LCD_WriteRAM_Prepare) refers to lcd.o(.bss) for lcddev
    lcd.o(i.LCD_WriteReg) refers to lcd.o(i.LCD_WR_REG) for LCD_WR_REG
    lcd.o(i.LCD_WriteReg) refers to lcd.o(i.LCD_WR_DATA) for LCD_WR_DATA
    lcd.o(i.Paint8x8x2bin) refers to lcd.o(i.LCD_Fast_DrawPoint) for LCD_Fast_DrawPoint
    lcd.o(i.Paint_PicBin) refers to idiv.o(.text) for __aeabi_idivmod
    lcd.o(i.Paint_PicBin) refers to lcd.o(i.LCD_DrawPoint) for LCD_DrawPoint
    lcd.o(i.Paint_PicBin) refers to lcd.o(.data) for POINT_COLOR
    lcd.o(i.Show_Str) refers to lcd.o(i.LCD_ShowChar1) for LCD_ShowChar1
    lcd.o(i.Show_Str) refers to lcd.o(.bss) for lcddev
    retarget.o(i._ttywrch) refers to uart.o(i.uart_SendChar) for uart_SendChar
    retarget.o(i.fgetc) refers to uart.o(i.uart_ReceiveChar) for uart_ReceiveChar
    retarget.o(i.fgetc) refers to uart.o(i.uart_SendChar) for uart_SendChar
    retarget.o(i.fputc) refers to uart.o(i.uart_SendChar) for uart_SendChar
    spi_flash.o(i.SPI_FLASH_Clear_SR) refers to spi_flash.o(i.SPI_FLASH_Write_Enable) for SPI_FLASH_Write_Enable
    spi_flash.o(i.SPI_FLASH_Clear_SR) refers to spi_flash.o(i.SPI_ReadWriteByte) for SPI_ReadWriteByte
    spi_flash.o(i.SPI_FLASH_Write_Disable) refers to spi_flash.o(i.SPI_ReadWriteByte) for SPI_ReadWriteByte
    spi_flash.o(i.SPI_FLASH_Write_Enable) refers to spi_flash.o(i.SPI_ReadWriteByte) for SPI_ReadWriteByte
    spi_flash.o(i.SPI_FLASH_Write_SR) refers to spi_flash.o(i.SPI_ReadWriteByte) for SPI_ReadWriteByte
    spi_flash.o(i.SPI_Flash_Erase_Block) refers to spi_flash.o(i.SPI_FLASH_Write_Enable) for SPI_FLASH_Write_Enable
    spi_flash.o(i.SPI_Flash_Erase_Block) refers to spi_flash.o(i.SPI_Flash_Wait_Busy) for SPI_Flash_Wait_Busy
    spi_flash.o(i.SPI_Flash_Erase_Block) refers to spi_flash.o(i.SPI_ReadWriteByte) for SPI_ReadWriteByte
    spi_flash.o(i.SPI_Flash_Erase_Chip) refers to spi_flash.o(i.SPI_FLASH_Write_Enable) for SPI_FLASH_Write_Enable
    spi_flash.o(i.SPI_Flash_Erase_Chip) refers to spi_flash.o(i.SPI_Flash_Wait_Busy) for SPI_Flash_Wait_Busy
    spi_flash.o(i.SPI_Flash_Erase_Chip) refers to spi_flash.o(i.SPI_ReadWriteByte) for SPI_ReadWriteByte
    spi_flash.o(i.SPI_Flash_Erase_Sector) refers to spi_flash.o(i.SPI_FLASH_Write_Enable) for SPI_FLASH_Write_Enable
    spi_flash.o(i.SPI_Flash_Erase_Sector) refers to spi_flash.o(i.SPI_Flash_Wait_Busy) for SPI_Flash_Wait_Busy
    spi_flash.o(i.SPI_Flash_Erase_Sector) refers to spi_flash.o(i.SPI_ReadWriteByte) for SPI_ReadWriteByte
    spi_flash.o(i.SPI_Flash_Read) refers to spi_flash.o(i.SPI_ReadWriteByte) for SPI_ReadWriteByte
    spi_flash.o(i.SPI_Flash_ReadID) refers to spi_flash.o(i.SPI_ReadWriteByte) for SPI_ReadWriteByte
    spi_flash.o(i.SPI_Flash_ReadSR) refers to spi_flash.o(i.SPI_ReadWriteByte) for SPI_ReadWriteByte
    spi_flash.o(i.SPI_Flash_Wait_Busy) refers to spi_flash.o(i.SPI_Flash_ReadSR) for SPI_Flash_ReadSR
    spi_flash.o(i.SPI_Flash_Write_Max65536) refers to spi_flash.o(i.SPI_Flash_Read) for SPI_Flash_Read
    spi_flash.o(i.SPI_Flash_Write_Max65536) refers to spi_flash.o(i.SPI_Flash_Erase_Sector) for SPI_Flash_Erase_Sector
    spi_flash.o(i.SPI_Flash_Write_Max65536) refers to spi_flash.o(i.SPI_Flash_Write_NoCheck) for SPI_Flash_Write_NoCheck
    spi_flash.o(i.SPI_Flash_Write_NoCheck) refers to spi_flash.o(i.SPI_Flash_Write_Page) for SPI_Flash_Write_Page
    spi_flash.o(i.SPI_Flash_Write_Page) refers to spi_flash.o(i.SPI_FLASH_Write_Enable) for SPI_FLASH_Write_Enable
    spi_flash.o(i.SPI_Flash_Write_Page) refers to spi_flash.o(i.SPI_ReadWriteByte) for SPI_ReadWriteByte
    spi_flash.o(i.SPI_Flash_Write_Page) refers to spi_flash.o(i.SPI_Flash_Wait_Busy) for SPI_Flash_Wait_Busy
    spi_flash.o(i.SPI_ReadWriteByte) refers to spi_flash.o(i.Is_SPI_Ready) for Is_SPI_Ready
    spi_flash.o(i.SPI_ReadWriteByte) refers to spi_flash.o(i.SPI_SendData) for SPI_SendData
    systick.o(i.delay) refers to systick.o(i.Set_SysTick_CTRL) for Set_SysTick_CTRL
    systick.o(i.delay) refers to systick.o(i.Set_SysTick_LOAD) for Set_SysTick_LOAD
    systick.o(i.delay) refers to systick.o(i.Set_SysTick_VALUE) for Set_SysTick_VALUE
    systick.o(i.delay_ms) refers to systick.o(i.delay) for delay
    uart.o(i.uart_SendString) refers to strlen.o(.text) for strlen
    uart.o(i.uart_SendString) refers to uart.o(i.uart_SendChar) for uart_SendChar
    malloc.o(i.mem_free) refers to malloc.o(.data) for mallco_dev
    malloc.o(i.mem_init) refers to malloc.o(i.mymemset) for mymemset
    malloc.o(i.mem_init) refers to malloc.o(.data) for mallco_dev
    malloc.o(i.mem_malloc) refers to malloc.o(.data) for mallco_dev
    malloc.o(i.mem_perused) refers to malloc.o(.data) for mallco_dev
    malloc.o(i.myfree) refers to malloc.o(i.mem_free) for mem_free
    malloc.o(i.myfree) refers to malloc.o(.data) for mallco_dev
    malloc.o(i.mymalloc) refers to malloc.o(i.mem_malloc) for mem_malloc
    malloc.o(i.mymalloc) refers to malloc.o(.data) for mallco_dev
    malloc.o(i.myrealloc) refers to malloc.o(i.mem_malloc) for mem_malloc
    malloc.o(i.myrealloc) refers to malloc.o(i.mymemcpy) for mymemcpy
    malloc.o(i.myrealloc) refers to malloc.o(i.myfree) for myfree
    malloc.o(i.myrealloc) refers to malloc.o(.data) for mallco_dev
    malloc.o(.data) refers to malloc.o(i.mem_init) for mem_init
    malloc.o(.data) refers to malloc.o(i.mem_perused) for mem_perused
    malloc.o(.data) refers to malloc.o(.bss) for membase
    spriteram.o(i.boomDraw) refers to spriteram.o(i.writeOneSprite) for writeOneSprite
    spriteram.o(i.myPlaneDraw) refers to spriteram.o(i.writeOneSprite) for writeOneSprite
    entry.o(.ARM.Collect$$$$00000000) refers (Special) to entry10a.o(.ARM.Collect$$$$0000000D) for __rt_final_cpp
    entry.o(.ARM.Collect$$$$00000000) refers (Special) to entry11a.o(.ARM.Collect$$$$0000000F) for __rt_final_exit
    entry.o(.ARM.Collect$$$$00000000) refers (Special) to entry7b.o(.ARM.Collect$$$$00000008) for _main_clock
    entry.o(.ARM.Collect$$$$00000000) refers (Special) to entry8b.o(.ARM.Collect$$$$0000000A) for _main_cpp_init
    entry.o(.ARM.Collect$$$$00000000) refers (Special) to entry9a.o(.ARM.Collect$$$$0000000B) for _main_init
    entry.o(.ARM.Collect$$$$00000000) refers (Special) to entry5.o(.ARM.Collect$$$$00000004) for _main_scatterload
    entry.o(.ARM.Collect$$$$00000000) refers (Special) to entry2.o(.ARM.Collect$$$$00000001) for _main_stk
    idiv.o(.text) refers to uidiv.o(.text) for __aeabi_uidivmod
    printfb.o(i.__0fprintf$bare) refers to printfb.o(i._printf_core) for _printf_core
    printfb.o(i.__0fprintf$bare) refers to retarget.o(i.fputc) for fputc
    printfb.o(i.__0printf$bare) refers to printfb.o(i._printf_core) for _printf_core
    printfb.o(i.__0printf$bare) refers to retarget.o(i.fputc) for fputc
    printfb.o(i.__0printf$bare) refers to retarget.o(.data) for __stdout
    printfb.o(i.__0snprintf$bare) refers to printfb.o(i._printf_core) for _printf_core
    printfb.o(i.__0snprintf$bare) refers to printfb.o(i._snputc) for _snputc
    printfb.o(i.__0sprintf$bare) refers to printfb.o(i._printf_core) for _printf_core
    printfb.o(i.__0sprintf$bare) refers to printfb.o(i._sputc) for _sputc
    printfb.o(i.__0vfprintf$bare) refers to printfb.o(i._printf_core) for _printf_core
    printfb.o(i.__0vfprintf$bare) refers to retarget.o(i.fputc) for fputc
    printfb.o(i.__0vprintf$bare) refers to printfb.o(i._printf_core) for _printf_core
    printfb.o(i.__0vprintf$bare) refers to retarget.o(i.fputc) for fputc
    printfb.o(i.__0vprintf$bare) refers to retarget.o(.data) for __stdout
    printfb.o(i.__0vsnprintf$bare) refers to printfb.o(i._printf_core) for _printf_core
    printfb.o(i.__0vsnprintf$bare) refers to printfb.o(i._snputc) for _snputc
    printfb.o(i.__0vsprintf$bare) refers to printfb.o(i._printf_core) for _printf_core
    printfb.o(i.__0vsprintf$bare) refers to printfb.o(i._sputc) for _sputc
    printf0.o(i.__0fprintf$0) refers to printf0.o(i._printf_core) for _printf_core
    printf0.o(i.__0fprintf$0) refers to retarget.o(i.fputc) for fputc
    printf0.o(i.__0printf$0) refers to printf0.o(i._printf_core) for _printf_core
    printf0.o(i.__0printf$0) refers to retarget.o(i.fputc) for fputc
    printf0.o(i.__0printf$0) refers to retarget.o(.data) for __stdout
    printf0.o(i.__0snprintf$0) refers to printf0.o(i._printf_core) for _printf_core
    printf0.o(i.__0snprintf$0) refers to printf0.o(i._snputc) for _snputc
    printf0.o(i.__0sprintf$0) refers to printf0.o(i._printf_core) for _printf_core
    printf0.o(i.__0sprintf$0) refers to printf0.o(i._sputc) for _sputc
    printf0.o(i.__0vfprintf$0) refers to printf0.o(i._printf_core) for _printf_core
    printf0.o(i.__0vfprintf$0) refers to retarget.o(i.fputc) for fputc
    printf0.o(i.__0vprintf$0) refers to printf0.o(i._printf_core) for _printf_core
    printf0.o(i.__0vprintf$0) refers to retarget.o(i.fputc) for fputc
    printf0.o(i.__0vprintf$0) refers to retarget.o(.data) for __stdout
    printf0.o(i.__0vsnprintf$0) refers to printf0.o(i._printf_core) for _printf_core
    printf0.o(i.__0vsnprintf$0) refers to printf0.o(i._snputc) for _snputc
    printf0.o(i.__0vsprintf$0) refers to printf0.o(i._printf_core) for _printf_core
    printf0.o(i.__0vsprintf$0) refers to printf0.o(i._sputc) for _sputc
    printf1.o(i.__0fprintf$1) refers to printf1.o(i._printf_core) for _printf_core
    printf1.o(i.__0fprintf$1) refers to retarget.o(i.fputc) for fputc
    printf1.o(i.__0printf$1) refers to printf1.o(i._printf_core) for _printf_core
    printf1.o(i.__0printf$1) refers to retarget.o(i.fputc) for fputc
    printf1.o(i.__0printf$1) refers to retarget.o(.data) for __stdout
    printf1.o(i.__0snprintf$1) refers to printf1.o(i._printf_core) for _printf_core
    printf1.o(i.__0snprintf$1) refers to printf1.o(i._snputc) for _snputc
    printf1.o(i.__0sprintf$1) refers to printf1.o(i._printf_core) for _printf_core
    printf1.o(i.__0sprintf$1) refers to printf1.o(i._sputc) for _sputc
    printf1.o(i.__0vfprintf$1) refers to printf1.o(i._printf_core) for _printf_core
    printf1.o(i.__0vfprintf$1) refers to retarget.o(i.fputc) for fputc
    printf1.o(i.__0vprintf$1) refers to printf1.o(i._printf_core) for _printf_core
    printf1.o(i.__0vprintf$1) refers to retarget.o(i.fputc) for fputc
    printf1.o(i.__0vprintf$1) refers to retarget.o(.data) for __stdout
    printf1.o(i.__0vsnprintf$1) refers to printf1.o(i._printf_core) for _printf_core
    printf1.o(i.__0vsnprintf$1) refers to printf1.o(i._snputc) for _snputc
    printf1.o(i.__0vsprintf$1) refers to printf1.o(i._printf_core) for _printf_core
    printf1.o(i.__0vsprintf$1) refers to printf1.o(i._sputc) for _sputc
    printf1.o(i._printf_core) refers to uidiv.o(.text) for __aeabi_uidivmod
    printf2.o(i.__0fprintf$2) refers to printf2.o(i._printf_core) for _printf_core
    printf2.o(i.__0fprintf$2) refers to retarget.o(i.fputc) for fputc
    printf2.o(i.__0printf$2) refers to printf2.o(i._printf_core) for _printf_core
    printf2.o(i.__0printf$2) refers to retarget.o(i.fputc) for fputc
    printf2.o(i.__0printf$2) refers to retarget.o(.data) for __stdout
    printf2.o(i.__0snprintf$2) refers to printf2.o(i._printf_core) for _printf_core
    printf2.o(i.__0snprintf$2) refers to printf2.o(i._snputc) for _snputc
    printf2.o(i.__0sprintf$2) refers to printf2.o(i._printf_core) for _printf_core
    printf2.o(i.__0sprintf$2) refers to printf2.o(i._sputc) for _sputc
    printf2.o(i.__0vfprintf$2) refers to printf2.o(i._printf_core) for _printf_core
    printf2.o(i.__0vfprintf$2) refers to retarget.o(i.fputc) for fputc
    printf2.o(i.__0vprintf$2) refers to printf2.o(i._printf_core) for _printf_core
    printf2.o(i.__0vprintf$2) refers to retarget.o(i.fputc) for fputc
    printf2.o(i.__0vprintf$2) refers to retarget.o(.data) for __stdout
    printf2.o(i.__0vsnprintf$2) refers to printf2.o(i._printf_core) for _printf_core
    printf2.o(i.__0vsnprintf$2) refers to printf2.o(i._snputc) for _snputc
    printf2.o(i.__0vsprintf$2) refers to printf2.o(i._printf_core) for _printf_core
    printf2.o(i.__0vsprintf$2) refers to printf2.o(i._sputc) for _sputc
    printf3.o(i.__0fprintf$3) refers to printf3.o(i._printf_core) for _printf_core
    printf3.o(i.__0fprintf$3) refers to retarget.o(i.fputc) for fputc
    printf3.o(i.__0printf$3) refers to printf3.o(i._printf_core) for _printf_core
    printf3.o(i.__0printf$3) refers to retarget.o(i.fputc) for fputc
    printf3.o(i.__0printf$3) refers to retarget.o(.data) for __stdout
    printf3.o(i.__0snprintf$3) refers to printf3.o(i._printf_core) for _printf_core
    printf3.o(i.__0snprintf$3) refers to printf3.o(i._snputc) for _snputc
    printf3.o(i.__0sprintf$3) refers to printf3.o(i._printf_core) for _printf_core
    printf3.o(i.__0sprintf$3) refers to printf3.o(i._sputc) for _sputc
    printf3.o(i.__0vfprintf$3) refers to printf3.o(i._printf_core) for _printf_core
    printf3.o(i.__0vfprintf$3) refers to retarget.o(i.fputc) for fputc
    printf3.o(i.__0vprintf$3) refers to printf3.o(i._printf_core) for _printf_core
    printf3.o(i.__0vprintf$3) refers to retarget.o(i.fputc) for fputc
    printf3.o(i.__0vprintf$3) refers to retarget.o(.data) for __stdout
    printf3.o(i.__0vsnprintf$3) refers to printf3.o(i._printf_core) for _printf_core
    printf3.o(i.__0vsnprintf$3) refers to printf3.o(i._snputc) for _snputc
    printf3.o(i.__0vsprintf$3) refers to printf3.o(i._printf_core) for _printf_core
    printf3.o(i.__0vsprintf$3) refers to printf3.o(i._sputc) for _sputc
    printf3.o(i._printf_core) refers to uidiv.o(.text) for __aeabi_uidivmod
    printf4.o(i.__0fprintf$4) refers to printf4.o(i._printf_core) for _printf_core
    printf4.o(i.__0fprintf$4) refers to retarget.o(i.fputc) for fputc
    printf4.o(i.__0printf$4) refers to printf4.o(i._printf_core) for _printf_core
    printf4.o(i.__0printf$4) refers to retarget.o(i.fputc) for fputc
    printf4.o(i.__0printf$4) refers to retarget.o(.data) for __stdout
    printf4.o(i.__0snprintf$4) refers to printf4.o(i._printf_core) for _printf_core
    printf4.o(i.__0snprintf$4) refers to printf4.o(i._snputc) for _snputc
    printf4.o(i.__0sprintf$4) refers to printf4.o(i._printf_core) for _printf_core
    printf4.o(i.__0sprintf$4) refers to printf4.o(i._sputc) for _sputc
    printf4.o(i.__0vfprintf$4) refers to printf4.o(i._printf_core) for _printf_core
    printf4.o(i.__0vfprintf$4) refers to retarget.o(i.fputc) for fputc
    printf4.o(i.__0vprintf$4) refers to printf4.o(i._printf_core) for _printf_core
    printf4.o(i.__0vprintf$4) refers to retarget.o(i.fputc) for fputc
    printf4.o(i.__0vprintf$4) refers to retarget.o(.data) for __stdout
    printf4.o(i.__0vsnprintf$4) refers to printf4.o(i._printf_core) for _printf_core
    printf4.o(i.__0vsnprintf$4) refers to printf4.o(i._snputc) for _snputc
    printf4.o(i.__0vsprintf$4) refers to printf4.o(i._printf_core) for _printf_core
    printf4.o(i.__0vsprintf$4) refers to printf4.o(i._sputc) for _sputc
    printf4.o(i._printf_core) refers to uldiv.o(.text) for __aeabi_uldivmod
    printf5.o(i.__0fprintf$5) refers to printf5.o(i._printf_core) for _printf_core
    printf5.o(i.__0fprintf$5) refers to retarget.o(i.fputc) for fputc
    printf5.o(i.__0printf$5) refers to printf5.o(i._printf_core) for _printf_core
    printf5.o(i.__0printf$5) refers to retarget.o(i.fputc) for fputc
    printf5.o(i.__0printf$5) refers to retarget.o(.data) for __stdout
    printf5.o(i.__0snprintf$5) refers to printf5.o(i._printf_core) for _printf_core
    printf5.o(i.__0snprintf$5) refers to printf5.o(i._snputc) for _snputc
    printf5.o(i.__0sprintf$5) refers to printf5.o(i._printf_core) for _printf_core
    printf5.o(i.__0sprintf$5) refers to printf5.o(i._sputc) for _sputc
    printf5.o(i.__0vfprintf$5) refers to printf5.o(i._printf_core) for _printf_core
    printf5.o(i.__0vfprintf$5) refers to retarget.o(i.fputc) for fputc
    printf5.o(i.__0vprintf$5) refers to printf5.o(i._printf_core) for _printf_core
    printf5.o(i.__0vprintf$5) refers to retarget.o(i.fputc) for fputc
    printf5.o(i.__0vprintf$5) refers to retarget.o(.data) for __stdout
    printf5.o(i.__0vsnprintf$5) refers to printf5.o(i._printf_core) for _printf_core
    printf5.o(i.__0vsnprintf$5) refers to printf5.o(i._snputc) for _snputc
    printf5.o(i.__0vsprintf$5) refers to printf5.o(i._printf_core) for _printf_core
    printf5.o(i.__0vsprintf$5) refers to printf5.o(i._sputc) for _sputc
    printf5.o(i._printf_core) refers to uldiv.o(.text) for __aeabi_uldivmod
    printf6.o(i.__0fprintf$6) refers to printf6.o(i._printf_core) for _printf_core
    printf6.o(i.__0fprintf$6) refers to retarget.o(i.fputc) for fputc
    printf6.o(i.__0printf$6) refers to printf6.o(i._printf_core) for _printf_core
    printf6.o(i.__0printf$6) refers to retarget.o(i.fputc) for fputc
    printf6.o(i.__0printf$6) refers to retarget.o(.data) for __stdout
    printf6.o(i.__0snprintf$6) refers to printf6.o(i._printf_core) for _printf_core
    printf6.o(i.__0snprintf$6) refers to printf6.o(i._snputc) for _snputc
    printf6.o(i.__0sprintf$6) refers to printf6.o(i._printf_core) for _printf_core
    printf6.o(i.__0sprintf$6) refers to printf6.o(i._sputc) for _sputc
    printf6.o(i.__0vfprintf$6) refers to printf6.o(i._printf_core) for _printf_core
    printf6.o(i.__0vfprintf$6) refers to retarget.o(i.fputc) for fputc
    printf6.o(i.__0vprintf$6) refers to printf6.o(i._printf_core) for _printf_core
    printf6.o(i.__0vprintf$6) refers to retarget.o(i.fputc) for fputc
    printf6.o(i.__0vprintf$6) refers to retarget.o(.data) for __stdout
    printf6.o(i.__0vsnprintf$6) refers to printf6.o(i._printf_core) for _printf_core
    printf6.o(i.__0vsnprintf$6) refers to printf6.o(i._snputc) for _snputc
    printf6.o(i.__0vsprintf$6) refers to printf6.o(i._printf_core) for _printf_core
    printf6.o(i.__0vsprintf$6) refers to printf6.o(i._sputc) for _sputc
    printf6.o(i._printf_core) refers to printf6.o(i._printf_pre_padding) for _printf_pre_padding
    printf6.o(i._printf_core) refers to printf6.o(i._printf_post_padding) for _printf_post_padding
    printf6.o(i._printf_core) refers to uidiv.o(.text) for __aeabi_uidivmod
    printf7.o(i.__0fprintf$7) refers to printf7.o(i._printf_core) for _printf_core
    printf7.o(i.__0fprintf$7) refers to retarget.o(i.fputc) for fputc
    printf7.o(i.__0printf$7) refers to printf7.o(i._printf_core) for _printf_core
    printf7.o(i.__0printf$7) refers to retarget.o(i.fputc) for fputc
    printf7.o(i.__0printf$7) refers to retarget.o(.data) for __stdout
    printf7.o(i.__0snprintf$7) refers to printf7.o(i._printf_core) for _printf_core
    printf7.o(i.__0snprintf$7) refers to printf7.o(i._snputc) for _snputc
    printf7.o(i.__0sprintf$7) refers to printf7.o(i._printf_core) for _printf_core
    printf7.o(i.__0sprintf$7) refers to printf7.o(i._sputc) for _sputc
    printf7.o(i.__0vfprintf$7) refers to printf7.o(i._printf_core) for _printf_core
    printf7.o(i.__0vfprintf$7) refers to retarget.o(i.fputc) for fputc
    printf7.o(i.__0vprintf$7) refers to printf7.o(i._printf_core) for _printf_core
    printf7.o(i.__0vprintf$7) refers to retarget.o(i.fputc) for fputc
    printf7.o(i.__0vprintf$7) refers to retarget.o(.data) for __stdout
    printf7.o(i.__0vsnprintf$7) refers to printf7.o(i._printf_core) for _printf_core
    printf7.o(i.__0vsnprintf$7) refers to printf7.o(i._snputc) for _snputc
    printf7.o(i.__0vsprintf$7) refers to printf7.o(i._printf_core) for _printf_core
    printf7.o(i.__0vsprintf$7) refers to printf7.o(i._sputc) for _sputc
    printf7.o(i._printf_core) refers to printf7.o(i._printf_pre_padding) for _printf_pre_padding
    printf7.o(i._printf_core) refers to printf7.o(i._printf_post_padding) for _printf_post_padding
    printf7.o(i._printf_core) refers to uldiv.o(.text) for __aeabi_uldivmod
    printf8.o(i.__0fprintf$8) refers to printf8.o(i._printf_core) for _printf_core
    printf8.o(i.__0fprintf$8) refers to retarget.o(i.fputc) for fputc
    printf8.o(i.__0printf$8) refers to printf8.o(i._printf_core) for _printf_core
    printf8.o(i.__0printf$8) refers to retarget.o(i.fputc) for fputc
    printf8.o(i.__0printf$8) refers to retarget.o(.data) for __stdout
    printf8.o(i.__0snprintf$8) refers to printf8.o(i._printf_core) for _printf_core
    printf8.o(i.__0snprintf$8) refers to printf8.o(i._snputc) for _snputc
    printf8.o(i.__0sprintf$8) refers to printf8.o(i._printf_core) for _printf_core
    printf8.o(i.__0sprintf$8) refers to printf8.o(i._sputc) for _sputc
    printf8.o(i.__0vfprintf$8) refers to printf8.o(i._printf_core) for _printf_core
    printf8.o(i.__0vfprintf$8) refers to retarget.o(i.fputc) for fputc
    printf8.o(i.__0vprintf$8) refers to printf8.o(i._printf_core) for _printf_core
    printf8.o(i.__0vprintf$8) refers to retarget.o(i.fputc) for fputc
    printf8.o(i.__0vprintf$8) refers to retarget.o(.data) for __stdout
    printf8.o(i.__0vsnprintf$8) refers to printf8.o(i._printf_core) for _printf_core
    printf8.o(i.__0vsnprintf$8) refers to printf8.o(i._snputc) for _snputc
    printf8.o(i.__0vsprintf$8) refers to printf8.o(i._printf_core) for _printf_core
    printf8.o(i.__0vsprintf$8) refers to printf8.o(i._sputc) for _sputc
    printf8.o(i._printf_core) refers to printf8.o(i._printf_pre_padding) for _printf_pre_padding
    printf8.o(i._printf_core) refers to printf8.o(i._printf_post_padding) for _printf_post_padding
    printf8.o(i._printf_core) refers to uldiv.o(.text) for __aeabi_uldivmod
    printfa.o(i.__0fprintf) refers (Special) to iusefp.o(.text) for __I$use$fp
    printfa.o(i.__0fprintf) refers to printfa.o(i._printf_core) for _printf_core
    printfa.o(i.__0fprintf) refers to retarget.o(i.fputc) for fputc
    printfa.o(i.__0printf) refers (Special) to iusefp.o(.text) for __I$use$fp
    printfa.o(i.__0printf) refers to printfa.o(i._printf_core) for _printf_core
    printfa.o(i.__0printf) refers to retarget.o(i.fputc) for fputc
    printfa.o(i.__0printf) refers to retarget.o(.data) for __stdout
    printfa.o(i.__0snprintf) refers (Special) to iusefp.o(.text) for __I$use$fp
    printfa.o(i.__0snprintf) refers to printfa.o(i._printf_core) for _printf_core
    printfa.o(i.__0snprintf) refers to printfa.o(i._snputc) for _snputc
    printfa.o(i.__0sprintf) refers (Special) to iusefp.o(.text) for __I$use$fp
    printfa.o(i.__0sprintf) refers to printfa.o(i._printf_core) for _printf_core
    printfa.o(i.__0sprintf) refers to printfa.o(i._sputc) for _sputc
    printfa.o(i.__0vfprintf) refers (Special) to iusefp.o(.text) for __I$use$fp
    printfa.o(i.__0vfprintf) refers to printfa.o(i._printf_core) for _printf_core
    printfa.o(i.__0vfprintf) refers to retarget.o(i.fputc) for fputc
    printfa.o(i.__0vprintf) refers (Special) to iusefp.o(.text) for __I$use$fp
    printfa.o(i.__0vprintf) refers to printfa.o(i._printf_core) for _printf_core
    printfa.o(i.__0vprintf) refers to retarget.o(i.fputc) for fputc
    printfa.o(i.__0vprintf) refers to retarget.o(.data) for __stdout
    printfa.o(i.__0vsnprintf) refers (Special) to iusefp.o(.text) for __I$use$fp
    printfa.o(i.__0vsnprintf) refers to printfa.o(i._printf_core) for _printf_core
    printfa.o(i.__0vsnprintf) refers to printfa.o(i._snputc) for _snputc
    printfa.o(i.__0vsprintf) refers (Special) to iusefp.o(.text) for __I$use$fp
    printfa.o(i.__0vsprintf) refers to printfa.o(i._printf_core) for _printf_core
    printfa.o(i.__0vsprintf) refers to printfa.o(i._sputc) for _sputc
    printfa.o(i._fp_digits) refers (Special) to iusefp.o(.text) for __I$use$fp
    printfa.o(i._fp_digits) refers to dmul.o(.text) for __aeabi_dmul
    printfa.o(i._fp_digits) refers to ddiv.o(.text) for __aeabi_ddiv
    printfa.o(i._fp_digits) refers to cdrcmple.o(.text) for __aeabi_cdrcmple
    printfa.o(i._fp_digits) refers to dadd.o(.text) for __aeabi_dadd
    printfa.o(i._fp_digits) refers to dfixul.o(.text) for __aeabi_d2ulz
    printfa.o(i._fp_digits) refers to uldiv.o(.text) for __aeabi_uldivmod
    printfa.o(i._printf_core) refers (Special) to iusefp.o(.text) for __I$use$fp
    printfa.o(i._printf_core) refers to printfa.o(i._printf_pre_padding) for _printf_pre_padding
    printfa.o(i._printf_core) refers to uldiv.o(.text) for __aeabi_uldivmod
    printfa.o(i._printf_core) refers to printfa.o(i._printf_post_padding) for _printf_post_padding
    printfa.o(i._printf_core) refers to printfa.o(i._fp_digits) for _fp_digits
    printfa.o(i._printf_core) refers to uidiv.o(.text) for __aeabi_uidivmod
    printfa.o(i._printf_post_padding) refers (Special) to iusefp.o(.text) for __I$use$fp
    printfa.o(i._printf_pre_padding) refers (Special) to iusefp.o(.text) for __I$use$fp
    printfa.o(i._snputc) refers (Special) to iusefp.o(.text) for __I$use$fp
    printfa.o(i._sputc) refers (Special) to iusefp.o(.text) for __I$use$fp
    entry2.o(.ARM.Collect$$$$00000001) refers to entry2.o(.ARM.Collect$$$$00002712) for __lit__00000000
    entry2.o(.ARM.Collect$$$$00002712) refers to startup_cm0ds.o(STACK) for __initial_sp
    entry2.o(__vectab_stack_and_reset_area) refers to startup_cm0ds.o(STACK) for __initial_sp
    entry2.o(__vectab_stack_and_reset_area) refers to entry.o(.ARM.Collect$$$$00000000) for __main
    entry5.o(.ARM.Collect$$$$00000004) refers to init.o(.text) for __scatterload
    entry9a.o(.ARM.Collect$$$$0000000B) refers to main.o(i.main) for main
    entry9b.o(.ARM.Collect$$$$0000000C) refers to main.o(i.main) for main
    uldiv.o(.text) refers to llushr.o(.text) for __aeabi_llsr
    uldiv.o(.text) refers to llshl.o(.text) for __aeabi_llsl
    dadd.o(.text) refers to llshl.o(.text) for __aeabi_llsl
    dadd.o(.text) refers to llsshr.o(.text) for __aeabi_lasr
    dadd.o(.text) refers to depilogue.o(.text) for _double_epilogue
    dmul.o(.text) refers to depilogue.o(.text) for _double_epilogue
    ddiv.o(.text) refers to depilogue.o(.text) for _double_round
    dfixul.o(.text) refers to llushr.o(.text) for __aeabi_llsr
    dfixul.o(.text) refers to llshl.o(.text) for __aeabi_llsl
    init.o(.text) refers to entry5.o(.ARM.Collect$$$$00000004) for __main_after_scatterload
    depilogue.o(.text) refers to depilogue.o(i.__ARM_clz) for __ARM_clz
    depilogue.o(.text) refers to llshl.o(.text) for __aeabi_llsl
    depilogue.o(.text) refers to llushr.o(.text) for __aeabi_llsr


==============================================================================

Removing Unused input sections from the image.

    Removing main.o(.rev16_text), (4 bytes).
    Removing main.o(.revsh_text), (4 bytes).
    Removing handler.o(.rev16_text), (4 bytes).
    Removing handler.o(.revsh_text), (4 bytes).
    Removing startup_cm0ds.o(HEAP), (1024 bytes).
    Removing system.o(.rev16_text), (4 bytes).
    Removing system.o(.revsh_text), (4 bytes).
    Removing system.o(i.SystemCoreClockUpdate), (16 bytes).
    Removing system.o(.data), (4 bytes).
    Removing camera.o(i.CAMERA_Command), (42 bytes).
    Removing camera.o(i.CAMERA_Initial), (800 bytes).
    Removing camera.o(i.CAMERA_NA), (44 bytes).
    Removing camera.o(i.CAMERA_Read_Byte), (64 bytes).
    Removing camera.o(i.CAMERA_Read_Reg), (64 bytes).
    Removing camera.o(i.CAMERA_Start), (32 bytes).
    Removing camera.o(i.CAMERA_Stop), (34 bytes).
    Removing camera.o(i.CAMERA_Waite), (24 bytes).
    Removing camera.o(i.CAMERA_Write_Byte), (94 bytes).
    Removing camera.o(i.Clr_CAMERA_PWDN), (12 bytes).
    Removing camera.o(i.Clr_CAMERA_RST), (12 bytes).
    Removing camera.o(i.Clr_CAMERA_SCL), (12 bytes).
    Removing camera.o(i.Clr_CAMERA_SDA), (12 bytes).
    Removing camera.o(i.Read_CAMERA_DATA_STATE), (12 bytes).
    Removing camera.o(i.Read_CAMERA_SDA), (12 bytes).
    Removing camera.o(i.Set_CAMERA_DATA_STATE), (12 bytes).
    Removing camera.o(i.Set_CAMERA_PWDN), (12 bytes).
    Removing camera.o(i.Set_CAMERA_RST), (12 bytes).
    Removing camera.o(i.Set_CAMERA_SCL), (12 bytes).
    Removing camera.o(i.Set_CAMERA_SDA), (12 bytes).
    Removing camera.o(i.Set_CAMERA_SDA_R), (12 bytes).
    Removing camera.o(i.Set_CAMERA_SDA_W), (12 bytes).
    Removing camera.o(i.photo), (20 bytes).
    Removing camera.o(.constdata), (4769 bytes).
    Removing key.o(i.KEY_INIT), (12 bytes).
    Removing key.o(i.READ_KEY), (12 bytes).
    Removing lcd.o(i.Gui_Drawbmp16), (100 bytes).
    Removing lcd.o(i.LCD_Clear), (108 bytes).
    Removing lcd.o(i.LCD_Color_Fill), (90 bytes).
    Removing lcd.o(i.LCD_DisplayOff), (10 bytes).
    Removing lcd.o(i.LCD_DisplayOn), (10 bytes).
    Removing lcd.o(i.LCD_Display_Dir), (120 bytes).
    Removing lcd.o(i.LCD_DrawLine), (178 bytes).
    Removing lcd.o(i.LCD_DrawPoint), (32 bytes).
    Removing lcd.o(i.LCD_Fill), (80 bytes).
    Removing lcd.o(i.LCD_Init), (664 bytes).
    Removing lcd.o(i.LCD_Pow), (26 bytes).
    Removing lcd.o(i.LCD_RD_DATA), (36 bytes).
    Removing lcd.o(i.LCD_ReadReg), (24 bytes).
    Removing lcd.o(i.LCD_Scan_Dir), (744 bytes).
    Removing lcd.o(i.LCD_SetCursor), (52 bytes).
    Removing lcd.o(i.LCD_Set_Window), (84 bytes).
    Removing lcd.o(i.LCD_ShowChar1), (288 bytes).
    Removing lcd.o(i.LCD_ShowNum), (146 bytes).
    Removing lcd.o(i.LCD_ShowxNum), (200 bytes).
    Removing lcd.o(i.LCD_WriteRAM), (12 bytes).
    Removing lcd.o(i.LCD_WriteRAM_Prepare), (16 bytes).
    Removing lcd.o(i.LCD_WriteReg), (20 bytes).
    Removing lcd.o(i.Paint8x8x2bin), (224 bytes).
    Removing lcd.o(i.Paint_PicBin), (112 bytes).
    Removing lcd.o(i.ReadData), (10 bytes).
    Removing lcd.o(i.Show_Str), (200 bytes).
    Removing lcd.o(i.opt_delay), (14 bytes).
    Removing led.o(i.LED_down), (24 bytes).
    Removing led.o(i.LED_on), (24 bytes).
    Removing led.o(i.led_ctrl), (56 bytes).
    Removing retarget.o(i._sys_exit), (4 bytes).
    Removing retarget.o(i._ttywrch), (16 bytes).
    Removing retarget.o(i.ferror), (8 bytes).
    Removing retarget.o(i.fgetc), (34 bytes).
    Removing spi_flash.o(i.Is_SPI_Ready), (12 bytes).
    Removing spi_flash.o(i.SPI_FLASH_Clear_SR), (36 bytes).
    Removing spi_flash.o(i.SPI_FLASH_Write_Disable), (28 bytes).
    Removing spi_flash.o(i.SPI_FLASH_Write_Enable), (28 bytes).
    Removing spi_flash.o(i.SPI_FLASH_Write_SR), (36 bytes).
    Removing spi_flash.o(i.SPI_Flash_Erase_Block), (64 bytes).
    Removing spi_flash.o(i.SPI_Flash_Erase_Chip), (40 bytes).
    Removing spi_flash.o(i.SPI_Flash_Erase_Sector), (64 bytes).
    Removing spi_flash.o(i.SPI_Flash_Read), (76 bytes).
    Removing spi_flash.o(i.SPI_Flash_ReadID), (68 bytes).
    Removing spi_flash.o(i.SPI_Flash_ReadSR), (40 bytes).
    Removing spi_flash.o(i.SPI_Flash_Wait_Busy), (18 bytes).
    Removing spi_flash.o(i.SPI_Flash_Write_Max65536), (208 bytes).
    Removing spi_flash.o(i.SPI_Flash_Write_NoCheck), (68 bytes).
    Removing spi_flash.o(i.SPI_Flash_Write_Page), (80 bytes).
    Removing spi_flash.o(i.SPI_Init), (16 bytes).
    Removing spi_flash.o(i.SPI_ReadWriteByte), (72 bytes).
    Removing spi_flash.o(i.SPI_SendData), (20 bytes).
    Removing systick.o(.rev16_text), (4 bytes).
    Removing systick.o(.revsh_text), (4 bytes).
    Removing systick.o(i.Read_SysTick_VALUE), (12 bytes).
    Removing systick.o(i.Set_SysTick_LOAD), (12 bytes).
    Removing systick.o(i.Set_SysTick_VALUE), (12 bytes).
    Removing systick.o(i.Timer_Ini), (44 bytes).
    Removing systick.o(i.Timer_Stop), (36 bytes).
    Removing systick.o(i.delay), (32 bytes).
    Removing systick.o(i.delay_ms), (28 bytes).
    Removing timer.o(i.TIMER_Init), (32 bytes).
    Removing uart.o(i.uart_ClearOverrunStatus), (16 bytes).
    Removing uart.o(i.uart_GetBaudDivider), (6 bytes).
    Removing uart.o(i.uart_GetOverrunStatus), (12 bytes).
    Removing uart.o(i.uart_GetRxBufferFull), (12 bytes).
    Removing uart.o(i.uart_GetRxIRQStatus), (12 bytes).
    Removing uart.o(i.uart_GetTxBufferFull), (10 bytes).
    Removing uart.o(i.uart_GetTxIRQStatus), (10 bytes).
    Removing uart.o(i.uart_ReceiveChar), (20 bytes).
    Removing uart.o(i.uart_SendString), (34 bytes).
    Removing uart.o(i.uart_init), (88 bytes).
    Removing malloc.o(i.mem_free), (76 bytes).
    Removing malloc.o(i.mem_init), (44 bytes).
    Removing malloc.o(i.mem_malloc), (124 bytes).
    Removing malloc.o(i.mem_perused), (40 bytes).
    Removing malloc.o(i.myfree), (32 bytes).
    Removing malloc.o(i.mymalloc), (32 bytes).
    Removing malloc.o(i.mymemcpy), (26 bytes).
    Removing malloc.o(i.mymemset), (20 bytes).
    Removing malloc.o(i.myrealloc), (56 bytes).
    Removing malloc.o(.bss), (4352 bytes).
    Removing malloc.o(.constdata), (12 bytes).
    Removing malloc.o(.data), (20 bytes).
    Removing spriteram.o(i.boomDraw), (88 bytes).
    Removing dadd.o(.text), (356 bytes).
    Removing dmul.o(.text), (208 bytes).
    Removing ddiv.o(.text), (240 bytes).
    Removing dfixul.o(.text), (64 bytes).
    Removing cdrcmple.o(.text), (40 bytes).
    Removing depilogue.o(.text), (190 bytes).
    Removing lcd.o(i.__ARM_common_switch8), (28 bytes).
    Removing depilogue.o(i.__ARM_clz), (46 bytes).

128 unused section(s) (total 18505 bytes) removed from the image.

==============================================================================

Image Symbol Table

    Local Symbols

    Symbol Name                              Value     Ov Type        Size  Object(Section)

    RESET                                    0x00000000   Section       96  startup_cm0ds.o(RESET)
    ../clib/../cmprslib/zerorunl2.c          0x00000000   Number         0  __dczerorl2.o ABSOLUTE
    ../clib/microlib/division.c              0x00000000   Number         0  idiv.o ABSOLUTE
    ../clib/microlib/division.c              0x00000000   Number         0  uidiv.o ABSOLUTE
    ../clib/microlib/division.c              0x00000000   Number         0  uldiv.o ABSOLUTE
    ../clib/microlib/init/entry.s            0x00000000   Number         0  entry7b.o ABSOLUTE
    ../clib/microlib/init/entry.s            0x00000000   Number         0  entry7a.o ABSOLUTE
    ../clib/microlib/init/entry.s            0x00000000   Number         0  entry5.o ABSOLUTE
    ../clib/microlib/init/entry.s            0x00000000   Number         0  entry2.o ABSOLUTE
    ../clib/microlib/init/entry.s            0x00000000   Number         0  entry8a.o ABSOLUTE
    ../clib/microlib/init/entry.s            0x00000000   Number         0  entry.o ABSOLUTE
    ../clib/microlib/init/entry.s            0x00000000   Number         0  entry8b.o ABSOLUTE
    ../clib/microlib/init/entry.s            0x00000000   Number         0  entry9a.o ABSOLUTE
    ../clib/microlib/init/entry.s            0x00000000   Number         0  entry9b.o ABSOLUTE
    ../clib/microlib/init/entry.s            0x00000000   Number         0  entry10a.o ABSOLUTE
    ../clib/microlib/init/entry.s            0x00000000   Number         0  entry11a.o ABSOLUTE
    ../clib/microlib/init/entry.s            0x00000000   Number         0  entry11b.o ABSOLUTE
    ../clib/microlib/init/entry.s            0x00000000   Number         0  entry10b.o ABSOLUTE
    ../clib/microlib/longlong.c              0x00000000   Number         0  llushr.o ABSOLUTE
    ../clib/microlib/longlong.c              0x00000000   Number         0  llsshr.o ABSOLUTE
    ../clib/microlib/longlong.c              0x00000000   Number         0  llshl.o ABSOLUTE
    ../clib/microlib/printf/printf.c         0x00000000   Number         0  printf4.o ABSOLUTE
    ../clib/microlib/printf/printf.c         0x00000000   Number         0  printfa.o ABSOLUTE
    ../clib/microlib/printf/printf.c         0x00000000   Number         0  printf8.o ABSOLUTE
    ../clib/microlib/printf/printf.c         0x00000000   Number         0  printfb.o ABSOLUTE
    ../clib/microlib/printf/printf.c         0x00000000   Number         0  printf0.o ABSOLUTE
    ../clib/microlib/printf/printf.c         0x00000000   Number         0  printf1.o ABSOLUTE
    ../clib/microlib/printf/printf.c         0x00000000   Number         0  printf2.o ABSOLUTE
    ../clib/microlib/printf/printf.c         0x00000000   Number         0  printf5.o ABSOLUTE
    ../clib/microlib/printf/printf.c         0x00000000   Number         0  printf3.o ABSOLUTE
    ../clib/microlib/printf/printf.c         0x00000000   Number         0  printf6.o ABSOLUTE
    ../clib/microlib/printf/printf.c         0x00000000   Number         0  printf7.o ABSOLUTE
    ../clib/microlib/string/strlen.c         0x00000000   Number         0  strlen.o ABSOLUTE
    ../clib/microlib/stubs.s                 0x00000000   Number         0  iusefp.o ABSOLUTE
    ../fplib/microlib/fpadd.c                0x00000000   Number         0  dadd.o ABSOLUTE
    ../fplib/microlib/fpdiv.c                0x00000000   Number         0  ddiv.o ABSOLUTE
    ../fplib/microlib/fpepilogue.c           0x00000000   Number         0  depilogue.o ABSOLUTE
    ../fplib/microlib/fpfix.c                0x00000000   Number         0  dfixul.o ABSOLUTE
    ../fplib/microlib/fpmul.c                0x00000000   Number         0  dmul.o ABSOLUTE
    ..\CORE\handler.c                        0x00000000   Number         0  handler.o ABSOLUTE
    ..\CORE\startup_CM0DS.s                  0x00000000   Number         0  startup_cm0ds.o ABSOLUTE
    ..\CORE\system.c                         0x00000000   Number         0  system.o ABSOLUTE
    ..\DEVICE\Retarget.c                     0x00000000   Number         0  retarget.o ABSOLUTE
    ..\DEVICE\camera.c                       0x00000000   Number         0  camera.o ABSOLUTE
    ..\DEVICE\key.c                          0x00000000   Number         0  key.o ABSOLUTE
    ..\DEVICE\lcd.c                          0x00000000   Number         0  lcd.o ABSOLUTE
    ..\DEVICE\led.c                          0x00000000   Number         0  led.o ABSOLUTE
    ..\DEVICE\malloc.c                       0x00000000   Number         0  malloc.o ABSOLUTE
    ..\DEVICE\spi_flash.c                    0x00000000   Number         0  spi_flash.o ABSOLUTE
    ..\DEVICE\spriteRam.c                    0x00000000   Number         0  spriteram.o ABSOLUTE
    ..\DEVICE\systick.c                      0x00000000   Number         0  systick.o ABSOLUTE
    ..\DEVICE\timer.c                        0x00000000   Number         0  timer.o ABSOLUTE
    ..\DEVICE\uart.c                         0x00000000   Number         0  uart.o ABSOLUTE
    ..\\CORE\\handler.c                      0x00000000   Number         0  handler.o ABSOLUTE
    ..\\CORE\\system.c                       0x00000000   Number         0  system.o ABSOLUTE
    ..\\DEVICE\\systick.c                    0x00000000   Number         0  systick.o ABSOLUTE
    cdrcmple.s                               0x00000000   Number         0  cdrcmple.o ABSOLUTE
    dc.s                                     0x00000000   Number         0  dc.o ABSOLUTE
    handlers.s                               0x00000000   Number         0  handlers.o ABSOLUTE
    init.s                                   0x00000000   Number         0  init.o ABSOLUTE
    main.c                                   0x00000000   Number         0  main.o ABSOLUTE
    main.c                                   0x00000000   Number         0  main.o ABSOLUTE
    .ARM.Collect$$$$00000000                 0x00000060   Section        0  entry.o(.ARM.Collect$$$$00000000)
    .ARM.Collect$$$$00000001                 0x00000060   Section        4  entry2.o(.ARM.Collect$$$$00000001)
    .ARM.Collect$$$$00000004                 0x00000064   Section        4  entry5.o(.ARM.Collect$$$$00000004)
    .ARM.Collect$$$$00000008                 0x00000068   Section        0  entry7b.o(.ARM.Collect$$$$00000008)
    .ARM.Collect$$$$0000000A                 0x00000068   Section        0  entry8b.o(.ARM.Collect$$$$0000000A)
    .ARM.Collect$$$$0000000B                 0x00000068   Section        8  entry9a.o(.ARM.Collect$$$$0000000B)
    .ARM.Collect$$$$0000000D                 0x00000070   Section        0  entry10a.o(.ARM.Collect$$$$0000000D)
    .ARM.Collect$$$$0000000F                 0x00000070   Section        0  entry11a.o(.ARM.Collect$$$$0000000F)
    .ARM.Collect$$$$00002712                 0x00000070   Section        4  entry2.o(.ARM.Collect$$$$00002712)
    __lit__00000000                          0x00000070   Data           4  entry2.o(.ARM.Collect$$$$00002712)
    .text                                    0x00000074   Section      156  startup_cm0ds.o(.text)
    .text                                    0x00000110   Section       36  init.o(.text)
    .text                                    0x00000134   Section        0  __dczerorl2.o(.text)
    i.BusFaultHandler                        0x0000018a   Section        0  handler.o(i.BusFaultHandler)
    i.DebugMonHandler                        0x0000018c   Section        0  handler.o(i.DebugMonHandler)
    i.HardFaultHandler                       0x0000018e   Section        0  handler.o(i.HardFaultHandler)
    i.KEY0                                   0x00000190   Section        0  handler.o(i.KEY0)
    i.KEY1                                   0x000001b0   Section        0  handler.o(i.KEY1)
    i.KEY2                                   0x000001d0   Section        0  handler.o(i.KEY2)
    i.KEY3                                   0x000001f0   Section        0  handler.o(i.KEY3)
    i.LCD_Fast_DrawPoint                     0x00000210   Section        0  lcd.o(i.LCD_Fast_DrawPoint)
    i.LCD_ShowChar                           0x0000026c   Section        0  lcd.o(i.LCD_ShowChar)
    i.LCD_ShowString                         0x0000037c   Section        0  lcd.o(i.LCD_ShowString)
    i.LCD_WR_DATA                            0x000003de   Section        0  lcd.o(i.LCD_WR_DATA)
    i.LCD_WR_REG                             0x00000404   Section        0  lcd.o(i.LCD_WR_REG)
    i.LED_toggle                             0x00000428   Section        0  led.o(i.LED_toggle)
    i.MakeData                               0x00000460   Section        0  lcd.o(i.MakeData)
    i.MemManageHandler                       0x00000468   Section        0  handler.o(i.MemManageHandler)
    i.NMIHandler                             0x0000046a   Section        0  handler.o(i.NMIHandler)
    i.NVIC_EnableIRQ                         0x0000046c   Section        0  system.o(i.NVIC_EnableIRQ)
    NVIC_EnableIRQ                           0x0000046d   Thumb Code    14  system.o(i.NVIC_EnableIRQ)
    i.PendSVHandler                          0x00000480   Section        0  handler.o(i.PendSVHandler)
    i.SVCHandler                             0x00000482   Section        0  handler.o(i.SVCHandler)
    i.Set_SysTick_CTRL                       0x00000484   Section        0  systick.o(i.Set_SysTick_CTRL)
    i.SysTickHandler                         0x00000490   Section        0  handler.o(i.SysTickHandler)
    i.SystemInit                             0x000004ac   Section        0  system.o(i.SystemInit)
    i.Timer_Handler                          0x000004c4   Section        0  handler.o(i.Timer_Handler)
    i.UARTOVRHandler                         0x000004dc   Section        0  handler.o(i.UARTOVRHandler)
    i.UARTRXHandler                          0x000004e0   Section        0  handler.o(i.UARTRXHandler)
    i.UARTTXHandler                          0x00000510   Section        0  handler.o(i.UARTTXHandler)
    i.UsageFaultHandler                      0x0000054c   Section        0  handler.o(i.UsageFaultHandler)
    i.__0printf$bare                         0x00000550   Section        0  printfb.o(i.__0printf$bare)
    i.__scatterload_copy                     0x00000564   Section       14  handlers.o(i.__scatterload_copy)
    i.__scatterload_null                     0x00000572   Section        2  handlers.o(i.__scatterload_null)
    i.__scatterload_zeroinit                 0x00000574   Section       14  handlers.o(i.__scatterload_zeroinit)
    i._printf_core                           0x00000582   Section        0  printfb.o(i._printf_core)
    _printf_core                             0x00000583   Thumb Code    30  printfb.o(i._printf_core)
    i.fputc                                  0x000005a0   Section        0  retarget.o(i.fputc)
    i.main                                   0x000005c0   Section        0  main.o(i.main)
    i.myPlaneDraw                            0x00000604   Section        0  spriteram.o(i.myPlaneDraw)
    i.uart_ClearRxIRQ                        0x00000672   Section        0  uart.o(i.uart_ClearRxIRQ)
    i.uart_ClearTxIRQ                        0x00000678   Section        0  uart.o(i.uart_ClearTxIRQ)
    i.uart_SendChar                          0x0000067e   Section        0  uart.o(i.uart_SendChar)
    i.writeOneSprite                         0x00000694   Section        0  spriteram.o(i.writeOneSprite)
    .constdata                               0x000006b8   Section     1520  lcd.o(.constdata)
    .data                                    0x20000000   Section     2776  main.o(.data)
    .data                                    0x20000ad8   Section        4  lcd.o(.data)
    .data                                    0x20000adc   Section        8  retarget.o(.data)
    .bss                                     0x20000ae4   Section       14  lcd.o(.bss)
    STACK                                    0x20000af8   Section     1024  startup_cm0ds.o(STACK)

    Global Symbols

    Symbol Name                              Value     Ov Type        Size  Object(Section)

    BuildAttributes$$THM_ISAv3M$S$PE$A:L22$X:L11$S22$IEEE1$IW$USESV6$~STKCKD$USESV7$~SHL$OSPACE$ROPI$EBA8$MICROLIB$REQ8$PRES8$EABIv2 0x00000000   Number         0  anon$$obj.o ABSOLUTE
    __ARM_use_no_argv                        0x00000000   Number         0  main.o ABSOLUTE
    __Vectors                                0x00000000   Data           4  startup_cm0ds.o(RESET)
    __cpp_initialize__aeabi_                  - Undefined Weak Reference
    __cxa_finalize                            - Undefined Weak Reference
    _clock_init                               - Undefined Weak Reference
    _microlib_exit                            - Undefined Weak Reference
    __Vectors_End                            0x00000060   Data           0  startup_cm0ds.o(RESET)
    __Vectors_Size                           0x00000060   Number         0  startup_cm0ds.o ABSOLUTE
    __main                                   0x00000061   Thumb Code     0  entry.o(.ARM.Collect$$$$00000000)
    _main_stk                                0x00000061   Thumb Code     0  entry2.o(.ARM.Collect$$$$00000001)
    _main_scatterload                        0x00000065   Thumb Code     0  entry5.o(.ARM.Collect$$$$00000004)
    __main_after_scatterload                 0x00000069   Thumb Code     0  entry5.o(.ARM.Collect$$$$00000004)
    _main_clock                              0x00000069   Thumb Code     0  entry7b.o(.ARM.Collect$$$$00000008)
    _main_cpp_init                           0x00000069   Thumb Code     0  entry8b.o(.ARM.Collect$$$$0000000A)
    _main_init                               0x00000069   Thumb Code     0  entry9a.o(.ARM.Collect$$$$0000000B)
    __rt_final_cpp                           0x00000071   Thumb Code     0  entry10a.o(.ARM.Collect$$$$0000000D)
    __rt_final_exit                          0x00000071   Thumb Code     0  entry11a.o(.ARM.Collect$$$$0000000F)
    Reset_Handler                            0x00000075   Thumb Code    12  startup_cm0ds.o(.text)
    NMI_Handler                              0x00000081   Thumb Code     8  startup_cm0ds.o(.text)
    HardFault_Handler                        0x00000089   Thumb Code     8  startup_cm0ds.o(.text)
    MemManage_Handler                        0x00000091   Thumb Code     8  startup_cm0ds.o(.text)
    BusFault_Handler                         0x00000099   Thumb Code     8  startup_cm0ds.o(.text)
    UsageFault_Handler                       0x000000a1   Thumb Code     8  startup_cm0ds.o(.text)
    SVC_Handler                              0x000000a9   Thumb Code     8  startup_cm0ds.o(.text)
    DebugMon_Handler                         0x000000b1   Thumb Code     8  startup_cm0ds.o(.text)
    PendSV_Handler                           0x000000b9   Thumb Code     8  startup_cm0ds.o(.text)
    SysTick_Handler                          0x000000c1   Thumb Code     8  startup_cm0ds.o(.text)
    UARTRX_Handler                           0x000000c9   Thumb Code     8  startup_cm0ds.o(.text)
    UARTTX_Handler                           0x000000d1   Thumb Code     8  startup_cm0ds.o(.text)
    UARTOVR_Handler                          0x000000d9   Thumb Code     8  startup_cm0ds.o(.text)
    KEY0_Handler                             0x000000e1   Thumb Code     8  startup_cm0ds.o(.text)
    KEY1_Handler                             0x000000e9   Thumb Code     8  startup_cm0ds.o(.text)
    KEY2_Handler                             0x000000f1   Thumb Code     8  startup_cm0ds.o(.text)
    KEY3_Handler                             0x000000f9   Thumb Code     8  startup_cm0ds.o(.text)
    TIMER_Handler                            0x00000101   Thumb Code     8  startup_cm0ds.o(.text)
    __scatterload                            0x00000111   Thumb Code    28  init.o(.text)
    __scatterload_rt2                        0x00000111   Thumb Code     0  init.o(.text)
    __decompress                             0x00000135   Thumb Code     0  __dczerorl2.o(.text)
    __decompress1                            0x00000135   Thumb Code    86  __dczerorl2.o(.text)
    BusFaultHandler                          0x0000018b   Thumb Code     2  handler.o(i.BusFaultHandler)
    DebugMonHandler                          0x0000018d   Thumb Code     2  handler.o(i.DebugMonHandler)
    HardFaultHandler                         0x0000018f   Thumb Code     2  handler.o(i.HardFaultHandler)
    KEY0                                     0x00000191   Thumb Code    28  handler.o(i.KEY0)
    KEY1                                     0x000001b1   Thumb Code    28  handler.o(i.KEY1)
    KEY2                                     0x000001d1   Thumb Code    28  handler.o(i.KEY2)
    KEY3                                     0x000001f1   Thumb Code    28  handler.o(i.KEY3)
    LCD_Fast_DrawPoint                       0x00000211   Thumb Code    88  lcd.o(i.LCD_Fast_DrawPoint)
    LCD_ShowChar                             0x0000026d   Thumb Code   254  lcd.o(i.LCD_ShowChar)
    LCD_ShowString                           0x0000037d   Thumb Code    98  lcd.o(i.LCD_ShowString)
    LCD_WR_DATA                              0x000003df   Thumb Code    38  lcd.o(i.LCD_WR_DATA)
    LCD_WR_REG                               0x00000405   Thumb Code    36  lcd.o(i.LCD_WR_REG)
    LED_toggle                               0x00000429   Thumb Code    50  led.o(i.LED_toggle)
    MakeData                                 0x00000461   Thumb Code     8  lcd.o(i.MakeData)
    MemManageHandler                         0x00000469   Thumb Code     2  handler.o(i.MemManageHandler)
    NMIHandler                               0x0000046b   Thumb Code     2  handler.o(i.NMIHandler)
    PendSVHandler                            0x00000481   Thumb Code     2  handler.o(i.PendSVHandler)
    SVCHandler                               0x00000483   Thumb Code     2  handler.o(i.SVCHandler)
    Set_SysTick_CTRL                         0x00000485   Thumb Code     6  systick.o(i.Set_SysTick_CTRL)
    SysTickHandler                           0x00000491   Thumb Code    24  handler.o(i.SysTickHandler)
    SystemInit                               0x000004ad   Thumb Code    22  system.o(i.SystemInit)
    Timer_Handler                            0x000004c5   Thumb Code    20  handler.o(i.Timer_Handler)
    UARTOVRHandler                           0x000004dd   Thumb Code     2  handler.o(i.UARTOVRHandler)
    UARTRXHandler                            0x000004e1   Thumb Code    24  handler.o(i.UARTRXHandler)
    UARTTXHandler                            0x00000511   Thumb Code    36  handler.o(i.UARTTXHandler)
    UsageFaultHandler                        0x0000054d   Thumb Code     2  handler.o(i.UsageFaultHandler)
    __0printf$bare                           0x00000551   Thumb Code    12  printfb.o(i.__0printf$bare)
    __1printf$bare                           0x00000551   Thumb Code     0  printfb.o(i.__0printf$bare)
    __2printf                                0x00000551   Thumb Code     0  printfb.o(i.__0printf$bare)
    __scatterload_copy                       0x00000565   Thumb Code    14  handlers.o(i.__scatterload_copy)
    __scatterload_null                       0x00000573   Thumb Code     2  handlers.o(i.__scatterload_null)
    __scatterload_zeroinit                   0x00000575   Thumb Code    14  handlers.o(i.__scatterload_zeroinit)
    fputc                                    0x000005a1   Thumb Code    32  retarget.o(i.fputc)
    main                                     0x000005c1   Thumb Code    64  main.o(i.main)
    myPlaneDraw                              0x00000605   Thumb Code   110  spriteram.o(i.myPlaneDraw)
    uart_ClearRxIRQ                          0x00000673   Thumb Code     6  uart.o(i.uart_ClearRxIRQ)
    uart_ClearTxIRQ                          0x00000679   Thumb Code     6  uart.o(i.uart_ClearTxIRQ)
    uart_SendChar                            0x0000067f   Thumb Code    22  uart.o(i.uart_SendChar)
    writeOneSprite                           0x00000695   Thumb Code    32  spriteram.o(i.writeOneSprite)
    asc2_1608                                0x000006b8   Data        1520  lcd.o(.constdata)
    Region$$Table$$Base                      0x00000ca8   Number         0  anon$$obj.o(Region$$Table)
    Region$$Table$$Limit                     0x00000cc8   Number         0  anon$$obj.o(Region$$Table)
    gImage_hero_48x32                        0x20000000   Data         192  main.o(.data)
    gImage_enemy01_32x32                     0x200000c0   Data         128  main.o(.data)
    gImage_enemy02_48x48                     0x20000140   Data         294  main.o(.data)
    gImage_backgroud_00                      0x20000266   Data        2160  main.o(.data)
    myplane                                  0x20000ad6   Data           2  main.o(.data)
    POINT_COLOR                              0x20000ad8   Data           2  lcd.o(.data)
    BACK_COLOR                               0x20000ada   Data           2  lcd.o(.data)
    __stdout                                 0x20000adc   Data           4  retarget.o(.data)
    __stdin                                  0x20000ae0   Data           4  retarget.o(.data)
    lcddev                                   0x20000ae4   Data          14  lcd.o(.bss)
    __initial_sp                             0x20000ef8   Data           0  startup_cm0ds.o(STACK)



==============================================================================

Memory Map of the image

  Image Entry point : 0x00000061

  Load Region LR_IROM1 (Base: 0x00000000, Size: 0x000017ac, Max: 0x00004000, ABSOLUTE, COMPRESSED[0x00001148])

    Execution Region ER_IROM1 (Exec base: 0x00000000, Load base: 0x00000000, Size: 0x00000cc8, Max: 0x00004000, ABSOLUTE)

    Exec Addr    Load Addr    Size         Type   Attr      Idx    E Section Name        Object

    0x00000000   0x00000000   0x00000060   Data   RO          208    RESET               startup_cm0ds.o
    0x00000060   0x00000060   0x00000000   Code   RO         1088  * .ARM.Collect$$$$00000000  mc_p.l(entry.o)
    0x00000060   0x00000060   0x00000004   Code   RO         1357    .ARM.Collect$$$$00000001  mc_p.l(entry2.o)
    0x00000064   0x00000064   0x00000004   Code   RO         1360    .ARM.Collect$$$$00000004  mc_p.l(entry5.o)
    0x00000068   0x00000068   0x00000000   Code   RO         1362    .ARM.Collect$$$$00000008  mc_p.l(entry7b.o)
    0x00000068   0x00000068   0x00000000   Code   RO         1364    .ARM.Collect$$$$0000000A  mc_p.l(entry8b.o)
    0x00000068   0x00000068   0x00000008   Code   RO         1365    .ARM.Collect$$$$0000000B  mc_p.l(entry9a.o)
    0x00000070   0x00000070   0x00000000   Code   RO         1367    .ARM.Collect$$$$0000000D  mc_p.l(entry10a.o)
    0x00000070   0x00000070   0x00000000   Code   RO         1369    .ARM.Collect$$$$0000000F  mc_p.l(entry11a.o)
    0x00000070   0x00000070   0x00000004   Code   RO         1358    .ARM.Collect$$$$00002712  mc_p.l(entry2.o)
    0x00000074   0x00000074   0x0000009c   Code   RO          209    .text               startup_cm0ds.o
    0x00000110   0x00000110   0x00000024   Code   RO         1384    .text               mc_p.l(init.o)
    0x00000134   0x00000134   0x00000056   Code   RO         1404    .text               mc_p.l(__dczerorl2.o)
    0x0000018a   0x0000018a   0x00000002   Code   RO           87    i.BusFaultHandler   handler.o
    0x0000018c   0x0000018c   0x00000002   Code   RO           88    i.DebugMonHandler   handler.o
    0x0000018e   0x0000018e   0x00000002   Code   RO           89    i.HardFaultHandler  handler.o
    0x00000190   0x00000190   0x00000020   Code   RO           90    i.KEY0              handler.o
    0x000001b0   0x000001b0   0x00000020   Code   RO           91    i.KEY1              handler.o
    0x000001d0   0x000001d0   0x00000020   Code   RO           92    i.KEY2              handler.o
    0x000001f0   0x000001f0   0x00000020   Code   RO           93    i.KEY3              handler.o
    0x00000210   0x00000210   0x0000005c   Code   RO          430    i.LCD_Fast_DrawPoint  lcd.o
    0x0000026c   0x0000026c   0x00000110   Code   RO          439    i.LCD_ShowChar      lcd.o
    0x0000037c   0x0000037c   0x00000062   Code   RO          442    i.LCD_ShowString    lcd.o
    0x000003de   0x000003de   0x00000026   Code   RO          444    i.LCD_WR_DATA       lcd.o
    0x00000404   0x00000404   0x00000024   Code   RO          445    i.LCD_WR_REG        lcd.o
    0x00000428   0x00000428   0x00000038   Code   RO          641    i.LED_toggle        led.o
    0x00000460   0x00000460   0x00000008   Code   RO          449    i.MakeData          lcd.o
    0x00000468   0x00000468   0x00000002   Code   RO           94    i.MemManageHandler  handler.o
    0x0000046a   0x0000046a   0x00000002   Code   RO           95    i.NMIHandler        handler.o
    0x0000046c   0x0000046c   0x00000014   Code   RO          215    i.NVIC_EnableIRQ    system.o
    0x00000480   0x00000480   0x00000002   Code   RO           96    i.PendSVHandler     handler.o
    0x00000482   0x00000482   0x00000002   Code   RO           97    i.SVCHandler        handler.o
    0x00000484   0x00000484   0x0000000c   Code   RO          830    i.Set_SysTick_CTRL  systick.o
    0x00000490   0x00000490   0x0000001c   Code   RO           98    i.SysTickHandler    handler.o
    0x000004ac   0x000004ac   0x00000016   Code   RO          217    i.SystemInit        system.o
    0x000004c2   0x000004c2   0x00000002   PAD
    0x000004c4   0x000004c4   0x00000018   Code   RO           99    i.Timer_Handler     handler.o
    0x000004dc   0x000004dc   0x00000002   Code   RO          100    i.UARTOVRHandler    handler.o
    0x000004de   0x000004de   0x00000002   PAD
    0x000004e0   0x000004e0   0x00000030   Code   RO          101    i.UARTRXHandler     handler.o
    0x00000510   0x00000510   0x0000003c   Code   RO          102    i.UARTTXHandler     handler.o
    0x0000054c   0x0000054c   0x00000002   Code   RO          103    i.UsageFaultHandler  handler.o
    0x0000054e   0x0000054e   0x00000002   PAD
    0x00000550   0x00000550   0x00000014   Code   RO         1098    i.__0printf$bare    mc_p.l(printfb.o)
    0x00000564   0x00000564   0x0000000e   Code   RO         1398    i.__scatterload_copy  mc_p.l(handlers.o)
    0x00000572   0x00000572   0x00000002   Code   RO         1399    i.__scatterload_null  mc_p.l(handlers.o)
    0x00000574   0x00000574   0x0000000e   Code   RO         1400    i.__scatterload_zeroinit  mc_p.l(handlers.o)
    0x00000582   0x00000582   0x0000001e   Code   RO         1105    i._printf_core      mc_p.l(printfb.o)
    0x000005a0   0x000005a0   0x00000020   Code   RO          673    i.fputc             retarget.o
    0x000005c0   0x000005c0   0x00000044   Code   RO            3    i.main              main.o
    0x00000604   0x00000604   0x0000006e   Code   RO         1065    i.myPlaneDraw       spriteram.o
    0x00000672   0x00000672   0x00000006   Code   RO          906    i.uart_ClearRxIRQ   uart.o
    0x00000678   0x00000678   0x00000006   Code   RO          907    i.uart_ClearTxIRQ   uart.o
    0x0000067e   0x0000067e   0x00000016   Code   RO          915    i.uart_SendChar     uart.o
    0x00000694   0x00000694   0x00000024   Code   RO         1066    i.writeOneSprite    spriteram.o
    0x000006b8   0x000006b8   0x000005f0   Data   RO          456    .constdata          lcd.o
    0x00000ca8   0x00000ca8   0x00000020   Data   RO         1396    Region$$Table       anon$$obj.o


    Execution Region RW_IRAM1 (Exec base: 0x20000000, Load base: 0x00000cc8, Size: 0x00000ef8, Max: 0x00004000, ABSOLUTE, COMPRESSED[0x00000480])

    Exec Addr    Load Addr    Size         Type   Attr      Idx    E Section Name        Object

    0x20000000   COMPRESSED   0x00000ad8   Data   RW            4    .data               main.o
    0x20000ad8   COMPRESSED   0x00000004   Data   RW          457    .data               lcd.o
    0x20000adc   COMPRESSED   0x00000008   Data   RW          674    .data               retarget.o
    0x20000ae4        -       0x0000000e   Zero   RW          455    .bss                lcd.o
    0x20000af2   COMPRESSED   0x00000006   PAD
    0x20000af8        -       0x00000400   Zero   RW          206    STACK               startup_cm0ds.o


==============================================================================

Image component sizes


      Code (inc. data)   RO Data    RW Data    ZI Data      Debug   Object Name

       306         72          0          0          0       6726   handler.o
       544         22       1520          4         14       6673   lcd.o
        56          6          0          0          0        573   led.o
        68          4          0       2776          0       8877   main.o
        32          0          0          8          0       2488   retarget.o
       146          4          0          0          0       1139   spriteram.o
       156          8         96          0       1024       1100   startup_cm0ds.o
        42          6          0          0          0       6421   system.o
        12          6          0          0          0        427   systick.o
        34          0          0          0          0       1796   uart.o

    ----------------------------------------------------------------------
      1402        128       1648       2788       1044      36220   Object Totals
         0          0         32          0          0          0   (incl. Generated)
         6          0          0          0          6          0   (incl. Padding)

    ----------------------------------------------------------------------

      Code (inc. data)   RO Data    RW Data    ZI Data      Debug   Library Member Name

        86          0          0          0          0          0   __dczerorl2.o
         0          0          0          0          0          0   entry.o
         0          0          0          0          0          0   entry10a.o
         0          0          0          0          0          0   entry11a.o
         8          4          0          0          0          0   entry2.o
         4          0          0          0          0          0   entry5.o
         0          0          0          0          0          0   entry7b.o
         0          0          0          0          0          0   entry8b.o
         8          4          0          0          0          0   entry9a.o
        30          0          0          0          0          0   handlers.o
        36          8          0          0          0         68   init.o
        50          8          0          0          0        144   printfb.o

    ----------------------------------------------------------------------
       222         24          0          0          0        212   Library Totals
         0          0          0          0          0          0   (incl. Padding)

    ----------------------------------------------------------------------

      Code (inc. data)   RO Data    RW Data    ZI Data      Debug   Library Name

       222         24          0          0          0        212   mc_p.l

    ----------------------------------------------------------------------
       222         24          0          0          0        212   Library Totals

    ----------------------------------------------------------------------

==============================================================================


      Code (inc. data)   RO Data    RW Data    ZI Data      Debug   

      1624        152       1648       2788       1044      35248   Grand Totals
      1624        152       1648       1152       1044      35248   ELF Image Totals (compressed)
      1624        152       1648       1152          0          0   ROM Totals

==============================================================================

    Total RO  Size (Code + RO Data)                 3272 (   3.20kB)
    Total RW  Size (RW Data + ZI Data)              3832 (   3.74kB)
    Total ROM Size (Code + RO Data + RW Data)       4424 (   4.32kB)

==============================================================================

