Component: ARM Compiler 5.06 update 6 (build 750) Tool: armlink [4d35ed]

==============================================================================

Section Cross References

    main.o(i.main) refers to uart.o(i.uart_init) for uart_init
    main.o(i.main) refers to pstwo.o(i.PS2_Init) for PS2_Init
    main.o(i.main) refers to spi_flash.o(i.SPI_Init) for SPI_Init
    main.o(i.main) refers to spi_flash.o(i.SPI_Flash_Erase_Block) for SPI_Flash_Erase_Block
    main.o(i.main) refers to spi_flash.o(i.SPI_Flash_Write_Page) for SPI_Flash_Write_Page
    main.o(i.main) refers to malloc.o(i.mymalloc) for mymalloc
    main.o(i.main) refers to spi_flash.o(i.SPI_Flash_Read) for SPI_Flash_Read
    main.o(i.main) refers to printf5.o(i.__0printf$5) for __2printf
    main.o(i.main) refers to malloc.o(i.myfree) for myfree
    main.o(i.main) refers to spriteram.o(i.writeOneSprite) for writeOneSprite
    main.o(i.main) refers to spriteram.o(i.clearNameTableAll) for clearNameTableAll
    main.o(i.main) refers to gameinterface.o(i.gameStartInterfaceShow) for gameStartInterfaceShow
    main.o(i.main) refers to gameinterface.o(i.gameCursorDraw) for gameCursorDraw
    main.o(i.main) refers to myplane.o(i.myPlane_Init) for myPlane_Init
    main.o(i.main) refers to myplane.o(i.myPlane_bulletInit) for myPlane_bulletInit
    main.o(i.main) refers to enemyplane.o(i.s_grey_planeInit) for s_grey_planeInit
    main.o(i.main) refers to enemyplane.o(i.s_green_planeInit) for s_green_planeInit
    main.o(i.main) refers to enemyplane.o(i.m_straight_planeInit) for m_straight_planeInit
    main.o(i.main) refers to enemyplane.o(i.b_green_planeInit) for b_green_planeInit
    main.o(i.main) refers to enemybullet.o(i.enmey_BulletInit) for enmey_BulletInit
    main.o(i.main) refers to boom.o(i.new_boomInit) for new_boomInit
    main.o(i.main) refers to spriteram.o(i.writeOneNametable) for writeOneNametable
    main.o(i.main) refers to pstwo.o(i.PS2_DataKey) for PS2_DataKey
    main.o(i.main) refers to main.o(.data) for map_konghaiyu
    main.o(i.main) refers to main.o(.bss) for myplane
    main.o(i.main) refers to systick.o(i.delay_ms) for delay_ms
    main.o(i.main) refers to rand.o(.text) for rand
    main.o(i.main) refers to idiv.o(.text) for __aeabi_idivmod
    main.o(i.main) refers to enemyplane.o(i.s_grey_createOnePlane) for s_grey_createOnePlane
    main.o(i.main) refers to enemyplane.o(i.s_green_createOnePlane) for s_green_createOnePlane
    main.o(i.main) refers to enemyplane.o(i.m_straight_createOnePlane) for m_straight_createOnePlane
    main.o(i.main) refers to enemyplane.o(i.b_green_createOnePlane) for b_green_createOnePlane
    main.o(i.main) refers to myplane.o(i.myPlane_createOneBullet) for myPlane_createOneBullet
    main.o(i.main) refers to myplane.o(i.myPlane_Act) for myPlane_Act
    main.o(i.main) refers to myplane.o(i.myPlane_updateBulletData) for myPlane_updateBulletData
    main.o(i.main) refers to enemyplane.o(i.s_grey_movePlane) for s_grey_movePlane
    main.o(i.main) refers to enemyplane.o(i.s_green_movePlane) for s_green_movePlane
    main.o(i.main) refers to enemyplane.o(i.m_straight_movePlane) for m_straight_movePlane
    main.o(i.main) refers to enemyplane.o(i.b_green_movePlane) for b_green_movePlane
    main.o(i.main) refers to enemybullet.o(i.updateEnemyBulletData) for updateEnemyBulletData
    main.o(i.main) refers to boom.o(i.new_updateBoomData) for new_updateBoomData
    main.o(i.main) refers to gamehitcheck.o(i.myBulletsMapCreate) for myBulletsMapCreate
    main.o(i.main) refers to gamehitcheck.o(i.enemyAndBulletMapCreate) for enemyAndBulletMapCreate
    main.o(i.main) refers to gamehitcheck.o(i.isHit_s_grey_EnemyPlane) for isHit_s_grey_EnemyPlane
    main.o(i.main) refers to gameinterface.o(i.gameScoreDraw) for gameScoreDraw
    main.o(i.main) refers to myplane.o(i.myPlane_Draw) for myPlane_Draw
    main.o(i.main) refers to myplane.o(i.myPlane_bulletDraw) for myPlane_bulletDraw
    main.o(i.main) refers to enemyplane.o(i.s_grey_drawPlane) for s_grey_drawPlane
    main.o(i.main) refers to enemyplane.o(i.s_green_drawPlane) for s_green_drawPlane
    main.o(i.main) refers to enemyplane.o(i.m_straight_drawPlane) for m_straight_drawPlane
    main.o(i.main) refers to enemyplane.o(i.b_green_drawPlane) for b_green_drawPlane
    main.o(i.main) refers to enemybullet.o(i.enmeyBulletDraw) for enmeyBulletDraw
    main.o(i.main) refers to boom.o(i.new_boomDraw) for new_boomDraw
    main.o(i.main) refers to ffltui.o(.text) for __aeabi_ui2f
    main.o(i.main) refers to fdiv.o(.text) for __aeabi_fdiv
    main.o(i.main) refers to gameinterface.o(i.endInterFaceDraw) for endInterFaceDraw
    main.o(i.main) refers to pstwo.o(.bss) for Data
    handler.o(i.KEY0) refers to led.o(i.LED_toggle) for LED_toggle
    handler.o(i.KEY1) refers to led.o(i.LED_toggle) for LED_toggle
    handler.o(i.KEY2) refers to led.o(i.LED_toggle) for LED_toggle
    handler.o(i.KEY3) refers to led.o(i.LED_toggle) for LED_toggle
[...]
    printf3.o(i.__0vfprintf$3) refers to retarget.o(i.fputc) for fputc
    printf3.o(i.__0vprintf$3) refers to printf3.o(i._printf_core) for _printf_core
    printf3.o(i.__0vprintf$3) refers to retarget.o(i.fputc) for fputc
    printf3.o(i.__0vprintf$3) refers to retarget.o(.data) for __stdout
    printf3.o(i.__0vsnprintf$3) refers to printf3.o(i._printf_core) for _printf_core
    printf3.o(i.__0vsnprintf$3) refers to printf3.o(i._snputc) for _snputc
    printf3.o(i.__0vsprintf$3) refers to printf3.o(i._printf_core) for _printf_core
    printf3.o(i.__0vsprintf$3) refers to printf3.o(i._sputc) for _sputc
    printf3.o(i._printf_core) refers to uidiv.o(.text) for __aeabi_uidivmod
    printf4.o(i.__0fprintf$4) refers to printf4.o(i._printf_core) for _printf_core
    printf4.o(i.__0fprintf$4) refers to retarget.o(i.fputc) for fputc
    printf4.o(i.__0printf$4) refers to printf4.o(i._printf_core) for _printf_core
    printf4.o(i.__0printf$4) refers to retarget.o(i.fputc) for fputc
    printf4.o(i.__0printf$4) refers to retarget.o(.data) for __stdout
    printf4.o(i.__0snprintf$4) refers to printf4.o(i._printf_core) for _printf_core
    printf4.o(i.__0snprintf$4) refers to printf4.o(i._snputc) for _snputc
    printf4.o(i.__0sprintf$4) refers to printf4.o(i._printf_core) for _printf_core
    printf4.o(i.__0sprintf$4) refers to printf4.o(i._sputc) for _sputc
    printf4.o(i.__0vfprintf$4) refers to printf4.o(i._printf_core) for _printf_core
    printf4.o(i.__0vfprintf$4) refers to retarget.o(i.fputc) for fputc
    printf4.o(i.__0vprintf$4) refers to printf4.o(i._printf_core) for _printf_core
    printf4.o(i.__0vprintf$4) refers to retarget.o(i.fputc) for fputc
    printf4.o(i.__0vprintf$4) refers to retarget.o(.data) for __stdout
    printf4.o(i.__0vsnprintf$4) refers to printf4.o(i._printf_core) for _printf_core
    printf4.o(i.__0vsnprintf$4) refers to printf4.o(i._snputc) for _snputc
    printf4.o(i.__0vsprintf$4) refers to printf4.o(i._printf_core) for _printf_core
    printf4.o(i.__0vsprintf$4) refers to printf4.o(i._sputc) for _sputc
    printf4.o(i._printf_core) refers to uldiv.o(.text) for __aeabi_uldivmod
    printf5.o(i.__0fprintf$5) refers to printf5.o(i._printf_core) for _printf_core
    printf5.o(i.__0fprintf$5) refers to retarget.o(i.fputc) for fputc
    printf5.o(i.__0printf$5) refers to printf5.o(i._printf_core) for _printf_core
    printf5.o(i.__0printf$5) refers to retarget.o(i.fputc) for fputc
    printf5.o(i.__0printf$5) refers to retarget.o(.data) for __stdout
    printf5.o(i.__0snprintf$5) refers to printf5.o(i._printf_core) for _printf_core
    printf5.o(i.__0snprintf$5) refers to printf5.o(i._snputc) for _snputc
    printf5.o(i.__0sprintf$5) refers to printf5.o(i._printf_core) for _printf_core
    printf5.o(i.__0sprintf$5) refers to printf5.o(i._sputc) for _sputc
    printf5.o(i.__0vfprintf$5) refers to printf5.o(i._printf_core) for _printf_core
    printf5.o(i.__0vfprintf$5) refers to retarget.o(i.fputc) for fputc
    printf5.o(i.__0vprintf$5) refers to printf5.o(i._printf_core) for _printf_core
    printf5.o(i.__0vprintf$5) refers to retarget.o(i.fputc) for fputc
    printf5.o(i.__0vprintf$5) refers to retarget.o(.data) for __stdout
    printf5.o(i.__0vsnprintf$5) refers to printf5.o(i._printf_core) for _printf_core
    printf5.o(i.__0vsnprintf$5) refers to printf5.o(i._snputc) for _snputc
    printf5.o(i.__0vsprintf$5) refers to printf5.o(i._printf_core) for _printf_core
    printf5.o(i.__0vsprintf$5) refers to printf5.o(i._sputc) for _sputc
    printf5.o(i._printf_core) refers to uldiv.o(.text) for __aeabi_uldivmod
    printf6.o(i.__0fprintf$6) refers to printf6.o(i._printf_core) for _printf_core
    printf6.o(i.__0fprintf$6) refers to retarget.o(i.fputc) for fputc
    printf6.o(i.__0printf$6) refers to printf6.o(i._printf_core) for _printf_core
    printf6.o(i.__0printf$6) refers to retarget.o(i.fputc) for fputc
    printf6.o(i.__0printf$6) refers to retarget.o(.data) for __stdout
    printf6.o(i.__0snprintf$6) refers to printf6.o(i._printf_core) for _printf_core
    printf6.o(i.__0snprintf$6) refers to printf6.o(i._snputc) for _snputc
    printf6.o(i.__0sprintf$6) refers to printf6.o(i._printf_core) for _printf_core
    printf6.o(i.__0sprintf$6) refers to printf6.o(i._sputc) for _sputc
    printf6.o(i.__0vfprintf$6) refers to printf6.o(i._printf_core) for _printf_core
    printf6.o(i.__0vfprintf$6) refers to retarget.o(i.fputc) for fputc
    printf6.o(i.__0vprintf$6) refers to printf6.o(i._printf_core) for _printf_core
    printf6.o(i.__0vprintf$6) refers to retarget.o(i.fputc) for fputc
    printf6.o(i.__0vprintf$6) refers to retarget.o(.data) for __stdout
    printf6.o(i.__0vsnprintf$6) refers to printf6.o(i._printf_core) for _printf_core
    printf6.o(i.__0vsnprintf$6) refers to printf6.o(i._snputc) for _snputc
    printf6.o(i.__0vsprintf$6) refers to printf6.o(i._printf_core) for _printf_core
    printf6.o(i.__0vsprintf$6) refers to printf6.o(i._sputc) for _sputc
    printf6.o(i._printf_core) refers to printf6.o(i._printf_pre_padding) for _printf_pre_padding
    printf6.o(i._printf_core) refers to printf6.o(i._printf_post_padding) for _printf_post_padding
    printf6.o(i._printf_core) refers to uidiv.o(.text) for __aeabi_uidivmod
    printf7.o(i.__0fprintf$7) refers to printf7.o(i._printf_core) for _printf_core
    printf7.o(i.__0fprintf$7) refers to retarget.o(i.fputc) for fputc
    printf7.o(i.__0printf$7) refers to printf7.o(i._printf_core) for _printf_core
    printf7.o(i.__0printf$7) refers to retarget.o(i.fputc) for fputc
    printf7.o(i.__0printf$7) refers to retarget.o(.data) for __stdout
    printf7.o(i.__0snprintf$7) refers to printf7.o(i._printf_core) for _printf_core
    printf7.o(i.__0snprintf$7) refers to printf7.o(i._snputc) for _snputc
    printf7.o(i.__0sprintf$7) refers to printf7.o(i._printf_core) for _printf_core
    printf7.o(i.__0sprintf$7) refers to printf7.o(i._sputc) for _sputc
    printf7.o(i.__0vfprintf$7) refers to printf7.o(i._printf_core) for _printf_core
    printf7.o(i.__0vfprintf$7) refers to retarget.o(i.fputc) for fputc
    printf7.o(i.__0vprintf$7) refers to printf7.o(i._printf_core) for _printf_core
    printf7.o(i.__0vprintf$7) refers to retarget.o(i.fputc) for fputc
    printf7.o(i.__0vprintf$7) refers to retarget.o(.data) for __stdout
    printf7.o(i.__0vsnprintf$7) refers to printf7.o(i._printf_core) for _printf_core
    printf7.o(i.__0vsnprintf$7) refers to printf7.o(i._snputc) for _snputc
    printf7.o(i.__0vsprintf$7) refers to printf7.o(i._printf_core) for _printf_core
    printf7.o(i.__0vsprintf$7) refers to printf7.o(i._sputc) for _sputc
    printf7.o(i._printf_core) refers to printf7.o(i._printf_pre_padding) for _printf_pre_padding
    printf7.o(i._printf_core) refers to printf7.o(i._printf_post_padding) for _printf_post_padding
    printf7.o(i._printf_core) refers to uldiv.o(.text) for __aeabi_uldivmod
    printf8.o(i.__0fprintf$8) refers to printf8.o(i._printf_core) for _printf_core
    printf8.o(i.__0fprintf$8) refers to retarget.o(i.fputc) for fputc
    printf8.o(i.__0printf$8) refers to printf8.o(i._printf_core) for _printf_core
    printf8.o(i.__0printf$8) refers to retarget.o(i.fputc) for fputc
    printf8.o(i.__0printf$8) refers to retarget.o(.data) for __stdout
    printf8.o(i.__0snprintf$8) refers to printf8.o(i._printf_core) for _printf_core
    printf8.o(i.__0snprintf$8) refers to printf8.o(i._snputc) for _snputc
    printf8.o(i.__0sprintf$8) refers to printf8.o(i._printf_core) for _printf_core
    printf8.o(i.__0sprintf$8) refers to printf8.o(i._sputc) for _sputc
    printf8.o(i.__0vfprintf$8) refers to printf8.o(i._printf_core) for _printf_core
    printf8.o(i.__0vfprintf$8) refers to retarget.o(i.fputc) for fputc
    printf8.o(i.__0vprintf$8) refers to printf8.o(i._printf_core) for _printf_core
    printf8.o(i.__0vprintf$8) refers to retarget.o(i.fputc) for fputc
    printf8.o(i.__0vprintf$8) refers to retarget.o(.data) for __stdout
    printf8.o(i.__0vsnprintf$8) refers to printf8.o(i._printf_core) for _printf_core
    printf8.o(i.__0vsnprintf$8) refers to printf8.o(i._snputc) for _snputc
    printf8.o(i.__0vsprintf$8) refers to printf8.o(i._printf_core) for _printf_core
    printf8.o(i.__0vsprintf$8) refers to printf8.o(i._sputc) for _sputc
    printf8.o(i._printf_core) refers to printf8.o(i._printf_pre_padding) for _printf_pre_padding
    printf8.o(i._printf_core) refers to printf8.o(i._printf_post_padding) for _printf_post_padding
    printf8.o(i._printf_core) refers to uldiv.o(.text) for __aeabi_uldivmod
    printfa.o(i.__0fprintf) refers (Special) to iusefp.o(.text) for __I$use$fp
    printfa.o(i.__0fprintf) refers to printfa.o(i._printf_core) for _printf_core
    printfa.o(i.__0fprintf) refers to retarget.o(i.fputc) for fputc
    printfa.o(i.__0printf) refers (Special) to iusefp.o(.text) for __I$use$fp
    printfa.o(i.__0printf) refers to printfa.o(i._printf_core) for _printf_core
    printfa.o(i.__0printf) refers to retarget.o(i.fputc) for fputc
    printfa.o(i.__0printf) refers to retarget.o(.data) for __stdout
    printfa.o(i.__0snprintf) refers (Special) to iusefp.o(.text) for __I$use$fp
    printfa.o(i.__0snprintf) refers to printfa.o(i._printf_core) for _printf_core
    printfa.o(i.__0snprintf) refers to printfa.o(i._snputc) for _snputc
    printfa.o(i.__0sprintf) refers (Special) to iusefp.o(.text) for __I$use$fp
    printfa.o(i.__0sprintf) refers to printfa.o(i._printf_core) for _printf_core
    printfa.o(i.__0sprintf) refers to printfa.o(i._sputc) for _sputc
    printfa.o(i.__0vfprintf) refers (Special) to iusefp.o(.text) for __I$use$fp
    printfa.o(i.__0vfprintf) refers to printfa.o(i._printf_core) for _printf_core
    printfa.o(i.__0vfprintf) refers to retarget.o(i.fputc) for fputc
    printfa.o(i.__0vprintf) refers (Special) to iusefp.o(.text) for __I$use$fp
    printfa.o(i.__0vprintf) refers to printfa.o(i._printf_core) for _printf_core
    printfa.o(i.__0vprintf) refers to retarget.o(i.fputc) for fputc
    printfa.o(i.__0vprintf) refers to retarget.o(.data) for __stdout
    printfa.o(i.__0vsnprintf) refers (Special) to iusefp.o(.text) for __I$use$fp
    printfa.o(i.__0vsnprintf) refers to printfa.o(i._printf_core) for _printf_core
    printfa.o(i.__0vsnprintf) refers to printfa.o(i._snputc) for _snputc
    printfa.o(i.__0vsprintf) refers (Special) to iusefp.o(.text) for __I$use$fp
    printfa.o(i.__0vsprintf) refers to printfa.o(i._printf_core) for _printf_core
    printfa.o(i.__0vsprintf) refers to printfa.o(i._sputc) for _sputc
    printfa.o(i._fp_digits) refers (Special) to iusefp.o(.text) for __I$use$fp
    printfa.o(i._fp_digits) refers to dmul.o(.text) for __aeabi_dmul
    printfa.o(i._fp_digits) refers to ddiv.o(.text) for __aeabi_ddiv
    printfa.o(i._fp_digits) refers to cdrcmple.o(.text) for __aeabi_cdrcmple
    printfa.o(i._fp_digits) refers to dadd.o(.text) for __aeabi_dadd
    printfa.o(i._fp_digits) refers to dfixul.o(.text) for __aeabi_d2ulz
    printfa.o(i._fp_digits) refers to uldiv.o(.text) for __aeabi_uldivmod
    printfa.o(i._printf_core) refers (Special) to iusefp.o(.text) for __I$use$fp
    printfa.o(i._printf_core) refers to printfa.o(i._printf_pre_padding) for _printf_pre_padding
    printfa.o(i._printf_core) refers to uldiv.o(.text) for __aeabi_uldivmod
    printfa.o(i._printf_core) refers to printfa.o(i._printf_post_padding) for _printf_post_padding
    printfa.o(i._printf_core) refers to printfa.o(i._fp_digits) for _fp_digits
    printfa.o(i._printf_core) refers to uidiv.o(.text) for __aeabi_uidivmod
    printfa.o(i._printf_post_padding) refers (Special) to iusefp.o(.text) for __I$use$fp
    printfa.o(i._printf_pre_padding) refers (Special) to iusefp.o(.text) for __I$use$fp
    printfa.o(i._snputc) refers (Special) to iusefp.o(.text) for __I$use$fp
    printfa.o(i._sputc) refers (Special) to iusefp.o(.text) for __I$use$fp
    fadd.o(.text) refers (Special) to iusefp.o(.text) for __I$use$fp
    fadd.o(.text) refers to fepilogue.o(.text) for _float_epilogue
    fmul.o(.text) refers (Special) to iusefp.o(.text) for __I$use$fp
    fdiv.o(.text) refers (Special) to iusefp.o(.text) for __I$use$fp
    fdiv.o(.text) refers to fepilogue.o(.text) for _float_round
    fflti.o(.text) refers (Special) to iusefp.o(.text) for __I$use$fp
    fflti.o(.text) refers to fepilogue.o(.text) for _float_epilogue
    ffltui.o(.text) refers (Special) to iusefp.o(.text) for __I$use$fp
    ffltui.o(.text) refers to fepilogue.o(.text) for _float_epilogue
    ffixui.o(.text) refers (Special) to iusefp.o(.text) for __I$use$fp
    cfrcmple.o(.text) refers (Special) to iusefp.o(.text) for __I$use$fp
    entry2.o(.ARM.Collect$$$$00000001) refers to entry2.o(.ARM.Collect$$$$00002712) for __lit__00000000
    entry2.o(.ARM.Collect$$$$00002712) refers to startup_cm0ds.o(STACK) for __initial_sp
    entry2.o(__vectab_stack_and_reset_area) refers to startup_cm0ds.o(STACK) for __initial_sp
    entry2.o(__vectab_stack_and_reset_area) refers to entry.o(.ARM.Collect$$$$00000000) for __main
    entry5.o(.ARM.Collect$$$$00000004) refers to init.o(.text) for __scatterload
    entry9a.o(.ARM.Collect$$$$0000000B) refers to main.o(i.main) for main
    entry9b.o(.ARM.Collect$$$$0000000C) refers to main.o(i.main) for main
    uldiv.o(.text) refers to llushr.o(.text) for __aeabi_llsr
    uldiv.o(.text) refers to llshl.o(.text) for __aeabi_llsl
    dadd.o(.text) refers to llshl.o(.text) for __aeabi_llsl
    dadd.o(.text) refers to llsshr.o(.text) for __aeabi_lasr
    dadd.o(.text) refers to depilogue.o(.text) for _double_epilogue
    dmul.o(.text) refers to depilogue.o(.text) for _double_epilogue
    ddiv.o(.text) refers to depilogue.o(.text) for _double_round
    dfixul.o(.text) refers to llushr.o(.text) for __aeabi_llsr
    dfixul.o(.text) refers to llshl.o(.text) for __aeabi_llsl
    init.o(.text) refers to entry5.o(.ARM.Collect$$$$00000004) for __main_after_scatterload
    depilogue.o(.text) refers to depilogue.o(i.__ARM_clz) for __ARM_clz
    depilogue.o(.text) refers to llshl.o(.text) for __aeabi_llsl
    depilogue.o(.text) refers to llushr.o(.text) for __aeabi_llsr


==============================================================================

Removing Unused input sections from the image.

    Removing main.o(.rev16_text), (4 bytes).
    Removing main.o(.revsh_text), (4 bytes).
    Removing handler.o(.rev16_text), (4 bytes).
    Removing handler.o(.revsh_text), (4 bytes).
    Removing startup_cm0ds.o(HEAP), (1024 bytes).
    Removing system.o(.rev16_text), (4 bytes).
    Removing system.o(.revsh_text), (4 bytes).
    Removing system.o(i.SystemCoreClockUpdate), (16 bytes).
    Removing system.o(.data), (4 bytes).
    Removing camera.o(i.CAMERA_Command), (42 bytes).
    Removing camera.o(i.CAMERA_Initial), (800 bytes).
    Removing camera.o(i.CAMERA_NA), (44 bytes).
    Removing camera.o(i.CAMERA_Read_Byte), (64 bytes).
    Removing camera.o(i.CAMERA_Read_Reg), (64 bytes).
    Removing camera.o(i.CAMERA_Start), (32 bytes).
    Removing camera.o(i.CAMERA_Stop), (34 bytes).
    Removing camera.o(i.CAMERA_Waite), (24 bytes).
    Removing camera.o(i.CAMERA_Write_Byte), (94 bytes).
    Removing camera.o(i.Clr_CAMERA_PWDN), (12 bytes).
    Removing camera.o(i.Clr_CAMERA_RST), (12 bytes).
    Removing camera.o(i.Clr_CAMERA_SCL), (12 bytes).
    Removing camera.o(i.Clr_CAMERA_SDA), (12 bytes).
    Removing camera.o(i.Read_CAMERA_DATA_STATE), (12 bytes).
    Removing camera.o(i.Read_CAMERA_SDA), (12 bytes).
    Removing camera.o(i.Set_CAMERA_DATA_STATE), (12 bytes).
    Removing camera.o(i.Set_CAMERA_PWDN), (12 bytes).
    Removing camera.o(i.Set_CAMERA_RST), (12 bytes).
    Removing camera.o(i.Set_CAMERA_SCL), (12 bytes).
    Removing camera.o(i.Set_CAMERA_SDA), (12 bytes).
    Removing camera.o(i.Set_CAMERA_SDA_R), (12 bytes).
    Removing camera.o(i.Set_CAMERA_SDA_W), (12 bytes).
    Removing camera.o(i.photo), (20 bytes).
    Removing camera.o(.constdata), (4769 bytes).
    Removing key.o(i.KEY_INIT), (12 bytes).
    Removing key.o(i.READ_KEY), (12 bytes).
    Removing lcd.o(i.Gui_Drawbmp16), (100 bytes).
    Removing lcd.o(i.LCD_Clear), (108 bytes).
    Removing lcd.o(i.LCD_Color_Fill), (90 bytes).
    Removing lcd.o(i.LCD_DisplayOff), (10 bytes).
    Removing lcd.o(i.LCD_DisplayOn), (10 bytes).
    Removing lcd.o(i.LCD_Display_Dir), (120 bytes).
    Removing lcd.o(i.LCD_DrawLine), (178 bytes).
    Removing lcd.o(i.LCD_DrawPoint), (32 bytes).
    Removing lcd.o(i.LCD_Fill), (80 bytes).
    Removing lcd.o(i.LCD_Init), (664 bytes).
    Removing lcd.o(i.LCD_Pow), (26 bytes).
    Removing lcd.o(i.LCD_RD_DATA), (36 bytes).
    Removing lcd.o(i.LCD_ReadReg), (24 bytes).
    Removing lcd.o(i.LCD_Scan_Dir), (744 bytes).
    Removing lcd.o(i.LCD_SetCursor), (52 bytes).
    Removing lcd.o(i.LCD_Set_Window), (84 bytes).
    Removing lcd.o(i.LCD_ShowChar1), (288 bytes).
    Removing lcd.o(i.LCD_ShowNum), (146 bytes).
    Removing lcd.o(i.LCD_ShowxNum), (200 bytes).
    Removing lcd.o(i.LCD_WriteRAM), (12 bytes).
    Removing lcd.o(i.LCD_WriteRAM_Prepare), (16 bytes).
    Removing lcd.o(i.LCD_WriteReg), (20 bytes).
    Removing lcd.o(i.Paint8x8x2bin), (224 bytes).
    Removing lcd.o(i.Paint_PicBin), (112 bytes).
    Removing lcd.o(i.ReadData), (10 bytes).
    Removing lcd.o(i.Show_Str), (200 bytes).
    Removing lcd.o(i.opt_delay), (14 bytes).
    Removing led.o(i.LED_down), (24 bytes).
    Removing led.o(i.LED_on), (24 bytes).
    Removing led.o(i.led_ctrl), (56 bytes).
    Removing retarget.o(i._sys_exit), (4 bytes).
    Removing retarget.o(i._ttywrch), (16 bytes).
    Removing retarget.o(i.ferror), (8 bytes).
    Removing retarget.o(i.fgetc), (34 bytes).
    Removing spi_flash.o(i.SPI_FLASH_Clear_SR), (36 bytes).
    Removing spi_flash.o(i.SPI_FLASH_Write_Disable), (28 bytes).
    Removing spi_flash.o(i.SPI_FLASH_Write_SR), (36 bytes).
    Removing spi_flash.o(i.SPI_Flash_Erase_Chip), (40 bytes).
    Removing spi_flash.o(i.SPI_Flash_Erase_Sector), (64 bytes).
    Removing spi_flash.o(i.SPI_Flash_ReadID), (68 bytes).
    Removing spi_flash.o(i.SPI_Flash_Write_Max65536), (208 bytes).
    Removing spi_flash.o(i.SPI_Flash_Write_NoCheck), (68 bytes).
    Removing systick.o(.rev16_text), (4 bytes).
    Removing systick.o(.revsh_text), (4 bytes).
    Removing systick.o(i.Read_SysTick_VALUE), (12 bytes).
    Removing systick.o(i.Timer_Ini), (44 bytes).
    Removing systick.o(i.Timer_Stop), (36 bytes).
    Removing timer.o(i.TIMER_1_Init), (32 bytes).
    Removing timer.o(i.TIMER_Init), (32 bytes).
    Removing uart.o(i.uart_ClearOverrunStatus), (16 bytes).
    Removing uart.o(i.uart_GetBaudDivider), (6 bytes).
    Removing uart.o(i.uart_GetOverrunStatus), (12 bytes).
    Removing uart.o(i.uart_GetRxBufferFull), (12 bytes).
    Removing uart.o(i.uart_GetRxIRQStatus), (12 bytes).
    Removing uart.o(i.uart_GetTxBufferFull), (10 bytes).
    Removing uart.o(i.uart_GetTxIRQStatus), (10 bytes).
    Removing uart.o(i.uart_ReceiveChar), (20 bytes).
    Removing uart.o(i.uart_SendString), (34 bytes).
    Removing malloc.o(i.mymemcpy), (26 bytes).
    Removing malloc.o(i.myrealloc), (56 bytes).
    Removing malloc.o(.constdata), (12 bytes).
    Removing spriteram.o(i.clearNameTableOneline), (28 bytes).
    Removing spriteram.o(i.nameTablePicture), (36 bytes).
    Removing spriteram.o(i.scroll_Init), (12 bytes).
    Removing pstwo.o(i.PS2_AnologData), (12 bytes).
    Removing pstwo.o(i.PS2_EnterConfing), (88 bytes).
    Removing pstwo.o(i.PS2_ExitConfing), (88 bytes).
    Removing pstwo.o(i.PS2_RedLight), (60 bytes).
    Removing pstwo.o(i.PS2_SetInit), (28 bytes).
    Removing pstwo.o(i.PS2_ShortPoll), (64 bytes).
    Removing pstwo.o(i.PS2_TurnOnAnalogMode), (80 bytes).
    Removing pstwo.o(i.PS2_Vibration), (92 bytes).
    Removing pstwo.o(i.PS2_VibrationMode), (64 bytes).
    Removing gamehitcheck.o(i.isMyPlaneHit), (140 bytes).
    Removing dadd.o(.text), (356 bytes).
    Removing dmul.o(.text), (208 bytes).
    Removing ddiv.o(.text), (240 bytes).
    Removing dfixul.o(.text), (64 bytes).
    Removing cdrcmple.o(.text), (40 bytes).
    Removing depilogue.o(.text), (190 bytes).
    Removing depilogue.o(i.__ARM_clz), (46 bytes).

116 unused section(s) (total 13875 bytes) removed from the image.

==============================================================================

Image Symbol Table

    Local Symbols

    Symbol Name                              Value     Ov Type        Size  Object(Section)

    RESET                                    0x00000000   Section      100  startup_cm0ds.o(RESET)
    ../clib/../cmprslib/lz77c.c              0x00000000   Number         0  __dclz77c.o ABSOLUTE
    ../clib/microlib/division.c              0x00000000   Number         0  uldiv.o ABSOLUTE
    ../clib/microlib/division.c              0x00000000   Number         0  idiv.o ABSOLUTE
    ../clib/microlib/division.c              0x00000000   Number         0  uidiv.o ABSOLUTE
    ../clib/microlib/init/entry.s            0x00000000   Number         0  entry7b.o ABSOLUTE
    ../clib/microlib/init/entry.s            0x00000000   Number         0  entry5.o ABSOLUTE
    ../clib/microlib/init/entry.s            0x00000000   Number         0  entry10a.o ABSOLUTE
    ../clib/microlib/init/entry.s            0x00000000   Number         0  entry.o ABSOLUTE
    ../clib/microlib/init/entry.s            0x00000000   Number         0  entry2.o ABSOLUTE
    ../clib/microlib/init/entry.s            0x00000000   Number         0  entry9b.o ABSOLUTE
    ../clib/microlib/init/entry.s            0x00000000   Number         0  entry11a.o ABSOLUTE
    ../clib/microlib/init/entry.s            0x00000000   Number         0  entry11b.o ABSOLUTE
    ../clib/microlib/init/entry.s            0x00000000   Number         0  entry7a.o ABSOLUTE
    ../clib/microlib/init/entry.s            0x00000000   Number         0  entry10b.o ABSOLUTE
    ../clib/microlib/init/entry.s            0x00000000   Number         0  entry8a.o ABSOLUTE
    ../clib/microlib/init/entry.s            0x00000000   Number         0  entry8b.o ABSOLUTE
    ../clib/microlib/init/entry.s            0x00000000   Number         0  entry9a.o ABSOLUTE
    ../clib/microlib/longlong.c              0x00000000   Number         0  llshl.o ABSOLUTE
    ../clib/microlib/longlong.c              0x00000000   Number         0  llushr.o ABSOLUTE
    ../clib/microlib/longlong.c              0x00000000   Number         0  llsshr.o ABSOLUTE
    ../clib/microlib/printf/printf.c         0x00000000   Number         0  printf6.o ABSOLUTE
    ../clib/microlib/printf/printf.c         0x00000000   Number         0  printf5.o ABSOLUTE
    ../clib/microlib/printf/printf.c         0x00000000   Number         0  printf4.o ABSOLUTE
    ../clib/microlib/printf/printf.c         0x00000000   Number         0  printf3.o ABSOLUTE
    ../clib/microlib/printf/printf.c         0x00000000   Number         0  printf2.o ABSOLUTE
    ../clib/microlib/printf/printf.c         0x00000000   Number         0  printf1.o ABSOLUTE
    ../clib/microlib/printf/printf.c         0x00000000   Number         0  printf0.o ABSOLUTE
    ../clib/microlib/printf/printf.c         0x00000000   Number         0  printfb.o ABSOLUTE
    ../clib/microlib/printf/printf.c         0x00000000   Number         0  printf7.o ABSOLUTE
    ../clib/microlib/printf/printf.c         0x00000000   Number         0  printfa.o ABSOLUTE
    ../clib/microlib/printf/printf.c         0x00000000   Number         0  printf8.o ABSOLUTE
    ../clib/microlib/printf/stubs.s          0x00000000   Number         0  stubs.o ABSOLUTE
    ../clib/microlib/stdlib/rand.c           0x00000000   Number         0  rand.o ABSOLUTE
    ../clib/microlib/string/strlen.c         0x00000000   Number         0  strlen.o ABSOLUTE
    ../clib/microlib/stubs.s                 0x00000000   Number         0  iusefp.o ABSOLUTE
    ../fplib/microlib/fpadd.c                0x00000000   Number         0  dadd.o ABSOLUTE
    ../fplib/microlib/fpadd.c                0x00000000   Number         0  fadd.o ABSOLUTE
    ../fplib/microlib/fpdiv.c                0x00000000   Number         0  ddiv.o ABSOLUTE
    ../fplib/microlib/fpdiv.c                0x00000000   Number         0  fdiv.o ABSOLUTE
    ../fplib/microlib/fpepilogue.c           0x00000000   Number         0  fepilogue.o ABSOLUTE
    ../fplib/microlib/fpepilogue.c           0x00000000   Number         0  depilogue.o ABSOLUTE
    ../fplib/microlib/fpfix.c                0x00000000   Number         0  dfixul.o ABSOLUTE
    ../fplib/microlib/fpfix.c                0x00000000   Number         0  ffixui.o ABSOLUTE
    ../fplib/microlib/fpflt.c                0x00000000   Number         0  ffltui.o ABSOLUTE
    ../fplib/microlib/fpflt.c                0x00000000   Number         0  fflti.o ABSOLUTE
    ../fplib/microlib/fpmul.c                0x00000000   Number         0  dmul.o ABSOLUTE
    ../fplib/microlib/fpmul.c                0x00000000   Number         0  fmul.o ABSOLUTE
    ..\CORE\handler.c                        0x00000000   Number         0  handler.o ABSOLUTE
    ..\CORE\startup_CM0DS.s                  0x00000000   Number         0  startup_cm0ds.o ABSOLUTE
    ..\CORE\system.c                         0x00000000   Number         0  system.o ABSOLUTE
    ..\DEVICE\Retarget.c                     0x00000000   Number         0  retarget.o ABSOLUTE
    ..\DEVICE\camera.c                       0x00000000   Number         0  camera.o ABSOLUTE
    ..\DEVICE\key.c                          0x00000000   Number         0  key.o ABSOLUTE
    ..\DEVICE\lcd.c                          0x00000000   Number         0  lcd.o ABSOLUTE
    ..\DEVICE\led.c                          0x00000000   Number         0  led.o ABSOLUTE
    ..\DEVICE\malloc.c                       0x00000000   Number         0  malloc.o ABSOLUTE
    ..\DEVICE\pstwo.c                        0x00000000   Number         0  pstwo.o ABSOLUTE
    ..\DEVICE\spi_flash.c                    0x00000000   Number         0  spi_flash.o ABSOLUTE
    ..\DEVICE\spriteRam.c                    0x00000000   Number         0  spriteram.o ABSOLUTE
    ..\DEVICE\systick.c                      0x00000000   Number         0  systick.o ABSOLUTE
    ..\DEVICE\timer.c                        0x00000000   Number         0  timer.o ABSOLUTE
    ..\DEVICE\uart.c                         0x00000000   Number         0  uart.o ABSOLUTE
    ..\MY_GAME\boom.c                        0x00000000   Number         0  boom.o ABSOLUTE
    ..\MY_GAME\enemyBullet.c                 0x00000000   Number         0  enemybullet.o ABSOLUTE
    ..\MY_GAME\enemyPlane.c                  0x00000000   Number         0  enemyplane.o ABSOLUTE
    ..\MY_GAME\gameHitCheck.c                0x00000000   Number         0  gamehitcheck.o ABSOLUTE
    ..\MY_GAME\gameInterFace.c               0x00000000   Number         0  gameinterface.o ABSOLUTE
    ..\MY_GAME\myPlane.c                     0x00000000   Number         0  myplane.o ABSOLUTE
    ..\\CORE\\handler.c                      0x00000000   Number         0  handler.o ABSOLUTE
    ..\\CORE\\system.c                       0x00000000   Number         0  system.o ABSOLUTE
    ..\\DEVICE\\systick.c                    0x00000000   Number         0  systick.o ABSOLUTE
    cdrcmple.s                               0x00000000   Number         0  cdrcmple.o ABSOLUTE
    cfrcmple.s                               0x00000000   Number         0  cfrcmple.o ABSOLUTE
    dc.s                                     0x00000000   Number         0  dc.o ABSOLUTE
    handlers.s                               0x00000000   Number         0  handlers.o ABSOLUTE
    init.s                                   0x00000000   Number         0  init.o ABSOLUTE
    main.c                                   0x00000000   Number         0  main.o ABSOLUTE
    main.c                                   0x00000000   Number         0  main.o ABSOLUTE
    .ARM.Collect$$$$00000000                 0x00000064   Section        0  entry.o(.ARM.Collect$$$$00000000)
    .ARM.Collect$$$$00000001                 0x00000064   Section        4  entry2.o(.ARM.Collect$$$$00000001)
    .ARM.Collect$$$$00000004                 0x00000068   Section        4  entry5.o(.ARM.Collect$$$$00000004)
    .ARM.Collect$$$$00000008                 0x0000006c   Section        0  entry7b.o(.ARM.Collect$$$$00000008)
    .ARM.Collect$$$$0000000A                 0x0000006c   Section        0  entry8b.o(.ARM.Collect$$$$0000000A)
    .ARM.Collect$$$$0000000B                 0x0000006c   Section        8  entry9a.o(.ARM.Collect$$$$0000000B)
    .ARM.Collect$$$$0000000D                 0x00000074   Section        0  entry10a.o(.ARM.Collect$$$$0000000D)
    .ARM.Collect$$$$0000000F                 0x00000074   Section        0  entry11a.o(.ARM.Collect$$$$0000000F)
    .ARM.Collect$$$$00002712                 0x00000074   Section        4  entry2.o(.ARM.Collect$$$$00002712)
    __lit__00000000                          0x00000074   Data           4  entry2.o(.ARM.Collect$$$$00002712)
    .text                                    0x00000078   Section      164  startup_cm0ds.o(.text)
    .text                                    0x0000011c   Section        0  uidiv.o(.text)
    .text                                    0x00000148   Section        0  idiv.o(.text)
    .text                                    0x00000170   Section        0  rand.o(.text)
    .text                                    0x00000194   Section        0  fadd.o(.text)
    .text                                    0x00000246   Section        0  fmul.o(.text)
    .text                                    0x000002c0   Section        0  fdiv.o(.text)
    .text                                    0x0000033c   Section        0  fflti.o(.text)
    .text                                    0x00000352   Section        0  ffltui.o(.text)
    .text                                    0x00000360   Section        0  ffixui.o(.text)
    .text                                    0x00000388   Section       20  cfrcmple.o(.text)
    .text                                    0x0000039c   Section        0  uldiv.o(.text)
    .text                                    0x000003fc   Section        0  iusefp.o(.text)
    .text                                    0x000003fc   Section        0  fepilogue.o(.text)
    .text                                    0x00000480   Section       36  init.o(.text)
    .text                                    0x000004a4   Section        0  llshl.o(.text)
    .text                                    0x000004c4   Section        0  llushr.o(.text)
    .text                                    0x000004e6   Section        0  __dclz77c.o(.text)
    i.BusFaultHandler                        0x00000546   Section        0  handler.o(i.BusFaultHandler)
    i.DebugMonHandler                        0x00000548   Section        0  handler.o(i.DebugMonHandler)
    i.HardFaultHandler                       0x0000054a   Section        0  handler.o(i.HardFaultHandler)
    i.Is_SPI_Ready                           0x0000054c   Section        0  spi_flash.o(i.Is_SPI_Ready)
    i.KEY0                                   0x00000558   Section        0  handler.o(i.KEY0)
    i.KEY1                                   0x00000562   Section        0  handler.o(i.KEY1)
    i.KEY2                                   0x0000056c   Section        0  handler.o(i.KEY2)
    i.KEY3                                   0x00000576   Section        0  handler.o(i.KEY3)
    i.LCD_Fast_DrawPoint                     0x00000580   Section        0  lcd.o(i.LCD_Fast_DrawPoint)
    i.LCD_ShowChar                           0x000005dc   Section        0  lcd.o(i.LCD_ShowChar)
    i.LCD_ShowString                         0x000006ec   Section        0  lcd.o(i.LCD_ShowString)
    i.LCD_WR_DATA                            0x0000074e   Section        0  lcd.o(i.LCD_WR_DATA)
    i.LCD_WR_REG                             0x00000774   Section        0  lcd.o(i.LCD_WR_REG)
    i.LED_toggle                             0x00000798   Section        0  led.o(i.LED_toggle)
    i.MakeData                               0x000007d0   Section        0  lcd.o(i.MakeData)
    i.MemManageHandler                       0x000007d8   Section        0  handler.o(i.MemManageHandler)
    i.NMIHandler                             0x000007da   Section        0  handler.o(i.NMIHandler)
    i.NVIC_EnableIRQ                         0x000007dc   Section        0  system.o(i.NVIC_EnableIRQ)
    NVIC_EnableIRQ                           0x000007dd   Thumb Code    14  system.o(i.NVIC_EnableIRQ)
    i.PS2_ClearData                          0x000007f0   Section        0  pstwo.o(i.PS2_ClearData)
    i.PS2_Cmd                                0x00000808   Section        0  pstwo.o(i.PS2_Cmd)
    i.PS2_DataKey                            0x0000088c   Section        0  pstwo.o(i.PS2_DataKey)
    i.PS2_Init                               0x000008e0   Section        0  pstwo.o(i.PS2_Init)
    i.PS2_ReadData                           0x000008f0   Section        0  pstwo.o(i.PS2_ReadData)
    i.PendSVHandler                          0x00000998   Section        0  handler.o(i.PendSVHandler)
    i.SPI_FLASH_Write_Enable                 0x0000099c   Section        0  spi_flash.o(i.SPI_FLASH_Write_Enable)
    i.SPI_Flash_Erase_Block                  0x000009b8   Section        0  spi_flash.o(i.SPI_Flash_Erase_Block)
    i.SPI_Flash_Read                         0x000009f8   Section        0  spi_flash.o(i.SPI_Flash_Read)
    i.SPI_Flash_ReadSR                       0x00000a44   Section        0  spi_flash.o(i.SPI_Flash_ReadSR)
    i.SPI_Flash_Wait_Busy                    0x00000a6c   Section        0  spi_flash.o(i.SPI_Flash_Wait_Busy)
    i.SPI_Flash_Write_Page                   0x00000a80   Section        0  spi_flash.o(i.SPI_Flash_Write_Page)
    i.SPI_Init                               0x00000ad0   Section        0  spi_flash.o(i.SPI_Init)
    i.SPI_ReadWriteByte                      0x00000ae0   Section        0  spi_flash.o(i.SPI_ReadWriteByte)
    i.SPI_SendData                           0x00000b28   Section        0  spi_flash.o(i.SPI_SendData)
    i.SVCHandler                             0x00000b3c   Section        0  handler.o(i.SVCHandler)
    i.Set_SysTick_CTRL                       0x00000b40   Section        0  systick.o(i.Set_SysTick_CTRL)
    i.Set_SysTick_LOAD                       0x00000b4c   Section        0  systick.o(i.Set_SysTick_LOAD)
    i.Set_SysTick_VALUE                      0x00000b58   Section        0  systick.o(i.Set_SysTick_VALUE)
    i.SysTickHandler                         0x00000b64   Section        0  handler.o(i.SysTickHandler)
    i.SystemInit                             0x00000b80   Section        0  system.o(i.SystemInit)
    i.Timer_Handler                          0x00000b9c   Section        0  handler.o(i.Timer_Handler)
    i.UARTOVRHandler                         0x00000b9e   Section        0  handler.o(i.UARTOVRHandler)
    i.UARTRXHandler                          0x00000ba0   Section        0  handler.o(i.UARTRXHandler)
    i.UARTTXHandler                          0x00000bd0   Section        0  handler.o(i.UARTTXHandler)
    i.UsageFaultHandler                      0x00000c0c   Section        0  handler.o(i.UsageFaultHandler)
    i.__0printf$5                            0x00000c10   Section        0  printf5.o(i.__0printf$5)
    i.__ARM_common_switch8                   0x00000c30   Section        0  lcd.o(i.__ARM_common_switch8)
    i.__scatterload_copy                     0x00000c4c   Section       14  handlers.o(i.__scatterload_copy)
    i.__scatterload_null                     0x00000c5a   Section        2  handlers.o(i.__scatterload_null)
    i.__scatterload_zeroinit                 0x00000c5c   Section       14  handlers.o(i.__scatterload_zeroinit)
    i._printf_core                           0x00000c6c   Section        0  printf5.o(i._printf_core)
    _printf_core                             0x00000c6d   Thumb Code   688  printf5.o(i._printf_core)
    i.b_green_createOnePlane                 0x00000f48   Section        0  enemyplane.o(i.b_green_createOnePlane)
    i.b_green_drawPlane                      0x00000ffc   Section        0  enemyplane.o(i.b_green_drawPlane)
    i.b_green_movePlane                      0x00001250   Section        0  enemyplane.o(i.b_green_movePlane)
    i.b_green_planeInit                      0x00001508   Section        0  enemyplane.o(i.b_green_planeInit)
    i.clearNameTableAll                      0x00001554   Section        0  spriteram.o(i.clearNameTableAll)
    i.delay                                  0x0000157a   Section        0  systick.o(i.delay)
    i.delay_ms                               0x0000159c   Section        0  systick.o(i.delay_ms)
    i.delay_us                               0x000015b8   Section        0  systick.o(i.delay_us)
    i.endInterFaceDraw                       0x000015d0   Section        0  gameinterface.o(i.endInterFaceDraw)
    i.enemyAndBulletMapCreate                0x000016c4   Section        0  gamehitcheck.o(i.enemyAndBulletMapCreate)
    i.enmeyBulletDraw                        0x000017e8   Section        0  enemybullet.o(i.enmeyBulletDraw)
    i.enmey_BulletInit                       0x00001834   Section        0  enemybullet.o(i.enmey_BulletInit)
    i.fputc                                  0x00001854   Section        0  retarget.o(i.fputc)
    i.gameCursorDraw                         0x00001874   Section        0  gameinterface.o(i.gameCursorDraw)
    i.gameScoreDraw                          0x000018d2   Section        0  gameinterface.o(i.gameScoreDraw)
    i.gameStartInterfaceShow                 0x00001984   Section        0  gameinterface.o(i.gameStartInterfaceShow)
    i.isHit_s_grey_EnemyPlane                0x00001aec   Section        0  gamehitcheck.o(i.isHit_s_grey_EnemyPlane)
    i.m_straight_createOnePlane              0x00001c64   Section        0  enemyplane.o(i.m_straight_createOnePlane)
    i.m_straight_drawPlane                   0x00001cf8   Section        0  enemyplane.o(i.m_straight_drawPlane)
    i.m_straight_movePlane                   0x00001f3c   Section        0  enemyplane.o(i.m_straight_movePlane)
    i.m_straight_planeInit                   0x00001fec   Section        0  enemyplane.o(i.m_straight_planeInit)
    i.main                                   0x00002048   Section        0  main.o(i.main)
    i.mem_free                               0x00002894   Section        0  malloc.o(i.mem_free)
    i.mem_init                               0x000028e0   Section        0  malloc.o(i.mem_init)
    i.mem_malloc                             0x0000290c   Section        0  malloc.o(i.mem_malloc)
    i.mem_perused                            0x00002988   Section        0  malloc.o(i.mem_perused)
    i.myBulletsMapCreate                     0x000029b0   Section        0  gamehitcheck.o(i.myBulletsMapCreate)
    i.myPlane_Act                            0x00002a00   Section        0  myplane.o(i.myPlane_Act)
    i.myPlane_Draw                           0x00002a74   Section        0  myplane.o(i.myPlane_Draw)
    i.myPlane_Init                           0x000030b2   Section        0  myplane.o(i.myPlane_Init)
    i.myPlane_bulletDraw                     0x000030d0   Section        0  myplane.o(i.myPlane_bulletDraw)
    i.myPlane_bulletInit                     0x0000311c   Section        0  myplane.o(i.myPlane_bulletInit)
    i.myPlane_createOneBullet                0x0000313c   Section        0  myplane.o(i.myPlane_createOneBullet)
    i.myPlane_updateBulletData               0x000032c8   Section        0  myplane.o(i.myPlane_updateBulletData)
    i.myfree                                 0x00003318   Section        0  malloc.o(i.myfree)
    i.mymalloc                               0x00003338   Section        0  malloc.o(i.mymalloc)
    i.mymemset                               0x00003358   Section        0  malloc.o(i.mymemset)
    i.new_boomDraw                           0x0000336c   Section        0  boom.o(i.new_boomDraw)
    i.new_boomInit                           0x0000343c   Section        0  boom.o(i.new_boomInit)
    i.new_createOneBoom                      0x0000345c   Section        0  boom.o(i.new_createOneBoom)
    i.new_updateBoomData                     0x000034a4   Section        0  boom.o(i.new_updateBoomData)
    i.readPs2DI                              0x00003508   Section        0  pstwo.o(i.readPs2DI)
    i.s_green_createOnePlane                 0x00003514   Section        0  enemyplane.o(i.s_green_createOnePlane)
    i.s_green_drawPlane                      0x00003638   Section        0  enemyplane.o(i.s_green_drawPlane)
    i.s_green_movePlane                      0x00003924   Section        0  enemyplane.o(i.s_green_movePlane)
    i.s_green_planeInit                      0x00003c6c   Section        0  enemyplane.o(i.s_green_planeInit)
    i.s_grey_createOneEnmeyBullet            0x00003ca4   Section        0  enemybullet.o(i.s_grey_createOneEnmeyBullet)
    i.s_grey_createOnePlane                  0x00003dec   Section        0  enemyplane.o(i.s_grey_createOnePlane)
    i.s_grey_drawPlane                       0x00003ee8   Section        0  enemyplane.o(i.s_grey_drawPlane)
    i.s_grey_movePlane                       0x000042b0   Section        0  enemyplane.o(i.s_grey_movePlane)
    i.s_grey_planeInit                       0x00004694   Section        0  enemyplane.o(i.s_grey_planeInit)
    i.tileMap                                0x000046dc   Section        0  gamehitcheck.o(i.tileMap)
    i.uart_ClearRxIRQ                        0x000046f4   Section        0  uart.o(i.uart_ClearRxIRQ)
    i.uart_ClearTxIRQ                        0x000046fa   Section        0  uart.o(i.uart_ClearTxIRQ)
    i.uart_SendChar                          0x00004700   Section        0  uart.o(i.uart_SendChar)
    i.uart_init                              0x00004716   Section        0  uart.o(i.uart_init)
    i.updateEnemyBulletData                  0x00004770   Section        0  enemybullet.o(i.updateEnemyBulletData)
    i.vga_Handler                            0x00004838   Section        0  handler.o(i.vga_Handler)
    i.writeOneNametable                      0x000048bc   Section        0  spriteram.o(i.writeOneNametable)
    i.writeOneSprite                         0x000048cc   Section        0  spriteram.o(i.writeOneSprite)
    .constdata                               0x000048f0   Section        7  main.o(.constdata)
    .constdata                               0x000048f7   Section     1520  lcd.o(.constdata)
    .constdata                               0x00004ee8   Section       84  enemybullet.o(.constdata)
    .data                                    0x20000000   Section     6908  main.o(.data)
    .data                                    0x20001afc   Section        4  lcd.o(.data)
    .data                                    0x20001b00   Section        8  retarget.o(.data)
    .data                                    0x20001b08   Section       20  malloc.o(.data)
    .data                                    0x20001b1c   Section       36  pstwo.o(.data)
    .data                                    0x20001b40   Section      178  gameinterface.o(.data)
    .data                                    0x20001bf4   Section        4  rand.o(.data)
    _rand_state                              0x20001bf4   Data           4  rand.o(.data)
    .bss                                     0x20001bf8   Section      752  main.o(.bss)
    .bss                                     0x20001ee8   Section       14  lcd.o(.bss)
    .bss                                     0x20001ef8   Section     4352  malloc.o(.bss)
    .bss                                     0x20002ff8   Section        9  pstwo.o(.bss)
    STACK                                    0x20003008   Section     1024  startup_cm0ds.o(STACK)

    Global Symbols

    Symbol Name                              Value     Ov Type        Size  Object(Section)

    BuildAttributes$$THM_ISAv3M$S$PE$A:L22$X:L11$S22$IEEE1$IW$USESV6$~STKCKD$USESV7$~SHL$OTIME$ROPI$EBA8$MICROLIB$REQ8$PRES8$EABIv2 0x00000000   Number         0  anon$$obj.o ABSOLUTE
    __ARM_use_no_argv                        0x00000000   Number         0  main.o ABSOLUTE
    __Vectors                                0x00000000   Data           4  startup_cm0ds.o(RESET)
    _printf_a                                0x00000000   Number         0  stubs.o ABSOLUTE
    _printf_c                                0x00000000   Number         0  stubs.o ABSOLUTE
    _printf_charcount                        0x00000000   Number         0  stubs.o ABSOLUTE
    _printf_d                                0x00000000   Number         0  stubs.o ABSOLUTE
    _printf_e                                0x00000000   Number         0  stubs.o ABSOLUTE
    _printf_f                                0x00000000   Number         0  stubs.o ABSOLUTE
    _printf_flags                            0x00000000   Number         0  stubs.o ABSOLUTE
    _printf_fp_dec                           0x00000000   Number         0  stubs.o ABSOLUTE
    _printf_fp_hex                           0x00000000   Number         0  stubs.o ABSOLUTE
    _printf_g                                0x00000000   Number         0  stubs.o ABSOLUTE
    _printf_i                                0x00000000   Number         0  stubs.o ABSOLUTE
    _printf_int_dec                          0x00000000   Number         0  stubs.o ABSOLUTE
    _printf_l                                0x00000000   Number         0  stubs.o ABSOLUTE
    _printf_lc                               0x00000000   Number         0  stubs.o ABSOLUTE
    _printf_ll                               0x00000000   Number         0  stubs.o ABSOLUTE
    _printf_lld                              0x00000000   Number         0  stubs.o ABSOLUTE
    _printf_lli                              0x00000000   Number         0  stubs.o ABSOLUTE
    _printf_llo                              0x00000000   Number         0  stubs.o ABSOLUTE
    _printf_llu                              0x00000000   Number         0  stubs.o ABSOLUTE
    _printf_llx                              0x00000000   Number         0  stubs.o ABSOLUTE
    _printf_longlong_dec                     0x00000000   Number         0  stubs.o ABSOLUTE
    _printf_longlong_hex                     0x00000000   Number         0  stubs.o ABSOLUTE
    _printf_longlong_oct                     0x00000000   Number         0  stubs.o ABSOLUTE
    _printf_ls                               0x00000000   Number         0  stubs.o ABSOLUTE
    _printf_mbtowc                           0x00000000   Number         0  stubs.o ABSOLUTE
    _printf_n                                0x00000000   Number         0  stubs.o ABSOLUTE
    _printf_o                                0x00000000   Number         0  stubs.o ABSOLUTE
    _printf_p                                0x00000000   Number         0  stubs.o ABSOLUTE
    _printf_percent                          0x00000000   Number         0  stubs.o ABSOLUTE
    _printf_pre_padding                      0x00000000   Number         0  stubs.o ABSOLUTE
    _printf_return_value                     0x00000000   Number         0  stubs.o ABSOLUTE
    _printf_s                                0x00000000   Number         0  stubs.o ABSOLUTE
    _printf_sizespec                         0x00000000   Number         0  stubs.o ABSOLUTE
    _printf_str                              0x00000000   Number         0  stubs.o ABSOLUTE
    _printf_truncate_signed                  0x00000000   Number         0  stubs.o ABSOLUTE
    _printf_truncate_unsigned                0x00000000   Number         0  stubs.o ABSOLUTE
    _printf_u                                0x00000000   Number         0  stubs.o ABSOLUTE
    _printf_wc                               0x00000000   Number         0  stubs.o ABSOLUTE
    _printf_wctomb                           0x00000000   Number         0  stubs.o ABSOLUTE
    _printf_widthprec                        0x00000000   Number         0  stubs.o ABSOLUTE
    _printf_x                                0x00000000   Number         0  stubs.o ABSOLUTE
    __cpp_initialize__aeabi_                  - Undefined Weak Reference
    __cxa_finalize                            - Undefined Weak Reference
    _clock_init                               - Undefined Weak Reference
    _microlib_exit                            - Undefined Weak Reference
    __Vectors_End                            0x00000064   Data           0  startup_cm0ds.o(RESET)
    __Vectors_Size                           0x00000064   Number         0  startup_cm0ds.o ABSOLUTE
    __main                                   0x00000065   Thumb Code     0  entry.o(.ARM.Collect$$$$00000000)
    _main_stk                                0x00000065   Thumb Code     0  entry2.o(.ARM.Collect$$$$00000001)
    _main_scatterload                        0x00000069   Thumb Code     0  entry5.o(.ARM.Collect$$$$00000004)
    __main_after_scatterload                 0x0000006d   Thumb Code     0  entry5.o(.ARM.Collect$$$$00000004)
    _main_clock                              0x0000006d   Thumb Code     0  entry7b.o(.ARM.Collect$$$$00000008)
    _main_cpp_init                           0x0000006d   Thumb Code     0  entry8b.o(.ARM.Collect$$$$0000000A)
    _main_init                               0x0000006d   Thumb Code     0  entry9a.o(.ARM.Collect$$$$0000000B)
    __rt_final_cpp                           0x00000075   Thumb Code     0  entry10a.o(.ARM.Collect$$$$0000000D)
    __rt_final_exit                          0x00000075   Thumb Code     0  entry11a.o(.ARM.Collect$$$$0000000F)
    Reset_Handler                            0x00000079   Thumb Code    12  startup_cm0ds.o(.text)
    NMI_Handler                              0x00000085   Thumb Code     8  startup_cm0ds.o(.text)
    HardFault_Handler                        0x0000008d   Thumb Code     8  startup_cm0ds.o(.text)
    MemManage_Handler                        0x00000095   Thumb Code     8  startup_cm0ds.o(.text)
    BusFault_Handler                         0x0000009d   Thumb Code     8  startup_cm0ds.o(.text)
    UsageFault_Handler                       0x000000a5   Thumb Code     8  startup_cm0ds.o(.text)
    SVC_Handler                              0x000000ad   Thumb Code     8  startup_cm0ds.o(.text)
    DebugMon_Handler                         0x000000b5   Thumb Code     8  startup_cm0ds.o(.text)
    PendSV_Handler                           0x000000bd   Thumb Code     8  startup_cm0ds.o(.text)
    SysTick_Handler                          0x000000c5   Thumb Code     8  startup_cm0ds.o(.text)
    UARTRX_Handler                           0x000000cd   Thumb Code     8  startup_cm0ds.o(.text)
    UARTTX_Handler                           0x000000d5   Thumb Code     8  startup_cm0ds.o(.text)
    UARTOVR_Handler                          0x000000dd   Thumb Code     8  startup_cm0ds.o(.text)
    KEY0_Handler                             0x000000e5   Thumb Code     8  startup_cm0ds.o(.text)
    KEY1_Handler                             0x000000ed   Thumb Code     8  startup_cm0ds.o(.text)
    KEY2_Handler                             0x000000f5   Thumb Code     8  startup_cm0ds.o(.text)
    KEY3_Handler                             0x000000fd   Thumb Code     8  startup_cm0ds.o(.text)
    TIMER_Handler                            0x00000105   Thumb Code     8  startup_cm0ds.o(.text)
    VGA_Handler                              0x0000010d   Thumb Code     8  startup_cm0ds.o(.text)
    __aeabi_uidiv                            0x0000011d   Thumb Code     0  uidiv.o(.text)
    __aeabi_uidivmod                         0x0000011d   Thumb Code    44  uidiv.o(.text)
    __aeabi_idiv                             0x00000149   Thumb Code     0  idiv.o(.text)
    __aeabi_idivmod                          0x00000149   Thumb Code    40  idiv.o(.text)
    rand                                     0x00000171   Thumb Code    18  rand.o(.text)
    srand                                    0x00000183   Thumb Code     6  rand.o(.text)
    __aeabi_fadd                             0x00000195   Thumb Code   162  fadd.o(.text)
    __aeabi_fsub                             0x00000237   Thumb Code     8  fadd.o(.text)
    __aeabi_frsub                            0x0000023f   Thumb Code     8  fadd.o(.text)
    __aeabi_fmul                             0x00000247   Thumb Code   122  fmul.o(.text)
    __aeabi_fdiv                             0x000002c1   Thumb Code   124  fdiv.o(.text)
    __aeabi_i2f                              0x0000033d   Thumb Code    22  fflti.o(.text)
    __aeabi_ui2f                             0x00000353   Thumb Code    14  ffltui.o(.text)
    __aeabi_f2uiz                            0x00000361   Thumb Code    40  ffixui.o(.text)
    __aeabi_cfrcmple                         0x00000389   Thumb Code    20  cfrcmple.o(.text)
    __aeabi_uldivmod                         0x0000039d   Thumb Code    96  uldiv.o(.text)
    __I$use$fp                               0x000003fd   Thumb Code     0  iusefp.o(.text)
    _float_round                             0x000003fd   Thumb Code    16  fepilogue.o(.text)
    _float_epilogue                          0x0000040d   Thumb Code   114  fepilogue.o(.text)
    __scatterload                            0x00000481   Thumb Code    28  init.o(.text)
    __scatterload_rt2                        0x00000481   Thumb Code     0  init.o(.text)
    __aeabi_llsl                             0x000004a5   Thumb Code    32  llshl.o(.text)
    _ll_shift_l                              0x000004a5   Thumb Code     0  llshl.o(.text)
    __aeabi_llsr                             0x000004c5   Thumb Code    34  llushr.o(.text)
    _ll_ushift_r                             0x000004c5   Thumb Code     0  llushr.o(.text)
    __decompress                             0x000004e7   Thumb Code     0  __dclz77c.o(.text)
    __decompress2                            0x000004e7   Thumb Code    96  __dclz77c.o(.text)
    BusFaultHandler                          0x00000547   Thumb Code     2  handler.o(i.BusFaultHandler)
    DebugMonHandler                          0x00000549   Thumb Code     2  handler.o(i.DebugMonHandler)
    HardFaultHandler                         0x0000054b   Thumb Code     2  handler.o(i.HardFaultHandler)
    Is_SPI_Ready                             0x0000054d   Thumb Code     8  spi_flash.o(i.Is_SPI_Ready)
    KEY0                                     0x00000559   Thumb Code    10  handler.o(i.KEY0)
    KEY1                                     0x00000563   Thumb Code    10  handler.o(i.KEY1)
    KEY2                                     0x0000056d   Thumb Code    10  handler.o(i.KEY2)
    KEY3                                     0x00000577   Thumb Code    10  handler.o(i.KEY3)
    LCD_Fast_DrawPoint                       0x00000581   Thumb Code    88  lcd.o(i.LCD_Fast_DrawPoint)
    LCD_ShowChar                             0x000005dd   Thumb Code   254  lcd.o(i.LCD_ShowChar)
    LCD_ShowString                           0x000006ed   Thumb Code    98  lcd.o(i.LCD_ShowString)
    LCD_WR_DATA                              0x0000074f   Thumb Code    38  lcd.o(i.LCD_WR_DATA)
    LCD_WR_REG                               0x00000775   Thumb Code    36  lcd.o(i.LCD_WR_REG)
    LED_toggle                               0x00000799   Thumb Code    50  led.o(i.LED_toggle)
    MakeData                                 0x000007d1   Thumb Code     8  lcd.o(i.MakeData)
    MemManageHandler                         0x000007d9   Thumb Code     2  handler.o(i.MemManageHandler)
    NMIHandler                               0x000007db   Thumb Code     2  handler.o(i.NMIHandler)
    PS2_ClearData                            0x000007f1   Thumb Code    20  pstwo.o(i.PS2_ClearData)
    PS2_Cmd                                  0x00000809   Thumb Code   122  pstwo.o(i.PS2_Cmd)
    PS2_DataKey                              0x0000088d   Thumb Code    70  pstwo.o(i.PS2_DataKey)
    PS2_Init                                 0x000008e1   Thumb Code    12  pstwo.o(i.PS2_Init)
    PS2_ReadData                             0x000008f1   Thumb Code   154  pstwo.o(i.PS2_ReadData)
    PendSVHandler                            0x00000999   Thumb Code     2  handler.o(i.PendSVHandler)
    SPI_FLASH_Write_Enable                   0x0000099d   Thumb Code    22  spi_flash.o(i.SPI_FLASH_Write_Enable)
    SPI_Flash_Erase_Block                    0x000009b9   Thumb Code    60  spi_flash.o(i.SPI_Flash_Erase_Block)
    SPI_Flash_Read                           0x000009f9   Thumb Code    70  spi_flash.o(i.SPI_Flash_Read)
    SPI_Flash_ReadSR                         0x00000a45   Thumb Code    34  spi_flash.o(i.SPI_Flash_ReadSR)
    SPI_Flash_Wait_Busy                      0x00000a6d   Thumb Code    18  spi_flash.o(i.SPI_Flash_Wait_Busy)
    SPI_Flash_Write_Page                     0x00000a81   Thumb Code    76  spi_flash.o(i.SPI_Flash_Write_Page)
    SPI_Init                                 0x00000ad1   Thumb Code    12  spi_flash.o(i.SPI_Init)
    SPI_ReadWriteByte                        0x00000ae1   Thumb Code    66  spi_flash.o(i.SPI_ReadWriteByte)
    SPI_SendData                             0x00000b29   Thumb Code    16  spi_flash.o(i.SPI_SendData)
    SVCHandler                               0x00000b3d   Thumb Code     2  handler.o(i.SVCHandler)
    Set_SysTick_CTRL                         0x00000b41   Thumb Code     6  systick.o(i.Set_SysTick_CTRL)
    Set_SysTick_LOAD                         0x00000b4d   Thumb Code     6  systick.o(i.Set_SysTick_LOAD)
    Set_SysTick_VALUE                        0x00000b59   Thumb Code     6  systick.o(i.Set_SysTick_VALUE)
    SysTickHandler                           0x00000b65   Thumb Code    24  handler.o(i.SysTickHandler)
    SystemInit                               0x00000b81   Thumb Code    28  system.o(i.SystemInit)
    Timer_Handler                            0x00000b9d   Thumb Code     2  handler.o(i.Timer_Handler)
    UARTOVRHandler                           0x00000b9f   Thumb Code     2  handler.o(i.UARTOVRHandler)
    UARTRXHandler                            0x00000ba1   Thumb Code    24  handler.o(i.UARTRXHandler)
    UARTTXHandler                            0x00000bd1   Thumb Code    36  handler.o(i.UARTTXHandler)
    UsageFaultHandler                        0x00000c0d   Thumb Code     2  handler.o(i.UsageFaultHandler)
    __0printf$5                              0x00000c11   Thumb Code    24  printf5.o(i.__0printf$5)
    __1printf$5                              0x00000c11   Thumb Code     0  printf5.o(i.__0printf$5)
    __2printf                                0x00000c11   Thumb Code     0  printf5.o(i.__0printf$5)
    __ARM_common_switch8                     0x00000c31   Thumb Code    28  lcd.o(i.__ARM_common_switch8)
    __scatterload_copy                       0x00000c4d   Thumb Code    14  handlers.o(i.__scatterload_copy)
    __scatterload_null                       0x00000c5b   Thumb Code     2  handlers.o(i.__scatterload_null)
    __scatterload_zeroinit                   0x00000c5d   Thumb Code    14  handlers.o(i.__scatterload_zeroinit)
    b_green_createOnePlane                   0x00000f49   Thumb Code   176  enemyplane.o(i.b_green_createOnePlane)
    b_green_drawPlane                        0x00000ffd   Thumb Code   590  enemyplane.o(i.b_green_drawPlane)
    b_green_movePlane                        0x00001251   Thumb Code   692  enemyplane.o(i.b_green_movePlane)
    b_green_planeInit                        0x00001509   Thumb Code    70  enemyplane.o(i.b_green_planeInit)
    clearNameTableAll                        0x00001555   Thumb Code    38  spriteram.o(i.clearNameTableAll)
    delay                                    0x0000157b   Thumb Code    32  systick.o(i.delay)
    delay_ms                                 0x0000159d   Thumb Code    22  systick.o(i.delay_ms)
    delay_us                                 0x000015b9   Thumb Code    22  systick.o(i.delay_us)
    endInterFaceDraw                         0x000015d1   Thumb Code   236  gameinterface.o(i.endInterFaceDraw)
    enemyAndBulletMapCreate                  0x000016c5   Thumb Code   280  gamehitcheck.o(i.enemyAndBulletMapCreate)
    enmeyBulletDraw                          0x000017e9   Thumb Code    70  enemybullet.o(i.enmeyBulletDraw)
    enmey_BulletInit                         0x00001835   Thumb Code    28  enemybullet.o(i.enmey_BulletInit)
    fputc                                    0x00001855   Thumb Code    32  retarget.o(i.fputc)
    gameCursorDraw                           0x00001875   Thumb Code    94  gameinterface.o(i.gameCursorDraw)
    gameScoreDraw                            0x000018d3   Thumb Code   176  gameinterface.o(i.gameScoreDraw)
    gameStartInterfaceShow                   0x00001985   Thumb Code   338  gameinterface.o(i.gameStartInterfaceShow)
    isHit_s_grey_EnemyPlane                  0x00001aed   Thumb Code   362  gamehitcheck.o(i.isHit_s_grey_EnemyPlane)
    m_straight_createOnePlane                0x00001c65   Thumb Code   144  enemyplane.o(i.m_straight_createOnePlane)
    m_straight_drawPlane                     0x00001cf9   Thumb Code   574  enemyplane.o(i.m_straight_drawPlane)
    m_straight_movePlane                     0x00001f3d   Thumb Code   172  enemyplane.o(i.m_straight_movePlane)
    m_straight_planeInit                     0x00001fed   Thumb Code    86  enemyplane.o(i.m_straight_planeInit)
    main                                     0x00002049   Thumb Code  2018  main.o(i.main)
    mem_free                                 0x00002895   Thumb Code    70  malloc.o(i.mem_free)
    mem_init                                 0x000028e1   Thumb Code    38  malloc.o(i.mem_init)
    mem_malloc                               0x0000290d   Thumb Code   120  malloc.o(i.mem_malloc)
    mem_perused                              0x00002989   Thumb Code    36  malloc.o(i.mem_perused)
    myBulletsMapCreate                       0x000029b1   Thumb Code    74  gamehitcheck.o(i.myBulletsMapCreate)
    myPlane_Act                              0x00002a01   Thumb Code   116  myplane.o(i.myPlane_Act)
    myPlane_Draw                             0x00002a75   Thumb Code  1598  myplane.o(i.myPlane_Draw)
    myPlane_Init                             0x000030b3   Thumb Code    28  myplane.o(i.myPlane_Init)
    myPlane_bulletDraw                       0x000030d1   Thumb Code    70  myplane.o(i.myPlane_bulletDraw)
    myPlane_bulletInit                       0x0000311d   Thumb Code    28  myplane.o(i.myPlane_bulletInit)
    myPlane_createOneBullet                  0x0000313d   Thumb Code   396  myplane.o(i.myPlane_createOneBullet)
    myPlane_updateBulletData                 0x000032c9   Thumb Code    74  myplane.o(i.myPlane_updateBulletData)
    myfree                                   0x00003319   Thumb Code    26  malloc.o(i.myfree)
    mymalloc                                 0x00003339   Thumb Code    28  malloc.o(i.mymalloc)
    mymemset                                 0x00003359   Thumb Code    20  malloc.o(i.mymemset)
    new_boomDraw                             0x0000336d   Thumb Code   202  boom.o(i.new_boomDraw)
    new_boomInit                             0x0000343d   Thumb Code    26  boom.o(i.new_boomInit)
    new_createOneBoom                        0x0000345d   Thumb Code    66  boom.o(i.new_createOneBoom)
    new_updateBoomData                       0x000034a5   Thumb Code    94  boom.o(i.new_updateBoomData)
    readPs2DI                                0x00003509   Thumb Code     6  pstwo.o(i.readPs2DI)
    s_green_createOnePlane                   0x00003515   Thumb Code   286  enemyplane.o(i.s_green_createOnePlane)
    s_green_drawPlane                        0x00003639   Thumb Code   742  enemyplane.o(i.s_green_drawPlane)
    s_green_movePlane                        0x00003925   Thumb Code   834  enemyplane.o(i.s_green_movePlane)
    s_green_planeInit                        0x00003c6d   Thumb Code    50  enemyplane.o(i.s_green_planeInit)
    s_grey_createOneEnmeyBullet              0x00003ca5   Thumb Code   312  enemybullet.o(i.s_grey_createOneEnmeyBullet)
    s_grey_createOnePlane                    0x00003ded   Thumb Code   246  enemyplane.o(i.s_grey_createOnePlane)
    s_grey_drawPlane                         0x00003ee9   Thumb Code   962  enemyplane.o(i.s_grey_drawPlane)
    s_grey_movePlane                         0x000042b1   Thumb Code   990  enemyplane.o(i.s_grey_movePlane)
    s_grey_planeInit                         0x00004695   Thumb Code    66  enemyplane.o(i.s_grey_planeInit)
    tileMap                                  0x000046dd   Thumb Code    24  gamehitcheck.o(i.tileMap)
    uart_ClearRxIRQ                          0x000046f5   Thumb Code     6  uart.o(i.uart_ClearRxIRQ)
    uart_ClearTxIRQ                          0x000046fb   Thumb Code     6  uart.o(i.uart_ClearTxIRQ)
    uart_SendChar                            0x00004701   Thumb Code    22  uart.o(i.uart_SendChar)
    uart_init                                0x00004717   Thumb Code    88  uart.o(i.uart_init)
    updateEnemyBulletData                    0x00004771   Thumb Code   196  enemybullet.o(i.updateEnemyBulletData)
    vga_Handler                              0x00004839   Thumb Code   104  handler.o(i.vga_Handler)
    writeOneNametable                        0x000048bd   Thumb Code    12  spriteram.o(i.writeOneNametable)
    writeOneSprite                           0x000048cd   Thumb Code    32  spriteram.o(i.writeOneSprite)
    MYPLANE_BULLET_NUMMAX                    0x000048f0   Data           1  main.o(.constdata)
    S_GREY_NUMMAX                            0x000048f1   Data           1  main.o(.constdata)
    S_GREEN_NUMMAX                           0x000048f2   Data           1  main.o(.constdata)
    M_STRAIGHT_NUMMAX                        0x000048f3   Data           1  main.o(.constdata)
    B_GREEN_NUMMAX                           0x000048f4   Data           1  main.o(.constdata)
    ENEMY_BULLETS_NUMMAX                     0x000048f5   Data           1  main.o(.constdata)
    BOOM_NUMMAX                              0x000048f6   Data           1  main.o(.constdata)
    asc2_1608                                0x000048f7   Data        1520  lcd.o(.constdata)
    ANGLE_NUMMAX                             0x00004ee8   Data           1  enemybullet.o(.constdata)
    sin_array                                0x00004eea   Data          20  enemybullet.o(.constdata)
    cos_array                                0x00004efe   Data          20  enemybullet.o(.constdata)
    tan_array                                0x00004f14   Data          40  enemybullet.o(.constdata)
    Region$$Table$$Base                      0x00004f3c   Number         0  anon$$obj.o(Region$$Table)
    Region$$Table$$Limit                     0x00004f5c   Number         0  anon$$obj.o(Region$$Table)
    gImage_hero_48x32                        0x20000000   Data         192  main.o(.data)
    gImage_enemy01_32x32                     0x200000c0   Data         128  main.o(.data)
    gImage_enemy02_48x48                     0x20000140   Data         294  main.o(.data)
    gImage_backgroud_00                      0x20000266   Data        2160  main.o(.data)
    map_start                                0x20000ad6   Data        1024  main.o(.data)
    map_konghaiyu                            0x20000ed6   Data        1024  main.o(.data)
    map_jianchuan                            0x200012d6   Data        1024  main.o(.data)
    map_daoyu                                0x200016d6   Data        1024  main.o(.data)
    timer_cnt                                0x20001ad6   Data           1  main.o(.data)
    start                                    0x20001ad7   Data           1  main.o(.data)
    spriteRamAddr                            0x20001ad8   Data           1  main.o(.data)
    gameCursor                               0x20001ad9   Data           1  main.o(.data)
    GameScore                                0x20001adc   Data           4  main.o(.data)
    GameShootBulletsCnt                      0x20001ae0   Data           4  main.o(.data)
    GameShootDownCnt                         0x20001ae4   Data           4  main.o(.data)
    GameHitRate                              0x20001ae8   Data           4  main.o(.data)
    fps                                      0x20001aec   Data           4  main.o(.data)
    PS2_KEY                                  0x20001af0   Data           4  main.o(.data)
    game_state                               0x20001af4   Data           1  main.o(.data)
    gameEndFpsCnt                            0x20001af5   Data           1  main.o(.data)
    gameEndInterFaceFpsCnt                   0x20001af6   Data           1  main.o(.data)
    gameEndInterFaceFpsSpeed                 0x20001af7   Data           1  main.o(.data)
    gameEndInterFaceArrayCnt                 0x20001af8   Data           1  main.o(.data)
    DrawFlag                                 0x20001af9   Data           1  main.o(.data)
    timer_init_flag                          0x20001afa   Data           1  main.o(.data)
    gameRunState                             0x20001afb   Data           1  main.o(.data)
    POINT_COLOR                              0x20001afc   Data           2  lcd.o(.data)
    BACK_COLOR                               0x20001afe   Data           2  lcd.o(.data)
    __stdout                                 0x20001b00   Data           4  retarget.o(.data)
    __stdin                                  0x20001b04   Data           4  retarget.o(.data)
    mallco_dev                               0x20001b08   Data          20  malloc.o(.data)
    Handkey                                  0x20001b1c   Data           2  pstwo.o(.data)
    Comd                                     0x20001b1e   Data           2  pstwo.o(.data)
    MASK                                     0x20001b20   Data          32  pstwo.o(.data)
    GAME_LOGO_1942                           0x20001b40   Data          90  gameinterface.o(.data)
    GAME_VERSION                             0x20001b9a   Data          12  gameinterface.o(.data)
    GAME_START_CHAR                          0x20001ba6   Data           8  gameinterface.o(.data)
    GAME_STOP_CHAR                           0x20001bae   Data           8  gameinterface.o(.data)
    endInterFaceArray                        0x20001bb6   Data          60  gameinterface.o(.data)
    myplane                                  0x20001bf8   Data          10  main.o(.bss)
    myBullet                                 0x20001c02   Data         120  main.o(.bss)
    s_grey_plane                             0x20001c7a   Data          48  main.o(.bss)
    s_green_plane                            0x20001caa   Data          28  main.o(.bss)
    m_straight_plane                         0x20001cc6   Data          12  main.o(.bss)
    b_green_plane                            0x20001cd2   Data          26  main.o(.bss)
    enmeyBullets                             0x20001cec   Data          50  main.o(.bss)
    myPlaneHitMap                            0x20001d20   Data         120  main.o(.bss)
    myBulletsHitMap                          0x20001d98   Data         120  main.o(.bss)
    enemyPlaneAndBullet_HitMap               0x20001e10   Data         120  main.o(.bss)
    boom                                     0x20001e88   Data          96  main.o(.bss)
    lcddev                                   0x20001ee8   Data          14  lcd.o(.bss)
    membase                                  0x20001ef8   Data        4096  malloc.o(.bss)
    memmapbase                               0x20002ef8   Data         256  malloc.o(.bss)
    Data                                     0x20002ff8   Data           9  pstwo.o(.bss)
    __initial_sp                             0x20003408   Data           0  startup_cm0ds.o(STACK)



==============================================================================

Memory Map of the image

  Image Entry point : 0x00000065

  Load Region LR_IROM1 (Base: 0x00000000, Size: 0x00006b54, Max: 0x00010000, ABSOLUTE, COMPRESSED[0x000058ac])

    Execution Region ER_IROM1 (Exec base: 0x00000000, Load base: 0x00000000, Size: 0x00004f5c, Max: 0x00010000, ABSOLUTE)

    Exec Addr    Load Addr    Size         Type   Attr      Idx    E Section Name        Object

    0x00000000   0x00000000   0x00000064   Data   RO          250    RESET               startup_cm0ds.o
    0x00000064   0x00000064   0x00000000   Code   RO         1554  * .ARM.Collect$$$$00000000  mc_p.l(entry.o)
    0x00000064   0x00000064   0x00000004   Code   RO         1841    .ARM.Collect$$$$00000001  mc_p.l(entry2.o)
    0x00000068   0x00000068   0x00000004   Code   RO         1844    .ARM.Collect$$$$00000004  mc_p.l(entry5.o)
    0x0000006c   0x0000006c   0x00000000   Code   RO         1846    .ARM.Collect$$$$00000008  mc_p.l(entry7b.o)
    0x0000006c   0x0000006c   0x00000000   Code   RO         1848    .ARM.Collect$$$$0000000A  mc_p.l(entry8b.o)
    0x0000006c   0x0000006c   0x00000008   Code   RO         1849    .ARM.Collect$$$$0000000B  mc_p.l(entry9a.o)
    0x00000074   0x00000074   0x00000000   Code   RO         1851    .ARM.Collect$$$$0000000D  mc_p.l(entry10a.o)
    0x00000074   0x00000074   0x00000000   Code   RO         1853    .ARM.Collect$$$$0000000F  mc_p.l(entry11a.o)
    0x00000074   0x00000074   0x00000004   Code   RO         1842    .ARM.Collect$$$$00002712  mc_p.l(entry2.o)
    0x00000078   0x00000078   0x000000a4   Code   RO          251    .text               startup_cm0ds.o
    0x0000011c   0x0000011c   0x0000002c   Code   RO         1557    .text               mc_p.l(uidiv.o)
    0x00000148   0x00000148   0x00000028   Code   RO         1559    .text               mc_p.l(idiv.o)
    0x00000170   0x00000170   0x00000024   Code   RO         1561    .text               mc_p.l(rand.o)
    0x00000194   0x00000194   0x000000b2   Code   RO         1827    .text               mf_p.l(fadd.o)
    0x00000246   0x00000246   0x0000007a   Code   RO         1829    .text               mf_p.l(fmul.o)
    0x000002c0   0x000002c0   0x0000007c   Code   RO         1831    .text               mf_p.l(fdiv.o)
    0x0000033c   0x0000033c   0x00000016   Code   RO         1833    .text               mf_p.l(fflti.o)
    0x00000352   0x00000352   0x0000000e   Code   RO         1835    .text               mf_p.l(ffltui.o)
    0x00000360   0x00000360   0x00000028   Code   RO         1837    .text               mf_p.l(ffixui.o)
    0x00000388   0x00000388   0x00000014   Code   RO         1839    .text               mf_p.l(cfrcmple.o)
    0x0000039c   0x0000039c   0x00000060   Code   RO         1855    .text               mc_p.l(uldiv.o)
    0x000003fc   0x000003fc   0x00000000   Code   RO         1857    .text               mc_p.l(iusefp.o)
    0x000003fc   0x000003fc   0x00000082   Code   RO         1858    .text               mf_p.l(fepilogue.o)
    0x0000047e   0x0000047e   0x00000002   PAD
    0x00000480   0x00000480   0x00000024   Code   RO         1870    .text               mc_p.l(init.o)
    0x000004a4   0x000004a4   0x00000020   Code   RO         1872    .text               mc_p.l(llshl.o)
    0x000004c4   0x000004c4   0x00000022   Code   RO         1874    .text               mc_p.l(llushr.o)
    0x000004e6   0x000004e6   0x00000060   Code   RO         1890    .text               mc_p.l(__dclz77c.o)
    0x00000546   0x00000546   0x00000002   Code   RO          120    i.BusFaultHandler   handler.o
    0x00000548   0x00000548   0x00000002   Code   RO          121    i.DebugMonHandler   handler.o
    0x0000054a   0x0000054a   0x00000002   Code   RO          122    i.HardFaultHandler  handler.o
    0x0000054c   0x0000054c   0x0000000c   Code   RO          755    i.Is_SPI_Ready      spi_flash.o
    0x00000558   0x00000558   0x0000000a   Code   RO          123    i.KEY0              handler.o
    0x00000562   0x00000562   0x0000000a   Code   RO          124    i.KEY1              handler.o
    0x0000056c   0x0000056c   0x0000000a   Code   RO          125    i.KEY2              handler.o
    0x00000576   0x00000576   0x0000000a   Code   RO          126    i.KEY3              handler.o
    0x00000580   0x00000580   0x0000005c   Code   RO          472    i.LCD_Fast_DrawPoint  lcd.o
    0x000005dc   0x000005dc   0x00000110   Code   RO          481    i.LCD_ShowChar      lcd.o
    0x000006ec   0x000006ec   0x00000062   Code   RO          484    i.LCD_ShowString    lcd.o
    0x0000074e   0x0000074e   0x00000026   Code   RO          486    i.LCD_WR_DATA       lcd.o
    0x00000774   0x00000774   0x00000024   Code   RO          487    i.LCD_WR_REG        lcd.o
    0x00000798   0x00000798   0x00000038   Code   RO          683    i.LED_toggle        led.o
    0x000007d0   0x000007d0   0x00000008   Code   RO          491    i.MakeData          lcd.o
    0x000007d8   0x000007d8   0x00000002   Code   RO          127    i.MemManageHandler  handler.o
    0x000007da   0x000007da   0x00000002   Code   RO          128    i.NMIHandler        handler.o
    0x000007dc   0x000007dc   0x00000014   Code   RO          257    i.NVIC_EnableIRQ    system.o
    0x000007f0   0x000007f0   0x00000018   Code   RO         1161    i.PS2_ClearData     pstwo.o
    0x00000808   0x00000808   0x00000084   Code   RO         1162    i.PS2_Cmd           pstwo.o
    0x0000088c   0x0000088c   0x00000054   Code   RO         1163    i.PS2_DataKey       pstwo.o
    0x000008e0   0x000008e0   0x00000010   Code   RO         1166    i.PS2_Init          pstwo.o
    0x000008f0   0x000008f0   0x000000a8   Code   RO         1167    i.PS2_ReadData      pstwo.o
    0x00000998   0x00000998   0x00000002   Code   RO          129    i.PendSVHandler     handler.o
    0x0000099a   0x0000099a   0x00000002   PAD
    0x0000099c   0x0000099c   0x0000001c   Code   RO          758    i.SPI_FLASH_Write_Enable  spi_flash.o
    0x000009b8   0x000009b8   0x00000040   Code   RO          760    i.SPI_Flash_Erase_Block  spi_flash.o
    0x000009f8   0x000009f8   0x0000004c   Code   RO          763    i.SPI_Flash_Read    spi_flash.o
    0x00000a44   0x00000a44   0x00000028   Code   RO          765    i.SPI_Flash_ReadSR  spi_flash.o
    0x00000a6c   0x00000a6c   0x00000012   Code   RO          766    i.SPI_Flash_Wait_Busy  spi_flash.o
    0x00000a7e   0x00000a7e   0x00000002   PAD
    0x00000a80   0x00000a80   0x00000050   Code   RO          769    i.SPI_Flash_Write_Page  spi_flash.o
    0x00000ad0   0x00000ad0   0x00000010   Code   RO          770    i.SPI_Init          spi_flash.o
    0x00000ae0   0x00000ae0   0x00000048   Code   RO          771    i.SPI_ReadWriteByte  spi_flash.o
    0x00000b28   0x00000b28   0x00000014   Code   RO          772    i.SPI_SendData      spi_flash.o
    0x00000b3c   0x00000b3c   0x00000002   Code   RO          130    i.SVCHandler        handler.o
    0x00000b3e   0x00000b3e   0x00000002   PAD
    0x00000b40   0x00000b40   0x0000000c   Code   RO          872    i.Set_SysTick_CTRL  systick.o
    0x00000b4c   0x00000b4c   0x0000000c   Code   RO          873    i.Set_SysTick_LOAD  systick.o
    0x00000b58   0x00000b58   0x0000000c   Code   RO          874    i.Set_SysTick_VALUE  systick.o
    0x00000b64   0x00000b64   0x0000001c   Code   RO          131    i.SysTickHandler    handler.o
    0x00000b80   0x00000b80   0x0000001c   Code   RO          259    i.SystemInit        system.o
    0x00000b9c   0x00000b9c   0x00000002   Code   RO          132    i.Timer_Handler     handler.o
    0x00000b9e   0x00000b9e   0x00000002   Code   RO          133    i.UARTOVRHandler    handler.o
    0x00000ba0   0x00000ba0   0x00000030   Code   RO          134    i.UARTRXHandler     handler.o
    0x00000bd0   0x00000bd0   0x0000003c   Code   RO          135    i.UARTTXHandler     handler.o
    0x00000c0c   0x00000c0c   0x00000002   Code   RO          136    i.UsageFaultHandler  handler.o
    0x00000c0e   0x00000c0e   0x00000002   PAD
    0x00000c10   0x00000c10   0x00000020   Code   RO         1699    i.__0printf$5       mc_p.l(printf5.o)
    0x00000c30   0x00000c30   0x0000001c   Code   RO          670    i.__ARM_common_switch8  lcd.o
    0x00000c4c   0x00000c4c   0x0000000e   Code   RO         1884    i.__scatterload_copy  mc_p.l(handlers.o)
    0x00000c5a   0x00000c5a   0x00000002   Code   RO         1885    i.__scatterload_null  mc_p.l(handlers.o)
    0x00000c5c   0x00000c5c   0x0000000e   Code   RO         1886    i.__scatterload_zeroinit  mc_p.l(handlers.o)
    0x00000c6a   0x00000c6a   0x00000002   PAD
    0x00000c6c   0x00000c6c   0x000002dc   Code   RO         1706    i._printf_core      mc_p.l(printf5.o)
    0x00000f48   0x00000f48   0x000000b4   Code   RO         1328    i.b_green_createOnePlane  enemyplane.o
    0x00000ffc   0x00000ffc   0x00000254   Code   RO         1329    i.b_green_drawPlane  enemyplane.o
    0x00001250   0x00001250   0x000002b8   Code   RO         1330    i.b_green_movePlane  enemyplane.o
    0x00001508   0x00001508   0x0000004c   Code   RO         1331    i.b_green_planeInit  enemyplane.o
    0x00001554   0x00001554   0x00000026   Code   RO         1118    i.clearNameTableAll  spriteram.o
    0x0000157a   0x0000157a   0x00000020   Code   RO          877    i.delay             systick.o
    0x0000159a   0x0000159a   0x00000002   PAD
    0x0000159c   0x0000159c   0x0000001c   Code   RO          878    i.delay_ms          systick.o
    0x000015b8   0x000015b8   0x00000016   Code   RO          879    i.delay_us          systick.o
    0x000015ce   0x000015ce   0x00000002   PAD
    0x000015d0   0x000015d0   0x000000f4   Code   RO         1471    i.endInterFaceDraw  gameinterface.o
    0x000016c4   0x000016c4   0x00000124   Code   RO         1434    i.enemyAndBulletMapCreate  gamehitcheck.o
    0x000017e8   0x000017e8   0x0000004c   Code   RO         1294    i.enmeyBulletDraw   enemybullet.o
    0x00001834   0x00001834   0x00000020   Code   RO         1295    i.enmey_BulletInit  enemybullet.o
    0x00001854   0x00001854   0x00000020   Code   RO          715    i.fputc             retarget.o
    0x00001874   0x00001874   0x0000005e   Code   RO         1472    i.gameCursorDraw    gameinterface.o
    0x000018d2   0x000018d2   0x000000b0   Code   RO         1473    i.gameScoreDraw     gameinterface.o
    0x00001982   0x00001982   0x00000002   PAD
    0x00001984   0x00001984   0x00000168   Code   RO         1474    i.gameStartInterfaceShow  gameinterface.o
    0x00001aec   0x00001aec   0x00000178   Code   RO         1435    i.isHit_s_grey_EnemyPlane  gamehitcheck.o
    0x00001c64   0x00001c64   0x00000094   Code   RO         1332    i.m_straight_createOnePlane  enemyplane.o
    0x00001cf8   0x00001cf8   0x00000244   Code   RO         1333    i.m_straight_drawPlane  enemyplane.o
    0x00001f3c   0x00001f3c   0x000000b0   Code   RO         1334    i.m_straight_movePlane  enemyplane.o
    0x00001fec   0x00001fec   0x0000005c   Code   RO         1335    i.m_straight_planeInit  enemyplane.o
    0x00002048   0x00002048   0x0000084c   Code   RO            3    i.main              main.o
    0x00002894   0x00002894   0x0000004c   Code   RO         1050    i.mem_free          malloc.o
    0x000028e0   0x000028e0   0x0000002c   Code   RO         1051    i.mem_init          malloc.o
    0x0000290c   0x0000290c   0x0000007c   Code   RO         1052    i.mem_malloc        malloc.o
    0x00002988   0x00002988   0x00000028   Code   RO         1053    i.mem_perused       malloc.o
    0x000029b0   0x000029b0   0x00000050   Code   RO         1437    i.myBulletsMapCreate  gamehitcheck.o
    0x00002a00   0x00002a00   0x00000074   Code   RO         1505    i.myPlane_Act       myplane.o
    0x00002a74   0x00002a74   0x0000063e   Code   RO         1506    i.myPlane_Draw      myplane.o
    0x000030b2   0x000030b2   0x0000001c   Code   RO         1507    i.myPlane_Init      myplane.o
    0x000030ce   0x000030ce   0x00000002   PAD
    0x000030d0   0x000030d0   0x0000004c   Code   RO         1508    i.myPlane_bulletDraw  myplane.o
    0x0000311c   0x0000311c   0x00000020   Code   RO         1509    i.myPlane_bulletInit  myplane.o
    0x0000313c   0x0000313c   0x0000018c   Code   RO         1510    i.myPlane_createOneBullet  myplane.o
    0x000032c8   0x000032c8   0x00000050   Code   RO         1511    i.myPlane_updateBulletData  myplane.o
    0x00003318   0x00003318   0x00000020   Code   RO         1054    i.myfree            malloc.o
    0x00003338   0x00003338   0x00000020   Code   RO         1055    i.mymalloc          malloc.o
    0x00003358   0x00003358   0x00000014   Code   RO         1057    i.mymemset          malloc.o
    0x0000336c   0x0000336c   0x000000d0   Code   RO         1263    i.new_boomDraw      boom.o
    0x0000343c   0x0000343c   0x00000020   Code   RO         1264    i.new_boomInit      boom.o
    0x0000345c   0x0000345c   0x00000048   Code   RO         1265    i.new_createOneBoom  boom.o
    0x000034a4   0x000034a4   0x00000064   Code   RO         1266    i.new_updateBoomData  boom.o
    0x00003508   0x00003508   0x0000000c   Code   RO         1174    i.readPs2DI         pstwo.o
    0x00003514   0x00003514   0x00000124   Code   RO         1336    i.s_green_createOnePlane  enemyplane.o
    0x00003638   0x00003638   0x000002ec   Code   RO         1337    i.s_green_drawPlane  enemyplane.o
    0x00003924   0x00003924   0x00000348   Code   RO         1338    i.s_green_movePlane  enemyplane.o
    0x00003c6c   0x00003c6c   0x00000038   Code   RO         1339    i.s_green_planeInit  enemyplane.o
    0x00003ca4   0x00003ca4   0x00000148   Code   RO         1296    i.s_grey_createOneEnmeyBullet  enemybullet.o
    0x00003dec   0x00003dec   0x000000fc   Code   RO         1340    i.s_grey_createOnePlane  enemyplane.o
    0x00003ee8   0x00003ee8   0x000003c8   Code   RO         1341    i.s_grey_drawPlane  enemyplane.o
    0x000042b0   0x000042b0   0x000003e4   Code   RO         1342    i.s_grey_movePlane  enemyplane.o
    0x00004694   0x00004694   0x00000048   Code   RO         1343    i.s_grey_planeInit  enemyplane.o
    0x000046dc   0x000046dc   0x00000018   Code   RO         1438    i.tileMap           gamehitcheck.o
    0x000046f4   0x000046f4   0x00000006   Code   RO          960    i.uart_ClearRxIRQ   uart.o
    0x000046fa   0x000046fa   0x00000006   Code   RO          961    i.uart_ClearTxIRQ   uart.o
    0x00004700   0x00004700   0x00000016   Code   RO          969    i.uart_SendChar     uart.o
    0x00004716   0x00004716   0x00000058   Code   RO          971    i.uart_init         uart.o
    0x0000476e   0x0000476e   0x00000002   PAD
    0x00004770   0x00004770   0x000000c8   Code   RO         1297    i.updateEnemyBulletData  enemybullet.o
    0x00004838   0x00004838   0x00000084   Code   RO          137    i.vga_Handler       handler.o
    0x000048bc   0x000048bc   0x00000010   Code   RO         1122    i.writeOneNametable  spriteram.o
    0x000048cc   0x000048cc   0x00000024   Code   RO         1123    i.writeOneSprite    spriteram.o
    0x000048f0   0x000048f0   0x00000007   Data   RO            5    .constdata          main.o
    0x000048f7   0x000048f7   0x000005f0   Data   RO          498    .constdata          lcd.o
    0x00004ee7   0x00004ee7   0x00000001   PAD
    0x00004ee8   0x00004ee8   0x00000054   Data   RO         1298    .constdata          enemybullet.o
    0x00004f3c   0x00004f3c   0x00000020   Data   RO         1882    Region$$Table       anon$$obj.o


    Execution Region RW_IRAM1 (Exec base: 0x20000000, Load base: 0x00004f5c, Size: 0x00003408, Max: 0x00010000, ABSOLUTE, COMPRESSED[0x00000950])

    Exec Addr    Load Addr    Size         Type   Attr      Idx    E Section Name        Object

    0x20000000   COMPRESSED   0x00001afc   Data   RW            6    .data               main.o
    0x20001afc   COMPRESSED   0x00000004   Data   RW          499    .data               lcd.o
    0x20001b00   COMPRESSED   0x00000008   Data   RW          716    .data               retarget.o
    0x20001b08   COMPRESSED   0x00000014   Data   RW         1061    .data               malloc.o
    0x20001b1c   COMPRESSED   0x00000024   Data   RW         1176    .data               pstwo.o
    0x20001b40   COMPRESSED   0x000000b2   Data   RW         1475    .data               gameinterface.o
    0x20001bf2   COMPRESSED   0x00000002   PAD
    0x20001bf4   COMPRESSED   0x00000004   Data   RW         1562    .data               mc_p.l(rand.o)
    0x20001bf8        -       0x000002f0   Zero   RW            4    .bss                main.o
    0x20001ee8        -       0x0000000e   Zero   RW          497    .bss                lcd.o
    0x20001ef6   COMPRESSED   0x00000002   PAD
    0x20001ef8        -       0x00001100   Zero   RW         1059    .bss                malloc.o
    0x20002ff8        -       0x00000009   Zero   RW         1175    .bss                pstwo.o
    0x20003001   COMPRESSED   0x00000007   PAD
    0x20003008        -       0x00000400   Zero   RW          248    STACK               startup_cm0ds.o


==============================================================================

Image component sizes


      Code (inc. data)   RO Data    RW Data    ZI Data      Debug   Object Name

       412         24          0          0          0       2813   boom.o
       636         30         84          0          0       3919   enemybullet.o
      6768        124          0          0          0      12272   enemyplane.o
       772         32          0          0          0       4067   gamehitcheck.o
       874         30          0        178          0       4755   gameinterface.o
       328         80          0          0          0       7116   handler.o
       572         22       1520          4         14       6749   lcd.o
        56          6          0          0          0        573   led.o
      2124        274          7       6908        752      15379   main.o
       368         30          0         20       4352       5258   malloc.o
      2326         26          0          0          0       5111   myplane.o
       436         52          0         36          9       3555   pstwo.o
        32          0          0          8          0       2488   retarget.o
       426         44          0          0          0       5499   spi_flash.o
        90          8          0          0          0       1729   spriteram.o
       164          8        100          0       1024       1140   startup_cm0ds.o
        48          6          0          0          0       6425   system.o
       118         24          0          0          0       2708   systick.o
       122          0          0          0          0       2696   uart.o

    ----------------------------------------------------------------------
     16690        820       1744       7156       6160      94252   Object Totals
         0          0         32          0          0          0   (incl. Generated)
        18          0          1          2          9          0   (incl. Padding)

    ----------------------------------------------------------------------

      Code (inc. data)   RO Data    RW Data    ZI Data      Debug   Library Member Name

        96          0          0          0          0          0   __dclz77c.o
         0          0          0          0          0          0   entry.o
         0          0          0          0          0          0   entry10a.o
         0          0          0          0          0          0   entry11a.o
         8          4          0          0          0          0   entry2.o
         4          0          0          0          0          0   entry5.o
         0          0          0          0          0          0   entry7b.o
         0          0          0          0          0          0   entry8b.o
         8          4          0          0          0          0   entry9a.o
        30          0          0          0          0          0   handlers.o
        40          0          0          0          0         72   idiv.o
        36          8          0          0          0         68   init.o
         0          0          0          0          0          0   iusefp.o
        32          0          0          0          0         68   llshl.o
        34          0          0          0          0         68   llushr.o
       764         52          0          0          0        168   printf5.o
        36         12          0          4          0        120   rand.o
        44          0          0          0          0         72   uidiv.o
        96          0          0          0          0         84   uldiv.o
        20          0          0          0          0         68   cfrcmple.o
       178          0          0          0          0        108   fadd.o
       124          0          0          0          0         72   fdiv.o
       130          0          0          0          0        144   fepilogue.o
        40          0          0          0          0         60   ffixui.o
        22          0          0          0          0         68   fflti.o
        14          0          0          0          0         68   ffltui.o
       122          0          0          0          0         72   fmul.o

    ----------------------------------------------------------------------
      1882         80          0          4          0       1380   Library Totals
         4          0          0          0          0          0   (incl. Padding)

    ----------------------------------------------------------------------

      Code (inc. data)   RO Data    RW Data    ZI Data      Debug   Library Name

      1228         80          0          4          0        720   mc_p.l
       650          0          0          0          0        660   mf_p.l

    ----------------------------------------------------------------------
      1882         80          0          4          0       1380   Library Totals

    ----------------------------------------------------------------------

==============================================================================


      Code (inc. data)   RO Data    RW Data    ZI Data      Debug   

     18572        900       1744       7160       6160      90788   Grand Totals
     18572        900       1744       2384       6160      90788   ELF Image Totals (compressed)
     18572        900       1744       2384          0          0   ROM Totals

==============================================================================

    Total RO  Size (Code + RO Data)                20316 (  19.84kB)
    Total RW  Size (RW Data + ZI Data)             13320 (  13.01kB)
    Total ROM Size (Code + RO Data + RW Data)      22700 (  22.17kB)

==============================================================================

