Component: ARM Compiler 5.06 update 6 (build 750) Tool: armlink [4d35ed]

==============================================================================

Section Cross References

    main.o(i.main) refers to uart.o(i.uart_init) for uart_init
    main.o(i.main) refers to spi_flash.o(i.SPI_Init) for SPI_Init
    main.o(i.main) refers to pstwo.o(i.PS2_Init) for PS2_Init
    main.o(i.main) refers to spriteram.o(i.writeOneSprite) for writeOneSprite
    main.o(i.main) refers to spriteram.o(i.clearNameTableAll) for clearNameTableAll
    main.o(i.main) refers to gameinterface.o(i.gameStartInterfaceShow) for gameStartInterfaceShow
    main.o(i.main) refers to gameinterface.o(i.gameCursorDraw) for gameCursorDraw
    main.o(i.main) refers to myplane.o(i.myPlane_Init) for myPlane_Init
    main.o(i.main) refers to myplane.o(i.myPlane_bulletInit) for myPlane_bulletInit
    main.o(i.main) refers to enemyplane.o(i.s_grey_planeInit) for s_grey_planeInit
    main.o(i.main) refers to enemyplane.o(i.s_green_planeInit) for s_green_planeInit
    main.o(i.main) refers to enemybullet.o(i.enmey_BulletInit) for enmey_BulletInit
    main.o(i.main) refers to boom.o(i.new_boomInit) for new_boomInit
    main.o(i.main) refers to pstwo.o(i.PS2_DataKey) for PS2_DataKey
    main.o(i.main) refers to systick.o(i.delay_ms) for delay_ms
    main.o(i.main) refers to rand.o(.text) for rand
    main.o(i.main) refers to idiv.o(.text) for __aeabi_idivmod
    main.o(i.main) refers to enemyplane.o(i.s_grey_createOnePlane) for s_grey_createOnePlane
    main.o(i.main) refers to enemyplane.o(i.s_green_createOnePlane) for s_green_createOnePlane
    main.o(i.main) refers to myplane.o(i.myPlane_createOneBullet) for myPlane_createOneBullet
    main.o(i.main) refers to myplane.o(i.myPlane_Act) for myPlane_Act
    main.o(i.main) refers to myplane.o(i.myPlane_updateBulletData) for myPlane_updateBulletData
    main.o(i.main) refers to enemyplane.o(i.s_grey_movePlane) for s_grey_movePlane
    main.o(i.main) refers to enemyplane.o(i.s_green_movePlane) for s_green_movePlane
    main.o(i.main) refers to enemybullet.o(i.updateEnemyBulletData) for updateEnemyBulletData
    main.o(i.main) refers to boom.o(i.new_updateBoomData) for new_updateBoomData
    main.o(i.main) refers to gamehitcheck.o(i.myBulletsMapCreate) for myBulletsMapCreate
    main.o(i.main) refers to gamehitcheck.o(i.enemyAndBulletMapCreate) for enemyAndBulletMapCreate
    main.o(i.main) refers to gamehitcheck.o(i.isHit_s_grey_EnemyPlane) for isHit_s_grey_EnemyPlane
    main.o(i.main) refers to gameinterface.o(i.gameScoreDraw) for gameScoreDraw
    main.o(i.main) refers to myplane.o(i.myPlane_Draw) for myPlane_Draw
    main.o(i.main) refers to myplane.o(i.myPlane_bulletDraw) for myPlane_bulletDraw
    main.o(i.main) refers to enemyplane.o(i.s_grey_drawPlane) for s_grey_drawPlane
    main.o(i.main) refers to enemyplane.o(i.s_green_drawPlane) for s_green_drawPlane
    main.o(i.main) refers to enemybullet.o(i.enmeyBulletDraw) for enmeyBulletDraw
    main.o(i.main) refers to boom.o(i.new_boomDraw) for new_boomDraw
    main.o(i.main) refers to ffltui.o(.text) for __aeabi_ui2f
    main.o(i.main) refers to fdiv.o(.text) for __aeabi_fdiv
    main.o(i.main) refers to main.o(.data) for game_state
    main.o(i.main) refers to main.o(.bss) for myplane
    main.o(i.main) refers to gameinterface.o(i.endInterFaceDraw) for endInterFaceDraw
    handler.o(i.KEY0) refers to led.o(i.LED_toggle) for LED_toggle
    handler.o(i.KEY1) refers to led.o(i.LED_toggle) for LED_toggle
    handler.o(i.KEY2) refers to led.o(i.LED_toggle) for LED_toggle
    handler.o(i.KEY3) refers to led.o(i.LED_toggle) for LED_toggle
    handler.o(i.SysTickHandler) refers to systick.o(i.Set_SysTick_CTRL) for Set_SysTick_CTRL
    handler.o(i.UARTRXHandler) refers to uart.o(i.uart_ClearRxIRQ) for uart_ClearRxIRQ
    handler.o(i.UARTRXHandler) refers to led.o(i.LED_toggle) for LED_toggle
    handler.o(i.UARTRXHandler) refers to printfb.o(i.__0printf$bare) for __2printf
    handler.o(i.UARTTXHandler) refers to uart.o(i.uart_ClearTxIRQ) for uart_ClearTxIRQ
    handler.o(i.UARTTXHandler) refers to led.o(i.LED_toggle) for LED_toggle
    handler.o(i.UARTTXHandler) refers to lcd.o(i.LCD_ShowString) for LCD_ShowString
    handler.o(i.vga_Handler) refers to led.o(i.LED_toggle) for LED_toggle
    handler.o(i.vga_Handler) refers to main.o(.data) for game_state
    handler.o(i.vga_Handler) refers to main.o(.bss) for myplane
    startup_cm0ds.o(RESET) refers to startup_cm0ds.o(STACK) for __initial_sp
    startup_cm0ds.o(RESET) refers to startup_cm0ds.o(.text) for Reset_Handler
    startup_cm0ds.o(.text) refers to handler.o(i.NMIHandler) for NMIHandler
    startup_cm0ds.o(.text) refers to handler.o(i.HardFaultHandler) for HardFaultHandler
    startup_cm0ds.o(.text) refers to handler.o(i.MemManageHandler) for MemManageHandler
    startup_cm0ds.o(.text) refers to handler.o(i.BusFaultHandler) for BusFaultHandler
[...]
    pstwo.o(i.PS2_TurnOnAnalogMode) refers to pstwo.o(i.PS2_Cmd) for PS2_Cmd
    pstwo.o(i.PS2_TurnOnAnalogMode) refers to systick.o(i.delay_us) for delay_us
    pstwo.o(i.PS2_Vibration) refers to systick.o(i.delay_us) for delay_us
    pstwo.o(i.PS2_Vibration) refers to pstwo.o(i.PS2_Cmd) for PS2_Cmd
    pstwo.o(i.PS2_VibrationMode) refers to systick.o(i.delay_us) for delay_us
    pstwo.o(i.PS2_VibrationMode) refers to pstwo.o(i.PS2_Cmd) for PS2_Cmd
    boom.o(i.new_boomDraw) refers to spriteram.o(i.writeOneSprite) for writeOneSprite
    boom.o(i.new_boomDraw) refers to main.o(.constdata) for BOOM_NUMMAX
    boom.o(i.new_boomInit) refers to main.o(.constdata) for BOOM_NUMMAX
    boom.o(i.new_createOneBoom) refers to main.o(.constdata) for BOOM_NUMMAX
    boom.o(i.new_updateBoomData) refers to main.o(.constdata) for BOOM_NUMMAX
    enemybullet.o(i.enmeyBulletDraw) refers to spriteram.o(i.writeOneSprite) for writeOneSprite
    enemybullet.o(i.enmeyBulletDraw) refers to main.o(.constdata) for ENEMY_BULLETS_NUMMAX
    enemybullet.o(i.enmey_BulletInit) refers to main.o(.constdata) for ENEMY_BULLETS_NUMMAX
    enemybullet.o(i.s_grey_createOneEnmeyBullet) refers to fflti.o(.text) for __aeabi_i2f
    enemybullet.o(i.s_grey_createOneEnmeyBullet) refers to fdiv.o(.text) for __aeabi_fdiv
    enemybullet.o(i.s_grey_createOneEnmeyBullet) refers to fadd.o(.text) for __aeabi_fsub
    enemybullet.o(i.s_grey_createOneEnmeyBullet) refers to cfrcmple.o(.text) for __aeabi_cfrcmple
    enemybullet.o(i.s_grey_createOneEnmeyBullet) refers to enemybullet.o(.constdata) for tan_array
    enemybullet.o(i.s_grey_createOneEnmeyBullet) refers to main.o(.constdata) for ENEMY_BULLETS_NUMMAX
    enemybullet.o(i.updateEnemyBulletData) refers to main.o(.constdata) for ENEMY_BULLETS_NUMMAX
    enemyplane.o(i.s_green_createOnePlane) refers to rand.o(.text) for rand
    enemyplane.o(i.s_green_createOnePlane) refers to idiv.o(.text) for __aeabi_idivmod
    enemyplane.o(i.s_green_createOnePlane) refers to main.o(.constdata) for S_GREEN_NUMMAX
    enemyplane.o(i.s_green_drawPlane) refers to lcd.o(i.__ARM_common_switch8) for __ARM_common_switch8
    enemyplane.o(i.s_green_drawPlane) refers to spriteram.o(i.writeOneSprite) for writeOneSprite
    enemyplane.o(i.s_green_drawPlane) refers to main.o(.constdata) for S_GREEN_NUMMAX
    enemyplane.o(i.s_green_movePlane) refers to lcd.o(i.__ARM_common_switch8) for __ARM_common_switch8
    enemyplane.o(i.s_green_movePlane) refers to rand.o(.text) for rand
    enemyplane.o(i.s_green_movePlane) refers to idiv.o(.text) for __aeabi_idivmod
    enemyplane.o(i.s_green_movePlane) refers to led.o(i.LED_toggle) for LED_toggle
    enemyplane.o(i.s_green_movePlane) refers to main.o(.constdata) for S_GREEN_NUMMAX
    enemyplane.o(i.s_green_planeInit) refers to main.o(.constdata) for S_GREEN_NUMMAX
    enemyplane.o(i.s_grey_createOnePlane) refers to rand.o(.text) for rand
    enemyplane.o(i.s_grey_createOnePlane) refers to main.o(.constdata) for S_GREY_NUMMAX
    enemyplane.o(i.s_grey_drawPlane) refers to lcd.o(i.__ARM_common_switch8) for __ARM_common_switch8
    enemyplane.o(i.s_grey_drawPlane) refers to spriteram.o(i.writeOneSprite) for writeOneSprite
    enemyplane.o(i.s_grey_movePlane) refers to rand.o(.text) for rand
    enemyplane.o(i.s_grey_movePlane) refers to idiv.o(.text) for __aeabi_idivmod
    enemyplane.o(i.s_grey_movePlane) refers to enemybullet.o(i.s_grey_createOneEnmeyBullet) for s_grey_createOneEnmeyBullet
    enemyplane.o(i.s_grey_movePlane) refers to lcd.o(i.__ARM_common_switch8) for __ARM_common_switch8
    enemyplane.o(i.s_grey_movePlane) refers to main.o(.constdata) for S_GREY_NUMMAX
    enemyplane.o(i.s_grey_planeInit) refers to main.o(.constdata) for S_GREY_NUMMAX
    gamehitcheck.o(i.enemyAndBulletMapCreate) refers to gamehitcheck.o(i.tileMap) for tileMap
    gamehitcheck.o(i.enemyAndBulletMapCreate) refers to main.o(.constdata) for S_GREY_NUMMAX
    gamehitcheck.o(i.isHit_s_grey_EnemyPlane) refers to boom.o(i.new_createOneBoom) for new_createOneBoom
    gamehitcheck.o(i.isHit_s_grey_EnemyPlane) refers to main.o(.data) for GameScore
    gamehitcheck.o(i.isHit_s_grey_EnemyPlane) refers to main.o(.constdata) for S_GREY_NUMMAX
    gamehitcheck.o(i.isMyPlaneHit) refers to boom.o(i.new_createOneBoom) for new_createOneBoom
    gamehitcheck.o(i.myBulletsMapCreate) refers to gamehitcheck.o(i.tileMap) for tileMap
    gamehitcheck.o(i.myBulletsMapCreate) refers to main.o(.constdata) for MYPLANE_BULLET_NUMMAX
    gameinterface.o(i.endInterFaceDraw) refers to uidiv.o(.text) for __aeabi_uidivmod
    gameinterface.o(i.endInterFaceDraw) refers to fmul.o(.text) for __aeabi_fmul
    gameinterface.o(i.endInterFaceDraw) refers to ffixui.o(.text) for __aeabi_f2uiz
    gameinterface.o(i.endInterFaceDraw) refers to idiv.o(.text) for __aeabi_idivmod
    gameinterface.o(i.endInterFaceDraw) refers to spriteram.o(i.writeOneSprite) for writeOneSprite
    gameinterface.o(i.endInterFaceDraw) refers to led.o(i.LED_toggle) for LED_toggle
    gameinterface.o(i.endInterFaceDraw) refers to gameinterface.o(.data) for endInterFaceArray
    gameinterface.o(i.gameCursorDraw) refers to spriteram.o(i.writeOneSprite) for writeOneSprite
    gameinterface.o(i.gameScoreDraw) refers to uidiv.o(.text) for __aeabi_uidivmod
    gameinterface.o(i.gameScoreDraw) refers to spriteram.o(i.writeOneSprite) for writeOneSprite
    gameinterface.o(i.gameStartInterfaceShow) refers to spriteram.o(i.writeOneNametable) for writeOneNametable
    gameinterface.o(i.gameStartInterfaceShow) refers to gameinterface.o(.data) for GAME_LOGO_1942
    myplane.o(i.myPlane_Act) refers to led.o(i.LED_toggle) for LED_toggle
    myplane.o(i.myPlane_Draw) refers to lcd.o(i.__ARM_common_switch8) for __ARM_common_switch8
    myplane.o(i.myPlane_Draw) refers to spriteram.o(i.writeOneSprite) for writeOneSprite
    myplane.o(i.myPlane_bulletDraw) refers to spriteram.o(i.writeOneSprite) for writeOneSprite
    myplane.o(i.myPlane_bulletDraw) refers to main.o(.constdata) for MYPLANE_BULLET_NUMMAX
    myplane.o(i.myPlane_bulletInit) refers to main.o(.constdata) for MYPLANE_BULLET_NUMMAX
    myplane.o(i.myPlane_updateBulletData) refers to main.o(.constdata) for MYPLANE_BULLET_NUMMAX
    entry.o(.ARM.Collect$$$$00000000) refers (Special) to entry10a.o(.ARM.Collect$$$$0000000D) for __rt_final_cpp
    entry.o(.ARM.Collect$$$$00000000) refers (Special) to entry11a.o(.ARM.Collect$$$$0000000F) for __rt_final_exit
    entry.o(.ARM.Collect$$$$00000000) refers (Special) to entry7b.o(.ARM.Collect$$$$00000008) for _main_clock
    entry.o(.ARM.Collect$$$$00000000) refers (Special) to entry8b.o(.ARM.Collect$$$$0000000A) for _main_cpp_init
    entry.o(.ARM.Collect$$$$00000000) refers (Special) to entry9a.o(.ARM.Collect$$$$0000000B) for _main_init
    entry.o(.ARM.Collect$$$$00000000) refers (Special) to entry5.o(.ARM.Collect$$$$00000004) for _main_scatterload
    entry.o(.ARM.Collect$$$$00000000) refers (Special) to entry2.o(.ARM.Collect$$$$00000001) for _main_stk
    idiv.o(.text) refers to uidiv.o(.text) for __aeabi_uidivmod
    rand.o(.text) refers to rand.o(.data) for .data
    printfb.o(i.__0fprintf$bare) refers to printfb.o(i._printf_core) for _printf_core
    printfb.o(i.__0fprintf$bare) refers to retarget.o(i.fputc) for fputc
    printfb.o(i.__0printf$bare) refers to printfb.o(i._printf_core) for _printf_core
    printfb.o(i.__0printf$bare) refers to retarget.o(i.fputc) for fputc
    printfb.o(i.__0printf$bare) refers to retarget.o(.data) for __stdout
    printfb.o(i.__0snprintf$bare) refers to printfb.o(i._printf_core) for _printf_core
    printfb.o(i.__0snprintf$bare) refers to printfb.o(i._snputc) for _snputc
    printfb.o(i.__0sprintf$bare) refers to printfb.o(i._printf_core) for _printf_core
    printfb.o(i.__0sprintf$bare) refers to printfb.o(i._sputc) for _sputc
    printfb.o(i.__0vfprintf$bare) refers to printfb.o(i._printf_core) for _printf_core
    printfb.o(i.__0vfprintf$bare) refers to retarget.o(i.fputc) for fputc
    printfb.o(i.__0vprintf$bare) refers to printfb.o(i._printf_core) for _printf_core
    printfb.o(i.__0vprintf$bare) refers to retarget.o(i.fputc) for fputc
    printfb.o(i.__0vprintf$bare) refers to retarget.o(.data) for __stdout
    printfb.o(i.__0vsnprintf$bare) refers to printfb.o(i._printf_core) for _printf_core
    printfb.o(i.__0vsnprintf$bare) refers to printfb.o(i._snputc) for _snputc
    printfb.o(i.__0vsprintf$bare) refers to printfb.o(i._printf_core) for _printf_core
    printfb.o(i.__0vsprintf$bare) refers to printfb.o(i._sputc) for _sputc
    printf0.o(i.__0fprintf$0) refers to printf0.o(i._printf_core) for _printf_core
    printf0.o(i.__0fprintf$0) refers to retarget.o(i.fputc) for fputc
    printf0.o(i.__0printf$0) refers to printf0.o(i._printf_core) for _printf_core
    printf0.o(i.__0printf$0) refers to retarget.o(i.fputc) for fputc
    printf0.o(i.__0printf$0) refers to retarget.o(.data) for __stdout
    printf0.o(i.__0snprintf$0) refers to printf0.o(i._printf_core) for _printf_core
    printf0.o(i.__0snprintf$0) refers to printf0.o(i._snputc) for _snputc
    printf0.o(i.__0sprintf$0) refers to printf0.o(i._printf_core) for _printf_core
    printf0.o(i.__0sprintf$0) refers to printf0.o(i._sputc) for _sputc
    printf0.o(i.__0vfprintf$0) refers to printf0.o(i._printf_core) for _printf_core
    printf0.o(i.__0vfprintf$0) refers to retarget.o(i.fputc) for fputc
    printf0.o(i.__0vprintf$0) refers to printf0.o(i._printf_core) for _printf_core
    printf0.o(i.__0vprintf$0) refers to retarget.o(i.fputc) for fputc
    printf0.o(i.__0vprintf$0) refers to retarget.o(.data) for __stdout
    printf0.o(i.__0vsnprintf$0) refers to printf0.o(i._printf_core) for _printf_core
    printf0.o(i.__0vsnprintf$0) refers to printf0.o(i._snputc) for _snputc
    printf0.o(i.__0vsprintf$0) refers to printf0.o(i._printf_core) for _printf_core
    printf0.o(i.__0vsprintf$0) refers to printf0.o(i._sputc) for _sputc
    printf1.o(i.__0fprintf$1) refers to printf1.o(i._printf_core) for _printf_core
    printf1.o(i.__0fprintf$1) refers to retarget.o(i.fputc) for fputc
    printf1.o(i.__0printf$1) refers to printf1.o(i._printf_core) for _printf_core
    printf1.o(i.__0printf$1) refers to retarget.o(i.fputc) for fputc
    printf1.o(i.__0printf$1) refers to retarget.o(.data) for __stdout
    printf1.o(i.__0snprintf$1) refers to printf1.o(i._printf_core) for _printf_core
    printf1.o(i.__0snprintf$1) refers to printf1.o(i._snputc) for _snputc
    printf1.o(i.__0sprintf$1) refers to printf1.o(i._printf_core) for _printf_core
    printf1.o(i.__0sprintf$1) refers to printf1.o(i._sputc) for _sputc
    printf1.o(i.__0vfprintf$1) refers to printf1.o(i._printf_core) for _printf_core
    printf1.o(i.__0vfprintf$1) refers to retarget.o(i.fputc) for fputc
    printf1.o(i.__0vprintf$1) refers to printf1.o(i._printf_core) for _printf_core
    printf1.o(i.__0vprintf$1) refers to retarget.o(i.fputc) for fputc
    printf1.o(i.__0vprintf$1) refers to retarget.o(.data) for __stdout
    printf1.o(i.__0vsnprintf$1) refers to printf1.o(i._printf_core) for _printf_core
    printf1.o(i.__0vsnprintf$1) refers to printf1.o(i._snputc) for _snputc
    printf1.o(i.__0vsprintf$1) refers to printf1.o(i._printf_core) for _printf_core
    printf1.o(i.__0vsprintf$1) refers to printf1.o(i._sputc) for _sputc
    printf1.o(i._printf_core) refers to uidiv.o(.text) for __aeabi_uidivmod
    printf2.o(i.__0fprintf$2) refers to printf2.o(i._printf_core) for _printf_core
    printf2.o(i.__0fprintf$2) refers to retarget.o(i.fputc) for fputc
    printf2.o(i.__0printf$2) refers to printf2.o(i._printf_core) for _printf_core
    printf2.o(i.__0printf$2) refers to retarget.o(i.fputc) for fputc
    printf2.o(i.__0printf$2) refers to retarget.o(.data) for __stdout
    printf2.o(i.__0snprintf$2) refers to printf2.o(i._printf_core) for _printf_core
    printf2.o(i.__0snprintf$2) refers to printf2.o(i._snputc) for _snputc
    printf2.o(i.__0sprintf$2) refers to printf2.o(i._printf_core) for _printf_core
    printf2.o(i.__0sprintf$2) refers to printf2.o(i._sputc) for _sputc
    printf2.o(i.__0vfprintf$2) refers to printf2.o(i._printf_core) for _printf_core
    printf2.o(i.__0vfprintf$2) refers to retarget.o(i.fputc) for fputc
    printf2.o(i.__0vprintf$2) refers to printf2.o(i._printf_core) for _printf_core
    printf2.o(i.__0vprintf$2) refers to retarget.o(i.fputc) for fputc
    printf2.o(i.__0vprintf$2) refers to retarget.o(.data) for __stdout
    printf2.o(i.__0vsnprintf$2) refers to printf2.o(i._printf_core) for _printf_core
    printf2.o(i.__0vsnprintf$2) refers to printf2.o(i._snputc) for _snputc
    printf2.o(i.__0vsprintf$2) refers to printf2.o(i._printf_core) for _printf_core
    printf2.o(i.__0vsprintf$2) refers to printf2.o(i._sputc) for _sputc
    printf3.o(i.__0fprintf$3) refers to printf3.o(i._printf_core) for _printf_core
    printf3.o(i.__0fprintf$3) refers to retarget.o(i.fputc) for fputc
    printf3.o(i.__0printf$3) refers to printf3.o(i._printf_core) for _printf_core
    printf3.o(i.__0printf$3) refers to retarget.o(i.fputc) for fputc
    printf3.o(i.__0printf$3) refers to retarget.o(.data) for __stdout
    printf3.o(i.__0snprintf$3) refers to printf3.o(i._printf_core) for _printf_core
    printf3.o(i.__0snprintf$3) refers to printf3.o(i._snputc) for _snputc
    printf3.o(i.__0sprintf$3) refers to printf3.o(i._printf_core) for _printf_core
    printf3.o(i.__0sprintf$3) refers to printf3.o(i._sputc) for _sputc
    printf3.o(i.__0vfprintf$3) refers to printf3.o(i._printf_core) for _printf_core
    printf3.o(i.__0vfprintf$3) refers to retarget.o(i.fputc) for fputc
    printf3.o(i.__0vprintf$3) refers to printf3.o(i._printf_core) for _printf_core
    printf3.o(i.__0vprintf$3) refers to retarget.o(i.fputc) for fputc
    printf3.o(i.__0vprintf$3) refers to retarget.o(.data) for __stdout
    printf3.o(i.__0vsnprintf$3) refers to printf3.o(i._printf_core) for _printf_core
    printf3.o(i.__0vsnprintf$3) refers to printf3.o(i._snputc) for _snputc
    printf3.o(i.__0vsprintf$3) refers to printf3.o(i._printf_core) for _printf_core
    printf3.o(i.__0vsprintf$3) refers to printf3.o(i._sputc) for _sputc
    printf3.o(i._printf_core) refers to uidiv.o(.text) for __aeabi_uidivmod
    printf4.o(i.__0fprintf$4) refers to printf4.o(i._printf_core) for _printf_core
    printf4.o(i.__0fprintf$4) refers to retarget.o(i.fputc) for fputc
    printf4.o(i.__0printf$4) refers to printf4.o(i._printf_core) for _printf_core
    printf4.o(i.__0printf$4) refers to retarget.o(i.fputc) for fputc
    printf4.o(i.__0printf$4) refers to retarget.o(.data) for __stdout
    printf4.o(i.__0snprintf$4) refers to printf4.o(i._printf_core) for _printf_core
    printf4.o(i.__0snprintf$4) refers to printf4.o(i._snputc) for _snputc
    printf4.o(i.__0sprintf$4) refers to printf4.o(i._printf_core) for _printf_core
    printf4.o(i.__0sprintf$4) refers to printf4.o(i._sputc) for _sputc
    printf4.o(i.__0vfprintf$4) refers to printf4.o(i._printf_core) for _printf_core
    printf4.o(i.__0vfprintf$4) refers to retarget.o(i.fputc) for fputc
    printf4.o(i.__0vprintf$4) refers to printf4.o(i._printf_core) for _printf_core
    printf4.o(i.__0vprintf$4) refers to retarget.o(i.fputc) for fputc
    printf4.o(i.__0vprintf$4) refers to retarget.o(.data) for __stdout
    printf4.o(i.__0vsnprintf$4) refers to printf4.o(i._printf_core) for _printf_core
    printf4.o(i.__0vsnprintf$4) refers to printf4.o(i._snputc) for _snputc
    printf4.o(i.__0vsprintf$4) refers to printf4.o(i._printf_core) for _printf_core
    printf4.o(i.__0vsprintf$4) refers to printf4.o(i._sputc) for _sputc
    printf4.o(i._printf_core) refers to uldiv.o(.text) for __aeabi_uldivmod
    printf5.o(i.__0fprintf$5) refers to printf5.o(i._printf_core) for _printf_core
    printf5.o(i.__0fprintf$5) refers to retarget.o(i.fputc) for fputc
    printf5.o(i.__0printf$5) refers to printf5.o(i._printf_core) for _printf_core
    printf5.o(i.__0printf$5) refers to retarget.o(i.fputc) for fputc
    printf5.o(i.__0printf$5) refers to retarget.o(.data) for __stdout
    printf5.o(i.__0snprintf$5) refers to printf5.o(i._printf_core) for _printf_core
    printf5.o(i.__0snprintf$5) refers to printf5.o(i._snputc) for _snputc
    printf5.o(i.__0sprintf$5) refers to printf5.o(i._printf_core) for _printf_core
    printf5.o(i.__0sprintf$5) refers to printf5.o(i._sputc) for _sputc
    printf5.o(i.__0vfprintf$5) refers to printf5.o(i._printf_core) for _printf_core
    printf5.o(i.__0vfprintf$5) refers to retarget.o(i.fputc) for fputc
    printf5.o(i.__0vprintf$5) refers to printf5.o(i._printf_core) for _printf_core
    printf5.o(i.__0vprintf$5) refers to retarget.o(i.fputc) for fputc
    printf5.o(i.__0vprintf$5) refers to retarget.o(.data) for __stdout
    printf5.o(i.__0vsnprintf$5) refers to printf5.o(i._printf_core) for _printf_core
    printf5.o(i.__0vsnprintf$5) refers to printf5.o(i._snputc) for _snputc
    printf5.o(i.__0vsprintf$5) refers to printf5.o(i._printf_core) for _printf_core
    printf5.o(i.__0vsprintf$5) refers to printf5.o(i._sputc) for _sputc
    printf5.o(i._printf_core) refers to uldiv.o(.text) for __aeabi_uldivmod
    printf6.o(i.__0fprintf$6) refers to printf6.o(i._printf_core) for _printf_core
    printf6.o(i.__0fprintf$6) refers to retarget.o(i.fputc) for fputc
    printf6.o(i.__0printf$6) refers to printf6.o(i._printf_core) for _printf_core
    printf6.o(i.__0printf$6) refers to retarget.o(i.fputc) for fputc
    printf6.o(i.__0printf$6) refers to retarget.o(.data) for __stdout
    printf6.o(i.__0snprintf$6) refers to printf6.o(i._printf_core) for _printf_core
    printf6.o(i.__0snprintf$6) refers to printf6.o(i._snputc) for _snputc
    printf6.o(i.__0sprintf$6) refers to printf6.o(i._printf_core) for _printf_core
    printf6.o(i.__0sprintf$6) refers to printf6.o(i._sputc) for _sputc
    printf6.o(i.__0vfprintf$6) refers to printf6.o(i._printf_core) for _printf_core
    printf6.o(i.__0vfprintf$6) refers to retarget.o(i.fputc) for fputc
    printf6.o(i.__0vprintf$6) refers to printf6.o(i._printf_core) for _printf_core
    printf6.o(i.__0vprintf$6) refers to retarget.o(i.fputc) for fputc
    printf6.o(i.__0vprintf$6) refers to retarget.o(.data) for __stdout
    printf6.o(i.__0vsnprintf$6) refers to printf6.o(i._printf_core) for _printf_core
    printf6.o(i.__0vsnprintf$6) refers to printf6.o(i._snputc) for _snputc
    printf6.o(i.__0vsprintf$6) refers to printf6.o(i._printf_core) for _printf_core
    printf6.o(i.__0vsprintf$6) refers to printf6.o(i._sputc) for _sputc
    printf6.o(i._printf_core) refers to printf6.o(i._printf_pre_padding) for _printf_pre_padding
    printf6.o(i._printf_core) refers to printf6.o(i._printf_post_padding) for _printf_post_padding
    printf6.o(i._printf_core) refers to uidiv.o(.text) for __aeabi_uidivmod
    printf7.o(i.__0fprintf$7) refers to printf7.o(i._printf_core) for _printf_core
    printf7.o(i.__0fprintf$7) refers to retarget.o(i.fputc) for fputc
    printf7.o(i.__0printf$7) refers to printf7.o(i._printf_core) for _printf_core
    printf7.o(i.__0printf$7) refers to retarget.o(i.fputc) for fputc
    printf7.o(i.__0printf$7) refers to retarget.o(.data) for __stdout
    printf7.o(i.__0snprintf$7) refers to printf7.o(i._printf_core) for _printf_core
    printf7.o(i.__0snprintf$7) refers to printf7.o(i._snputc) for _snputc
    printf7.o(i.__0sprintf$7) refers to printf7.o(i._printf_core) for _printf_core
    printf7.o(i.__0sprintf$7) refers to printf7.o(i._sputc) for _sputc
    printf7.o(i.__0vfprintf$7) refers to printf7.o(i._printf_core) for _printf_core
    printf7.o(i.__0vfprintf$7) refers to retarget.o(i.fputc) for fputc
    printf7.o(i.__0vprintf$7) refers to printf7.o(i._printf_core) for _printf_core
    printf7.o(i.__0vprintf$7) refers to retarget.o(i.fputc) for fputc
    printf7.o(i.__0vprintf$7) refers to retarget.o(.data) for __stdout
    printf7.o(i.__0vsnprintf$7) refers to printf7.o(i._printf_core) for _printf_core
    printf7.o(i.__0vsnprintf$7) refers to printf7.o(i._snputc) for _snputc
    printf7.o(i.__0vsprintf$7) refers to printf7.o(i._printf_core) for _printf_core
    printf7.o(i.__0vsprintf$7) refers to printf7.o(i._sputc) for _sputc
    printf7.o(i._printf_core) refers to printf7.o(i._printf_pre_padding) for _printf_pre_padding
    printf7.o(i._printf_core) refers to printf7.o(i._printf_post_padding) for _printf_post_padding
    printf7.o(i._printf_core) refers to uldiv.o(.text) for __aeabi_uldivmod
    printf8.o(i.__0fprintf$8) refers to printf8.o(i._printf_core) for _printf_core
    printf8.o(i.__0fprintf$8) refers to retarget.o(i.fputc) for fputc
    printf8.o(i.__0printf$8) refers to printf8.o(i._printf_core) for _printf_core
    printf8.o(i.__0printf$8) refers to retarget.o(i.fputc) for fputc
    printf8.o(i.__0printf$8) refers to retarget.o(.data) for __stdout
    printf8.o(i.__0snprintf$8) refers to printf8.o(i._printf_core) for _printf_core
    printf8.o(i.__0snprintf$8) refers to printf8.o(i._snputc) for _snputc
    printf8.o(i.__0sprintf$8) refers to printf8.o(i._printf_core) for _printf_core
    printf8.o(i.__0sprintf$8) refers to printf8.o(i._sputc) for _sputc
    printf8.o(i.__0vfprintf$8) refers to printf8.o(i._printf_core) for _printf_core
    printf8.o(i.__0vfprintf$8) refers to retarget.o(i.fputc) for fputc
    printf8.o(i.__0vprintf$8) refers to printf8.o(i._printf_core) for _printf_core
    printf8.o(i.__0vprintf$8) refers to retarget.o(i.fputc) for fputc
    printf8.o(i.__0vprintf$8) refers to retarget.o(.data) for __stdout
    printf8.o(i.__0vsnprintf$8) refers to printf8.o(i._printf_core) for _printf_core
    printf8.o(i.__0vsnprintf$8) refers to printf8.o(i._snputc) for _snputc
    printf8.o(i.__0vsprintf$8) refers to printf8.o(i._printf_core) for _printf_core
    printf8.o(i.__0vsprintf$8) refers to printf8.o(i._sputc) for _sputc
    printf8.o(i._printf_core) refers to printf8.o(i._printf_pre_padding) for _printf_pre_padding
    printf8.o(i._printf_core) refers to printf8.o(i._printf_post_padding) for _printf_post_padding
    printf8.o(i._printf_core) refers to uldiv.o(.text) for __aeabi_uldivmod
    printfa.o(i.__0fprintf) refers (Special) to iusefp.o(.text) for __I$use$fp
    printfa.o(i.__0fprintf) refers to printfa.o(i._printf_core) for _printf_core
    printfa.o(i.__0fprintf) refers to retarget.o(i.fputc) for fputc
    printfa.o(i.__0printf) refers (Special) to iusefp.o(.text) for __I$use$fp
    printfa.o(i.__0printf) refers to printfa.o(i._printf_core) for _printf_core
    printfa.o(i.__0printf) refers to retarget.o(i.fputc) for fputc
    printfa.o(i.__0printf) refers to retarget.o(.data) for __stdout
    printfa.o(i.__0snprintf) refers (Special) to iusefp.o(.text) for __I$use$fp
    printfa.o(i.__0snprintf) refers to printfa.o(i._printf_core) for _printf_core
    printfa.o(i.__0snprintf) refers to printfa.o(i._snputc) for _snputc
    printfa.o(i.__0sprintf) refers (Special) to iusefp.o(.text) for __I$use$fp
    printfa.o(i.__0sprintf) refers to printfa.o(i._printf_core) for _printf_core
    printfa.o(i.__0sprintf) refers to printfa.o(i._sputc) for _sputc
    printfa.o(i.__0vfprintf) refers (Special) to iusefp.o(.text) for __I$use$fp
    printfa.o(i.__0vfprintf) refers to printfa.o(i._printf_core) for _printf_core
    printfa.o(i.__0vfprintf) refers to retarget.o(i.fputc) for fputc
    printfa.o(i.__0vprintf) refers (Special) to iusefp.o(.text) for __I$use$fp
    printfa.o(i.__0vprintf) refers to printfa.o(i._printf_core) for _printf_core
    printfa.o(i.__0vprintf) refers to retarget.o(i.fputc) for fputc
    printfa.o(i.__0vprintf) refers to retarget.o(.data) for __stdout
    printfa.o(i.__0vsnprintf) refers (Special) to iusefp.o(.text) for __I$use$fp
    printfa.o(i.__0vsnprintf) refers to printfa.o(i._printf_core) for _printf_core
    printfa.o(i.__0vsnprintf) refers to printfa.o(i._snputc) for _snputc
    printfa.o(i.__0vsprintf) refers (Special) to iusefp.o(.text) for __I$use$fp
    printfa.o(i.__0vsprintf) refers to printfa.o(i._printf_core) for _printf_core
    printfa.o(i.__0vsprintf) refers to printfa.o(i._sputc) for _sputc
    printfa.o(i._fp_digits) refers (Special) to iusefp.o(.text) for __I$use$fp
    printfa.o(i._fp_digits) refers to dmul.o(.text) for __aeabi_dmul
    printfa.o(i._fp_digits) refers to ddiv.o(.text) for __aeabi_ddiv
    printfa.o(i._fp_digits) refers to cdrcmple.o(.text) for __aeabi_cdrcmple
    printfa.o(i._fp_digits) refers to dadd.o(.text) for __aeabi_dadd
    printfa.o(i._fp_digits) refers to dfixul.o(.text) for __aeabi_d2ulz
    printfa.o(i._fp_digits) refers to uldiv.o(.text) for __aeabi_uldivmod
    printfa.o(i._printf_core) refers (Special) to iusefp.o(.text) for __I$use$fp
    printfa.o(i._printf_core) refers to printfa.o(i._printf_pre_padding) for _printf_pre_padding
    printfa.o(i._printf_core) refers to uldiv.o(.text) for __aeabi_uldivmod
    printfa.o(i._printf_core) refers to printfa.o(i._printf_post_padding) for _printf_post_padding
    printfa.o(i._printf_core) refers to printfa.o(i._fp_digits) for _fp_digits
    printfa.o(i._printf_core) refers to uidiv.o(.text) for __aeabi_uidivmod
    printfa.o(i._printf_post_padding) refers (Special) to iusefp.o(.text) for __I$use$fp
    printfa.o(i._printf_pre_padding) refers (Special) to iusefp.o(.text) for __I$use$fp
    printfa.o(i._snputc) refers (Special) to iusefp.o(.text) for __I$use$fp
    printfa.o(i._sputc) refers (Special) to iusefp.o(.text) for __I$use$fp
    fadd.o(.text) refers (Special) to iusefp.o(.text) for __I$use$fp
    fadd.o(.text) refers to fepilogue.o(.text) for _float_epilogue
    fmul.o(.text) refers (Special) to iusefp.o(.text) for __I$use$fp
    fdiv.o(.text) refers (Special) to iusefp.o(.text) for __I$use$fp
    fdiv.o(.text) refers to fepilogue.o(.text) for _float_round
    fflti.o(.text) refers (Special) to iusefp.o(.text) for __I$use$fp
    fflti.o(.text) refers to fepilogue.o(.text) for _float_epilogue
    ffltui.o(.text) refers (Special) to iusefp.o(.text) for __I$use$fp
    ffltui.o(.text) refers to fepilogue.o(.text) for _float_epilogue
    ffixui.o(.text) refers (Special) to iusefp.o(.text) for __I$use$fp
    cfrcmple.o(.text) refers (Special) to iusefp.o(.text) for __I$use$fp
    entry2.o(.ARM.Collect$$$$00000001) refers to entry2.o(.ARM.Collect$$$$00002712) for __lit__00000000
    entry2.o(.ARM.Collect$$$$00002712) refers to startup_cm0ds.o(STACK) for __initial_sp
    entry2.o(__vectab_stack_and_reset_area) refers to startup_cm0ds.o(STACK) for __initial_sp
    entry2.o(__vectab_stack_and_reset_area) refers to entry.o(.ARM.Collect$$$$00000000) for __main
    entry5.o(.ARM.Collect$$$$00000004) refers to init.o(.text) for __scatterload
    entry9a.o(.ARM.Collect$$$$0000000B) refers to main.o(i.main) for main
    entry9b.o(.ARM.Collect$$$$0000000C) refers to main.o(i.main) for main
    uldiv.o(.text) refers to llushr.o(.text) for __aeabi_llsr
    uldiv.o(.text) refers to llshl.o(.text) for __aeabi_llsl
    dadd.o(.text) refers to llshl.o(.text) for __aeabi_llsl
    dadd.o(.text) refers to llsshr.o(.text) for __aeabi_lasr
    dadd.o(.text) refers to depilogue.o(.text) for _double_epilogue
    dmul.o(.text) refers to depilogue.o(.text) for _double_epilogue
    ddiv.o(.text) refers to depilogue.o(.text) for _double_round
    dfixul.o(.text) refers to llushr.o(.text) for __aeabi_llsr
    dfixul.o(.text) refers to llshl.o(.text) for __aeabi_llsl
    init.o(.text) refers to entry5.o(.ARM.Collect$$$$00000004) for __main_after_scatterload
    depilogue.o(.text) refers to depilogue.o(i.__ARM_clz) for __ARM_clz
    depilogue.o(.text) refers to llshl.o(.text) for __aeabi_llsl
    depilogue.o(.text) refers to llushr.o(.text) for __aeabi_llsr


==============================================================================

Removing Unused input sections from the image.

    Removing main.o(.rev16_text), (4 bytes).
    Removing main.o(.revsh_text), (4 bytes).
    Removing handler.o(.rev16_text), (4 bytes).
    Removing handler.o(.revsh_text), (4 bytes).
    Removing startup_cm0ds.o(HEAP), (1024 bytes).
    Removing system.o(.rev16_text), (4 bytes).
    Removing system.o(.revsh_text), (4 bytes).
    Removing system.o(i.SystemCoreClockUpdate), (16 bytes).
    Removing system.o(.data), (4 bytes).
    Removing camera.o(i.CAMERA_Command), (42 bytes).
    Removing camera.o(i.CAMERA_Initial), (800 bytes).
    Removing camera.o(i.CAMERA_NA), (44 bytes).
    Removing camera.o(i.CAMERA_Read_Byte), (64 bytes).
    Removing camera.o(i.CAMERA_Read_Reg), (64 bytes).
    Removing camera.o(i.CAMERA_Start), (32 bytes).
    Removing camera.o(i.CAMERA_Stop), (34 bytes).
    Removing camera.o(i.CAMERA_Waite), (24 bytes).
    Removing camera.o(i.CAMERA_Write_Byte), (94 bytes).
    Removing camera.o(i.Clr_CAMERA_PWDN), (12 bytes).
    Removing camera.o(i.Clr_CAMERA_RST), (12 bytes).
    Removing camera.o(i.Clr_CAMERA_SCL), (12 bytes).
    Removing camera.o(i.Clr_CAMERA_SDA), (12 bytes).
    Removing camera.o(i.Read_CAMERA_DATA_STATE), (12 bytes).
    Removing camera.o(i.Read_CAMERA_SDA), (12 bytes).
    Removing camera.o(i.Set_CAMERA_DATA_STATE), (12 bytes).
    Removing camera.o(i.Set_CAMERA_PWDN), (12 bytes).
    Removing camera.o(i.Set_CAMERA_RST), (12 bytes).
    Removing camera.o(i.Set_CAMERA_SCL), (12 bytes).
    Removing camera.o(i.Set_CAMERA_SDA), (12 bytes).
    Removing camera.o(i.Set_CAMERA_SDA_R), (12 bytes).
    Removing camera.o(i.Set_CAMERA_SDA_W), (12 bytes).
    Removing camera.o(i.photo), (20 bytes).
    Removing camera.o(.constdata), (4769 bytes).
    Removing key.o(i.KEY_INIT), (12 bytes).
    Removing key.o(i.READ_KEY), (12 bytes).
    Removing lcd.o(i.Gui_Drawbmp16), (100 bytes).
    Removing lcd.o(i.LCD_Clear), (108 bytes).
    Removing lcd.o(i.LCD_Color_Fill), (90 bytes).
    Removing lcd.o(i.LCD_DisplayOff), (10 bytes).
    Removing lcd.o(i.LCD_DisplayOn), (10 bytes).
    Removing lcd.o(i.LCD_Display_Dir), (120 bytes).
    Removing lcd.o(i.LCD_DrawLine), (178 bytes).
    Removing lcd.o(i.LCD_DrawPoint), (32 bytes).
    Removing lcd.o(i.LCD_Fill), (80 bytes).
    Removing lcd.o(i.LCD_Init), (664 bytes).
    Removing lcd.o(i.LCD_Pow), (26 bytes).
    Removing lcd.o(i.LCD_RD_DATA), (36 bytes).
    Removing lcd.o(i.LCD_ReadReg), (24 bytes).
    Removing lcd.o(i.LCD_Scan_Dir), (744 bytes).
    Removing lcd.o(i.LCD_SetCursor), (52 bytes).
    Removing lcd.o(i.LCD_Set_Window), (84 bytes).
    Removing lcd.o(i.LCD_ShowChar1), (288 bytes).
    Removing lcd.o(i.LCD_ShowNum), (146 bytes).
    Removing lcd.o(i.LCD_ShowxNum), (200 bytes).
    Removing lcd.o(i.LCD_WriteRAM), (12 bytes).
    Removing lcd.o(i.LCD_WriteRAM_Prepare), (16 bytes).
    Removing lcd.o(i.LCD_WriteReg), (20 bytes).
    Removing lcd.o(i.Paint8x8x2bin), (224 bytes).
    Removing lcd.o(i.Paint_PicBin), (112 bytes).
    Removing lcd.o(i.ReadData), (10 bytes).
    Removing lcd.o(i.Show_Str), (200 bytes).
    Removing lcd.o(i.opt_delay), (14 bytes).
    Removing led.o(i.LED_down), (24 bytes).
    Removing led.o(i.LED_on), (24 bytes).
    Removing led.o(i.led_ctrl), (56 bytes).
    Removing retarget.o(i._sys_exit), (4 bytes).
    Removing retarget.o(i._ttywrch), (16 bytes).
    Removing retarget.o(i.ferror), (8 bytes).
    Removing retarget.o(i.fgetc), (34 bytes).
    Removing spi_flash.o(i.Is_SPI_Ready), (12 bytes).
    Removing spi_flash.o(i.SPI_FLASH_Clear_SR), (36 bytes).
    Removing spi_flash.o(i.SPI_FLASH_Write_Disable), (28 bytes).
    Removing spi_flash.o(i.SPI_FLASH_Write_Enable), (28 bytes).
    Removing spi_flash.o(i.SPI_FLASH_Write_SR), (36 bytes).
    Removing spi_flash.o(i.SPI_Flash_Erase_Block), (64 bytes).
    Removing spi_flash.o(i.SPI_Flash_Erase_Chip), (40 bytes).
    Removing spi_flash.o(i.SPI_Flash_Erase_Sector), (64 bytes).
    Removing spi_flash.o(i.SPI_Flash_Read), (76 bytes).
    Removing spi_flash.o(i.SPI_Flash_ReadID), (68 bytes).
    Removing spi_flash.o(i.SPI_Flash_ReadSR), (40 bytes).
    Removing spi_flash.o(i.SPI_Flash_Wait_Busy), (18 bytes).
    Removing spi_flash.o(i.SPI_Flash_Write_Max65536), (208 bytes).
    Removing spi_flash.o(i.SPI_Flash_Write_NoCheck), (68 bytes).
    Removing spi_flash.o(i.SPI_Flash_Write_Page), (80 bytes).
    Removing spi_flash.o(i.SPI_ReadWriteByte), (72 bytes).
    Removing spi_flash.o(i.SPI_SendData), (20 bytes).
    Removing systick.o(.rev16_text), (4 bytes).
    Removing systick.o(.revsh_text), (4 bytes).
    Removing systick.o(i.Read_SysTick_VALUE), (12 bytes).
    Removing systick.o(i.Timer_Ini), (44 bytes).
    Removing systick.o(i.Timer_Stop), (36 bytes).
    Removing timer.o(i.TIMER_1_Init), (32 bytes).
    Removing timer.o(i.TIMER_Init), (32 bytes).
    Removing uart.o(i.uart_ClearOverrunStatus), (16 bytes).
    Removing uart.o(i.uart_GetBaudDivider), (6 bytes).
    Removing uart.o(i.uart_GetOverrunStatus), (12 bytes).
    Removing uart.o(i.uart_GetRxBufferFull), (12 bytes).
    Removing uart.o(i.uart_GetRxIRQStatus), (12 bytes).
    Removing uart.o(i.uart_GetTxBufferFull), (10 bytes).
    Removing uart.o(i.uart_GetTxIRQStatus), (10 bytes).
    Removing uart.o(i.uart_ReceiveChar), (20 bytes).
    Removing uart.o(i.uart_SendString), (34 bytes).
    Removing malloc.o(i.mem_free), (76 bytes).
    Removing malloc.o(i.mem_init), (44 bytes).
    Removing malloc.o(i.mem_malloc), (124 bytes).
    Removing malloc.o(i.mem_perused), (40 bytes).
    Removing malloc.o(i.myfree), (32 bytes).
    Removing malloc.o(i.mymalloc), (32 bytes).
    Removing malloc.o(i.mymemcpy), (26 bytes).
    Removing malloc.o(i.mymemset), (20 bytes).
    Removing malloc.o(i.myrealloc), (56 bytes).
    Removing malloc.o(.bss), (4352 bytes).
    Removing malloc.o(.constdata), (12 bytes).
    Removing malloc.o(.data), (20 bytes).
    Removing spriteram.o(i.clearNameTableOneline), (28 bytes).
    Removing spriteram.o(i.nameTablePicture), (36 bytes).
    Removing pstwo.o(i.PS2_AnologData), (12 bytes).
    Removing pstwo.o(i.PS2_EnterConfing), (88 bytes).
    Removing pstwo.o(i.PS2_ExitConfing), (88 bytes).
    Removing pstwo.o(i.PS2_RedLight), (60 bytes).
    Removing pstwo.o(i.PS2_SetInit), (28 bytes).
    Removing pstwo.o(i.PS2_ShortPoll), (64 bytes).
    Removing pstwo.o(i.PS2_TurnOnAnalogMode), (80 bytes).
    Removing pstwo.o(i.PS2_Vibration), (92 bytes).
    Removing pstwo.o(i.PS2_VibrationMode), (64 bytes).
    Removing gamehitcheck.o(i.isMyPlaneHit), (140 bytes).
    Removing dadd.o(.text), (356 bytes).
    Removing dmul.o(.text), (208 bytes).
    Removing ddiv.o(.text), (240 bytes).
    Removing dfixul.o(.text), (64 bytes).
    Removing cdrcmple.o(.text), (40 bytes).
    Removing depilogue.o(.text), (190 bytes).
    Removing depilogue.o(i.__ARM_clz), (46 bytes).

133 unused section(s) (total 19013 bytes) removed from the image.

==============================================================================

Image Symbol Table

    Local Symbols

    Symbol Name                              Value     Ov Type        Size  Object(Section)

    RESET                                    0x00000000   Section      100  startup_cm0ds.o(RESET)
    ../clib/../cmprslib/zerorunl2.c          0x00000000   Number         0  __dczerorl2.o ABSOLUTE
    ../clib/microlib/division.c              0x00000000   Number         0  idiv.o ABSOLUTE
    ../clib/microlib/division.c              0x00000000   Number         0  uidiv.o ABSOLUTE
    ../clib/microlib/division.c              0x00000000   Number         0  uldiv.o ABSOLUTE
    ../clib/microlib/init/entry.s            0x00000000   Number         0  entry5.o ABSOLUTE
    ../clib/microlib/init/entry.s            0x00000000   Number         0  entry7b.o ABSOLUTE
    ../clib/microlib/init/entry.s            0x00000000   Number         0  entry8a.o ABSOLUTE
    ../clib/microlib/init/entry.s            0x00000000   Number         0  entry8b.o ABSOLUTE
    ../clib/microlib/init/entry.s            0x00000000   Number         0  entry9a.o ABSOLUTE
    ../clib/microlib/init/entry.s            0x00000000   Number         0  entry.o ABSOLUTE
    ../clib/microlib/init/entry.s            0x00000000   Number         0  entry7a.o ABSOLUTE
    ../clib/microlib/init/entry.s            0x00000000   Number         0  entry9b.o ABSOLUTE
    ../clib/microlib/init/entry.s            0x00000000   Number         0  entry10a.o ABSOLUTE
    ../clib/microlib/init/entry.s            0x00000000   Number         0  entry11a.o ABSOLUTE
    ../clib/microlib/init/entry.s            0x00000000   Number         0  entry11b.o ABSOLUTE
    ../clib/microlib/init/entry.s            0x00000000   Number         0  entry10b.o ABSOLUTE
    ../clib/microlib/init/entry.s            0x00000000   Number         0  entry2.o ABSOLUTE
    ../clib/microlib/longlong.c              0x00000000   Number         0  llshl.o ABSOLUTE
    ../clib/microlib/longlong.c              0x00000000   Number         0  llushr.o ABSOLUTE
    ../clib/microlib/longlong.c              0x00000000   Number         0  llsshr.o ABSOLUTE
    ../clib/microlib/printf/printf.c         0x00000000   Number         0  printf7.o ABSOLUTE
    ../clib/microlib/printf/printf.c         0x00000000   Number         0  printf4.o ABSOLUTE
    ../clib/microlib/printf/printf.c         0x00000000   Number         0  printf3.o ABSOLUTE
    ../clib/microlib/printf/printf.c         0x00000000   Number         0  printf0.o ABSOLUTE
    ../clib/microlib/printf/printf.c         0x00000000   Number         0  printfa.o ABSOLUTE
    ../clib/microlib/printf/printf.c         0x00000000   Number         0  printf2.o ABSOLUTE
    ../clib/microlib/printf/printf.c         0x00000000   Number         0  printf1.o ABSOLUTE
    ../clib/microlib/printf/printf.c         0x00000000   Number         0  printf8.o ABSOLUTE
    ../clib/microlib/printf/printf.c         0x00000000   Number         0  printfb.o ABSOLUTE
    ../clib/microlib/printf/printf.c         0x00000000   Number         0  printf6.o ABSOLUTE
    ../clib/microlib/printf/printf.c         0x00000000   Number         0  printf5.o ABSOLUTE
    ../clib/microlib/stdlib/rand.c           0x00000000   Number         0  rand.o ABSOLUTE
    ../clib/microlib/string/strlen.c         0x00000000   Number         0  strlen.o ABSOLUTE
    ../clib/microlib/stubs.s                 0x00000000   Number         0  iusefp.o ABSOLUTE
    ../fplib/microlib/fpadd.c                0x00000000   Number         0  fadd.o ABSOLUTE
    ../fplib/microlib/fpadd.c                0x00000000   Number         0  dadd.o ABSOLUTE
    ../fplib/microlib/fpdiv.c                0x00000000   Number         0  fdiv.o ABSOLUTE
    ../fplib/microlib/fpdiv.c                0x00000000   Number         0  ddiv.o ABSOLUTE
    ../fplib/microlib/fpepilogue.c           0x00000000   Number         0  fepilogue.o ABSOLUTE
    ../fplib/microlib/fpepilogue.c           0x00000000   Number         0  depilogue.o ABSOLUTE
    ../fplib/microlib/fpfix.c                0x00000000   Number         0  ffixui.o ABSOLUTE
    ../fplib/microlib/fpfix.c                0x00000000   Number         0  dfixul.o ABSOLUTE
    ../fplib/microlib/fpflt.c                0x00000000   Number         0  ffltui.o ABSOLUTE
    ../fplib/microlib/fpflt.c                0x00000000   Number         0  fflti.o ABSOLUTE
    ../fplib/microlib/fpmul.c                0x00000000   Number         0  fmul.o ABSOLUTE
    ../fplib/microlib/fpmul.c                0x00000000   Number         0  dmul.o ABSOLUTE
    ..\CORE\handler.c                        0x00000000   Number         0  handler.o ABSOLUTE
    ..\CORE\startup_CM0DS.s                  0x00000000   Number         0  startup_cm0ds.o ABSOLUTE
    ..\CORE\system.c                         0x00000000   Number         0  system.o ABSOLUTE
    ..\DEVICE\Retarget.c                     0x00000000   Number         0  retarget.o ABSOLUTE
    ..\DEVICE\camera.c                       0x00000000   Number         0  camera.o ABSOLUTE
    ..\DEVICE\key.c                          0x00000000   Number         0  key.o ABSOLUTE
    ..\DEVICE\lcd.c                          0x00000000   Number         0  lcd.o ABSOLUTE
    ..\DEVICE\led.c                          0x00000000   Number         0  led.o ABSOLUTE
    ..\DEVICE\malloc.c                       0x00000000   Number         0  malloc.o ABSOLUTE
    ..\DEVICE\pstwo.c                        0x00000000   Number         0  pstwo.o ABSOLUTE
    ..\DEVICE\spi_flash.c                    0x00000000   Number         0  spi_flash.o ABSOLUTE
    ..\DEVICE\spriteRam.c                    0x00000000   Number         0  spriteram.o ABSOLUTE
    ..\DEVICE\systick.c                      0x00000000   Number         0  systick.o ABSOLUTE
    ..\DEVICE\timer.c                        0x00000000   Number         0  timer.o ABSOLUTE
    ..\DEVICE\uart.c                         0x00000000   Number         0  uart.o ABSOLUTE
    ..\MY_GAME\boom.c                        0x00000000   Number         0  boom.o ABSOLUTE
    ..\MY_GAME\enemyBullet.c                 0x00000000   Number         0  enemybullet.o ABSOLUTE
    ..\MY_GAME\enemyPlane.c                  0x00000000   Number         0  enemyplane.o ABSOLUTE
    ..\MY_GAME\gameHitCheck.c                0x00000000   Number         0  gamehitcheck.o ABSOLUTE
    ..\MY_GAME\gameInterFace.c               0x00000000   Number         0  gameinterface.o ABSOLUTE
    ..\MY_GAME\myPlane.c                     0x00000000   Number         0  myplane.o ABSOLUTE
    ..\\CORE\\handler.c                      0x00000000   Number         0  handler.o ABSOLUTE
    ..\\CORE\\system.c                       0x00000000   Number         0  system.o ABSOLUTE
    ..\\DEVICE\\systick.c                    0x00000000   Number         0  systick.o ABSOLUTE
    cdrcmple.s                               0x00000000   Number         0  cdrcmple.o ABSOLUTE
    cfrcmple.s                               0x00000000   Number         0  cfrcmple.o ABSOLUTE
    dc.s                                     0x00000000   Number         0  dc.o ABSOLUTE
    handlers.s                               0x00000000   Number         0  handlers.o ABSOLUTE
    init.s                                   0x00000000   Number         0  init.o ABSOLUTE
    main.c                                   0x00000000   Number         0  main.o ABSOLUTE
    main.c                                   0x00000000   Number         0  main.o ABSOLUTE
    .ARM.Collect$$$$00000000                 0x00000064   Section        0  entry.o(.ARM.Collect$$$$00000000)
    .ARM.Collect$$$$00000001                 0x00000064   Section        4  entry2.o(.ARM.Collect$$$$00000001)
    .ARM.Collect$$$$00000004                 0x00000068   Section        4  entry5.o(.ARM.Collect$$$$00000004)
    .ARM.Collect$$$$00000008                 0x0000006c   Section        0  entry7b.o(.ARM.Collect$$$$00000008)
    .ARM.Collect$$$$0000000A                 0x0000006c   Section        0  entry8b.o(.ARM.Collect$$$$0000000A)
    .ARM.Collect$$$$0000000B                 0x0000006c   Section        8  entry9a.o(.ARM.Collect$$$$0000000B)
    .ARM.Collect$$$$0000000D                 0x00000074   Section        0  entry10a.o(.ARM.Collect$$$$0000000D)
    .ARM.Collect$$$$0000000F                 0x00000074   Section        0  entry11a.o(.ARM.Collect$$$$0000000F)
    .ARM.Collect$$$$00002712                 0x00000074   Section        4  entry2.o(.ARM.Collect$$$$00002712)
    __lit__00000000                          0x00000074   Data           4  entry2.o(.ARM.Collect$$$$00002712)
    .text                                    0x00000078   Section      164  startup_cm0ds.o(.text)
    .text                                    0x0000011c   Section        0  uidiv.o(.text)
    .text                                    0x00000148   Section        0  idiv.o(.text)
    .text                                    0x00000170   Section        0  rand.o(.text)
    .text                                    0x00000194   Section        0  fadd.o(.text)
    .text                                    0x00000246   Section        0  fmul.o(.text)
    .text                                    0x000002c0   Section        0  fdiv.o(.text)
    .text                                    0x0000033c   Section        0  fflti.o(.text)
    .text                                    0x00000352   Section        0  ffltui.o(.text)
    .text                                    0x00000360   Section        0  ffixui.o(.text)
    .text                                    0x00000388   Section       20  cfrcmple.o(.text)
    .text                                    0x0000039c   Section        0  fepilogue.o(.text)
    .text                                    0x0000039c   Section        0  iusefp.o(.text)
    .text                                    0x00000420   Section       36  init.o(.text)
    .text                                    0x00000444   Section        0  __dczerorl2.o(.text)
    i.BusFaultHandler                        0x0000049a   Section        0  handler.o(i.BusFaultHandler)
    i.DebugMonHandler                        0x0000049c   Section        0  handler.o(i.DebugMonHandler)
    i.HardFaultHandler                       0x0000049e   Section        0  handler.o(i.HardFaultHandler)
    i.KEY0                                   0x000004a0   Section        0  handler.o(i.KEY0)
    i.KEY1                                   0x000004aa   Section        0  handler.o(i.KEY1)
    i.KEY2                                   0x000004b4   Section        0  handler.o(i.KEY2)
    i.KEY3                                   0x000004be   Section        0  handler.o(i.KEY3)
    i.LCD_Fast_DrawPoint                     0x000004c8   Section        0  lcd.o(i.LCD_Fast_DrawPoint)
    i.LCD_ShowChar                           0x00000524   Section        0  lcd.o(i.LCD_ShowChar)
    i.LCD_ShowString                         0x00000634   Section        0  lcd.o(i.LCD_ShowString)
    i.LCD_WR_DATA                            0x00000696   Section        0  lcd.o(i.LCD_WR_DATA)
    i.LCD_WR_REG                             0x000006bc   Section        0  lcd.o(i.LCD_WR_REG)
    i.LED_toggle                             0x000006e0   Section        0  led.o(i.LED_toggle)
    i.MakeData                               0x00000718   Section        0  lcd.o(i.MakeData)
    i.MemManageHandler                       0x00000720   Section        0  handler.o(i.MemManageHandler)
    i.NMIHandler                             0x00000722   Section        0  handler.o(i.NMIHandler)
    i.NVIC_EnableIRQ                         0x00000724   Section        0  system.o(i.NVIC_EnableIRQ)
    NVIC_EnableIRQ                           0x00000725   Thumb Code    14  system.o(i.NVIC_EnableIRQ)
    i.PS2_ClearData                          0x00000738   Section        0  pstwo.o(i.PS2_ClearData)
    i.PS2_Cmd                                0x00000750   Section        0  pstwo.o(i.PS2_Cmd)
    i.PS2_DataKey                            0x000007d4   Section        0  pstwo.o(i.PS2_DataKey)
    i.PS2_Init                               0x00000828   Section        0  pstwo.o(i.PS2_Init)
    i.PS2_ReadData                           0x00000838   Section        0  pstwo.o(i.PS2_ReadData)
    i.PendSVHandler                          0x000008e0   Section        0  handler.o(i.PendSVHandler)
    i.SPI_Init                               0x000008e4   Section        0  spi_flash.o(i.SPI_Init)
    i.SVCHandler                             0x000008f4   Section        0  handler.o(i.SVCHandler)
    i.Set_SysTick_CTRL                       0x000008f8   Section        0  systick.o(i.Set_SysTick_CTRL)
    i.Set_SysTick_LOAD                       0x00000904   Section        0  systick.o(i.Set_SysTick_LOAD)
    i.Set_SysTick_VALUE                      0x00000910   Section        0  systick.o(i.Set_SysTick_VALUE)
    i.SysTickHandler                         0x0000091c   Section        0  handler.o(i.SysTickHandler)
    i.SystemInit                             0x00000938   Section        0  system.o(i.SystemInit)
    i.Timer_Handler                          0x00000954   Section        0  handler.o(i.Timer_Handler)
    i.UARTOVRHandler                         0x00000956   Section        0  handler.o(i.UARTOVRHandler)
    i.UARTRXHandler                          0x00000958   Section        0  handler.o(i.UARTRXHandler)
    i.UARTTXHandler                          0x00000988   Section        0  handler.o(i.UARTTXHandler)
    i.UsageFaultHandler                      0x000009c4   Section        0  handler.o(i.UsageFaultHandler)
    i.__0printf$bare                         0x000009c8   Section        0  printfb.o(i.__0printf$bare)
    i.__ARM_common_switch8                   0x000009dc   Section        0  lcd.o(i.__ARM_common_switch8)
    i.__scatterload_copy                     0x000009f8   Section       14  handlers.o(i.__scatterload_copy)
    i.__scatterload_null                     0x00000a06   Section        2  handlers.o(i.__scatterload_null)
    i.__scatterload_zeroinit                 0x00000a08   Section       14  handlers.o(i.__scatterload_zeroinit)
    i._printf_core                           0x00000a16   Section        0  printfb.o(i._printf_core)
    _printf_core                             0x00000a17   Thumb Code    30  printfb.o(i._printf_core)
    i.clearNameTableAll                      0x00000a34   Section        0  spriteram.o(i.clearNameTableAll)
    i.delay                                  0x00000a5a   Section        0  systick.o(i.delay)
    i.delay_ms                               0x00000a7c   Section        0  systick.o(i.delay_ms)
    i.delay_us                               0x00000a98   Section        0  systick.o(i.delay_us)
    i.endInterFaceDraw                       0x00000ab0   Section        0  gameinterface.o(i.endInterFaceDraw)
    i.enemyAndBulletMapCreate                0x00000bac   Section        0  gamehitcheck.o(i.enemyAndBulletMapCreate)
    i.enmeyBulletDraw                        0x00000cd0   Section        0  enemybullet.o(i.enmeyBulletDraw)
    i.enmey_BulletInit                       0x00000d18   Section        0  enemybullet.o(i.enmey_BulletInit)
    i.fputc                                  0x00000d38   Section        0  retarget.o(i.fputc)
    i.gameCursorDraw                         0x00000d58   Section        0  gameinterface.o(i.gameCursorDraw)
    i.gameScoreDraw                          0x00000db2   Section        0  gameinterface.o(i.gameScoreDraw)
    i.gameStartInterfaceShow                 0x00000e58   Section        0  gameinterface.o(i.gameStartInterfaceShow)
    i.isHit_s_grey_EnemyPlane                0x00000f94   Section        0  gamehitcheck.o(i.isHit_s_grey_EnemyPlane)
    i.main                                   0x0000110c   Section        0  main.o(i.main)
    i.myBulletsMapCreate                     0x000015c4   Section        0  gamehitcheck.o(i.myBulletsMapCreate)
    i.myPlane_Act                            0x00001614   Section        0  myplane.o(i.myPlane_Act)
    i.myPlane_Draw                           0x00001688   Section        0  myplane.o(i.myPlane_Draw)
    i.myPlane_Init                           0x00001c30   Section        0  myplane.o(i.myPlane_Init)
    i.myPlane_bulletDraw                     0x00001c4c   Section        0  myplane.o(i.myPlane_bulletDraw)
    i.myPlane_bulletInit                     0x00001c94   Section        0  myplane.o(i.myPlane_bulletInit)
    i.myPlane_createOneBullet                0x00001cb4   Section        0  myplane.o(i.myPlane_createOneBullet)
    i.myPlane_updateBulletData               0x00001e40   Section        0  myplane.o(i.myPlane_updateBulletData)
    i.new_boomDraw                           0x00001e90   Section        0  boom.o(i.new_boomDraw)
    i.new_boomInit                           0x00001f5c   Section        0  boom.o(i.new_boomInit)
    i.new_createOneBoom                      0x00001f7c   Section        0  boom.o(i.new_createOneBoom)
    i.new_updateBoomData                     0x00001fc4   Section        0  boom.o(i.new_updateBoomData)
    i.readPs2DI                              0x00002028   Section        0  pstwo.o(i.readPs2DI)
    i.s_green_createOnePlane                 0x00002034   Section        0  enemyplane.o(i.s_green_createOnePlane)
    i.s_green_drawPlane                      0x00002150   Section        0  enemyplane.o(i.s_green_drawPlane)
    i.s_green_movePlane                      0x00002440   Section        0  enemyplane.o(i.s_green_movePlane)
    i.s_green_planeInit                      0x00002788   Section        0  enemyplane.o(i.s_green_planeInit)
    i.s_grey_createOneEnmeyBullet            0x000027c0   Section        0  enemybullet.o(i.s_grey_createOneEnmeyBullet)
    i.s_grey_createOnePlane                  0x00002908   Section        0  enemyplane.o(i.s_grey_createOnePlane)
    i.s_grey_drawPlane                       0x00002a04   Section        0  enemyplane.o(i.s_grey_drawPlane)
    i.s_grey_movePlane                       0x00002dc0   Section        0  enemyplane.o(i.s_grey_movePlane)
    i.s_grey_planeInit                       0x000031a4   Section        0  enemyplane.o(i.s_grey_planeInit)
    i.tileMap                                0x000031ec   Section        0  gamehitcheck.o(i.tileMap)
    i.uart_ClearRxIRQ                        0x00003204   Section        0  uart.o(i.uart_ClearRxIRQ)
    i.uart_ClearTxIRQ                        0x0000320a   Section        0  uart.o(i.uart_ClearTxIRQ)
    i.uart_SendChar                          0x00003210   Section        0  uart.o(i.uart_SendChar)
    i.uart_init                              0x00003226   Section        0  uart.o(i.uart_init)
    i.updateEnemyBulletData                  0x00003280   Section        0  enemybullet.o(i.updateEnemyBulletData)
    i.vga_Handler                            0x00003348   Section        0  handler.o(i.vga_Handler)
    i.writeOneNametable                      0x000033c0   Section        0  spriteram.o(i.writeOneNametable)
    i.writeOneSprite                         0x000033d0   Section        0  spriteram.o(i.writeOneSprite)
    .constdata                               0x000033f4   Section        5  main.o(.constdata)
    .constdata                               0x000033f9   Section     1520  lcd.o(.constdata)
    .constdata                               0x000039ec   Section       84  enemybullet.o(.constdata)
    .data                                    0x20000000   Section     2811  main.o(.data)
    .data                                    0x20000afc   Section        4  lcd.o(.data)
    .data                                    0x20000b00   Section        8  retarget.o(.data)
    .data                                    0x20000b08   Section       36  pstwo.o(.data)
    .data                                    0x20000b2c   Section      178  gameinterface.o(.data)
    .data                                    0x20000be0   Section        4  rand.o(.data)
    _rand_state                              0x20000be0   Data           4  rand.o(.data)
    .bss                                     0x20000be4   Section      716  main.o(.bss)
    .bss                                     0x20000eb0   Section       14  lcd.o(.bss)
    .bss                                     0x20000ebe   Section        9  pstwo.o(.bss)
    STACK                                    0x20000ec8   Section     1024  startup_cm0ds.o(STACK)

    Global Symbols

    Symbol Name                              Value     Ov Type        Size  Object(Section)

    BuildAttributes$$THM_ISAv3M$S$PE$A:L22$X:L11$S22$IEEE1$IW$USESV6$~STKCKD$USESV7$~SHL$OTIME$ROPI$EBA8$MICROLIB$REQ8$PRES8$EABIv2 0x00000000   Number         0  anon$$obj.o ABSOLUTE
    __ARM_use_no_argv                        0x00000000   Number         0  main.o ABSOLUTE
    __Vectors                                0x00000000   Data           4  startup_cm0ds.o(RESET)
    __cpp_initialize__aeabi_                  - Undefined Weak Reference
    __cxa_finalize                            - Undefined Weak Reference
    _clock_init                               - Undefined Weak Reference
    _microlib_exit                            - Undefined Weak Reference
    __Vectors_End                            0x00000064   Data           0  startup_cm0ds.o(RESET)
    __Vectors_Size                           0x00000064   Number         0  startup_cm0ds.o ABSOLUTE
    __main                                   0x00000065   Thumb Code     0  entry.o(.ARM.Collect$$$$00000000)
    _main_stk                                0x00000065   Thumb Code     0  entry2.o(.ARM.Collect$$$$00000001)
    _main_scatterload                        0x00000069   Thumb Code     0  entry5.o(.ARM.Collect$$$$00000004)
    __main_after_scatterload                 0x0000006d   Thumb Code     0  entry5.o(.ARM.Collect$$$$00000004)
    _main_clock                              0x0000006d   Thumb Code     0  entry7b.o(.ARM.Collect$$$$00000008)
    _main_cpp_init                           0x0000006d   Thumb Code     0  entry8b.o(.ARM.Collect$$$$0000000A)
    _main_init                               0x0000006d   Thumb Code     0  entry9a.o(.ARM.Collect$$$$0000000B)
    __rt_final_cpp                           0x00000075   Thumb Code     0  entry10a.o(.ARM.Collect$$$$0000000D)
    __rt_final_exit                          0x00000075   Thumb Code     0  entry11a.o(.ARM.Collect$$$$0000000F)
    Reset_Handler                            0x00000079   Thumb Code    12  startup_cm0ds.o(.text)
    NMI_Handler                              0x00000085   Thumb Code     8  startup_cm0ds.o(.text)
    HardFault_Handler                        0x0000008d   Thumb Code     8  startup_cm0ds.o(.text)
    MemManage_Handler                        0x00000095   Thumb Code     8  startup_cm0ds.o(.text)
    BusFault_Handler                         0x0000009d   Thumb Code     8  startup_cm0ds.o(.text)
    UsageFault_Handler                       0x000000a5   Thumb Code     8  startup_cm0ds.o(.text)
    SVC_Handler                              0x000000ad   Thumb Code     8  startup_cm0ds.o(.text)
    DebugMon_Handler                         0x000000b5   Thumb Code     8  startup_cm0ds.o(.text)
    PendSV_Handler                           0x000000bd   Thumb Code     8  startup_cm0ds.o(.text)
    SysTick_Handler                          0x000000c5   Thumb Code     8  startup_cm0ds.o(.text)
    UARTRX_Handler                           0x000000cd   Thumb Code     8  startup_cm0ds.o(.text)
    UARTTX_Handler                           0x000000d5   Thumb Code     8  startup_cm0ds.o(.text)
    UARTOVR_Handler                          0x000000dd   Thumb Code     8  startup_cm0ds.o(.text)
    KEY0_Handler                             0x000000e5   Thumb Code     8  startup_cm0ds.o(.text)
    KEY1_Handler                             0x000000ed   Thumb Code     8  startup_cm0ds.o(.text)
    KEY2_Handler                             0x000000f5   Thumb Code     8  startup_cm0ds.o(.text)
    KEY3_Handler                             0x000000fd   Thumb Code     8  startup_cm0ds.o(.text)
    TIMER_Handler                            0x00000105   Thumb Code     8  startup_cm0ds.o(.text)
    VGA_Handler                              0x0000010d   Thumb Code     8  startup_cm0ds.o(.text)
    __aeabi_uidiv                            0x0000011d   Thumb Code     0  uidiv.o(.text)
    __aeabi_uidivmod                         0x0000011d   Thumb Code    44  uidiv.o(.text)
    __aeabi_idiv                             0x00000149   Thumb Code     0  idiv.o(.text)
    __aeabi_idivmod                          0x00000149   Thumb Code    40  idiv.o(.text)
    rand                                     0x00000171   Thumb Code    18  rand.o(.text)
    srand                                    0x00000183   Thumb Code     6  rand.o(.text)
    __aeabi_fadd                             0x00000195   Thumb Code   162  fadd.o(.text)
    __aeabi_fsub                             0x00000237   Thumb Code     8  fadd.o(.text)
    __aeabi_frsub                            0x0000023f   Thumb Code     8  fadd.o(.text)
    __aeabi_fmul                             0x00000247   Thumb Code   122  fmul.o(.text)
    __aeabi_fdiv                             0x000002c1   Thumb Code   124  fdiv.o(.text)
    __aeabi_i2f                              0x0000033d   Thumb Code    22  fflti.o(.text)
    __aeabi_ui2f                             0x00000353   Thumb Code    14  ffltui.o(.text)
    __aeabi_f2uiz                            0x00000361   Thumb Code    40  ffixui.o(.text)
    __aeabi_cfrcmple                         0x00000389   Thumb Code    20  cfrcmple.o(.text)
    __I$use$fp                               0x0000039d   Thumb Code     0  iusefp.o(.text)
    _float_round                             0x0000039d   Thumb Code    16  fepilogue.o(.text)
    _float_epilogue                          0x000003ad   Thumb Code   114  fepilogue.o(.text)
    __scatterload                            0x00000421   Thumb Code    28  init.o(.text)
    __scatterload_rt2                        0x00000421   Thumb Code     0  init.o(.text)
    __decompress                             0x00000445   Thumb Code     0  __dczerorl2.o(.text)
    __decompress1                            0x00000445   Thumb Code    86  __dczerorl2.o(.text)
    BusFaultHandler                          0x0000049b   Thumb Code     2  handler.o(i.BusFaultHandler)
    DebugMonHandler                          0x0000049d   Thumb Code     2  handler.o(i.DebugMonHandler)
    HardFaultHandler                         0x0000049f   Thumb Code     2  handler.o(i.HardFaultHandler)
    KEY0                                     0x000004a1   Thumb Code    10  handler.o(i.KEY0)
    KEY1                                     0x000004ab   Thumb Code    10  handler.o(i.KEY1)
    KEY2                                     0x000004b5   Thumb Code    10  handler.o(i.KEY2)
    KEY3                                     0x000004bf   Thumb Code    10  handler.o(i.KEY3)
    LCD_Fast_DrawPoint                       0x000004c9   Thumb Code    88  lcd.o(i.LCD_Fast_DrawPoint)
    LCD_ShowChar                             0x00000525   Thumb Code   254  lcd.o(i.LCD_ShowChar)
    LCD_ShowString                           0x00000635   Thumb Code    98  lcd.o(i.LCD_ShowString)
    LCD_WR_DATA                              0x00000697   Thumb Code    38  lcd.o(i.LCD_WR_DATA)
    LCD_WR_REG                               0x000006bd   Thumb Code    36  lcd.o(i.LCD_WR_REG)
    LED_toggle                               0x000006e1   Thumb Code    50  led.o(i.LED_toggle)
    MakeData                                 0x00000719   Thumb Code     8  lcd.o(i.MakeData)
    MemManageHandler                         0x00000721   Thumb Code     2  handler.o(i.MemManageHandler)
    NMIHandler                               0x00000723   Thumb Code     2  handler.o(i.NMIHandler)
    PS2_ClearData                            0x00000739   Thumb Code    20  pstwo.o(i.PS2_ClearData)
    PS2_Cmd                                  0x00000751   Thumb Code   122  pstwo.o(i.PS2_Cmd)
    PS2_DataKey                              0x000007d5   Thumb Code    70  pstwo.o(i.PS2_DataKey)
    PS2_Init                                 0x00000829   Thumb Code    12  pstwo.o(i.PS2_Init)
    PS2_ReadData                             0x00000839   Thumb Code   154  pstwo.o(i.PS2_ReadData)
    PendSVHandler                            0x000008e1   Thumb Code     2  handler.o(i.PendSVHandler)
    SPI_Init                                 0x000008e5   Thumb Code    12  spi_flash.o(i.SPI_Init)
    SVCHandler                               0x000008f5   Thumb Code     2  handler.o(i.SVCHandler)
    Set_SysTick_CTRL                         0x000008f9   Thumb Code     6  systick.o(i.Set_SysTick_CTRL)
    Set_SysTick_LOAD                         0x00000905   Thumb Code     6  systick.o(i.Set_SysTick_LOAD)
    Set_SysTick_VALUE                        0x00000911   Thumb Code     6  systick.o(i.Set_SysTick_VALUE)
    SysTickHandler                           0x0000091d   Thumb Code    24  handler.o(i.SysTickHandler)
    SystemInit                               0x00000939   Thumb Code    28  system.o(i.SystemInit)
    Timer_Handler                            0x00000955   Thumb Code     2  handler.o(i.Timer_Handler)
    UARTOVRHandler                           0x00000957   Thumb Code     2  handler.o(i.UARTOVRHandler)
    UARTRXHandler                            0x00000959   Thumb Code    24  handler.o(i.UARTRXHandler)
    UARTTXHandler                            0x00000989   Thumb Code    36  handler.o(i.UARTTXHandler)
    UsageFaultHandler                        0x000009c5   Thumb Code     2  handler.o(i.UsageFaultHandler)
    __0printf$bare                           0x000009c9   Thumb Code    12  printfb.o(i.__0printf$bare)
    __1printf$bare                           0x000009c9   Thumb Code     0  printfb.o(i.__0printf$bare)
    __2printf                                0x000009c9   Thumb Code     0  printfb.o(i.__0printf$bare)
    __ARM_common_switch8                     0x000009dd   Thumb Code    28  lcd.o(i.__ARM_common_switch8)
    __scatterload_copy                       0x000009f9   Thumb Code    14  handlers.o(i.__scatterload_copy)
    __scatterload_null                       0x00000a07   Thumb Code     2  handlers.o(i.__scatterload_null)
    __scatterload_zeroinit                   0x00000a09   Thumb Code    14  handlers.o(i.__scatterload_zeroinit)
    clearNameTableAll                        0x00000a35   Thumb Code    38  spriteram.o(i.clearNameTableAll)
    delay                                    0x00000a5b   Thumb Code    32  systick.o(i.delay)
    delay_ms                                 0x00000a7d   Thumb Code    22  systick.o(i.delay_ms)
    delay_us                                 0x00000a99   Thumb Code    22  systick.o(i.delay_us)
    endInterFaceDraw                         0x00000ab1   Thumb Code   242  gameinterface.o(i.endInterFaceDraw)
    enemyAndBulletMapCreate                  0x00000bad   Thumb Code   280  gamehitcheck.o(i.enemyAndBulletMapCreate)
    enmeyBulletDraw                          0x00000cd1   Thumb Code    68  enemybullet.o(i.enmeyBulletDraw)
    enmey_BulletInit                         0x00000d19   Thumb Code    28  enemybullet.o(i.enmey_BulletInit)
    fputc                                    0x00000d39   Thumb Code    32  retarget.o(i.fputc)
    gameCursorDraw                           0x00000d59   Thumb Code    90  gameinterface.o(i.gameCursorDraw)
    gameScoreDraw                            0x00000db3   Thumb Code   164  gameinterface.o(i.gameScoreDraw)
    gameStartInterfaceShow                   0x00000e59   Thumb Code   300  gameinterface.o(i.gameStartInterfaceShow)
    isHit_s_grey_EnemyPlane                  0x00000f95   Thumb Code   362  gamehitcheck.o(i.isHit_s_grey_EnemyPlane)
    main                                     0x0000110d   Thumb Code  1196  main.o(i.main)
    myBulletsMapCreate                       0x000015c5   Thumb Code    74  gamehitcheck.o(i.myBulletsMapCreate)
    myPlane_Act                              0x00001615   Thumb Code   116  myplane.o(i.myPlane_Act)
    myPlane_Draw                             0x00001689   Thumb Code  1448  myplane.o(i.myPlane_Draw)
    myPlane_Init                             0x00001c31   Thumb Code    28  myplane.o(i.myPlane_Init)
    myPlane_bulletDraw                       0x00001c4d   Thumb Code    68  myplane.o(i.myPlane_bulletDraw)
    myPlane_bulletInit                       0x00001c95   Thumb Code    28  myplane.o(i.myPlane_bulletInit)
    myPlane_createOneBullet                  0x00001cb5   Thumb Code   396  myplane.o(i.myPlane_createOneBullet)
    myPlane_updateBulletData                 0x00001e41   Thumb Code    74  myplane.o(i.myPlane_updateBulletData)
    new_boomDraw                             0x00001e91   Thumb Code   198  boom.o(i.new_boomDraw)
    new_boomInit                             0x00001f5d   Thumb Code    26  boom.o(i.new_boomInit)
    new_createOneBoom                        0x00001f7d   Thumb Code    66  boom.o(i.new_createOneBoom)
    new_updateBoomData                       0x00001fc5   Thumb Code    94  boom.o(i.new_updateBoomData)
    readPs2DI                                0x00002029   Thumb Code     6  pstwo.o(i.readPs2DI)
    s_green_createOnePlane                   0x00002035   Thumb Code   280  enemyplane.o(i.s_green_createOnePlane)
    s_green_drawPlane                        0x00002151   Thumb Code   746  enemyplane.o(i.s_green_drawPlane)
    s_green_movePlane                        0x00002441   Thumb Code   834  enemyplane.o(i.s_green_movePlane)
    s_green_planeInit                        0x00002789   Thumb Code    50  enemyplane.o(i.s_green_planeInit)
    s_grey_createOneEnmeyBullet              0x000027c1   Thumb Code   312  enemybullet.o(i.s_grey_createOneEnmeyBullet)
    s_grey_createOnePlane                    0x00002909   Thumb Code   246  enemyplane.o(i.s_grey_createOnePlane)
    s_grey_drawPlane                         0x00002a05   Thumb Code   954  enemyplane.o(i.s_grey_drawPlane)
    s_grey_movePlane                         0x00002dc1   Thumb Code   990  enemyplane.o(i.s_grey_movePlane)
    s_grey_planeInit                         0x000031a5   Thumb Code    66  enemyplane.o(i.s_grey_planeInit)
    tileMap                                  0x000031ed   Thumb Code    24  gamehitcheck.o(i.tileMap)
    uart_ClearRxIRQ                          0x00003205   Thumb Code     6  uart.o(i.uart_ClearRxIRQ)
    uart_ClearTxIRQ                          0x0000320b   Thumb Code     6  uart.o(i.uart_ClearTxIRQ)
    uart_SendChar                            0x00003211   Thumb Code    22  uart.o(i.uart_SendChar)
    uart_init                                0x00003227   Thumb Code    88  uart.o(i.uart_init)
    updateEnemyBulletData                    0x00003281   Thumb Code   196  enemybullet.o(i.updateEnemyBulletData)
    vga_Handler                              0x00003349   Thumb Code    96  handler.o(i.vga_Handler)
    writeOneNametable                        0x000033c1   Thumb Code    12  spriteram.o(i.writeOneNametable)
    writeOneSprite                           0x000033d1   Thumb Code    32  spriteram.o(i.writeOneSprite)
    MYPLANE_BULLET_NUMMAX                    0x000033f4   Data           1  main.o(.constdata)
    S_GREY_NUMMAX                            0x000033f5   Data           1  main.o(.constdata)
    S_GREEN_NUMMAX                           0x000033f6   Data           1  main.o(.constdata)
    ENEMY_BULLETS_NUMMAX                     0x000033f7   Data           1  main.o(.constdata)
    BOOM_NUMMAX                              0x000033f8   Data           1  main.o(.constdata)
    asc2_1608                                0x000033f9   Data        1520  lcd.o(.constdata)
    ANGLE_NUMMAX                             0x000039ec   Data           1  enemybullet.o(.constdata)
    sin_array                                0x000039ee   Data          20  enemybullet.o(.constdata)
    cos_array                                0x00003a02   Data          20  enemybullet.o(.constdata)
    tan_array                                0x00003a18   Data          40  enemybullet.o(.constdata)
    Region$$Table$$Base                      0x00003a40   Number         0  anon$$obj.o(Region$$Table)
    Region$$Table$$Limit                     0x00003a60   Number         0  anon$$obj.o(Region$$Table)
    gImage_hero_48x32                        0x20000000   Data         192  main.o(.data)
    gImage_enemy01_32x32                     0x200000c0   Data         128  main.o(.data)
    gImage_enemy02_48x48                     0x20000140   Data         294  main.o(.data)
    gImage_backgroud_00                      0x20000266   Data        2160  main.o(.data)
    timer_cnt                                0x20000ad6   Data           1  main.o(.data)
    start                                    0x20000ad7   Data           1  main.o(.data)
    gameCursor                               0x20000ad8   Data           1  main.o(.data)
    spriteRamAddr                            0x20000ad9   Data           1  main.o(.data)
    GameScore                                0x20000adc   Data           4  main.o(.data)
    GameShootDownCnt                         0x20000ae0   Data           4  main.o(.data)
    GameShootBulletsCnt                      0x20000ae4   Data           4  main.o(.data)
    GameHitRate                              0x20000ae8   Data           4  main.o(.data)
    fps                                      0x20000aec   Data           4  main.o(.data)
    PS2_KEY                                  0x20000af0   Data           4  main.o(.data)
    game_state                               0x20000af4   Data           1  main.o(.data)
    gameEndFpsCnt                            0x20000af5   Data           1  main.o(.data)
    gameEndInterFaceFpsCnt                   0x20000af6   Data           1  main.o(.data)
    gameEndInterFaceFpsSpeed                 0x20000af7   Data           1  main.o(.data)
    gameEndInterFaceArrayCnt                 0x20000af8   Data           1  main.o(.data)
    DrawFlag                                 0x20000af9   Data           1  main.o(.data)
    gameRunState                             0x20000afa   Data           1  main.o(.data)
    POINT_COLOR                              0x20000afc   Data           2  lcd.o(.data)
    BACK_COLOR                               0x20000afe   Data           2  lcd.o(.data)
    __stdout                                 0x20000b00   Data           4  retarget.o(.data)
    __stdin                                  0x20000b04   Data           4  retarget.o(.data)
    Handkey                                  0x20000b08   Data           2  pstwo.o(.data)
    Comd                                     0x20000b0a   Data           2  pstwo.o(.data)
    MASK                                     0x20000b0c   Data          32  pstwo.o(.data)
    GAME_LOGO_1942                           0x20000b2c   Data          90  gameinterface.o(.data)
    GAME_VERSION                             0x20000b86   Data          12  gameinterface.o(.data)
    GAME_START_CHAR                          0x20000b92   Data           8  gameinterface.o(.data)
    GAME_STOP_CHAR                           0x20000b9a   Data           8  gameinterface.o(.data)
    endInterFaceArray                        0x20000ba2   Data          60  gameinterface.o(.data)
    myBullet                                 0x20000be4   Data         120  main.o(.bss)
    myBulletsHitMap                          0x20000c5c   Data         120  main.o(.bss)
    s_grey_plane                             0x20000cd4   Data          48  main.o(.bss)
    s_green_plane                            0x20000d04   Data          28  main.o(.bss)
    enmeyBullets                             0x20000d20   Data          50  main.o(.bss)
    enemyPlaneAndBullet_HitMap               0x20000d54   Data         120  main.o(.bss)
    myplane                                  0x20000dcc   Data          10  main.o(.bss)
    myPlaneHitMap                            0x20000dd8   Data         120  main.o(.bss)
    boom                                     0x20000e50   Data          96  main.o(.bss)
    lcddev                                   0x20000eb0   Data          14  lcd.o(.bss)
    Data                                     0x20000ebe   Data           9  pstwo.o(.bss)
    __initial_sp                             0x200012c8   Data           0  startup_cm0ds.o(STACK)



==============================================================================

Memory Map of the image

  Image Entry point : 0x00000065

  Load Region LR_IROM1 (Base: 0x00000000, Size: 0x00004644, Max: 0x00010000, ABSOLUTE, COMPRESSED[0x00003fb0])

    Execution Region ER_IROM1 (Exec base: 0x00000000, Load base: 0x00000000, Size: 0x00003a60, Max: 0x00010000, ABSOLUTE)

    Exec Addr    Load Addr    Size         Type   Attr      Idx    E Section Name        Object

    0x00000000   0x00000000   0x00000064   Data   RO          247    RESET               startup_cm0ds.o
    0x00000064   0x00000064   0x00000000   Code   RO         1497  * .ARM.Collect$$$$00000000  mc_p.l(entry.o)
    0x00000064   0x00000064   0x00000004   Code   RO         1783    .ARM.Collect$$$$00000001  mc_p.l(entry2.o)
    0x00000068   0x00000068   0x00000004   Code   RO         1786    .ARM.Collect$$$$00000004  mc_p.l(entry5.o)
    0x0000006c   0x0000006c   0x00000000   Code   RO         1788    .ARM.Collect$$$$00000008  mc_p.l(entry7b.o)
    0x0000006c   0x0000006c   0x00000000   Code   RO         1790    .ARM.Collect$$$$0000000A  mc_p.l(entry8b.o)
    0x0000006c   0x0000006c   0x00000008   Code   RO         1791    .ARM.Collect$$$$0000000B  mc_p.l(entry9a.o)
    0x00000074   0x00000074   0x00000000   Code   RO         1793    .ARM.Collect$$$$0000000D  mc_p.l(entry10a.o)
    0x00000074   0x00000074   0x00000000   Code   RO         1795    .ARM.Collect$$$$0000000F  mc_p.l(entry11a.o)
    0x00000074   0x00000074   0x00000004   Code   RO         1784    .ARM.Collect$$$$00002712  mc_p.l(entry2.o)
    0x00000078   0x00000078   0x000000a4   Code   RO          248    .text               startup_cm0ds.o
    0x0000011c   0x0000011c   0x0000002c   Code   RO         1500    .text               mc_p.l(uidiv.o)
    0x00000148   0x00000148   0x00000028   Code   RO         1502    .text               mc_p.l(idiv.o)
    0x00000170   0x00000170   0x00000024   Code   RO         1504    .text               mc_p.l(rand.o)
    0x00000194   0x00000194   0x000000b2   Code   RO         1769    .text               mf_p.l(fadd.o)
    0x00000246   0x00000246   0x0000007a   Code   RO         1771    .text               mf_p.l(fmul.o)
    0x000002c0   0x000002c0   0x0000007c   Code   RO         1773    .text               mf_p.l(fdiv.o)
    0x0000033c   0x0000033c   0x00000016   Code   RO         1775    .text               mf_p.l(fflti.o)
    0x00000352   0x00000352   0x0000000e   Code   RO         1777    .text               mf_p.l(ffltui.o)
    0x00000360   0x00000360   0x00000028   Code   RO         1779    .text               mf_p.l(ffixui.o)
    0x00000388   0x00000388   0x00000014   Code   RO         1781    .text               mf_p.l(cfrcmple.o)
    0x0000039c   0x0000039c   0x00000000   Code   RO         1799    .text               mc_p.l(iusefp.o)
    0x0000039c   0x0000039c   0x00000082   Code   RO         1800    .text               mf_p.l(fepilogue.o)
    0x0000041e   0x0000041e   0x00000002   PAD
    0x00000420   0x00000420   0x00000024   Code   RO         1812    .text               mc_p.l(init.o)
    0x00000444   0x00000444   0x00000056   Code   RO         1832    .text               mc_p.l(__dczerorl2.o)
    0x0000049a   0x0000049a   0x00000002   Code   RO          117    i.BusFaultHandler   handler.o
    0x0000049c   0x0000049c   0x00000002   Code   RO          118    i.DebugMonHandler   handler.o
    0x0000049e   0x0000049e   0x00000002   Code   RO          119    i.HardFaultHandler  handler.o
    0x000004a0   0x000004a0   0x0000000a   Code   RO          120    i.KEY0              handler.o
    0x000004aa   0x000004aa   0x0000000a   Code   RO          121    i.KEY1              handler.o
    0x000004b4   0x000004b4   0x0000000a   Code   RO          122    i.KEY2              handler.o
    0x000004be   0x000004be   0x0000000a   Code   RO          123    i.KEY3              handler.o
    0x000004c8   0x000004c8   0x0000005c   Code   RO          469    i.LCD_Fast_DrawPoint  lcd.o
    0x00000524   0x00000524   0x00000110   Code   RO          478    i.LCD_ShowChar      lcd.o
    0x00000634   0x00000634   0x00000062   Code   RO          481    i.LCD_ShowString    lcd.o
    0x00000696   0x00000696   0x00000026   Code   RO          483    i.LCD_WR_DATA       lcd.o
    0x000006bc   0x000006bc   0x00000024   Code   RO          484    i.LCD_WR_REG        lcd.o
    0x000006e0   0x000006e0   0x00000038   Code   RO          680    i.LED_toggle        led.o
    0x00000718   0x00000718   0x00000008   Code   RO          488    i.MakeData          lcd.o
    0x00000720   0x00000720   0x00000002   Code   RO          124    i.MemManageHandler  handler.o
    0x00000722   0x00000722   0x00000002   Code   RO          125    i.NMIHandler        handler.o
    0x00000724   0x00000724   0x00000014   Code   RO          254    i.NVIC_EnableIRQ    system.o
    0x00000738   0x00000738   0x00000018   Code   RO         1152    i.PS2_ClearData     pstwo.o
    0x00000750   0x00000750   0x00000084   Code   RO         1153    i.PS2_Cmd           pstwo.o
    0x000007d4   0x000007d4   0x00000054   Code   RO         1154    i.PS2_DataKey       pstwo.o
    0x00000828   0x00000828   0x00000010   Code   RO         1157    i.PS2_Init          pstwo.o
    0x00000838   0x00000838   0x000000a8   Code   RO         1158    i.PS2_ReadData      pstwo.o
    0x000008e0   0x000008e0   0x00000002   Code   RO          126    i.PendSVHandler     handler.o
    0x000008e2   0x000008e2   0x00000002   PAD
    0x000008e4   0x000008e4   0x00000010   Code   RO          767    i.SPI_Init          spi_flash.o
    0x000008f4   0x000008f4   0x00000002   Code   RO          127    i.SVCHandler        handler.o
    0x000008f6   0x000008f6   0x00000002   PAD
    0x000008f8   0x000008f8   0x0000000c   Code   RO          869    i.Set_SysTick_CTRL  systick.o
    0x00000904   0x00000904   0x0000000c   Code   RO          870    i.Set_SysTick_LOAD  systick.o
    0x00000910   0x00000910   0x0000000c   Code   RO          871    i.Set_SysTick_VALUE  systick.o
    0x0000091c   0x0000091c   0x0000001c   Code   RO          128    i.SysTickHandler    handler.o
    0x00000938   0x00000938   0x0000001c   Code   RO          256    i.SystemInit        system.o
    0x00000954   0x00000954   0x00000002   Code   RO          129    i.Timer_Handler     handler.o
    0x00000956   0x00000956   0x00000002   Code   RO          130    i.UARTOVRHandler    handler.o
    0x00000958   0x00000958   0x00000030   Code   RO          131    i.UARTRXHandler     handler.o
    0x00000988   0x00000988   0x0000003c   Code   RO          132    i.UARTTXHandler     handler.o
    0x000009c4   0x000009c4   0x00000002   Code   RO          133    i.UsageFaultHandler  handler.o
    0x000009c6   0x000009c6   0x00000002   PAD
    0x000009c8   0x000009c8   0x00000014   Code   RO         1510    i.__0printf$bare    mc_p.l(printfb.o)
    0x000009dc   0x000009dc   0x0000001c   Code   RO          667    i.__ARM_common_switch8  lcd.o
    0x000009f8   0x000009f8   0x0000000e   Code   RO         1826    i.__scatterload_copy  mc_p.l(handlers.o)
    0x00000a06   0x00000a06   0x00000002   Code   RO         1827    i.__scatterload_null  mc_p.l(handlers.o)
    0x00000a08   0x00000a08   0x0000000e   Code   RO         1828    i.__scatterload_zeroinit  mc_p.l(handlers.o)
    0x00000a16   0x00000a16   0x0000001e   Code   RO         1517    i._printf_core      mc_p.l(printfb.o)
    0x00000a34   0x00000a34   0x00000026   Code   RO         1115    i.clearNameTableAll  spriteram.o
    0x00000a5a   0x00000a5a   0x00000020   Code   RO          874    i.delay             systick.o
    0x00000a7a   0x00000a7a   0x00000002   PAD
    0x00000a7c   0x00000a7c   0x0000001c   Code   RO          875    i.delay_ms          systick.o
    0x00000a98   0x00000a98   0x00000016   Code   RO          876    i.delay_us          systick.o
    0x00000aae   0x00000aae   0x00000002   PAD
    0x00000ab0   0x00000ab0   0x000000fc   Code   RO         1414    i.endInterFaceDraw  gameinterface.o
    0x00000bac   0x00000bac   0x00000124   Code   RO         1377    i.enemyAndBulletMapCreate  gamehitcheck.o
    0x00000cd0   0x00000cd0   0x00000048   Code   RO         1285    i.enmeyBulletDraw   enemybullet.o
    0x00000d18   0x00000d18   0x00000020   Code   RO         1286    i.enmey_BulletInit  enemybullet.o
    0x00000d38   0x00000d38   0x00000020   Code   RO          712    i.fputc             retarget.o
    0x00000d58   0x00000d58   0x0000005a   Code   RO         1415    i.gameCursorDraw    gameinterface.o
    0x00000db2   0x00000db2   0x000000a4   Code   RO         1416    i.gameScoreDraw     gameinterface.o
    0x00000e56   0x00000e56   0x00000002   PAD
    0x00000e58   0x00000e58   0x0000013c   Code   RO         1417    i.gameStartInterfaceShow  gameinterface.o
    0x00000f94   0x00000f94   0x00000178   Code   RO         1378    i.isHit_s_grey_EnemyPlane  gamehitcheck.o
    0x0000110c   0x0000110c   0x000004b8   Code   RO            3    i.main              main.o
    0x000015c4   0x000015c4   0x00000050   Code   RO         1380    i.myBulletsMapCreate  gamehitcheck.o
    0x00001614   0x00001614   0x00000074   Code   RO         1448    i.myPlane_Act       myplane.o
    0x00001688   0x00001688   0x000005a8   Code   RO         1449    i.myPlane_Draw      myplane.o
    0x00001c30   0x00001c30   0x0000001c   Code   RO         1450    i.myPlane_Init      myplane.o
    0x00001c4c   0x00001c4c   0x00000048   Code   RO         1451    i.myPlane_bulletDraw  myplane.o
    0x00001c94   0x00001c94   0x00000020   Code   RO         1452    i.myPlane_bulletInit  myplane.o
    0x00001cb4   0x00001cb4   0x0000018c   Code   RO         1453    i.myPlane_createOneBullet  myplane.o
    0x00001e40   0x00001e40   0x00000050   Code   RO         1454    i.myPlane_updateBulletData  myplane.o
    0x00001e90   0x00001e90   0x000000cc   Code   RO         1254    i.new_boomDraw      boom.o
    0x00001f5c   0x00001f5c   0x00000020   Code   RO         1255    i.new_boomInit      boom.o
    0x00001f7c   0x00001f7c   0x00000048   Code   RO         1256    i.new_createOneBoom  boom.o
    0x00001fc4   0x00001fc4   0x00000064   Code   RO         1257    i.new_updateBoomData  boom.o
    0x00002028   0x00002028   0x0000000c   Code   RO         1165    i.readPs2DI         pstwo.o
    0x00002034   0x00002034   0x0000011c   Code   RO         1319    i.s_green_createOnePlane  enemyplane.o
    0x00002150   0x00002150   0x000002f0   Code   RO         1320    i.s_green_drawPlane  enemyplane.o
    0x00002440   0x00002440   0x00000348   Code   RO         1321    i.s_green_movePlane  enemyplane.o
    0x00002788   0x00002788   0x00000038   Code   RO         1322    i.s_green_planeInit  enemyplane.o
    0x000027c0   0x000027c0   0x00000148   Code   RO         1287    i.s_grey_createOneEnmeyBullet  enemybullet.o
    0x00002908   0x00002908   0x000000fc   Code   RO         1323    i.s_grey_createOnePlane  enemyplane.o
    0x00002a04   0x00002a04   0x000003ba   Code   RO         1324    i.s_grey_drawPlane  enemyplane.o
    0x00002dbe   0x00002dbe   0x00000002   PAD
    0x00002dc0   0x00002dc0   0x000003e4   Code   RO         1325    i.s_grey_movePlane  enemyplane.o
    0x000031a4   0x000031a4   0x00000048   Code   RO         1326    i.s_grey_planeInit  enemyplane.o
    0x000031ec   0x000031ec   0x00000018   Code   RO         1381    i.tileMap           gamehitcheck.o
    0x00003204   0x00003204   0x00000006   Code   RO          957    i.uart_ClearRxIRQ   uart.o
    0x0000320a   0x0000320a   0x00000006   Code   RO          958    i.uart_ClearTxIRQ   uart.o
    0x00003210   0x00003210   0x00000016   Code   RO          966    i.uart_SendChar     uart.o
    0x00003226   0x00003226   0x00000058   Code   RO          968    i.uart_init         uart.o
    0x0000327e   0x0000327e   0x00000002   PAD
    0x00003280   0x00003280   0x000000c8   Code   RO         1288    i.updateEnemyBulletData  enemybullet.o
    0x00003348   0x00003348   0x00000078   Code   RO          134    i.vga_Handler       handler.o
    0x000033c0   0x000033c0   0x00000010   Code   RO         1118    i.writeOneNametable  spriteram.o
    0x000033d0   0x000033d0   0x00000024   Code   RO         1119    i.writeOneSprite    spriteram.o
    0x000033f4   0x000033f4   0x00000005   Data   RO            5    .constdata          main.o
    0x000033f9   0x000033f9   0x000005f0   Data   RO          495    .constdata          lcd.o
    0x000039e9   0x000039e9   0x00000003   PAD
    0x000039ec   0x000039ec   0x00000054   Data   RO         1289    .constdata          enemybullet.o
    0x00003a40   0x00003a40   0x00000020   Data   RO         1824    Region$$Table       anon$$obj.o


    Execution Region RW_IRAM1 (Exec base: 0x20000000, Load base: 0x00003a60, Size: 0x000012c8, Max: 0x00010000, ABSOLUTE, COMPRESSED[0x00000550])

    Exec Addr    Load Addr    Size         Type   Attr      Idx    E Section Name        Object

    0x20000000   COMPRESSED   0x00000afb   Data   RW            6    .data               main.o
    0x20000afb   COMPRESSED   0x00000001   PAD
    0x20000afc   COMPRESSED   0x00000004   Data   RW          496    .data               lcd.o
    0x20000b00   COMPRESSED   0x00000008   Data   RW          713    .data               retarget.o
    0x20000b08   COMPRESSED   0x00000024   Data   RW         1167    .data               pstwo.o
    0x20000b2c   COMPRESSED   0x000000b2   Data   RW         1418    .data               gameinterface.o
    0x20000bde   COMPRESSED   0x00000002   PAD
    0x20000be0   COMPRESSED   0x00000004   Data   RW         1505    .data               mc_p.l(rand.o)
    0x20000be4        -       0x000002cc   Zero   RW            4    .bss                main.o
    0x20000eb0        -       0x0000000e   Zero   RW          494    .bss                lcd.o
    0x20000ebe        -       0x00000009   Zero   RW         1166    .bss                pstwo.o
    0x20000ec7   COMPRESSED   0x00000001   PAD
    0x20000ec8        -       0x00000400   Zero   RW          245    STACK               startup_cm0ds.o


==============================================================================

Image component sizes


      Code (inc. data)   RO Data    RW Data    ZI Data      Debug   Object Name

       408         24          0          0          0       2781   boom.o
       632         28         84          0          0       3891   enemybullet.o
      4206         76          0          0          0       7045   enemyplane.o
       772         32          0          0          0       4067   gamehitcheck.o
       822         26          0        178          0       4569   gameinterface.o
       316         76          0          0          0       7108   handler.o
       572         22       1520          4         14       6749   lcd.o
        56          6          0          0          0        573   led.o
      1208        106          5       2811        716      13623   main.o
      2172         24          0          0          0       5071   myplane.o
       436         52          0         36          9       3555   pstwo.o
        32          0          0          8          0       2488   retarget.o
        16          4          0          0          0        431   spi_flash.o
        90          8          0          0          0       1729   spriteram.o
       164          8        100          0       1024       1140   startup_cm0ds.o
        48          6          0          0          0       6425   system.o
       118         24          0          0          0       2708   systick.o
       122          0          0          0          0       2696   uart.o

    ----------------------------------------------------------------------
     12206        522       1744       3040       1764      76649   Object Totals
         0          0         32          0          0          0   (incl. Generated)
        16          0          3          3          1          0   (incl. Padding)

    ----------------------------------------------------------------------

      Code (inc. data)   RO Data    RW Data    ZI Data      Debug   Library Member Name

        86          0          0          0          0          0   __dczerorl2.o
         0          0          0          0          0          0   entry.o
         0          0          0          0          0          0   entry10a.o
         0          0          0          0          0          0   entry11a.o
         8          4          0          0          0          0   entry2.o
         4          0          0          0          0          0   entry5.o
         0          0          0          0          0          0   entry7b.o
         0          0          0          0          0          0   entry8b.o
         8          4          0          0          0          0   entry9a.o
        30          0          0          0          0          0   handlers.o
        40          0          0          0          0         72   idiv.o
        36          8          0          0          0         68   init.o
         0          0          0          0          0          0   iusefp.o
        50          8          0          0          0        144   printfb.o
        36         12          0          4          0        120   rand.o
        44          0          0          0          0         72   uidiv.o
        20          0          0          0          0         68   cfrcmple.o
       178          0          0          0          0        108   fadd.o
       124          0          0          0          0         72   fdiv.o
       130          0          0          0          0        144   fepilogue.o
        40          0          0          0          0         60   ffixui.o
        22          0          0          0          0         68   fflti.o
        14          0          0          0          0         68   ffltui.o
       122          0          0          0          0         72   fmul.o

    ----------------------------------------------------------------------
       994         36          0          4          0       1136   Library Totals
         2          0          0          0          0          0   (incl. Padding)

    ----------------------------------------------------------------------

      Code (inc. data)   RO Data    RW Data    ZI Data      Debug   Library Name

       342         36          0          4          0        476   mc_p.l
       650          0          0          0          0        660   mf_p.l

    ----------------------------------------------------------------------
       994         36          0          4          0       1136   Library Totals

    ----------------------------------------------------------------------

==============================================================================


      Code (inc. data)   RO Data    RW Data    ZI Data      Debug   

     13200        558       1744       3044       1764      74129   Grand Totals
     13200        558       1744       1360       1764      74129   ELF Image Totals (compressed)
     13200        558       1744       1360          0          0   ROM Totals

==============================================================================

    Total RO  Size (Code + RO Data)                14944 (  14.59kB)
    Total RW  Size (RW Data + ZI Data)              4808 (   4.70kB)
    Total ROM Size (Code + RO Data + RW Data)      16304 (  15.92kB)

==============================================================================

