Component: ARM Compiler 5.06 update 6 (build 750) Tool: armlink [4d35ed]

==============================================================================

Section Cross References

    main.o(i.main) refers to uart.o(i.uart_init) for uart_init
    main.o(i.main) refers to pstwo.o(i.PS2_Init) for PS2_Init
    main.o(i.main) refers to spi_flash.o(i.SPI_Init) for SPI_Init
    main.o(i.main) refers to spi_flash.o(i.SPI_Flash_Erase_Block) for SPI_Flash_Erase_Block
    main.o(i.main) refers to makemap.o(i.makeMapFirst) for makeMapFirst
    main.o(i.main) refers to makemap.o(i.makeMapSecond) for makeMapSecond
    main.o(i.main) refers to spriteram.o(i.writeOneSprite) for writeOneSprite
    main.o(i.main) refers to spriteram.o(i.clearNameTableAll) for clearNameTableAll
    main.o(i.main) refers to gameinterface.o(i.gameStartInterfaceShow) for gameStartInterfaceShow
    main.o(i.main) refers to gameinterface.o(i.gameCursorDraw) for gameCursorDraw
    main.o(i.main) refers to myplane.o(i.myPlane_Init) for myPlane_Init
    main.o(i.main) refers to myplane.o(i.myPlane_bulletInit) for myPlane_bulletInit
    main.o(i.main) refers to enemyplane.o(i.s_grey_planeInit) for s_grey_planeInit
    main.o(i.main) refers to enemyplane.o(i.s_green_planeInit) for s_green_planeInit
    main.o(i.main) refers to enemyplane.o(i.m_straight_planeInit) for m_straight_planeInit
    main.o(i.main) refers to enemyplane.o(i.b_green_planeInit) for b_green_planeInit
    main.o(i.main) refers to enemybullet.o(i.enmey_BulletInit) for enmey_BulletInit
    main.o(i.main) refers to boom.o(i.new_boomInit) for new_boomInit
    main.o(i.main) refers to makemap.o(i.loadMapJianchuan) for loadMapJianchuan
    main.o(i.main) refers to pstwo.o(i.PS2_DataKey) for PS2_DataKey
    main.o(i.main) refers to systick.o(i.delay_ms) for delay_ms
    main.o(i.main) refers to myplane.o(i.myPlane_createOneBullet) for myPlane_createOneBullet
    main.o(i.main) refers to idiv.o(.text) for __aeabi_idivmod
    main.o(i.main) refers to main.o(.data) for flashAddrBlock_Map1
    main.o(i.main) refers to main.o(.bss) for myplane
    main.o(i.main) refers to pstwo.o(.bss) for Data
    main.o(i.main) refers to myplane.o(i.myPlane_Act) for myPlane_Act
    main.o(i.main) refers to myplane.o(i.myPlane_updateBulletData) for myPlane_updateBulletData
    main.o(i.main) refers to enemyplane.o(i.s_grey_movePlane) for s_grey_movePlane
    main.o(i.main) refers to enemyplane.o(i.s_green_movePlane) for s_green_movePlane
    main.o(i.main) refers to enemyplane.o(i.m_straight_movePlane) for m_straight_movePlane
    main.o(i.main) refers to enemyplane.o(i.b_green_movePlane) for b_green_movePlane
    main.o(i.main) refers to enemybullet.o(i.updateEnemyBulletData) for updateEnemyBulletData
    main.o(i.main) refers to boom.o(i.new_updateBoomData) for new_updateBoomData
    main.o(i.main) refers to gamehitcheck.o(i.myBulletsMapCreate) for myBulletsMapCreate
    main.o(i.main) refers to gamehitcheck.o(i.enemyAndBulletMapCreate) for enemyAndBulletMapCreate
    main.o(i.main) refers to gamehitcheck.o(i.isMyPlaneHit) for isMyPlaneHit
    main.o(i.main) refers to gamehitcheck.o(i.isHit_s_EnemyPlane) for isHit_s_EnemyPlane
    main.o(i.main) refers to gamehitcheck.o(i.isHit_m_straight_EnemyPlane) for isHit_m_straight_EnemyPlane
    main.o(i.main) refers to gamehitcheck.o(i.isHit_b_EnemyPlane) for isHit_b_EnemyPlane
    main.o(i.main) refers to gamehitcheck.o(i.isHit_myBullets) for isHit_myBullets
    main.o(i.main) refers to gameinterface.o(i.gameScoreDraw) for gameScoreDraw
    main.o(i.main) refers to myplane.o(i.myPlane_Draw) for myPlane_Draw
    main.o(i.main) refers to myplane.o(i.myPlane_bulletDraw) for myPlane_bulletDraw
    main.o(i.main) refers to boom.o(i.new_boomDraw) for new_boomDraw
    main.o(i.main) refers to enemyplane.o(i.s_grey_drawPlane) for s_grey_drawPlane
    main.o(i.main) refers to enemyplane.o(i.s_green_drawPlane) for s_green_drawPlane
    main.o(i.main) refers to enemyplane.o(i.m_straight_drawPlane) for m_straight_drawPlane
    main.o(i.main) refers to enemyplane.o(i.b_green_drawPlane) for b_green_drawPlane
    main.o(i.main) refers to enemybullet.o(i.enmeyBulletDraw) for enmeyBulletDraw
    main.o(i.main) refers to gameinterface.o(i.newGuanqiaInterFaceDraw) for newGuanqiaInterFaceDraw
    main.o(i.main) refers to ffltui.o(.text) for __aeabi_ui2f
    main.o(i.main) refers to fdiv.o(.text) for __aeabi_fdiv
    main.o(i.main) refers to gameinterface.o(i.endInterFaceDraw) for endInterFaceDraw
    handler.o(i.KEY0) refers to led.o(i.LED_toggle) for LED_toggle
    handler.o(i.KEY1) refers to led.o(i.LED_toggle) for LED_toggle
    handler.o(i.KEY2) refers to led.o(i.LED_toggle) for LED_toggle
    handler.o(i.KEY3) refers to led.o(i.LED_toggle) for LED_toggle
    handler.o(i.SysTickHandler) refers to systick.o(i.Set_SysTick_CTRL) for Set_SysTick_CTRL
    handler.o(i.UARTRXHandler) refers to uart.o(i.uart_ClearRxIRQ) for uart_ClearRxIRQ
[...]
    printf4.o(i.__0sprintf$4) refers to printf4.o(i._sputc) for _sputc
    printf4.o(i.__0vfprintf$4) refers to printf4.o(i._printf_core) for _printf_core
    printf4.o(i.__0vfprintf$4) refers to retarget.o(i.fputc) for fputc
    printf4.o(i.__0vprintf$4) refers to printf4.o(i._printf_core) for _printf_core
    printf4.o(i.__0vprintf$4) refers to retarget.o(i.fputc) for fputc
    printf4.o(i.__0vprintf$4) refers to retarget.o(.data) for __stdout
    printf4.o(i.__0vsnprintf$4) refers to printf4.o(i._printf_core) for _printf_core
    printf4.o(i.__0vsnprintf$4) refers to printf4.o(i._snputc) for _snputc
    printf4.o(i.__0vsprintf$4) refers to printf4.o(i._printf_core) for _printf_core
    printf4.o(i.__0vsprintf$4) refers to printf4.o(i._sputc) for _sputc
    printf4.o(i._printf_core) refers to uldiv.o(.text) for __aeabi_uldivmod
    printf5.o(i.__0fprintf$5) refers to printf5.o(i._printf_core) for _printf_core
    printf5.o(i.__0fprintf$5) refers to retarget.o(i.fputc) for fputc
    printf5.o(i.__0printf$5) refers to printf5.o(i._printf_core) for _printf_core
    printf5.o(i.__0printf$5) refers to retarget.o(i.fputc) for fputc
    printf5.o(i.__0printf$5) refers to retarget.o(.data) for __stdout
    printf5.o(i.__0snprintf$5) refers to printf5.o(i._printf_core) for _printf_core
    printf5.o(i.__0snprintf$5) refers to printf5.o(i._snputc) for _snputc
    printf5.o(i.__0sprintf$5) refers to printf5.o(i._printf_core) for _printf_core
    printf5.o(i.__0sprintf$5) refers to printf5.o(i._sputc) for _sputc
    printf5.o(i.__0vfprintf$5) refers to printf5.o(i._printf_core) for _printf_core
    printf5.o(i.__0vfprintf$5) refers to retarget.o(i.fputc) for fputc
    printf5.o(i.__0vprintf$5) refers to printf5.o(i._printf_core) for _printf_core
    printf5.o(i.__0vprintf$5) refers to retarget.o(i.fputc) for fputc
    printf5.o(i.__0vprintf$5) refers to retarget.o(.data) for __stdout
    printf5.o(i.__0vsnprintf$5) refers to printf5.o(i._printf_core) for _printf_core
    printf5.o(i.__0vsnprintf$5) refers to printf5.o(i._snputc) for _snputc
    printf5.o(i.__0vsprintf$5) refers to printf5.o(i._printf_core) for _printf_core
    printf5.o(i.__0vsprintf$5) refers to printf5.o(i._sputc) for _sputc
    printf5.o(i._printf_core) refers to uldiv.o(.text) for __aeabi_uldivmod
    printf6.o(i.__0fprintf$6) refers to printf6.o(i._printf_core) for _printf_core
    printf6.o(i.__0fprintf$6) refers to retarget.o(i.fputc) for fputc
    printf6.o(i.__0printf$6) refers to printf6.o(i._printf_core) for _printf_core
    printf6.o(i.__0printf$6) refers to retarget.o(i.fputc) for fputc
    printf6.o(i.__0printf$6) refers to retarget.o(.data) for __stdout
    printf6.o(i.__0snprintf$6) refers to printf6.o(i._printf_core) for _printf_core
    printf6.o(i.__0snprintf$6) refers to printf6.o(i._snputc) for _snputc
    printf6.o(i.__0sprintf$6) refers to printf6.o(i._printf_core) for _printf_core
    printf6.o(i.__0sprintf$6) refers to printf6.o(i._sputc) for _sputc
    printf6.o(i.__0vfprintf$6) refers to printf6.o(i._printf_core) for _printf_core
    printf6.o(i.__0vfprintf$6) refers to retarget.o(i.fputc) for fputc
    printf6.o(i.__0vprintf$6) refers to printf6.o(i._printf_core) for _printf_core
    printf6.o(i.__0vprintf$6) refers to retarget.o(i.fputc) for fputc
    printf6.o(i.__0vprintf$6) refers to retarget.o(.data) for __stdout
    printf6.o(i.__0vsnprintf$6) refers to printf6.o(i._printf_core) for _printf_core
    printf6.o(i.__0vsnprintf$6) refers to printf6.o(i._snputc) for _snputc
    printf6.o(i.__0vsprintf$6) refers to printf6.o(i._printf_core) for _printf_core
    printf6.o(i.__0vsprintf$6) refers to printf6.o(i._sputc) for _sputc
    printf6.o(i._printf_core) refers to printf6.o(i._printf_pre_padding) for _printf_pre_padding
    printf6.o(i._printf_core) refers to printf6.o(i._printf_post_padding) for _printf_post_padding
    printf6.o(i._printf_core) refers to uidiv.o(.text) for __aeabi_uidivmod
    printf7.o(i.__0fprintf$7) refers to printf7.o(i._printf_core) for _printf_core
    printf7.o(i.__0fprintf$7) refers to retarget.o(i.fputc) for fputc
    printf7.o(i.__0printf$7) refers to printf7.o(i._printf_core) for _printf_core
    printf7.o(i.__0printf$7) refers to retarget.o(i.fputc) for fputc
    printf7.o(i.__0printf$7) refers to retarget.o(.data) for __stdout
    printf7.o(i.__0snprintf$7) refers to printf7.o(i._printf_core) for _printf_core
    printf7.o(i.__0snprintf$7) refers to printf7.o(i._snputc) for _snputc
    printf7.o(i.__0sprintf$7) refers to printf7.o(i._printf_core) for _printf_core
    printf7.o(i.__0sprintf$7) refers to printf7.o(i._sputc) for _sputc
    printf7.o(i.__0vfprintf$7) refers to printf7.o(i._printf_core) for _printf_core
    printf7.o(i.__0vfprintf$7) refers to retarget.o(i.fputc) for fputc
    printf7.o(i.__0vprintf$7) refers to printf7.o(i._printf_core) for _printf_core
    printf7.o(i.__0vprintf$7) refers to retarget.o(i.fputc) for fputc
    printf7.o(i.__0vprintf$7) refers to retarget.o(.data) for __stdout
    printf7.o(i.__0vsnprintf$7) refers to printf7.o(i._printf_core) for _printf_core
    printf7.o(i.__0vsnprintf$7) refers to printf7.o(i._snputc) for _snputc
    printf7.o(i.__0vsprintf$7) refers to printf7.o(i._printf_core) for _printf_core
    printf7.o(i.__0vsprintf$7) refers to printf7.o(i._sputc) for _sputc
    printf7.o(i._printf_core) refers to printf7.o(i._printf_pre_padding) for _printf_pre_padding
    printf7.o(i._printf_core) refers to printf7.o(i._printf_post_padding) for _printf_post_padding
    printf7.o(i._printf_core) refers to uldiv.o(.text) for __aeabi_uldivmod
    printf8.o(i.__0fprintf$8) refers to printf8.o(i._printf_core) for _printf_core
    printf8.o(i.__0fprintf$8) refers to retarget.o(i.fputc) for fputc
    printf8.o(i.__0printf$8) refers to printf8.o(i._printf_core) for _printf_core
    printf8.o(i.__0printf$8) refers to retarget.o(i.fputc) for fputc
    printf8.o(i.__0printf$8) refers to retarget.o(.data) for __stdout
    printf8.o(i.__0snprintf$8) refers to printf8.o(i._printf_core) for _printf_core
    printf8.o(i.__0snprintf$8) refers to printf8.o(i._snputc) for _snputc
    printf8.o(i.__0sprintf$8) refers to printf8.o(i._printf_core) for _printf_core
    printf8.o(i.__0sprintf$8) refers to printf8.o(i._sputc) for _sputc
    printf8.o(i.__0vfprintf$8) refers to printf8.o(i._printf_core) for _printf_core
    printf8.o(i.__0vfprintf$8) refers to retarget.o(i.fputc) for fputc
    printf8.o(i.__0vprintf$8) refers to printf8.o(i._printf_core) for _printf_core
    printf8.o(i.__0vprintf$8) refers to retarget.o(i.fputc) for fputc
    printf8.o(i.__0vprintf$8) refers to retarget.o(.data) for __stdout
    printf8.o(i.__0vsnprintf$8) refers to printf8.o(i._printf_core) for _printf_core
    printf8.o(i.__0vsnprintf$8) refers to printf8.o(i._snputc) for _snputc
    printf8.o(i.__0vsprintf$8) refers to printf8.o(i._printf_core) for _printf_core
    printf8.o(i.__0vsprintf$8) refers to printf8.o(i._sputc) for _sputc
    printf8.o(i._printf_core) refers to printf8.o(i._printf_pre_padding) for _printf_pre_padding
    printf8.o(i._printf_core) refers to printf8.o(i._printf_post_padding) for _printf_post_padding
    printf8.o(i._printf_core) refers to uldiv.o(.text) for __aeabi_uldivmod
    printfa.o(i.__0fprintf) refers (Special) to iusefp.o(.text) for __I$use$fp
    printfa.o(i.__0fprintf) refers to printfa.o(i._printf_core) for _printf_core
    printfa.o(i.__0fprintf) refers to retarget.o(i.fputc) for fputc
    printfa.o(i.__0printf) refers (Special) to iusefp.o(.text) for __I$use$fp
    printfa.o(i.__0printf) refers to printfa.o(i._printf_core) for _printf_core
    printfa.o(i.__0printf) refers to retarget.o(i.fputc) for fputc
    printfa.o(i.__0printf) refers to retarget.o(.data) for __stdout
    printfa.o(i.__0snprintf) refers (Special) to iusefp.o(.text) for __I$use$fp
    printfa.o(i.__0snprintf) refers to printfa.o(i._printf_core) for _printf_core
    printfa.o(i.__0snprintf) refers to printfa.o(i._snputc) for _snputc
    printfa.o(i.__0sprintf) refers (Special) to iusefp.o(.text) for __I$use$fp
    printfa.o(i.__0sprintf) refers to printfa.o(i._printf_core) for _printf_core
    printfa.o(i.__0sprintf) refers to printfa.o(i._sputc) for _sputc
    printfa.o(i.__0vfprintf) refers (Special) to iusefp.o(.text) for __I$use$fp
    printfa.o(i.__0vfprintf) refers to printfa.o(i._printf_core) for _printf_core
    printfa.o(i.__0vfprintf) refers to retarget.o(i.fputc) for fputc
    printfa.o(i.__0vprintf) refers (Special) to iusefp.o(.text) for __I$use$fp
    printfa.o(i.__0vprintf) refers to printfa.o(i._printf_core) for _printf_core
    printfa.o(i.__0vprintf) refers to retarget.o(i.fputc) for fputc
    printfa.o(i.__0vprintf) refers to retarget.o(.data) for __stdout
    printfa.o(i.__0vsnprintf) refers (Special) to iusefp.o(.text) for __I$use$fp
    printfa.o(i.__0vsnprintf) refers to printfa.o(i._printf_core) for _printf_core
    printfa.o(i.__0vsnprintf) refers to printfa.o(i._snputc) for _snputc
    printfa.o(i.__0vsprintf) refers (Special) to iusefp.o(.text) for __I$use$fp
    printfa.o(i.__0vsprintf) refers to printfa.o(i._printf_core) for _printf_core
    printfa.o(i.__0vsprintf) refers to printfa.o(i._sputc) for _sputc
    printfa.o(i._fp_digits) refers (Special) to iusefp.o(.text) for __I$use$fp
    printfa.o(i._fp_digits) refers to dmul.o(.text) for __aeabi_dmul
    printfa.o(i._fp_digits) refers to ddiv.o(.text) for __aeabi_ddiv
    printfa.o(i._fp_digits) refers to cdrcmple.o(.text) for __aeabi_cdrcmple
    printfa.o(i._fp_digits) refers to dadd.o(.text) for __aeabi_dadd
    printfa.o(i._fp_digits) refers to dfixul.o(.text) for __aeabi_d2ulz
    printfa.o(i._fp_digits) refers to uldiv.o(.text) for __aeabi_uldivmod
    printfa.o(i._printf_core) refers (Special) to iusefp.o(.text) for __I$use$fp
    printfa.o(i._printf_core) refers to printfa.o(i._printf_pre_padding) for _printf_pre_padding
    printfa.o(i._printf_core) refers to uldiv.o(.text) for __aeabi_uldivmod
    printfa.o(i._printf_core) refers to printfa.o(i._printf_post_padding) for _printf_post_padding
    printfa.o(i._printf_core) refers to printfa.o(i._fp_digits) for _fp_digits
    printfa.o(i._printf_core) refers to uidiv.o(.text) for __aeabi_uidivmod
    printfa.o(i._printf_post_padding) refers (Special) to iusefp.o(.text) for __I$use$fp
    printfa.o(i._printf_pre_padding) refers (Special) to iusefp.o(.text) for __I$use$fp
    printfa.o(i._snputc) refers (Special) to iusefp.o(.text) for __I$use$fp
    printfa.o(i._sputc) refers (Special) to iusefp.o(.text) for __I$use$fp
    fadd.o(.text) refers (Special) to iusefp.o(.text) for __I$use$fp
    fadd.o(.text) refers to fepilogue.o(.text) for _float_epilogue
    fmul.o(.text) refers (Special) to iusefp.o(.text) for __I$use$fp
    fdiv.o(.text) refers (Special) to iusefp.o(.text) for __I$use$fp
    fdiv.o(.text) refers to fepilogue.o(.text) for _float_round
    fflti.o(.text) refers (Special) to iusefp.o(.text) for __I$use$fp
    fflti.o(.text) refers to fepilogue.o(.text) for _float_epilogue
    ffltui.o(.text) refers (Special) to iusefp.o(.text) for __I$use$fp
    ffltui.o(.text) refers to fepilogue.o(.text) for _float_epilogue
    ffixui.o(.text) refers (Special) to iusefp.o(.text) for __I$use$fp
    cfrcmple.o(.text) refers (Special) to iusefp.o(.text) for __I$use$fp
    entry2.o(.ARM.Collect$$$$00000001) refers to entry2.o(.ARM.Collect$$$$00002712) for __lit__00000000
    entry2.o(.ARM.Collect$$$$00002712) refers to startup_cm0ds.o(STACK) for __initial_sp
    entry2.o(__vectab_stack_and_reset_area) refers to startup_cm0ds.o(STACK) for __initial_sp
    entry2.o(__vectab_stack_and_reset_area) refers to entry.o(.ARM.Collect$$$$00000000) for __main
    entry5.o(.ARM.Collect$$$$00000004) refers to init.o(.text) for __scatterload
    entry9a.o(.ARM.Collect$$$$0000000B) refers to main.o(i.main) for main
    entry9b.o(.ARM.Collect$$$$0000000C) refers to main.o(i.main) for main
    uldiv.o(.text) refers to llushr.o(.text) for __aeabi_llsr
    uldiv.o(.text) refers to llshl.o(.text) for __aeabi_llsl
    dadd.o(.text) refers to llshl.o(.text) for __aeabi_llsl
    dadd.o(.text) refers to llsshr.o(.text) for __aeabi_lasr
    dadd.o(.text) refers to depilogue.o(.text) for _double_epilogue
    dmul.o(.text) refers to depilogue.o(.text) for _double_epilogue
    ddiv.o(.text) refers to depilogue.o(.text) for _double_round
    dfixul.o(.text) refers to llushr.o(.text) for __aeabi_llsr
    dfixul.o(.text) refers to llshl.o(.text) for __aeabi_llsl
    init.o(.text) refers to entry5.o(.ARM.Collect$$$$00000004) for __main_after_scatterload
    depilogue.o(.text) refers to depilogue.o(i.__ARM_clz) for __ARM_clz
    depilogue.o(.text) refers to llshl.o(.text) for __aeabi_llsl
    depilogue.o(.text) refers to llushr.o(.text) for __aeabi_llsr


==============================================================================

Removing Unused input sections from the image.

    Removing main.o(.rev16_text), (4 bytes).
    Removing main.o(.revsh_text), (4 bytes).
    Removing handler.o(.rev16_text), (4 bytes).
    Removing handler.o(.revsh_text), (4 bytes).
    Removing startup_cm0ds.o(HEAP), (1024 bytes).
    Removing system.o(.rev16_text), (4 bytes).
    Removing system.o(.revsh_text), (4 bytes).
    Removing system.o(i.SystemCoreClockUpdate), (16 bytes).
    Removing system.o(.data), (4 bytes).
    Removing camera.o(i.CAMERA_Command), (42 bytes).
    Removing camera.o(i.CAMERA_Initial), (800 bytes).
    Removing camera.o(i.CAMERA_NA), (44 bytes).
    Removing camera.o(i.CAMERA_Read_Byte), (64 bytes).
    Removing camera.o(i.CAMERA_Read_Reg), (64 bytes).
    Removing camera.o(i.CAMERA_Start), (32 bytes).
    Removing camera.o(i.CAMERA_Stop), (34 bytes).
    Removing camera.o(i.CAMERA_Waite), (24 bytes).
    Removing camera.o(i.CAMERA_Write_Byte), (94 bytes).
    Removing camera.o(i.Clr_CAMERA_PWDN), (12 bytes).
    Removing camera.o(i.Clr_CAMERA_RST), (12 bytes).
    Removing camera.o(i.Clr_CAMERA_SCL), (12 bytes).
    Removing camera.o(i.Clr_CAMERA_SDA), (12 bytes).
    Removing camera.o(i.Read_CAMERA_DATA_STATE), (12 bytes).
    Removing camera.o(i.Read_CAMERA_SDA), (12 bytes).
    Removing camera.o(i.Set_CAMERA_DATA_STATE), (12 bytes).
    Removing camera.o(i.Set_CAMERA_PWDN), (12 bytes).
    Removing camera.o(i.Set_CAMERA_RST), (12 bytes).
    Removing camera.o(i.Set_CAMERA_SCL), (12 bytes).
    Removing camera.o(i.Set_CAMERA_SDA), (12 bytes).
    Removing camera.o(i.Set_CAMERA_SDA_R), (12 bytes).
    Removing camera.o(i.Set_CAMERA_SDA_W), (12 bytes).
    Removing camera.o(i.photo), (20 bytes).
    Removing camera.o(.constdata), (4769 bytes).
    Removing key.o(i.KEY_INIT), (12 bytes).
    Removing key.o(i.READ_KEY), (12 bytes).
    Removing lcd.o(i.Gui_Drawbmp16), (100 bytes).
    Removing lcd.o(i.LCD_Clear), (108 bytes).
    Removing lcd.o(i.LCD_Color_Fill), (90 bytes).
    Removing lcd.o(i.LCD_DisplayOff), (10 bytes).
    Removing lcd.o(i.LCD_DisplayOn), (10 bytes).
    Removing lcd.o(i.LCD_Display_Dir), (120 bytes).
    Removing lcd.o(i.LCD_DrawLine), (178 bytes).
    Removing lcd.o(i.LCD_DrawPoint), (32 bytes).
    Removing lcd.o(i.LCD_Fill), (80 bytes).
    Removing lcd.o(i.LCD_Init), (664 bytes).
    Removing lcd.o(i.LCD_Pow), (26 bytes).
    Removing lcd.o(i.LCD_RD_DATA), (36 bytes).
    Removing lcd.o(i.LCD_ReadReg), (24 bytes).
    Removing lcd.o(i.LCD_Scan_Dir), (744 bytes).
    Removing lcd.o(i.LCD_SetCursor), (52 bytes).
    Removing lcd.o(i.LCD_Set_Window), (84 bytes).
    Removing lcd.o(i.LCD_ShowChar1), (288 bytes).
    Removing lcd.o(i.LCD_ShowNum), (146 bytes).
    Removing lcd.o(i.LCD_ShowxNum), (200 bytes).
    Removing lcd.o(i.LCD_WriteRAM), (12 bytes).
    Removing lcd.o(i.LCD_WriteRAM_Prepare), (16 bytes).
    Removing lcd.o(i.LCD_WriteReg), (20 bytes).
    Removing lcd.o(i.Paint8x8x2bin), (224 bytes).
    Removing lcd.o(i.Paint_PicBin), (112 bytes).
    Removing lcd.o(i.ReadData), (10 bytes).
    Removing lcd.o(i.Show_Str), (200 bytes).
    Removing lcd.o(i.opt_delay), (14 bytes).
    Removing led.o(i.LED_down), (24 bytes).
    Removing led.o(i.LED_on), (24 bytes).
    Removing led.o(i.led_ctrl), (56 bytes).
    Removing retarget.o(i._sys_exit), (4 bytes).
    Removing retarget.o(i._ttywrch), (16 bytes).
    Removing retarget.o(i.ferror), (8 bytes).
    Removing retarget.o(i.fgetc), (34 bytes).
    Removing spi_flash.o(i.SPI_FLASH_Clear_SR), (36 bytes).
    Removing spi_flash.o(i.SPI_FLASH_Write_Disable), (28 bytes).
    Removing spi_flash.o(i.SPI_FLASH_Write_SR), (36 bytes).
    Removing spi_flash.o(i.SPI_Flash_Erase_Chip), (40 bytes).
    Removing spi_flash.o(i.SPI_Flash_Erase_Sector), (64 bytes).
    Removing spi_flash.o(i.SPI_Flash_Read), (76 bytes).
    Removing spi_flash.o(i.SPI_Flash_ReadID), (68 bytes).
    Removing spi_flash.o(i.SPI_Flash_Write_Max65536), (208 bytes).
    Removing spi_flash.o(i.SPI_Flash_Write_NoCheck), (68 bytes).
    Removing systick.o(.rev16_text), (4 bytes).
    Removing systick.o(.revsh_text), (4 bytes).
    Removing systick.o(i.Read_SysTick_VALUE), (12 bytes).
    Removing systick.o(i.Timer_Ini), (44 bytes).
    Removing systick.o(i.Timer_Stop), (36 bytes).
    Removing timer.o(i.TIMER_1_Init), (32 bytes).
    Removing timer.o(i.TIMER_Init), (32 bytes).
    Removing uart.o(i.uart_ClearOverrunStatus), (16 bytes).
    Removing uart.o(i.uart_GetBaudDivider), (6 bytes).
    Removing uart.o(i.uart_GetOverrunStatus), (12 bytes).
    Removing uart.o(i.uart_GetRxBufferFull), (12 bytes).
    Removing uart.o(i.uart_GetRxIRQStatus), (12 bytes).
    Removing uart.o(i.uart_GetTxBufferFull), (10 bytes).
    Removing uart.o(i.uart_GetTxIRQStatus), (10 bytes).
    Removing uart.o(i.uart_ReceiveChar), (20 bytes).
    Removing uart.o(i.uart_SendString), (34 bytes).
    Removing malloc.o(i.mem_free), (76 bytes).
    Removing malloc.o(i.mem_init), (44 bytes).
    Removing malloc.o(i.mem_malloc), (124 bytes).
    Removing malloc.o(i.mem_perused), (40 bytes).
    Removing malloc.o(i.myfree), (32 bytes).
    Removing malloc.o(i.mymalloc), (32 bytes).
    Removing malloc.o(i.mymemcpy), (26 bytes).
    Removing malloc.o(i.mymemset), (20 bytes).
    Removing malloc.o(i.myrealloc), (56 bytes).
    Removing malloc.o(.bss), (4352 bytes).
    Removing malloc.o(.constdata), (12 bytes).
    Removing malloc.o(.data), (20 bytes).
    Removing spriteram.o(i.clearNameTableOneline), (28 bytes).
    Removing spriteram.o(i.nameTablePicture), (36 bytes).
    Removing spriteram.o(i.scroll_Init), (12 bytes).
    Removing pstwo.o(i.PS2_AnologData), (12 bytes).
    Removing pstwo.o(i.PS2_EnterConfing), (88 bytes).
    Removing pstwo.o(i.PS2_ExitConfing), (88 bytes).
    Removing pstwo.o(i.PS2_RedLight), (60 bytes).
    Removing pstwo.o(i.PS2_SetInit), (28 bytes).
    Removing pstwo.o(i.PS2_ShortPoll), (64 bytes).
    Removing pstwo.o(i.PS2_TurnOnAnalogMode), (80 bytes).
    Removing pstwo.o(i.PS2_Vibration), (92 bytes).
    Removing pstwo.o(i.PS2_VibrationMode), (64 bytes).
    Removing dadd.o(.text), (356 bytes).
    Removing dmul.o(.text), (208 bytes).
    Removing ddiv.o(.text), (240 bytes).
    Removing dfixul.o(.text), (64 bytes).
    Removing cdrcmple.o(.text), (40 bytes).
    Removing depilogue.o(.text), (190 bytes).
    Removing depilogue.o(i.__ARM_clz), (46 bytes).

125 unused section(s) (total 18551 bytes) removed from the image.

==============================================================================

Image Symbol Table

    Local Symbols

    Symbol Name                              Value     Ov Type        Size  Object(Section)

    RESET                                    0x00000000   Section      104  startup_cm0ds.o(RESET)
    ../clib/../cmprslib/lz77c.c              0x00000000   Number         0  __dclz77c.o ABSOLUTE
    ../clib/microlib/division.c              0x00000000   Number         0  idiv.o ABSOLUTE
    ../clib/microlib/division.c              0x00000000   Number         0  uidiv.o ABSOLUTE
    ../clib/microlib/division.c              0x00000000   Number         0  uldiv.o ABSOLUTE
    ../clib/microlib/init/entry.s            0x00000000   Number         0  entry8a.o ABSOLUTE
    ../clib/microlib/init/entry.s            0x00000000   Number         0  entry7b.o ABSOLUTE
    ../clib/microlib/init/entry.s            0x00000000   Number         0  entry7a.o ABSOLUTE
    ../clib/microlib/init/entry.s            0x00000000   Number         0  entry2.o ABSOLUTE
    ../clib/microlib/init/entry.s            0x00000000   Number         0  entry.o ABSOLUTE
    ../clib/microlib/init/entry.s            0x00000000   Number         0  entry8b.o ABSOLUTE
    ../clib/microlib/init/entry.s            0x00000000   Number         0  entry10b.o ABSOLUTE
    ../clib/microlib/init/entry.s            0x00000000   Number         0  entry11b.o ABSOLUTE
    ../clib/microlib/init/entry.s            0x00000000   Number         0  entry11a.o ABSOLUTE
    ../clib/microlib/init/entry.s            0x00000000   Number         0  entry5.o ABSOLUTE
    ../clib/microlib/init/entry.s            0x00000000   Number         0  entry10a.o ABSOLUTE
    ../clib/microlib/init/entry.s            0x00000000   Number         0  entry9a.o ABSOLUTE
    ../clib/microlib/init/entry.s            0x00000000   Number         0  entry9b.o ABSOLUTE
    ../clib/microlib/longlong.c              0x00000000   Number         0  llshl.o ABSOLUTE
    ../clib/microlib/longlong.c              0x00000000   Number         0  llushr.o ABSOLUTE
    ../clib/microlib/longlong.c              0x00000000   Number         0  llsshr.o ABSOLUTE
    ../clib/microlib/printf/printf.c         0x00000000   Number         0  printf4.o ABSOLUTE
    ../clib/microlib/printf/printf.c         0x00000000   Number         0  printf5.o ABSOLUTE
    ../clib/microlib/printf/printf.c         0x00000000   Number         0  printf3.o ABSOLUTE
    ../clib/microlib/printf/printf.c         0x00000000   Number         0  printf6.o ABSOLUTE
    ../clib/microlib/printf/printf.c         0x00000000   Number         0  printf2.o ABSOLUTE
    ../clib/microlib/printf/printf.c         0x00000000   Number         0  printf7.o ABSOLUTE
    ../clib/microlib/printf/printf.c         0x00000000   Number         0  printfb.o ABSOLUTE
    ../clib/microlib/printf/printf.c         0x00000000   Number         0  printf0.o ABSOLUTE
    ../clib/microlib/printf/printf.c         0x00000000   Number         0  printf1.o ABSOLUTE
    ../clib/microlib/printf/printf.c         0x00000000   Number         0  printfa.o ABSOLUTE
    ../clib/microlib/printf/printf.c         0x00000000   Number         0  printf8.o ABSOLUTE
    ../clib/microlib/stdlib/rand.c           0x00000000   Number         0  rand.o ABSOLUTE
    ../clib/microlib/string/strlen.c         0x00000000   Number         0  strlen.o ABSOLUTE
    ../clib/microlib/stubs.s                 0x00000000   Number         0  iusefp.o ABSOLUTE
    ../fplib/microlib/fpadd.c                0x00000000   Number         0  dadd.o ABSOLUTE
    ../fplib/microlib/fpadd.c                0x00000000   Number         0  fadd.o ABSOLUTE
    ../fplib/microlib/fpdiv.c                0x00000000   Number         0  ddiv.o ABSOLUTE
    ../fplib/microlib/fpdiv.c                0x00000000   Number         0  fdiv.o ABSOLUTE
    ../fplib/microlib/fpepilogue.c           0x00000000   Number         0  depilogue.o ABSOLUTE
    ../fplib/microlib/fpepilogue.c           0x00000000   Number         0  fepilogue.o ABSOLUTE
    ../fplib/microlib/fpfix.c                0x00000000   Number         0  ffixui.o ABSOLUTE
    ../fplib/microlib/fpfix.c                0x00000000   Number         0  dfixul.o ABSOLUTE
    ../fplib/microlib/fpflt.c                0x00000000   Number         0  ffltui.o ABSOLUTE
    ../fplib/microlib/fpflt.c                0x00000000   Number         0  fflti.o ABSOLUTE
    ../fplib/microlib/fpmul.c                0x00000000   Number         0  dmul.o ABSOLUTE
    ../fplib/microlib/fpmul.c                0x00000000   Number         0  fmul.o ABSOLUTE
    ..\CORE\handler.c                        0x00000000   Number         0  handler.o ABSOLUTE
    ..\CORE\startup_CM0DS.s                  0x00000000   Number         0  startup_cm0ds.o ABSOLUTE
    ..\CORE\system.c                         0x00000000   Number         0  system.o ABSOLUTE
    ..\DEVICE\Retarget.c                     0x00000000   Number         0  retarget.o ABSOLUTE
    ..\DEVICE\camera.c                       0x00000000   Number         0  camera.o ABSOLUTE
    ..\DEVICE\key.c                          0x00000000   Number         0  key.o ABSOLUTE
    ..\DEVICE\lcd.c                          0x00000000   Number         0  lcd.o ABSOLUTE
    ..\DEVICE\led.c                          0x00000000   Number         0  led.o ABSOLUTE
    ..\DEVICE\malloc.c                       0x00000000   Number         0  malloc.o ABSOLUTE
    ..\DEVICE\pstwo.c                        0x00000000   Number         0  pstwo.o ABSOLUTE
    ..\DEVICE\spi_flash.c                    0x00000000   Number         0  spi_flash.o ABSOLUTE
    ..\DEVICE\spriteRam.c                    0x00000000   Number         0  spriteram.o ABSOLUTE
    ..\DEVICE\systick.c                      0x00000000   Number         0  systick.o ABSOLUTE
    ..\DEVICE\timer.c                        0x00000000   Number         0  timer.o ABSOLUTE
    ..\DEVICE\uart.c                         0x00000000   Number         0  uart.o ABSOLUTE
    ..\MY_GAME\boom.c                        0x00000000   Number         0  boom.o ABSOLUTE
    ..\MY_GAME\enemyBullet.c                 0x00000000   Number         0  enemybullet.o ABSOLUTE
    ..\MY_GAME\enemyPlane.c                  0x00000000   Number         0  enemyplane.o ABSOLUTE
    ..\MY_GAME\gameHitCheck.c                0x00000000   Number         0  gamehitcheck.o ABSOLUTE
    ..\MY_GAME\gameInterFace.c               0x00000000   Number         0  gameinterface.o ABSOLUTE
    ..\MY_GAME\makeEnemyPlaneArray.c         0x00000000   Number         0  makeenemyplanearray.o ABSOLUTE
    ..\MY_GAME\makeMap.c                     0x00000000   Number         0  makemap.o ABSOLUTE
    ..\MY_GAME\myPlane.c                     0x00000000   Number         0  myplane.o ABSOLUTE
    ..\\CORE\\handler.c                      0x00000000   Number         0  handler.o ABSOLUTE
    ..\\CORE\\system.c                       0x00000000   Number         0  system.o ABSOLUTE
    ..\\DEVICE\\systick.c                    0x00000000   Number         0  systick.o ABSOLUTE
    cdrcmple.s                               0x00000000   Number         0  cdrcmple.o ABSOLUTE
    cfrcmple.s                               0x00000000   Number         0  cfrcmple.o ABSOLUTE
    dc.s                                     0x00000000   Number         0  dc.o ABSOLUTE
    handlers.s                               0x00000000   Number         0  handlers.o ABSOLUTE
    init.s                                   0x00000000   Number         0  init.o ABSOLUTE
    main.c                                   0x00000000   Number         0  main.o ABSOLUTE
    main.c                                   0x00000000   Number         0  main.o ABSOLUTE
    .ARM.Collect$$$$00000000                 0x00000068   Section        0  entry.o(.ARM.Collect$$$$00000000)
    .ARM.Collect$$$$00000001                 0x00000068   Section        4  entry2.o(.ARM.Collect$$$$00000001)
    .ARM.Collect$$$$00000004                 0x0000006c   Section        4  entry5.o(.ARM.Collect$$$$00000004)
    .ARM.Collect$$$$00000008                 0x00000070   Section        0  entry7b.o(.ARM.Collect$$$$00000008)
    .ARM.Collect$$$$0000000A                 0x00000070   Section        0  entry8b.o(.ARM.Collect$$$$0000000A)
    .ARM.Collect$$$$0000000B                 0x00000070   Section        8  entry9a.o(.ARM.Collect$$$$0000000B)
    .ARM.Collect$$$$0000000D                 0x00000078   Section        0  entry10a.o(.ARM.Collect$$$$0000000D)
    .ARM.Collect$$$$0000000F                 0x00000078   Section        0  entry11a.o(.ARM.Collect$$$$0000000F)
    .ARM.Collect$$$$00002712                 0x00000078   Section        4  entry2.o(.ARM.Collect$$$$00002712)
    __lit__00000000                          0x00000078   Data           4  entry2.o(.ARM.Collect$$$$00002712)
    .text                                    0x0000007c   Section      172  startup_cm0ds.o(.text)
    .text                                    0x00000128   Section        0  uidiv.o(.text)
    .text                                    0x00000154   Section        0  idiv.o(.text)
    .text                                    0x0000017c   Section        0  rand.o(.text)
    .text                                    0x000001a0   Section        0  fadd.o(.text)
    .text                                    0x00000252   Section        0  fmul.o(.text)
    .text                                    0x000002cc   Section        0  fdiv.o(.text)
    .text                                    0x00000348   Section        0  fflti.o(.text)
    .text                                    0x0000035e   Section        0  ffltui.o(.text)
    .text                                    0x0000036c   Section        0  ffixui.o(.text)
    .text                                    0x00000394   Section       20  cfrcmple.o(.text)
    .text                                    0x000003a8   Section        0  iusefp.o(.text)
    .text                                    0x000003a8   Section        0  fepilogue.o(.text)
    .text                                    0x0000042c   Section       36  init.o(.text)
    .text                                    0x00000450   Section        0  __dclz77c.o(.text)
    i.BusFaultHandler                        0x000004b0   Section        0  handler.o(i.BusFaultHandler)
    i.DebugMonHandler                        0x000004b2   Section        0  handler.o(i.DebugMonHandler)
    i.HardFaultHandler                       0x000004b4   Section        0  handler.o(i.HardFaultHandler)
    i.Is_SPI_Ready                           0x000004b8   Section        0  spi_flash.o(i.Is_SPI_Ready)
    i.KEY0                                   0x000004c4   Section        0  handler.o(i.KEY0)
    i.KEY1                                   0x000004ce   Section        0  handler.o(i.KEY1)
    i.KEY2                                   0x000004d8   Section        0  handler.o(i.KEY2)
    i.KEY3                                   0x000004e2   Section        0  handler.o(i.KEY3)
    i.LCD_Fast_DrawPoint                     0x000004ec   Section        0  lcd.o(i.LCD_Fast_DrawPoint)
    i.LCD_ShowChar                           0x00000548   Section        0  lcd.o(i.LCD_ShowChar)
    i.LCD_ShowString                         0x00000658   Section        0  lcd.o(i.LCD_ShowString)
    i.LCD_WR_DATA                            0x000006ba   Section        0  lcd.o(i.LCD_WR_DATA)
    i.LCD_WR_REG                             0x000006e0   Section        0  lcd.o(i.LCD_WR_REG)
    i.LED_toggle                             0x00000704   Section        0  led.o(i.LED_toggle)
    i.MakeData                               0x0000073c   Section        0  lcd.o(i.MakeData)
    i.MemManageHandler                       0x00000744   Section        0  handler.o(i.MemManageHandler)
    i.NMIHandler                             0x00000746   Section        0  handler.o(i.NMIHandler)
    i.NVIC_EnableIRQ                         0x00000748   Section        0  system.o(i.NVIC_EnableIRQ)
    NVIC_EnableIRQ                           0x00000749   Thumb Code    14  system.o(i.NVIC_EnableIRQ)
    i.PS2_ClearData                          0x0000075c   Section        0  pstwo.o(i.PS2_ClearData)
    i.PS2_Cmd                                0x00000774   Section        0  pstwo.o(i.PS2_Cmd)
    i.PS2_DataKey                            0x000007f8   Section        0  pstwo.o(i.PS2_DataKey)
    i.PS2_Init                               0x0000084c   Section        0  pstwo.o(i.PS2_Init)
    i.PS2_ReadData                           0x0000085c   Section        0  pstwo.o(i.PS2_ReadData)
    i.PendSVHandler                          0x00000904   Section        0  handler.o(i.PendSVHandler)
    i.SPI_FLASH_Write_Enable                 0x00000908   Section        0  spi_flash.o(i.SPI_FLASH_Write_Enable)
    i.SPI_Flash_Erase_Block                  0x00000924   Section        0  spi_flash.o(i.SPI_Flash_Erase_Block)
    i.SPI_Flash_ReadSR                       0x00000964   Section        0  spi_flash.o(i.SPI_Flash_ReadSR)
    i.SPI_Flash_Wait_Busy                    0x0000098c   Section        0  spi_flash.o(i.SPI_Flash_Wait_Busy)
    i.SPI_Flash_Write_Page                   0x000009a0   Section        0  spi_flash.o(i.SPI_Flash_Write_Page)
    i.SPI_Init                               0x000009f0   Section        0  spi_flash.o(i.SPI_Init)
    i.SPI_ReadWriteByte                      0x00000a00   Section        0  spi_flash.o(i.SPI_ReadWriteByte)
    i.SPI_SendData                           0x00000a48   Section        0  spi_flash.o(i.SPI_SendData)
    i.SVCHandler                             0x00000a5c   Section        0  handler.o(i.SVCHandler)
    i.Set_SysTick_CTRL                       0x00000a60   Section        0  systick.o(i.Set_SysTick_CTRL)
    i.Set_SysTick_LOAD                       0x00000a6c   Section        0  systick.o(i.Set_SysTick_LOAD)
    i.Set_SysTick_VALUE                      0x00000a78   Section        0  systick.o(i.Set_SysTick_VALUE)
    i.SysTickHandler                         0x00000a84   Section        0  handler.o(i.SysTickHandler)
    i.SystemInit                             0x00000aa0   Section        0  system.o(i.SystemInit)
    i.Timer_Handler                          0x00000abc   Section        0  handler.o(i.Timer_Handler)
    i.UARTOVRHandler                         0x00000abe   Section        0  handler.o(i.UARTOVRHandler)
    i.UARTRXHandler                          0x00000ac0   Section        0  handler.o(i.UARTRXHandler)
    i.UARTTXHandler                          0x00000af0   Section        0  handler.o(i.UARTTXHandler)
    i.UsageFaultHandler                      0x00000b2c   Section        0  handler.o(i.UsageFaultHandler)
    i.__0printf$bare                         0x00000b30   Section        0  printfb.o(i.__0printf$bare)
    i.__ARM_common_switch8                   0x00000b44   Section        0  handler.o(i.__ARM_common_switch8)
    i.__scatterload_copy                     0x00000b60   Section       14  handlers.o(i.__scatterload_copy)
    i.__scatterload_null                     0x00000b6e   Section        2  handlers.o(i.__scatterload_null)
    i.__scatterload_zeroinit                 0x00000b70   Section       14  handlers.o(i.__scatterload_zeroinit)
    i._printf_core                           0x00000b7e   Section        0  printfb.o(i._printf_core)
    _printf_core                             0x00000b7f   Thumb Code    30  printfb.o(i._printf_core)
    i.b_green_createOnePlane                 0x00000b9c   Section        0  enemyplane.o(i.b_green_createOnePlane)
    i.b_green_createPlane_511                0x00000c68   Section        0  makeenemyplanearray.o(i.b_green_createPlane_511)
    i.b_green_drawPlane                      0x00000c74   Section        0  enemyplane.o(i.b_green_drawPlane)
    i.b_green_movePlane                      0x00000ec8   Section        0  enemyplane.o(i.b_green_movePlane)
    i.b_green_planeInit                      0x00001240   Section        0  enemyplane.o(i.b_green_planeInit)
    i.clearNameTableAll                      0x0000128c   Section        0  spriteram.o(i.clearNameTableAll)
    i.create_plane_Handler                   0x000012b4   Section        0  handler.o(i.create_plane_Handler)
    i.delay                                  0x00001380   Section        0  systick.o(i.delay)
    i.delay_ms                               0x000013a0   Section        0  systick.o(i.delay_ms)
    i.delay_us                               0x000013bc   Section        0  systick.o(i.delay_us)
    i.endInterFaceDraw                       0x000013d4   Section        0  gameinterface.o(i.endInterFaceDraw)
    i.enemyAndBulletMapCreate                0x000014c8   Section        0  gamehitcheck.o(i.enemyAndBulletMapCreate)
    i.enmeyBulletDraw                        0x000016a0   Section        0  enemybullet.o(i.enmeyBulletDraw)
    i.enmey_BulletInit                       0x000016ec   Section        0  enemybullet.o(i.enmey_BulletInit)
    i.fputc                                  0x0000170c   Section        0  retarget.o(i.fputc)
    i.gameCursorDraw                         0x0000172c   Section        0  gameinterface.o(i.gameCursorDraw)
    i.gameScoreDraw                          0x0000178a   Section        0  gameinterface.o(i.gameScoreDraw)
    i.gameStartInterfaceShow                 0x0000183c   Section        0  gameinterface.o(i.gameStartInterfaceShow)
    i.isHit_b_EnemyPlane                     0x000019a4   Section        0  gamehitcheck.o(i.isHit_b_EnemyPlane)
    i.isHit_m_straight_EnemyPlane            0x00001ab0   Section        0  gamehitcheck.o(i.isHit_m_straight_EnemyPlane)
    i.isHit_myBullets                        0x00001b84   Section        0  gamehitcheck.o(i.isHit_myBullets)
    i.isHit_s_EnemyPlane                     0x00001bfc   Section        0  gamehitcheck.o(i.isHit_s_EnemyPlane)
    i.isMyPlaneHit                           0x00001d74   Section        0  gamehitcheck.o(i.isMyPlaneHit)
    i.loadMapJianchuan                       0x00001e00   Section        0  makemap.o(i.loadMapJianchuan)
    i.m_straight_createOnePlane              0x00001e2c   Section        0  enemyplane.o(i.m_straight_createOnePlane)
    i.m_straight_drawPlane                   0x00001ed8   Section        0  enemyplane.o(i.m_straight_drawPlane)
    i.m_straight_movePlane                   0x0000211c   Section        0  enemyplane.o(i.m_straight_movePlane)
    i.m_straight_planeInit                   0x000021cc   Section        0  enemyplane.o(i.m_straight_planeInit)
    i.main                                   0x00002228   Section        0  main.o(i.main)
    i.makeMapFirst                           0x00002c44   Section        0  makemap.o(i.makeMapFirst)
    i.makeMapSecond                          0x00002eac   Section        0  makemap.o(i.makeMapSecond)
    i.myBulletsMapCreate                     0x00003144   Section        0  gamehitcheck.o(i.myBulletsMapCreate)
    i.myPlane_Act                            0x00003194   Section        0  myplane.o(i.myPlane_Act)
    i.myPlane_Draw                           0x00003208   Section        0  myplane.o(i.myPlane_Draw)
    i.myPlane_Init                           0x0000389c   Section        0  myplane.o(i.myPlane_Init)
    i.myPlane_bulletDraw                     0x000038b8   Section        0  myplane.o(i.myPlane_bulletDraw)
    i.myPlane_bulletInit                     0x00003904   Section        0  myplane.o(i.myPlane_bulletInit)
    i.myPlane_createOneBullet                0x00003924   Section        0  myplane.o(i.myPlane_createOneBullet)
    i.myPlane_updateBulletData               0x00003ad4   Section        0  myplane.o(i.myPlane_updateBulletData)
    i.newGuanqiaInterFaceDraw                0x00003b24   Section        0  gameinterface.o(i.newGuanqiaInterFaceDraw)
    i.new_boomDraw                           0x00003bdc   Section        0  boom.o(i.new_boomDraw)
    i.new_boomInit                           0x00003cac   Section        0  boom.o(i.new_boomInit)
    i.new_createOneBoom                      0x00003ccc   Section        0  boom.o(i.new_createOneBoom)
    i.new_updateBoomData                     0x00003d14   Section        0  boom.o(i.new_updateBoomData)
    i.readPs2DI                              0x00003d78   Section        0  pstwo.o(i.readPs2DI)
    i.s_green_createOnePlane                 0x00003d84   Section        0  enemyplane.o(i.s_green_createOnePlane)
    i.s_green_createPlane_221                0x00003fa0   Section        0  makeenemyplanearray.o(i.s_green_createPlane_221)
    i.s_green_createPlane_222                0x00003fda   Section        0  makeenemyplanearray.o(i.s_green_createPlane_222)
    i.s_green_createPlane_243                0x0000401c   Section        0  makeenemyplanearray.o(i.s_green_createPlane_243)
    i.s_green_createPlane_411                0x00004070   Section        0  makeenemyplanearray.o(i.s_green_createPlane_411)
    i.s_green_createPlane_422                0x0000409c   Section        0  makeenemyplanearray.o(i.s_green_createPlane_422)
    i.s_green_drawPlane                      0x000040dc   Section        0  enemyplane.o(i.s_green_drawPlane)
    i.s_green_movePlane                      0x000043c8   Section        0  enemyplane.o(i.s_green_movePlane)
    i.s_green_planeInit                      0x00004974   Section        0  enemyplane.o(i.s_green_planeInit)
    i.s_grey_createOneEnmeyBullet            0x000049ac   Section        0  enemybullet.o(i.s_grey_createOneEnmeyBullet)
    i.s_grey_createOnePlane                  0x00004af4   Section        0  enemyplane.o(i.s_grey_createOnePlane)
    i.s_grey_createPlane_111                 0x00004c18   Section        0  makeenemyplanearray.o(i.s_grey_createPlane_111)
    i.s_grey_createPlane_122                 0x00004c6c   Section        0  makeenemyplanearray.o(i.s_grey_createPlane_122)
    i.s_grey_createPlane_123                 0x00004ca8   Section        0  makeenemyplanearray.o(i.s_grey_createPlane_123)
    i.s_grey_createPlane_144                 0x00004d2a   Section        0  makeenemyplanearray.o(i.s_grey_createPlane_144)
    i.s_grey_createPlane_145                 0x00004d8e   Section        0  makeenemyplanearray.o(i.s_grey_createPlane_145)
    i.s_grey_createPlane_166                 0x00004e38   Section        0  makeenemyplanearray.o(i.s_grey_createPlane_166)
    i.s_grey_drawPlane                       0x00004e4c   Section        0  enemyplane.o(i.s_grey_drawPlane)
    i.s_grey_movePlane                       0x00005214   Section        0  enemyplane.o(i.s_grey_movePlane)
    i.s_grey_planeInit                       0x000055f8   Section        0  enemyplane.o(i.s_grey_planeInit)
    i.tileMap                                0x00005640   Section        0  gamehitcheck.o(i.tileMap)
    i.uart_ClearRxIRQ                        0x00005658   Section        0  uart.o(i.uart_ClearRxIRQ)
    i.uart_ClearTxIRQ                        0x0000565e   Section        0  uart.o(i.uart_ClearTxIRQ)
    i.uart_SendChar                          0x00005664   Section        0  uart.o(i.uart_SendChar)
    i.uart_init                              0x0000567a   Section        0  uart.o(i.uart_init)
    i.updateEnemyBulletData                  0x000056d4   Section        0  enemybullet.o(i.updateEnemyBulletData)
    i.vga_Handler                            0x0000579c   Section        0  handler.o(i.vga_Handler)
    i.writeOneNametable                      0x00005830   Section        0  spriteram.o(i.writeOneNametable)
    i.writeOneSprite                         0x00005840   Section        0  spriteram.o(i.writeOneSprite)
    .constdata                               0x00005864   Section        7  main.o(.constdata)
    .constdata                               0x0000586b   Section     1520  lcd.o(.constdata)
    .constdata                               0x00005e5c   Section       84  enemybullet.o(.constdata)
    .data                                    0x20000000   Section       64  main.o(.data)
    .data                                    0x20000040   Section      484  handler.o(.data)
    .data                                    0x20000224   Section        4  lcd.o(.data)
    .data                                    0x20000228   Section        8  retarget.o(.data)
    .data                                    0x20000230   Section       36  pstwo.o(.data)
    .data                                    0x20000254   Section      178  gameinterface.o(.data)
    .data                                    0x20000306   Section     8192  makemap.o(.data)
    .data                                    0x20002308   Section        4  rand.o(.data)
    _rand_state                              0x20002308   Data           4  rand.o(.data)
    .bss                                     0x2000230c   Section      968  main.o(.bss)
    .bss                                     0x200026d4   Section       14  lcd.o(.bss)
    .bss                                     0x200026e2   Section        9  pstwo.o(.bss)
    STACK                                    0x200026f0   Section     1024  startup_cm0ds.o(STACK)

    Global Symbols

    Symbol Name                              Value     Ov Type        Size  Object(Section)

    BuildAttributes$$THM_ISAv3M$S$PE$A:L22$X:L11$S22$IEEE1$IW$USESV6$~STKCKD$USESV7$~SHL$OTIME$ROPI$EBA8$MICROLIB$REQ8$PRES8$EABIv2 0x00000000   Number         0  anon$$obj.o ABSOLUTE
    __ARM_use_no_argv                        0x00000000   Number         0  main.o ABSOLUTE
    __Vectors                                0x00000000   Data           4  startup_cm0ds.o(RESET)
    __cpp_initialize__aeabi_                  - Undefined Weak Reference
    __cxa_finalize                            - Undefined Weak Reference
    _clock_init                               - Undefined Weak Reference
    _microlib_exit                            - Undefined Weak Reference
    __Vectors_End                            0x00000068   Data           0  startup_cm0ds.o(RESET)
    __Vectors_Size                           0x00000068   Number         0  startup_cm0ds.o ABSOLUTE
    __main                                   0x00000069   Thumb Code     0  entry.o(.ARM.Collect$$$$00000000)
    _main_stk                                0x00000069   Thumb Code     0  entry2.o(.ARM.Collect$$$$00000001)
    _main_scatterload                        0x0000006d   Thumb Code     0  entry5.o(.ARM.Collect$$$$00000004)
    __main_after_scatterload                 0x00000071   Thumb Code     0  entry5.o(.ARM.Collect$$$$00000004)
    _main_clock                              0x00000071   Thumb Code     0  entry7b.o(.ARM.Collect$$$$00000008)
    _main_cpp_init                           0x00000071   Thumb Code     0  entry8b.o(.ARM.Collect$$$$0000000A)
    _main_init                               0x00000071   Thumb Code     0  entry9a.o(.ARM.Collect$$$$0000000B)
    __rt_final_cpp                           0x00000079   Thumb Code     0  entry10a.o(.ARM.Collect$$$$0000000D)
    __rt_final_exit                          0x00000079   Thumb Code     0  entry11a.o(.ARM.Collect$$$$0000000F)
    Reset_Handler                            0x0000007d   Thumb Code    12  startup_cm0ds.o(.text)
    NMI_Handler                              0x00000089   Thumb Code     8  startup_cm0ds.o(.text)
    HardFault_Handler                        0x00000091   Thumb Code     8  startup_cm0ds.o(.text)
    MemManage_Handler                        0x00000099   Thumb Code     8  startup_cm0ds.o(.text)
    BusFault_Handler                         0x000000a1   Thumb Code     8  startup_cm0ds.o(.text)
    UsageFault_Handler                       0x000000a9   Thumb Code     8  startup_cm0ds.o(.text)
    SVC_Handler                              0x000000b1   Thumb Code     8  startup_cm0ds.o(.text)
    DebugMon_Handler                         0x000000b9   Thumb Code     8  startup_cm0ds.o(.text)
    PendSV_Handler                           0x000000c1   Thumb Code     8  startup_cm0ds.o(.text)
    SysTick_Handler                          0x000000c9   Thumb Code     8  startup_cm0ds.o(.text)
    UARTRX_Handler                           0x000000d1   Thumb Code     8  startup_cm0ds.o(.text)
    UARTTX_Handler                           0x000000d9   Thumb Code     8  startup_cm0ds.o(.text)
    UARTOVR_Handler                          0x000000e1   Thumb Code     8  startup_cm0ds.o(.text)
    KEY0_Handler                             0x000000e9   Thumb Code     8  startup_cm0ds.o(.text)
    KEY1_Handler                             0x000000f1   Thumb Code     8  startup_cm0ds.o(.text)
    KEY2_Handler                             0x000000f9   Thumb Code     8  startup_cm0ds.o(.text)
    KEY3_Handler                             0x00000101   Thumb Code     8  startup_cm0ds.o(.text)
    TIMER_Handler                            0x00000109   Thumb Code     8  startup_cm0ds.o(.text)
    VGA_Handler                              0x00000111   Thumb Code     8  startup_cm0ds.o(.text)
    CREATE_PLANE_Handler                     0x00000119   Thumb Code     8  startup_cm0ds.o(.text)
    __aeabi_uidiv                            0x00000129   Thumb Code     0  uidiv.o(.text)
    __aeabi_uidivmod                         0x00000129   Thumb Code    44  uidiv.o(.text)
    __aeabi_idiv                             0x00000155   Thumb Code     0  idiv.o(.text)
    __aeabi_idivmod                          0x00000155   Thumb Code    40  idiv.o(.text)
    rand                                     0x0000017d   Thumb Code    18  rand.o(.text)
    srand                                    0x0000018f   Thumb Code     6  rand.o(.text)
    __aeabi_fadd                             0x000001a1   Thumb Code   162  fadd.o(.text)
    __aeabi_fsub                             0x00000243   Thumb Code     8  fadd.o(.text)
    __aeabi_frsub                            0x0000024b   Thumb Code     8  fadd.o(.text)
    __aeabi_fmul                             0x00000253   Thumb Code   122  fmul.o(.text)
    __aeabi_fdiv                             0x000002cd   Thumb Code   124  fdiv.o(.text)
    __aeabi_i2f                              0x00000349   Thumb Code    22  fflti.o(.text)
    __aeabi_ui2f                             0x0000035f   Thumb Code    14  ffltui.o(.text)
    __aeabi_f2uiz                            0x0000036d   Thumb Code    40  ffixui.o(.text)
    __aeabi_cfrcmple                         0x00000395   Thumb Code    20  cfrcmple.o(.text)
    __I$use$fp                               0x000003a9   Thumb Code     0  iusefp.o(.text)
    _float_round                             0x000003a9   Thumb Code    16  fepilogue.o(.text)
    _float_epilogue                          0x000003b9   Thumb Code   114  fepilogue.o(.text)
    __scatterload                            0x0000042d   Thumb Code    28  init.o(.text)
    __scatterload_rt2                        0x0000042d   Thumb Code     0  init.o(.text)
    __decompress                             0x00000451   Thumb Code     0  __dclz77c.o(.text)
    __decompress2                            0x00000451   Thumb Code    96  __dclz77c.o(.text)
    BusFaultHandler                          0x000004b1   Thumb Code     2  handler.o(i.BusFaultHandler)
    DebugMonHandler                          0x000004b3   Thumb Code     2  handler.o(i.DebugMonHandler)
    HardFaultHandler                         0x000004b5   Thumb Code     2  handler.o(i.HardFaultHandler)
    Is_SPI_Ready                             0x000004b9   Thumb Code     8  spi_flash.o(i.Is_SPI_Ready)
    KEY0                                     0x000004c5   Thumb Code    10  handler.o(i.KEY0)
    KEY1                                     0x000004cf   Thumb Code    10  handler.o(i.KEY1)
    KEY2                                     0x000004d9   Thumb Code    10  handler.o(i.KEY2)
    KEY3                                     0x000004e3   Thumb Code    10  handler.o(i.KEY3)
    LCD_Fast_DrawPoint                       0x000004ed   Thumb Code    88  lcd.o(i.LCD_Fast_DrawPoint)
    LCD_ShowChar                             0x00000549   Thumb Code   254  lcd.o(i.LCD_ShowChar)
    LCD_ShowString                           0x00000659   Thumb Code    98  lcd.o(i.LCD_ShowString)
    LCD_WR_DATA                              0x000006bb   Thumb Code    38  lcd.o(i.LCD_WR_DATA)
    LCD_WR_REG                               0x000006e1   Thumb Code    36  lcd.o(i.LCD_WR_REG)
    LED_toggle                               0x00000705   Thumb Code    50  led.o(i.LED_toggle)
    MakeData                                 0x0000073d   Thumb Code     8  lcd.o(i.MakeData)
    MemManageHandler                         0x00000745   Thumb Code     2  handler.o(i.MemManageHandler)
    NMIHandler                               0x00000747   Thumb Code     2  handler.o(i.NMIHandler)
    PS2_ClearData                            0x0000075d   Thumb Code    20  pstwo.o(i.PS2_ClearData)
    PS2_Cmd                                  0x00000775   Thumb Code   122  pstwo.o(i.PS2_Cmd)
    PS2_DataKey                              0x000007f9   Thumb Code    70  pstwo.o(i.PS2_DataKey)
    PS2_Init                                 0x0000084d   Thumb Code    12  pstwo.o(i.PS2_Init)
    PS2_ReadData                             0x0000085d   Thumb Code   154  pstwo.o(i.PS2_ReadData)
    PendSVHandler                            0x00000905   Thumb Code     2  handler.o(i.PendSVHandler)
    SPI_FLASH_Write_Enable                   0x00000909   Thumb Code    22  spi_flash.o(i.SPI_FLASH_Write_Enable)
    SPI_Flash_Erase_Block                    0x00000925   Thumb Code    60  spi_flash.o(i.SPI_Flash_Erase_Block)
    SPI_Flash_ReadSR                         0x00000965   Thumb Code    34  spi_flash.o(i.SPI_Flash_ReadSR)
    SPI_Flash_Wait_Busy                      0x0000098d   Thumb Code    18  spi_flash.o(i.SPI_Flash_Wait_Busy)
    SPI_Flash_Write_Page                     0x000009a1   Thumb Code    76  spi_flash.o(i.SPI_Flash_Write_Page)
    SPI_Init                                 0x000009f1   Thumb Code    12  spi_flash.o(i.SPI_Init)
    SPI_ReadWriteByte                        0x00000a01   Thumb Code    66  spi_flash.o(i.SPI_ReadWriteByte)
    SPI_SendData                             0x00000a49   Thumb Code    16  spi_flash.o(i.SPI_SendData)
    SVCHandler                               0x00000a5d   Thumb Code     2  handler.o(i.SVCHandler)
    Set_SysTick_CTRL                         0x00000a61   Thumb Code     6  systick.o(i.Set_SysTick_CTRL)
    Set_SysTick_LOAD                         0x00000a6d   Thumb Code     6  systick.o(i.Set_SysTick_LOAD)
    Set_SysTick_VALUE                        0x00000a79   Thumb Code     6  systick.o(i.Set_SysTick_VALUE)
    SysTickHandler                           0x00000a85   Thumb Code    24  handler.o(i.SysTickHandler)
    SystemInit                               0x00000aa1   Thumb Code    28  system.o(i.SystemInit)
    Timer_Handler                            0x00000abd   Thumb Code     2  handler.o(i.Timer_Handler)
    UARTOVRHandler                           0x00000abf   Thumb Code     2  handler.o(i.UARTOVRHandler)
    UARTRXHandler                            0x00000ac1   Thumb Code    24  handler.o(i.UARTRXHandler)
    UARTTXHandler                            0x00000af1   Thumb Code    36  handler.o(i.UARTTXHandler)
    UsageFaultHandler                        0x00000b2d   Thumb Code     2  handler.o(i.UsageFaultHandler)
    __0printf$bare                           0x00000b31   Thumb Code    12  printfb.o(i.__0printf$bare)
    __1printf$bare                           0x00000b31   Thumb Code     0  printfb.o(i.__0printf$bare)
    __2printf                                0x00000b31   Thumb Code     0  printfb.o(i.__0printf$bare)
    __ARM_common_switch8                     0x00000b45   Thumb Code    28  handler.o(i.__ARM_common_switch8)
    __scatterload_copy                       0x00000b61   Thumb Code    14  handlers.o(i.__scatterload_copy)
    __scatterload_null                       0x00000b6f   Thumb Code     2  handlers.o(i.__scatterload_null)
    __scatterload_zeroinit                   0x00000b71   Thumb Code    14  handlers.o(i.__scatterload_zeroinit)
    b_green_createOnePlane                   0x00000b9d   Thumb Code   200  enemyplane.o(i.b_green_createOnePlane)
    b_green_createPlane_511                  0x00000c69   Thumb Code    12  makeenemyplanearray.o(i.b_green_createPlane_511)
    b_green_drawPlane                        0x00000c75   Thumb Code   590  enemyplane.o(i.b_green_drawPlane)
    b_green_movePlane                        0x00000ec9   Thumb Code   874  enemyplane.o(i.b_green_movePlane)
    b_green_planeInit                        0x00001241   Thumb Code    70  enemyplane.o(i.b_green_planeInit)
    clearNameTableAll                        0x0000128d   Thumb Code    38  spriteram.o(i.clearNameTableAll)
    create_plane_Handler                     0x000012b5   Thumb Code   176  handler.o(i.create_plane_Handler)
    delay                                    0x00001381   Thumb Code    32  systick.o(i.delay)
    delay_ms                                 0x000013a1   Thumb Code    22  systick.o(i.delay_ms)
    delay_us                                 0x000013bd   Thumb Code    22  systick.o(i.delay_us)
    endInterFaceDraw                         0x000013d5   Thumb Code   236  gameinterface.o(i.endInterFaceDraw)
    enemyAndBulletMapCreate                  0x000014c9   Thumb Code   456  gamehitcheck.o(i.enemyAndBulletMapCreate)
    enmeyBulletDraw                          0x000016a1   Thumb Code    70  enemybullet.o(i.enmeyBulletDraw)
    enmey_BulletInit                         0x000016ed   Thumb Code    28  enemybullet.o(i.enmey_BulletInit)
    fputc                                    0x0000170d   Thumb Code    32  retarget.o(i.fputc)
    gameCursorDraw                           0x0000172d   Thumb Code    94  gameinterface.o(i.gameCursorDraw)
    gameScoreDraw                            0x0000178b   Thumb Code   176  gameinterface.o(i.gameScoreDraw)
    gameStartInterfaceShow                   0x0000183d   Thumb Code   338  gameinterface.o(i.gameStartInterfaceShow)
    isHit_b_EnemyPlane                       0x000019a5   Thumb Code   258  gamehitcheck.o(i.isHit_b_EnemyPlane)
    isHit_m_straight_EnemyPlane              0x00001ab1   Thumb Code   202  gamehitcheck.o(i.isHit_m_straight_EnemyPlane)
    isHit_myBullets                          0x00001b85   Thumb Code   110  gamehitcheck.o(i.isHit_myBullets)
    isHit_s_EnemyPlane                       0x00001bfd   Thumb Code   362  gamehitcheck.o(i.isHit_s_EnemyPlane)
    isMyPlaneHit                             0x00001d75   Thumb Code   140  gamehitcheck.o(i.isMyPlaneHit)
    loadMapJianchuan                         0x00001e01   Thumb Code    40  makemap.o(i.loadMapJianchuan)
    m_straight_createOnePlane                0x00001e2d   Thumb Code   168  enemyplane.o(i.m_straight_createOnePlane)
    m_straight_drawPlane                     0x00001ed9   Thumb Code   574  enemyplane.o(i.m_straight_drawPlane)
    m_straight_movePlane                     0x0000211d   Thumb Code   172  enemyplane.o(i.m_straight_movePlane)
    m_straight_planeInit                     0x000021cd   Thumb Code    86  enemyplane.o(i.m_straight_planeInit)
    main                                     0x00002229   Thumb Code  2562  main.o(i.main)
    makeMapFirst                             0x00002c45   Thumb Code   566  makemap.o(i.makeMapFirst)
    makeMapSecond                            0x00002ead   Thumb Code   566  makemap.o(i.makeMapSecond)
    myBulletsMapCreate                       0x00003145   Thumb Code    74  gamehitcheck.o(i.myBulletsMapCreate)
    myPlane_Act                              0x00003195   Thumb Code   116  myplane.o(i.myPlane_Act)
    myPlane_Draw                             0x00003209   Thumb Code  1684  myplane.o(i.myPlane_Draw)
    myPlane_Init                             0x0000389d   Thumb Code    28  myplane.o(i.myPlane_Init)
    myPlane_bulletDraw                       0x000038b9   Thumb Code    70  myplane.o(i.myPlane_bulletDraw)
    myPlane_bulletInit                       0x00003905   Thumb Code    28  myplane.o(i.myPlane_bulletInit)
    myPlane_createOneBullet                  0x00003925   Thumb Code   426  myplane.o(i.myPlane_createOneBullet)
    myPlane_updateBulletData                 0x00003ad5   Thumb Code    74  myplane.o(i.myPlane_updateBulletData)
    newGuanqiaInterFaceDraw                  0x00003b25   Thumb Code   184  gameinterface.o(i.newGuanqiaInterFaceDraw)
    new_boomDraw                             0x00003bdd   Thumb Code   202  boom.o(i.new_boomDraw)
    new_boomInit                             0x00003cad   Thumb Code    26  boom.o(i.new_boomInit)
    new_createOneBoom                        0x00003ccd   Thumb Code    66  boom.o(i.new_createOneBoom)
    new_updateBoomData                       0x00003d15   Thumb Code    94  boom.o(i.new_updateBoomData)
    readPs2DI                                0x00003d79   Thumb Code     6  pstwo.o(i.readPs2DI)
    s_green_createOnePlane                   0x00003d85   Thumb Code   536  enemyplane.o(i.s_green_createOnePlane)
    s_green_createPlane_221                  0x00003fa1   Thumb Code    58  makeenemyplanearray.o(i.s_green_createPlane_221)
    s_green_createPlane_222                  0x00003fdb   Thumb Code    66  makeenemyplanearray.o(i.s_green_createPlane_222)
    s_green_createPlane_243                  0x0000401d   Thumb Code    84  makeenemyplanearray.o(i.s_green_createPlane_243)
    s_green_createPlane_411                  0x00004071   Thumb Code    44  makeenemyplanearray.o(i.s_green_createPlane_411)
    s_green_createPlane_422                  0x0000409d   Thumb Code    62  makeenemyplanearray.o(i.s_green_createPlane_422)
    s_green_drawPlane                        0x000040dd   Thumb Code   742  enemyplane.o(i.s_green_drawPlane)
    s_green_movePlane                        0x000043c9   Thumb Code  1448  enemyplane.o(i.s_green_movePlane)
    s_green_planeInit                        0x00004975   Thumb Code    50  enemyplane.o(i.s_green_planeInit)
    s_grey_createOneEnmeyBullet              0x000049ad   Thumb Code   312  enemybullet.o(i.s_grey_createOneEnmeyBullet)
    s_grey_createOnePlane                    0x00004af5   Thumb Code   286  enemyplane.o(i.s_grey_createOnePlane)
    s_grey_createPlane_111                   0x00004c19   Thumb Code    84  makeenemyplanearray.o(i.s_grey_createPlane_111)
    s_grey_createPlane_122                   0x00004c6d   Thumb Code    60  makeenemyplanearray.o(i.s_grey_createPlane_122)
    s_grey_createPlane_123                   0x00004ca9   Thumb Code   130  makeenemyplanearray.o(i.s_grey_createPlane_123)
    s_grey_createPlane_144                   0x00004d2b   Thumb Code   100  makeenemyplanearray.o(i.s_grey_createPlane_144)
    s_grey_createPlane_145                   0x00004d8f   Thumb Code   170  makeenemyplanearray.o(i.s_grey_createPlane_145)
    s_grey_createPlane_166                   0x00004e39   Thumb Code    18  makeenemyplanearray.o(i.s_grey_createPlane_166)
    s_grey_drawPlane                         0x00004e4d   Thumb Code   962  enemyplane.o(i.s_grey_drawPlane)
    s_grey_movePlane                         0x00005215   Thumb Code   990  enemyplane.o(i.s_grey_movePlane)
    s_grey_planeInit                         0x000055f9   Thumb Code    66  enemyplane.o(i.s_grey_planeInit)
    tileMap                                  0x00005641   Thumb Code    24  gamehitcheck.o(i.tileMap)
    uart_ClearRxIRQ                          0x00005659   Thumb Code     6  uart.o(i.uart_ClearRxIRQ)
    uart_ClearTxIRQ                          0x0000565f   Thumb Code     6  uart.o(i.uart_ClearTxIRQ)
    uart_SendChar                            0x00005665   Thumb Code    22  uart.o(i.uart_SendChar)
    uart_init                                0x0000567b   Thumb Code    88  uart.o(i.uart_init)
    updateEnemyBulletData                    0x000056d5   Thumb Code   196  enemybullet.o(i.updateEnemyBulletData)
    vga_Handler                              0x0000579d   Thumb Code   118  handler.o(i.vga_Handler)
    writeOneNametable                        0x00005831   Thumb Code    12  spriteram.o(i.writeOneNametable)
    writeOneSprite                           0x00005841   Thumb Code    32  spriteram.o(i.writeOneSprite)
    MYPLANE_BULLET_NUMMAX                    0x00005864   Data           1  main.o(.constdata)
    S_GREY_NUMMAX                            0x00005865   Data           1  main.o(.constdata)
    S_GREEN_NUMMAX                           0x00005866   Data           1  main.o(.constdata)
    M_STRAIGHT_NUMMAX                        0x00005867   Data           1  main.o(.constdata)
    B_GREEN_NUMMAX                           0x00005868   Data           1  main.o(.constdata)
    ENEMY_BULLETS_NUMMAX                     0x00005869   Data           1  main.o(.constdata)
    BOOM_NUMMAX                              0x0000586a   Data           1  main.o(.constdata)
    asc2_1608                                0x0000586b   Data        1520  lcd.o(.constdata)
    ANGLE_NUMMAX                             0x00005e5c   Data           1  enemybullet.o(.constdata)
    sin_array                                0x00005e5e   Data          20  enemybullet.o(.constdata)
    cos_array                                0x00005e72   Data          20  enemybullet.o(.constdata)
    tan_array                                0x00005e88   Data          40  enemybullet.o(.constdata)
    Region$$Table$$Base                      0x00005eb0   Number         0  anon$$obj.o(Region$$Table)
    Region$$Table$$Limit                     0x00005ed0   Number         0  anon$$obj.o(Region$$Table)
    timer_cnt                                0x20000000   Data           1  main.o(.data)
    start                                    0x20000001   Data           1  main.o(.data)
    gameingPause                             0x20000002   Data           1  main.o(.data)
    spriteRamAddr                            0x20000003   Data           1  main.o(.data)
    gameCursor                               0x20000004   Data           1  main.o(.data)
    GameScore                                0x20000008   Data           4  main.o(.data)
    GameShootBulletsCnt                      0x2000000c   Data           4  main.o(.data)
    GameShootDownCnt                         0x20000010   Data           4  main.o(.data)
    GameHitRate                              0x20000014   Data           4  main.o(.data)
    fps                                      0x20000018   Data           4  main.o(.data)
    game_state                               0x2000001c   Data           1  main.o(.data)
    gameEndFpsCnt                            0x2000001d   Data           1  main.o(.data)
    gameEndInterFaceFpsCnt                   0x2000001e   Data           1  main.o(.data)
    gameEndInterFaceFpsSpeed                 0x2000001f   Data           1  main.o(.data)
    gameEndInterFaceArrayCnt                 0x20000020   Data           1  main.o(.data)
    DrawFlag                                 0x20000021   Data           1  main.o(.data)
    timer_init_flag                          0x20000022   Data           1  main.o(.data)
    gameRunState                             0x20000023   Data           1  main.o(.data)
    flashAddrBlock_Map0                      0x20000024   Data           4  main.o(.data)
    flashAddrBlock_Map1                      0x20000028   Data           4  main.o(.data)
    guanQia                                  0x2000002c   Data           1  main.o(.data)
    pifuNum                                  0x2000002d   Data           1  main.o(.data)
    pifuNumTemp                              0x2000002e   Data           1  main.o(.data)
    PS2_KEY_START                            0x20000030   Data           4  main.o(.data)
    PS2_KEY_GAMING                           0x20000034   Data           4  main.o(.data)
    PS2_KEY_END_OUT                          0x20000038   Data           4  main.o(.data)
    PS2_KEY_PIFU                             0x2000003c   Data           4  main.o(.data)
    num                                      0x20000040   Data           4  handler.o(.data)
    create                                   0x20000044   Data         480  handler.o(.data)
    POINT_COLOR                              0x20000224   Data           2  lcd.o(.data)
    BACK_COLOR                               0x20000226   Data           2  lcd.o(.data)
    __stdout                                 0x20000228   Data           4  retarget.o(.data)
    __stdin                                  0x2000022c   Data           4  retarget.o(.data)
    Handkey                                  0x20000230   Data           2  pstwo.o(.data)
    Comd                                     0x20000232   Data           2  pstwo.o(.data)
    MASK                                     0x20000234   Data          32  pstwo.o(.data)
    GAME_LOGO_1942                           0x20000254   Data          90  gameinterface.o(.data)
    GAME_VERSION                             0x200002ae   Data          12  gameinterface.o(.data)
    GAME_START_CHAR                          0x200002ba   Data           8  gameinterface.o(.data)
    GAME_STOP_CHAR                           0x200002c2   Data           8  gameinterface.o(.data)
    endInterFaceArray                        0x200002ca   Data          60  gameinterface.o(.data)
    map_start                                0x20000306   Data        1024  makemap.o(.data)
    map_konghaiyu                            0x20000706   Data        1024  makemap.o(.data)
    map_jianchuan                            0x20000b06   Data        1024  makemap.o(.data)
    map_daoyu                                0x20000f06   Data        1024  makemap.o(.data)
    map_land_0                               0x20001306   Data        1024  makemap.o(.data)
    map_land_1                               0x20001706   Data        1024  makemap.o(.data)
    map_land_2_3                             0x20001b06   Data        1024  makemap.o(.data)
    map_land_4                               0x20001f06   Data        1024  makemap.o(.data)
    myplane                                  0x2000230c   Data          10  main.o(.bss)
    myBullet                                 0x20002316   Data         120  main.o(.bss)
    s_grey_plane                             0x2000238e   Data          96  main.o(.bss)
    s_green_plane                            0x200023ee   Data         180  main.o(.bss)
    m_straight_plane                         0x200024a2   Data          36  main.o(.bss)
    b_green_plane                            0x200024c6   Data          26  main.o(.bss)
    enmeyBullets                             0x200024e0   Data         100  main.o(.bss)
    myPlaneHitMap                            0x20002544   Data         120  main.o(.bss)
    myBulletsHitMap                          0x200025bc   Data         120  main.o(.bss)
    enemyPlaneAndBullet_HitMap               0x20002634   Data         120  main.o(.bss)
    boom                                     0x200026ac   Data          40  main.o(.bss)
    lcddev                                   0x200026d4   Data          14  lcd.o(.bss)
    Data                                     0x200026e2   Data           9  pstwo.o(.bss)
    __initial_sp                             0x20002af0   Data           0  startup_cm0ds.o(STACK)



==============================================================================

Memory Map of the image

  Image Entry point : 0x00000069

  Load Region LR_IROM1 (Base: 0x00000000, Size: 0x000081dc, Max: 0x00010000, ABSOLUTE, COMPRESSED[0x00006cc0])

    Execution Region ER_IROM1 (Exec base: 0x00000000, Load base: 0x00000000, Size: 0x00005ed0, Max: 0x00010000, ABSOLUTE)

    Exec Addr    Load Addr    Size         Type   Attr      Idx    E Section Name        Object

    0x00000000   0x00000000   0x00000068   Data   RO          258    RESET               startup_cm0ds.o
    0x00000068   0x00000068   0x00000000   Code   RO         1692  * .ARM.Collect$$$$00000000  mc_p.l(entry.o)
    0x00000068   0x00000068   0x00000004   Code   RO         1978    .ARM.Collect$$$$00000001  mc_p.l(entry2.o)
    0x0000006c   0x0000006c   0x00000004   Code   RO         1981    .ARM.Collect$$$$00000004  mc_p.l(entry5.o)
    0x00000070   0x00000070   0x00000000   Code   RO         1983    .ARM.Collect$$$$00000008  mc_p.l(entry7b.o)
    0x00000070   0x00000070   0x00000000   Code   RO         1985    .ARM.Collect$$$$0000000A  mc_p.l(entry8b.o)
    0x00000070   0x00000070   0x00000008   Code   RO         1986    .ARM.Collect$$$$0000000B  mc_p.l(entry9a.o)
    0x00000078   0x00000078   0x00000000   Code   RO         1988    .ARM.Collect$$$$0000000D  mc_p.l(entry10a.o)
    0x00000078   0x00000078   0x00000000   Code   RO         1990    .ARM.Collect$$$$0000000F  mc_p.l(entry11a.o)
    0x00000078   0x00000078   0x00000004   Code   RO         1979    .ARM.Collect$$$$00002712  mc_p.l(entry2.o)
    0x0000007c   0x0000007c   0x000000ac   Code   RO          259    .text               startup_cm0ds.o
    0x00000128   0x00000128   0x0000002c   Code   RO         1695    .text               mc_p.l(uidiv.o)
    0x00000154   0x00000154   0x00000028   Code   RO         1697    .text               mc_p.l(idiv.o)
    0x0000017c   0x0000017c   0x00000024   Code   RO         1699    .text               mc_p.l(rand.o)
    0x000001a0   0x000001a0   0x000000b2   Code   RO         1964    .text               mf_p.l(fadd.o)
    0x00000252   0x00000252   0x0000007a   Code   RO         1966    .text               mf_p.l(fmul.o)
    0x000002cc   0x000002cc   0x0000007c   Code   RO         1968    .text               mf_p.l(fdiv.o)
    0x00000348   0x00000348   0x00000016   Code   RO         1970    .text               mf_p.l(fflti.o)
    0x0000035e   0x0000035e   0x0000000e   Code   RO         1972    .text               mf_p.l(ffltui.o)
    0x0000036c   0x0000036c   0x00000028   Code   RO         1974    .text               mf_p.l(ffixui.o)
    0x00000394   0x00000394   0x00000014   Code   RO         1976    .text               mf_p.l(cfrcmple.o)
    0x000003a8   0x000003a8   0x00000000   Code   RO         1994    .text               mc_p.l(iusefp.o)
    0x000003a8   0x000003a8   0x00000082   Code   RO         1995    .text               mf_p.l(fepilogue.o)
    0x0000042a   0x0000042a   0x00000002   PAD
    0x0000042c   0x0000042c   0x00000024   Code   RO         2007    .text               mc_p.l(init.o)
    0x00000450   0x00000450   0x00000060   Code   RO         2027    .text               mc_p.l(__dclz77c.o)
    0x000004b0   0x000004b0   0x00000002   Code   RO          120    i.BusFaultHandler   handler.o
    0x000004b2   0x000004b2   0x00000002   Code   RO          121    i.DebugMonHandler   handler.o
    0x000004b4   0x000004b4   0x00000002   Code   RO          122    i.HardFaultHandler  handler.o
    0x000004b6   0x000004b6   0x00000002   PAD
    0x000004b8   0x000004b8   0x0000000c   Code   RO          761    i.Is_SPI_Ready      spi_flash.o
    0x000004c4   0x000004c4   0x0000000a   Code   RO          123    i.KEY0              handler.o
    0x000004ce   0x000004ce   0x0000000a   Code   RO          124    i.KEY1              handler.o
    0x000004d8   0x000004d8   0x0000000a   Code   RO          125    i.KEY2              handler.o
    0x000004e2   0x000004e2   0x0000000a   Code   RO          126    i.KEY3              handler.o
    0x000004ec   0x000004ec   0x0000005c   Code   RO          480    i.LCD_Fast_DrawPoint  lcd.o
    0x00000548   0x00000548   0x00000110   Code   RO          489    i.LCD_ShowChar      lcd.o
    0x00000658   0x00000658   0x00000062   Code   RO          492    i.LCD_ShowString    lcd.o
    0x000006ba   0x000006ba   0x00000026   Code   RO          494    i.LCD_WR_DATA       lcd.o
    0x000006e0   0x000006e0   0x00000024   Code   RO          495    i.LCD_WR_REG        lcd.o
    0x00000704   0x00000704   0x00000038   Code   RO          689    i.LED_toggle        led.o
    0x0000073c   0x0000073c   0x00000008   Code   RO          499    i.MakeData          lcd.o
    0x00000744   0x00000744   0x00000002   Code   RO          127    i.MemManageHandler  handler.o
    0x00000746   0x00000746   0x00000002   Code   RO          128    i.NMIHandler        handler.o
    0x00000748   0x00000748   0x00000014   Code   RO          265    i.NVIC_EnableIRQ    system.o
    0x0000075c   0x0000075c   0x00000018   Code   RO         1167    i.PS2_ClearData     pstwo.o
    0x00000774   0x00000774   0x00000084   Code   RO         1168    i.PS2_Cmd           pstwo.o
    0x000007f8   0x000007f8   0x00000054   Code   RO         1169    i.PS2_DataKey       pstwo.o
    0x0000084c   0x0000084c   0x00000010   Code   RO         1172    i.PS2_Init          pstwo.o
    0x0000085c   0x0000085c   0x000000a8   Code   RO         1173    i.PS2_ReadData      pstwo.o
    0x00000904   0x00000904   0x00000002   Code   RO          129    i.PendSVHandler     handler.o
    0x00000906   0x00000906   0x00000002   PAD
    0x00000908   0x00000908   0x0000001c   Code   RO          764    i.SPI_FLASH_Write_Enable  spi_flash.o
    0x00000924   0x00000924   0x00000040   Code   RO          766    i.SPI_Flash_Erase_Block  spi_flash.o
    0x00000964   0x00000964   0x00000028   Code   RO          771    i.SPI_Flash_ReadSR  spi_flash.o
    0x0000098c   0x0000098c   0x00000012   Code   RO          772    i.SPI_Flash_Wait_Busy  spi_flash.o
    0x0000099e   0x0000099e   0x00000002   PAD
    0x000009a0   0x000009a0   0x00000050   Code   RO          775    i.SPI_Flash_Write_Page  spi_flash.o
    0x000009f0   0x000009f0   0x00000010   Code   RO          776    i.SPI_Init          spi_flash.o
    0x00000a00   0x00000a00   0x00000048   Code   RO          777    i.SPI_ReadWriteByte  spi_flash.o
    0x00000a48   0x00000a48   0x00000014   Code   RO          778    i.SPI_SendData      spi_flash.o
    0x00000a5c   0x00000a5c   0x00000002   Code   RO          130    i.SVCHandler        handler.o
    0x00000a5e   0x00000a5e   0x00000002   PAD
    0x00000a60   0x00000a60   0x0000000c   Code   RO          878    i.Set_SysTick_CTRL  systick.o
    0x00000a6c   0x00000a6c   0x0000000c   Code   RO          879    i.Set_SysTick_LOAD  systick.o
    0x00000a78   0x00000a78   0x0000000c   Code   RO          880    i.Set_SysTick_VALUE  systick.o
    0x00000a84   0x00000a84   0x0000001c   Code   RO          131    i.SysTickHandler    handler.o
    0x00000aa0   0x00000aa0   0x0000001c   Code   RO          267    i.SystemInit        system.o
    0x00000abc   0x00000abc   0x00000002   Code   RO          132    i.Timer_Handler     handler.o
    0x00000abe   0x00000abe   0x00000002   Code   RO          133    i.UARTOVRHandler    handler.o
    0x00000ac0   0x00000ac0   0x00000030   Code   RO          134    i.UARTRXHandler     handler.o
    0x00000af0   0x00000af0   0x0000003c   Code   RO          135    i.UARTTXHandler     handler.o
    0x00000b2c   0x00000b2c   0x00000002   Code   RO          136    i.UsageFaultHandler  handler.o
    0x00000b2e   0x00000b2e   0x00000002   PAD
    0x00000b30   0x00000b30   0x00000014   Code   RO         1705    i.__0printf$bare    mc_p.l(printfb.o)
    0x00000b44   0x00000b44   0x0000001c   Code   RO          246    i.__ARM_common_switch8  handler.o
    0x00000b60   0x00000b60   0x0000000e   Code   RO         2021    i.__scatterload_copy  mc_p.l(handlers.o)
    0x00000b6e   0x00000b6e   0x00000002   Code   RO         2022    i.__scatterload_null  mc_p.l(handlers.o)
    0x00000b70   0x00000b70   0x0000000e   Code   RO         2023    i.__scatterload_zeroinit  mc_p.l(handlers.o)
    0x00000b7e   0x00000b7e   0x0000001e   Code   RO         1712    i._printf_core      mc_p.l(printfb.o)
    0x00000b9c   0x00000b9c   0x000000cc   Code   RO         1415    i.b_green_createOnePlane  enemyplane.o
    0x00000c68   0x00000c68   0x0000000c   Code   RO         1269    i.b_green_createPlane_511  makeenemyplanearray.o
    0x00000c74   0x00000c74   0x00000254   Code   RO         1416    i.b_green_drawPlane  enemyplane.o
    0x00000ec8   0x00000ec8   0x00000378   Code   RO         1417    i.b_green_movePlane  enemyplane.o
    0x00001240   0x00001240   0x0000004c   Code   RO         1418    i.b_green_planeInit  enemyplane.o
    0x0000128c   0x0000128c   0x00000026   Code   RO         1124    i.clearNameTableAll  spriteram.o
    0x000012b2   0x000012b2   0x00000002   PAD
    0x000012b4   0x000012b4   0x000000cc   Code   RO          137    i.create_plane_Handler  handler.o
    0x00001380   0x00001380   0x00000020   Code   RO          883    i.delay             systick.o
    0x000013a0   0x000013a0   0x0000001c   Code   RO          884    i.delay_ms          systick.o
    0x000013bc   0x000013bc   0x00000016   Code   RO          885    i.delay_us          systick.o
    0x000013d2   0x000013d2   0x00000002   PAD
    0x000013d4   0x000013d4   0x000000f4   Code   RO         1573    i.endInterFaceDraw  gameinterface.o
    0x000014c8   0x000014c8   0x000001d8   Code   RO         1518    i.enemyAndBulletMapCreate  gamehitcheck.o
    0x000016a0   0x000016a0   0x0000004c   Code   RO         1381    i.enmeyBulletDraw   enemybullet.o
    0x000016ec   0x000016ec   0x00000020   Code   RO         1382    i.enmey_BulletInit  enemybullet.o
    0x0000170c   0x0000170c   0x00000020   Code   RO          721    i.fputc             retarget.o
    0x0000172c   0x0000172c   0x0000005e   Code   RO         1574    i.gameCursorDraw    gameinterface.o
    0x0000178a   0x0000178a   0x000000b0   Code   RO         1575    i.gameScoreDraw     gameinterface.o
    0x0000183a   0x0000183a   0x00000002   PAD
    0x0000183c   0x0000183c   0x00000168   Code   RO         1576    i.gameStartInterfaceShow  gameinterface.o
    0x000019a4   0x000019a4   0x0000010c   Code   RO         1519    i.isHit_b_EnemyPlane  gamehitcheck.o
    0x00001ab0   0x00001ab0   0x000000d4   Code   RO         1520    i.isHit_m_straight_EnemyPlane  gamehitcheck.o
    0x00001b84   0x00001b84   0x00000078   Code   RO         1521    i.isHit_myBullets   gamehitcheck.o
    0x00001bfc   0x00001bfc   0x00000178   Code   RO         1522    i.isHit_s_EnemyPlane  gamehitcheck.o
    0x00001d74   0x00001d74   0x0000008c   Code   RO         1523    i.isMyPlaneHit      gamehitcheck.o
    0x00001e00   0x00001e00   0x0000002c   Code   RO         1662    i.loadMapJianchuan  makemap.o
    0x00001e2c   0x00001e2c   0x000000ac   Code   RO         1419    i.m_straight_createOnePlane  enemyplane.o
    0x00001ed8   0x00001ed8   0x00000244   Code   RO         1420    i.m_straight_drawPlane  enemyplane.o
    0x0000211c   0x0000211c   0x000000b0   Code   RO         1421    i.m_straight_movePlane  enemyplane.o
    0x000021cc   0x000021cc   0x0000005c   Code   RO         1422    i.m_straight_planeInit  enemyplane.o
    0x00002228   0x00002228   0x00000a1c   Code   RO            3    i.main              main.o
    0x00002c44   0x00002c44   0x00000268   Code   RO         1663    i.makeMapFirst      makemap.o
    0x00002eac   0x00002eac   0x00000298   Code   RO         1664    i.makeMapSecond     makemap.o
    0x00003144   0x00003144   0x00000050   Code   RO         1524    i.myBulletsMapCreate  gamehitcheck.o
    0x00003194   0x00003194   0x00000074   Code   RO         1613    i.myPlane_Act       myplane.o
    0x00003208   0x00003208   0x00000694   Code   RO         1614    i.myPlane_Draw      myplane.o
    0x0000389c   0x0000389c   0x0000001c   Code   RO         1615    i.myPlane_Init      myplane.o
    0x000038b8   0x000038b8   0x0000004c   Code   RO         1616    i.myPlane_bulletDraw  myplane.o
    0x00003904   0x00003904   0x00000020   Code   RO         1617    i.myPlane_bulletInit  myplane.o
    0x00003924   0x00003924   0x000001b0   Code   RO         1618    i.myPlane_createOneBullet  myplane.o
    0x00003ad4   0x00003ad4   0x00000050   Code   RO         1619    i.myPlane_updateBulletData  myplane.o
    0x00003b24   0x00003b24   0x000000b8   Code   RO         1577    i.newGuanqiaInterFaceDraw  gameinterface.o
    0x00003bdc   0x00003bdc   0x000000d0   Code   RO         1350    i.new_boomDraw      boom.o
    0x00003cac   0x00003cac   0x00000020   Code   RO         1351    i.new_boomInit      boom.o
    0x00003ccc   0x00003ccc   0x00000048   Code   RO         1352    i.new_createOneBoom  boom.o
    0x00003d14   0x00003d14   0x00000064   Code   RO         1353    i.new_updateBoomData  boom.o
    0x00003d78   0x00003d78   0x0000000c   Code   RO         1180    i.readPs2DI         pstwo.o
    0x00003d84   0x00003d84   0x0000021c   Code   RO         1423    i.s_green_createOnePlane  enemyplane.o
    0x00003fa0   0x00003fa0   0x0000003a   Code   RO         1270    i.s_green_createPlane_221  makeenemyplanearray.o
    0x00003fda   0x00003fda   0x00000042   Code   RO         1271    i.s_green_createPlane_222  makeenemyplanearray.o
    0x0000401c   0x0000401c   0x00000054   Code   RO         1272    i.s_green_createPlane_243  makeenemyplanearray.o
    0x00004070   0x00004070   0x0000002c   Code   RO         1273    i.s_green_createPlane_411  makeenemyplanearray.o
    0x0000409c   0x0000409c   0x0000003e   Code   RO         1274    i.s_green_createPlane_422  makeenemyplanearray.o
    0x000040da   0x000040da   0x00000002   PAD
    0x000040dc   0x000040dc   0x000002ec   Code   RO         1424    i.s_green_drawPlane  enemyplane.o
    0x000043c8   0x000043c8   0x000005ac   Code   RO         1425    i.s_green_movePlane  enemyplane.o
    0x00004974   0x00004974   0x00000038   Code   RO         1426    i.s_green_planeInit  enemyplane.o
    0x000049ac   0x000049ac   0x00000148   Code   RO         1383    i.s_grey_createOneEnmeyBullet  enemybullet.o
    0x00004af4   0x00004af4   0x00000124   Code   RO         1427    i.s_grey_createOnePlane  enemyplane.o
    0x00004c18   0x00004c18   0x00000054   Code   RO         1275    i.s_grey_createPlane_111  makeenemyplanearray.o
    0x00004c6c   0x00004c6c   0x0000003c   Code   RO         1276    i.s_grey_createPlane_122  makeenemyplanearray.o
    0x00004ca8   0x00004ca8   0x00000082   Code   RO         1277    i.s_grey_createPlane_123  makeenemyplanearray.o
    0x00004d2a   0x00004d2a   0x00000064   Code   RO         1278    i.s_grey_createPlane_144  makeenemyplanearray.o
    0x00004d8e   0x00004d8e   0x000000aa   Code   RO         1279    i.s_grey_createPlane_145  makeenemyplanearray.o
    0x00004e38   0x00004e38   0x00000012   Code   RO         1280    i.s_grey_createPlane_166  makeenemyplanearray.o
    0x00004e4a   0x00004e4a   0x00000002   PAD
    0x00004e4c   0x00004e4c   0x000003c8   Code   RO         1428    i.s_grey_drawPlane  enemyplane.o
    0x00005214   0x00005214   0x000003e4   Code   RO         1429    i.s_grey_movePlane  enemyplane.o
    0x000055f8   0x000055f8   0x00000048   Code   RO         1430    i.s_grey_planeInit  enemyplane.o
    0x00005640   0x00005640   0x00000018   Code   RO         1525    i.tileMap           gamehitcheck.o
    0x00005658   0x00005658   0x00000006   Code   RO          966    i.uart_ClearRxIRQ   uart.o
    0x0000565e   0x0000565e   0x00000006   Code   RO          967    i.uart_ClearTxIRQ   uart.o
    0x00005664   0x00005664   0x00000016   Code   RO          975    i.uart_SendChar     uart.o
    0x0000567a   0x0000567a   0x00000058   Code   RO          977    i.uart_init         uart.o
    0x000056d2   0x000056d2   0x00000002   PAD
    0x000056d4   0x000056d4   0x000000c8   Code   RO         1384    i.updateEnemyBulletData  enemybullet.o
    0x0000579c   0x0000579c   0x00000094   Code   RO          138    i.vga_Handler       handler.o
    0x00005830   0x00005830   0x00000010   Code   RO         1128    i.writeOneNametable  spriteram.o
    0x00005840   0x00005840   0x00000024   Code   RO         1129    i.writeOneSprite    spriteram.o
    0x00005864   0x00005864   0x00000007   Data   RO            5    .constdata          main.o
    0x0000586b   0x0000586b   0x000005f0   Data   RO          506    .constdata          lcd.o
    0x00005e5b   0x00005e5b   0x00000001   PAD
    0x00005e5c   0x00005e5c   0x00000054   Data   RO         1385    .constdata          enemybullet.o
    0x00005eb0   0x00005eb0   0x00000020   Data   RO         2019    Region$$Table       anon$$obj.o


    Execution Region RW_IRAM1 (Exec base: 0x20000000, Load base: 0x00005ed0, Size: 0x00002af0, Max: 0x00010000, ABSOLUTE, COMPRESSED[0x00000df0])

    Exec Addr    Load Addr    Size         Type   Attr      Idx    E Section Name        Object

    0x20000000   COMPRESSED   0x00000040   Data   RW            6    .data               main.o
    0x20000040   COMPRESSED   0x000001e4   Data   RW          139    .data               handler.o
    0x20000224   COMPRESSED   0x00000004   Data   RW          507    .data               lcd.o
    0x20000228   COMPRESSED   0x00000008   Data   RW          722    .data               retarget.o
    0x20000230   COMPRESSED   0x00000024   Data   RW         1182    .data               pstwo.o
    0x20000254   COMPRESSED   0x000000b2   Data   RW         1578    .data               gameinterface.o
    0x20000306   COMPRESSED   0x00002000   Data   RW         1665    .data               makemap.o
    0x20002306   COMPRESSED   0x00000002   PAD
    0x20002308   COMPRESSED   0x00000004   Data   RW         1700    .data               mc_p.l(rand.o)
    0x2000230c        -       0x000003c8   Zero   RW            4    .bss                main.o
    0x200026d4        -       0x0000000e   Zero   RW          505    .bss                lcd.o
    0x200026e2        -       0x00000009   Zero   RW         1181    .bss                pstwo.o
    0x200026eb   COMPRESSED   0x00000005   PAD
    0x200026f0        -       0x00000400   Zero   RW          256    STACK               startup_cm0ds.o


==============================================================================

Image component sizes


      Code (inc. data)   RO Data    RW Data    ZI Data      Debug   Object Name

       412         24          0          0          0       2813   boom.o
       636         30         84          0          0       3919   enemybullet.o
      7908        138          0          0          0      12757   enemyplane.o
      1692         66          0          0          0       7732   gamehitcheck.o
      1058         30          0        178          0       5433   gameinterface.o
       576        126          0        484          0       9234   handler.o
       544         22       1520          4         14       6673   lcd.o
        56          6          0          0          0        573   led.o
      2588        266          7         64        968      15446   main.o
       888          0          0          0          0       7722   makeenemyplanearray.o
      1324        152          0       8192          0       2690   makemap.o
      2448         36          0          0          0       5299   myplane.o
       436         52          0         36          9       3555   pstwo.o
        32          0          0          8          0       2488   retarget.o
       350         38          0          0          0       4854   spi_flash.o
        90          8          0          0          0       1729   spriteram.o
       172          8        104          0       1024       1196   startup_cm0ds.o
        48          6          0          0          0       6425   system.o
       118         24          0          0          0       2708   systick.o
       122          0          0          0          0       2696   uart.o

    ----------------------------------------------------------------------
     21520       1032       1748       8968       2020     105942   Object Totals
         0          0         32          0          0          0   (incl. Generated)
        22          0          1          2          5          0   (incl. Padding)

    ----------------------------------------------------------------------

      Code (inc. data)   RO Data    RW Data    ZI Data      Debug   Library Member Name

        96          0          0          0          0          0   __dclz77c.o
         0          0          0          0          0          0   entry.o
         0          0          0          0          0          0   entry10a.o
         0          0          0          0          0          0   entry11a.o
         8          4          0          0          0          0   entry2.o
         4          0          0          0          0          0   entry5.o
         0          0          0          0          0          0   entry7b.o
         0          0          0          0          0          0   entry8b.o
         8          4          0          0          0          0   entry9a.o
        30          0          0          0          0          0   handlers.o
        40          0          0          0          0         72   idiv.o
        36          8          0          0          0         68   init.o
         0          0          0          0          0          0   iusefp.o
        50          8          0          0          0        144   printfb.o
        36         12          0          4          0        120   rand.o
        44          0          0          0          0         72   uidiv.o
        20          0          0          0          0         68   cfrcmple.o
       178          0          0          0          0        108   fadd.o
       124          0          0          0          0         72   fdiv.o
       130          0          0          0          0        144   fepilogue.o
        40          0          0          0          0         60   ffixui.o
        22          0          0          0          0         68   fflti.o
        14          0          0          0          0         68   ffltui.o
       122          0          0          0          0         72   fmul.o

    ----------------------------------------------------------------------
      1004         36          0          4          0       1136   Library Totals
         2          0          0          0          0          0   (incl. Padding)

    ----------------------------------------------------------------------

      Code (inc. data)   RO Data    RW Data    ZI Data      Debug   Library Name

       352         36          0          4          0        476   mc_p.l
       650          0          0          0          0        660   mf_p.l

    ----------------------------------------------------------------------
      1004         36          0          4          0       1136   Library Totals

    ----------------------------------------------------------------------

==============================================================================


      Code (inc. data)   RO Data    RW Data    ZI Data      Debug   

     22524       1068       1748       8972       2020     101794   Grand Totals
     22524       1068       1748       3568       2020     101794   ELF Image Totals (compressed)
     22524       1068       1748       3568          0          0   ROM Totals

==============================================================================

    Total RO  Size (Code + RO Data)                24272 (  23.70kB)
    Total RW  Size (RW Data + ZI Data)             10992 (  10.73kB)
    Total ROM Size (Code + RO Data + RW Data)      27840 (  27.19kB)

==============================================================================

