Component: ARM Compiler 5.06 update 6 (build 750) Tool: armlink [4d35ed]

==============================================================================

Section Cross References

    main.o(i.main) refers to uart.o(i.uart_init) for uart_init
    main.o(i.main) refers to pstwo.o(i.PS2_Init) for PS2_Init
    main.o(i.main) refers to spi_flash.o(i.SPI_Init) for SPI_Init
    main.o(i.main) refers to apu.o(i.set_frame) for set_frame
    main.o(i.main) refers to apu.o(i.set_state) for set_state
    main.o(i.main) refers to spi_flash.o(i.SPI_Flash_Erase_Block) for SPI_Flash_Erase_Block
    main.o(i.main) refers to makemap.o(i.makeMapFirst) for makeMapFirst
    main.o(i.main) refers to makemap.o(i.makeMapSecond) for makeMapSecond
    main.o(i.main) refers to spriteram.o(i.writeOneSprite) for writeOneSprite
    main.o(i.main) refers to spriteram.o(i.clearNameTableAll) for clearNameTableAll
    main.o(i.main) refers to gameinterface.o(i.gameStartInterfaceShow) for gameStartInterfaceShow
    main.o(i.main) refers to gameinterface.o(i.gameCursorDraw) for gameCursorDraw
    main.o(i.main) refers to myplane.o(i.myPlane_Init) for myPlane_Init
    main.o(i.main) refers to myplane.o(i.myPlane_bulletInit) for myPlane_bulletInit
    main.o(i.main) refers to enemyplane.o(i.s_grey_planeInit) for s_grey_planeInit
    main.o(i.main) refers to enemyplane.o(i.s_green_planeInit) for s_green_planeInit
    main.o(i.main) refers to enemyplane.o(i.m_straight_planeInit) for m_straight_planeInit
    main.o(i.main) refers to enemyplane.o(i.b_green_planeInit) for b_green_planeInit
    main.o(i.main) refers to enemybullet.o(i.enmey_BulletInit) for enmey_BulletInit
    main.o(i.main) refers to boom.o(i.new_boomInit) for new_boomInit
    main.o(i.main) refers to makemap.o(i.loadMapJianchuan) for loadMapJianchuan
    main.o(i.main) refers to pstwo.o(i.PS2_DataKey) for PS2_DataKey
    main.o(i.main) refers to gameinterface.o(i.gameScoreDraw) for gameScoreDraw
    main.o(i.main) refers to gameinterface.o(i.newGuanqiaInterFaceDraw) for newGuanqiaInterFaceDraw
    main.o(i.main) refers to myplane.o(i.myPlane_Draw) for myPlane_Draw
    main.o(i.main) refers to myplane.o(i.myPlane_createOneBullet) for myPlane_createOneBullet
    main.o(i.main) refers to uidiv.o(.text) for __aeabi_uidivmod
    main.o(i.main) refers to myplane.o(i.myPlane_Act) for myPlane_Act
    main.o(i.main) refers to main.o(.data) for .data
    main.o(i.main) refers to handler.o(.data) for create_enmeyPlane_num
    main.o(i.main) refers to main.o(.bss) for .bss
    main.o(i.main) refers to pstwo.o(.bss) for Data
    main.o(i.main) refers to myplane.o(i.myPlane_updateBulletData) for myPlane_updateBulletData
    main.o(i.main) refers to enemyplane.o(i.s_grey_movePlane) for s_grey_movePlane
    main.o(i.main) refers to enemyplane.o(i.s_green_movePlane) for s_green_movePlane
    main.o(i.main) refers to enemyplane.o(i.m_straight_movePlane) for m_straight_movePlane
    main.o(i.main) refers to enemyplane.o(i.b_green_movePlane) for b_green_movePlane
    main.o(i.main) refers to enemybullet.o(i.updateEnemyBulletData) for updateEnemyBulletData
    main.o(i.main) refers to boom.o(i.new_updateBoomData) for new_updateBoomData
    main.o(i.main) refers to gamehitcheck.o(i.myBulletsMapCreate) for myBulletsMapCreate
    main.o(i.main) refers to gamehitcheck.o(i.enemyAndBulletMapCreate) for enemyAndBulletMapCreate
    main.o(i.main) refers to gamehitcheck.o(i.isHit_s_EnemyPlane) for isHit_s_EnemyPlane
    main.o(i.main) refers to gamehitcheck.o(i.isHit_m_straight_EnemyPlane) for isHit_m_straight_EnemyPlane
    main.o(i.main) refers to gamehitcheck.o(i.isHit_b_EnemyPlane) for isHit_b_EnemyPlane
    main.o(i.main) refers to gamehitcheck.o(i.isHit_myBullets) for isHit_myBullets
    main.o(i.main) refers to myplane.o(i.myPlane_bulletDraw) for myPlane_bulletDraw
    main.o(i.main) refers to boom.o(i.new_boomDraw) for new_boomDraw
    main.o(i.main) refers to enemyplane.o(i.s_grey_drawPlane) for s_grey_drawPlane
    main.o(i.main) refers to enemyplane.o(i.s_green_drawPlane) for s_green_drawPlane
    main.o(i.main) refers to enemyplane.o(i.m_straight_drawPlane) for m_straight_drawPlane
    main.o(i.main) refers to enemyplane.o(i.b_green_drawPlane) for b_green_drawPlane
    main.o(i.main) refers to enemybullet.o(i.enmeyBulletDraw) for enmeyBulletDraw
    main.o(i.main) refers to systick.o(i.delay_ms) for delay_ms
    main.o(i.main) refers to ffltui.o(.text) for __aeabi_ui2f
    main.o(i.main) refers to fdiv.o(.text) for __aeabi_fdiv
    main.o(i.main) refers to gameinterface.o(i.endInterFaceDraw) for endInterFaceDraw
    handler.o(i.KEY0) refers to led.o(i.LED_toggle) for LED_toggle
    handler.o(i.KEY1) refers to led.o(i.LED_toggle) for LED_toggle
    handler.o(i.KEY2) refers to led.o(i.LED_toggle) for LED_toggle
    handler.o(i.KEY3) refers to led.o(i.LED_toggle) for LED_toggle
    handler.o(i.SysTickHandler) refers to systick.o(i.Set_SysTick_CTRL) for Set_SysTick_CTRL
[...]
    printf6.o(i.__0vprintf$6) refers to printf6.o(i._printf_core) for _printf_core
    printf6.o(i.__0vprintf$6) refers to retarget.o(i.fputc) for fputc
    printf6.o(i.__0vprintf$6) refers to retarget.o(.data) for __stdout
    printf6.o(i.__0vsnprintf$6) refers to printf6.o(i._printf_core) for _printf_core
    printf6.o(i.__0vsnprintf$6) refers to printf6.o(i._snputc) for _snputc
    printf6.o(i.__0vsprintf$6) refers to printf6.o(i._printf_core) for _printf_core
    printf6.o(i.__0vsprintf$6) refers to printf6.o(i._sputc) for _sputc
    printf6.o(i._printf_core) refers to printf6.o(i._printf_pre_padding) for _printf_pre_padding
    printf6.o(i._printf_core) refers to printf6.o(i._printf_post_padding) for _printf_post_padding
    printf6.o(i._printf_core) refers to uidiv.o(.text) for __aeabi_uidivmod
    printf7.o(i.__0fprintf$7) refers to printf7.o(i._printf_core) for _printf_core
    printf7.o(i.__0fprintf$7) refers to retarget.o(i.fputc) for fputc
    printf7.o(i.__0printf$7) refers to printf7.o(i._printf_core) for _printf_core
    printf7.o(i.__0printf$7) refers to retarget.o(i.fputc) for fputc
    printf7.o(i.__0printf$7) refers to retarget.o(.data) for __stdout
    printf7.o(i.__0snprintf$7) refers to printf7.o(i._printf_core) for _printf_core
    printf7.o(i.__0snprintf$7) refers to printf7.o(i._snputc) for _snputc
    printf7.o(i.__0sprintf$7) refers to printf7.o(i._printf_core) for _printf_core
    printf7.o(i.__0sprintf$7) refers to printf7.o(i._sputc) for _sputc
    printf7.o(i.__0vfprintf$7) refers to printf7.o(i._printf_core) for _printf_core
    printf7.o(i.__0vfprintf$7) refers to retarget.o(i.fputc) for fputc
    printf7.o(i.__0vprintf$7) refers to printf7.o(i._printf_core) for _printf_core
    printf7.o(i.__0vprintf$7) refers to retarget.o(i.fputc) for fputc
    printf7.o(i.__0vprintf$7) refers to retarget.o(.data) for __stdout
    printf7.o(i.__0vsnprintf$7) refers to printf7.o(i._printf_core) for _printf_core
    printf7.o(i.__0vsnprintf$7) refers to printf7.o(i._snputc) for _snputc
    printf7.o(i.__0vsprintf$7) refers to printf7.o(i._printf_core) for _printf_core
    printf7.o(i.__0vsprintf$7) refers to printf7.o(i._sputc) for _sputc
    printf7.o(i._printf_core) refers to printf7.o(i._printf_pre_padding) for _printf_pre_padding
    printf7.o(i._printf_core) refers to printf7.o(i._printf_post_padding) for _printf_post_padding
    printf7.o(i._printf_core) refers to uldiv.o(.text) for __aeabi_uldivmod
    printf8.o(i.__0fprintf$8) refers to printf8.o(i._printf_core) for _printf_core
    printf8.o(i.__0fprintf$8) refers to retarget.o(i.fputc) for fputc
    printf8.o(i.__0printf$8) refers to printf8.o(i._printf_core) for _printf_core
    printf8.o(i.__0printf$8) refers to retarget.o(i.fputc) for fputc
    printf8.o(i.__0printf$8) refers to retarget.o(.data) for __stdout
    printf8.o(i.__0snprintf$8) refers to printf8.o(i._printf_core) for _printf_core
    printf8.o(i.__0snprintf$8) refers to printf8.o(i._snputc) for _snputc
    printf8.o(i.__0sprintf$8) refers to printf8.o(i._printf_core) for _printf_core
    printf8.o(i.__0sprintf$8) refers to printf8.o(i._sputc) for _sputc
    printf8.o(i.__0vfprintf$8) refers to printf8.o(i._printf_core) for _printf_core
    printf8.o(i.__0vfprintf$8) refers to retarget.o(i.fputc) for fputc
    printf8.o(i.__0vprintf$8) refers to printf8.o(i._printf_core) for _printf_core
    printf8.o(i.__0vprintf$8) refers to retarget.o(i.fputc) for fputc
    printf8.o(i.__0vprintf$8) refers to retarget.o(.data) for __stdout
    printf8.o(i.__0vsnprintf$8) refers to printf8.o(i._printf_core) for _printf_core
    printf8.o(i.__0vsnprintf$8) refers to printf8.o(i._snputc) for _snputc
    printf8.o(i.__0vsprintf$8) refers to printf8.o(i._printf_core) for _printf_core
    printf8.o(i.__0vsprintf$8) refers to printf8.o(i._sputc) for _sputc
    printf8.o(i._printf_core) refers to printf8.o(i._printf_pre_padding) for _printf_pre_padding
    printf8.o(i._printf_core) refers to printf8.o(i._printf_post_padding) for _printf_post_padding
    printf8.o(i._printf_core) refers to uldiv.o(.text) for __aeabi_uldivmod
    printfa.o(i.__0fprintf) refers (Special) to iusefp.o(.text) for __I$use$fp
    printfa.o(i.__0fprintf) refers to printfa.o(i._printf_core) for _printf_core
    printfa.o(i.__0fprintf) refers to retarget.o(i.fputc) for fputc
    printfa.o(i.__0printf) refers (Special) to iusefp.o(.text) for __I$use$fp
    printfa.o(i.__0printf) refers to printfa.o(i._printf_core) for _printf_core
    printfa.o(i.__0printf) refers to retarget.o(i.fputc) for fputc
    printfa.o(i.__0printf) refers to retarget.o(.data) for __stdout
    printfa.o(i.__0snprintf) refers (Special) to iusefp.o(.text) for __I$use$fp
    printfa.o(i.__0snprintf) refers to printfa.o(i._printf_core) for _printf_core
    printfa.o(i.__0snprintf) refers to printfa.o(i._snputc) for _snputc
    printfa.o(i.__0sprintf) refers (Special) to iusefp.o(.text) for __I$use$fp
    printfa.o(i.__0sprintf) refers to printfa.o(i._printf_core) for _printf_core
    printfa.o(i.__0sprintf) refers to printfa.o(i._sputc) for _sputc
    printfa.o(i.__0vfprintf) refers (Special) to iusefp.o(.text) for __I$use$fp
    printfa.o(i.__0vfprintf) refers to printfa.o(i._printf_core) for _printf_core
    printfa.o(i.__0vfprintf) refers to retarget.o(i.fputc) for fputc
    printfa.o(i.__0vprintf) refers (Special) to iusefp.o(.text) for __I$use$fp
    printfa.o(i.__0vprintf) refers to printfa.o(i._printf_core) for _printf_core
    printfa.o(i.__0vprintf) refers to retarget.o(i.fputc) for fputc
    printfa.o(i.__0vprintf) refers to retarget.o(.data) for __stdout
    printfa.o(i.__0vsnprintf) refers (Special) to iusefp.o(.text) for __I$use$fp
    printfa.o(i.__0vsnprintf) refers to printfa.o(i._printf_core) for _printf_core
    printfa.o(i.__0vsnprintf) refers to printfa.o(i._snputc) for _snputc
    printfa.o(i.__0vsprintf) refers (Special) to iusefp.o(.text) for __I$use$fp
    printfa.o(i.__0vsprintf) refers to printfa.o(i._printf_core) for _printf_core
    printfa.o(i.__0vsprintf) refers to printfa.o(i._sputc) for _sputc
    printfa.o(i._fp_digits) refers (Special) to iusefp.o(.text) for __I$use$fp
    printfa.o(i._fp_digits) refers to dmul.o(.text) for __aeabi_dmul
    printfa.o(i._fp_digits) refers to ddiv.o(.text) for __aeabi_ddiv
    printfa.o(i._fp_digits) refers to cdrcmple.o(.text) for __aeabi_cdrcmple
    printfa.o(i._fp_digits) refers to dadd.o(.text) for __aeabi_dadd
    printfa.o(i._fp_digits) refers to dfixul.o(.text) for __aeabi_d2ulz
    printfa.o(i._fp_digits) refers to uldiv.o(.text) for __aeabi_uldivmod
    printfa.o(i._printf_core) refers (Special) to iusefp.o(.text) for __I$use$fp
    printfa.o(i._printf_core) refers to printfa.o(i._printf_pre_padding) for _printf_pre_padding
    printfa.o(i._printf_core) refers to uldiv.o(.text) for __aeabi_uldivmod
    printfa.o(i._printf_core) refers to printfa.o(i._printf_post_padding) for _printf_post_padding
    printfa.o(i._printf_core) refers to printfa.o(i._fp_digits) for _fp_digits
    printfa.o(i._printf_core) refers to uidiv.o(.text) for __aeabi_uidivmod
    printfa.o(i._printf_post_padding) refers (Special) to iusefp.o(.text) for __I$use$fp
    printfa.o(i._printf_pre_padding) refers (Special) to iusefp.o(.text) for __I$use$fp
    printfa.o(i._snputc) refers (Special) to iusefp.o(.text) for __I$use$fp
    printfa.o(i._sputc) refers (Special) to iusefp.o(.text) for __I$use$fp
    fadd.o(.text) refers (Special) to iusefp.o(.text) for __I$use$fp
    fadd.o(.text) refers to fepilogue.o(.text) for _float_epilogue
    fmul.o(.text) refers (Special) to iusefp.o(.text) for __I$use$fp
    fdiv.o(.text) refers (Special) to iusefp.o(.text) for __I$use$fp
    fdiv.o(.text) refers to fepilogue.o(.text) for _float_round
    fflti.o(.text) refers (Special) to iusefp.o(.text) for __I$use$fp
    fflti.o(.text) refers to fepilogue.o(.text) for _float_epilogue
    ffltui.o(.text) refers (Special) to iusefp.o(.text) for __I$use$fp
    ffltui.o(.text) refers to fepilogue.o(.text) for _float_epilogue
    ffixui.o(.text) refers (Special) to iusefp.o(.text) for __I$use$fp
    entry2.o(.ARM.Collect$$$$00000001) refers to entry2.o(.ARM.Collect$$$$00002712) for __lit__00000000
    entry2.o(.ARM.Collect$$$$00002712) refers to startup_cm0ds.o(STACK) for __initial_sp
    entry2.o(__vectab_stack_and_reset_area) refers to startup_cm0ds.o(STACK) for __initial_sp
    entry2.o(__vectab_stack_and_reset_area) refers to entry.o(.ARM.Collect$$$$00000000) for __main
    entry5.o(.ARM.Collect$$$$00000004) refers to init.o(.text) for __scatterload
    entry9a.o(.ARM.Collect$$$$0000000B) refers to main.o(i.main) for main
    entry9b.o(.ARM.Collect$$$$0000000C) refers to main.o(i.main) for main
    uldiv.o(.text) refers to llushr.o(.text) for __aeabi_llsr
    uldiv.o(.text) refers to llshl.o(.text) for __aeabi_llsl
    dadd.o(.text) refers to llshl.o(.text) for __aeabi_llsl
    dadd.o(.text) refers to llsshr.o(.text) for __aeabi_lasr
    dadd.o(.text) refers to depilogue.o(.text) for _double_epilogue
    dmul.o(.text) refers to depilogue.o(.text) for _double_epilogue
    ddiv.o(.text) refers to depilogue.o(.text) for _double_round
    dfixul.o(.text) refers to llushr.o(.text) for __aeabi_llsr
    dfixul.o(.text) refers to llshl.o(.text) for __aeabi_llsl
    init.o(.text) refers to entry5.o(.ARM.Collect$$$$00000004) for __main_after_scatterload
    depilogue.o(.text) refers to depilogue.o(i.__ARM_clz) for __ARM_clz
    depilogue.o(.text) refers to llshl.o(.text) for __aeabi_llsl
    depilogue.o(.text) refers to llushr.o(.text) for __aeabi_llsr


==============================================================================

Removing Unused input sections from the image.

    Removing main.o(.rev16_text), (4 bytes).
    Removing main.o(.revsh_text), (4 bytes).
    Removing main.o(.bss), (120 bytes).
    Removing main.o(.data), (1 bytes).
    Removing main.o(.data), (4 bytes).
    Removing handler.o(.rev16_text), (4 bytes).
    Removing handler.o(.revsh_text), (4 bytes).
    Removing startup_cm0ds.o(HEAP), (1024 bytes).
    Removing system.o(.rev16_text), (4 bytes).
    Removing system.o(.revsh_text), (4 bytes).
    Removing system.o(i.SystemCoreClockUpdate), (16 bytes).
    Removing camera.o(i.CAMERA_Command), (42 bytes).
    Removing camera.o(i.CAMERA_Initial), (728 bytes).
    Removing camera.o(i.CAMERA_NA), (48 bytes).
    Removing camera.o(i.CAMERA_Read_Byte), (64 bytes).
    Removing camera.o(i.CAMERA_Read_Reg), (64 bytes).
    Removing camera.o(i.CAMERA_Start), (36 bytes).
    Removing camera.o(i.CAMERA_Stop), (40 bytes).
    Removing camera.o(i.CAMERA_Waite), (32 bytes).
    Removing camera.o(i.CAMERA_Write_Byte), (88 bytes).
    Removing camera.o(i.Clr_CAMERA_PWDN), (12 bytes).
    Removing camera.o(i.Clr_CAMERA_RST), (12 bytes).
    Removing camera.o(i.Clr_CAMERA_SCL), (12 bytes).
    Removing camera.o(i.Clr_CAMERA_SDA), (12 bytes).
    Removing camera.o(i.Read_CAMERA_DATA_STATE), (12 bytes).
    Removing camera.o(i.Read_CAMERA_SDA), (12 bytes).
    Removing camera.o(i.Set_CAMERA_DATA_STATE), (12 bytes).
    Removing camera.o(i.Set_CAMERA_PWDN), (12 bytes).
    Removing camera.o(i.Set_CAMERA_RST), (12 bytes).
    Removing camera.o(i.Set_CAMERA_SCL), (12 bytes).
    Removing camera.o(i.Set_CAMERA_SDA), (12 bytes).
    Removing camera.o(i.Set_CAMERA_SDA_R), (12 bytes).
    Removing camera.o(i.Set_CAMERA_SDA_W), (12 bytes).
    Removing camera.o(i.photo), (20 bytes).
    Removing camera.o(.constdata), (4735 bytes).
    Removing camera.o(.constdata), (34 bytes).
    Removing key.o(i.KEY_INIT), (12 bytes).
    Removing key.o(i.READ_KEY), (12 bytes).
    Removing lcd.o(i.Gui_Drawbmp16), (76 bytes).
    Removing lcd.o(i.LCD_Clear), (96 bytes).
    Removing lcd.o(i.LCD_Color_Fill), (84 bytes).
    Removing lcd.o(i.LCD_DisplayOff), (10 bytes).
    Removing lcd.o(i.LCD_DisplayOn), (10 bytes).
    Removing lcd.o(i.LCD_Display_Dir), (92 bytes).
    Removing lcd.o(i.LCD_DrawLine), (154 bytes).
    Removing lcd.o(i.LCD_DrawPoint), (24 bytes).
    Removing lcd.o(i.LCD_Fill), (56 bytes).
    Removing lcd.o(i.LCD_Init), (628 bytes).
    Removing lcd.o(i.LCD_Pow), (20 bytes).
    Removing lcd.o(i.LCD_RD_DATA), (26 bytes).
    Removing lcd.o(i.LCD_ReadReg), (20 bytes).
    Removing lcd.o(i.LCD_Scan_Dir), (544 bytes).
    Removing lcd.o(i.LCD_SetCursor), (52 bytes).
    Removing lcd.o(i.LCD_Set_Window), (84 bytes).
    Removing lcd.o(i.LCD_ShowChar1), (224 bytes).
    Removing lcd.o(i.LCD_ShowNum), (106 bytes).
    Removing lcd.o(i.LCD_ShowxNum), (138 bytes).
    Removing lcd.o(i.LCD_WriteRAM), (8 bytes).
    Removing lcd.o(i.LCD_WriteRAM_Prepare), (16 bytes).
    Removing lcd.o(i.LCD_WriteReg), (16 bytes).
    Removing lcd.o(i.MakeData), (8 bytes).
    Removing lcd.o(i.Paint8x8x2bin), (130 bytes).
    Removing lcd.o(i.Paint_PicBin), (96 bytes).
    Removing lcd.o(i.ReadData), (10 bytes).
    Removing lcd.o(i.Show_Str), (172 bytes).
    Removing lcd.o(i.opt_delay), (12 bytes).
    Removing led.o(i.LED_down), (20 bytes).
    Removing led.o(i.LED_on), (20 bytes).
    Removing led.o(i.led_ctrl), (32 bytes).
    Removing retarget.o(i._sys_exit), (2 bytes).
    Removing retarget.o(i._ttywrch), (14 bytes).
    Removing retarget.o(i.ferror), (6 bytes).
    Removing retarget.o(i.fgetc), (32 bytes).
    Removing retarget.o(.data), (4 bytes).
    Removing spi_flash.o(i.SPI_FLASH_Clear_SR), (36 bytes).
    Removing spi_flash.o(i.SPI_FLASH_Write_Disable), (24 bytes).
    Removing spi_flash.o(i.SPI_FLASH_Write_SR), (32 bytes).
    Removing spi_flash.o(i.SPI_Flash_Erase_Chip), (36 bytes).
    Removing spi_flash.o(i.SPI_Flash_Erase_Sector), (60 bytes).
    Removing spi_flash.o(i.SPI_Flash_Read), (72 bytes).
    Removing spi_flash.o(i.SPI_Flash_ReadID), (60 bytes).
    Removing spi_flash.o(i.SPI_Flash_Write_Max65536), (188 bytes).
    Removing spi_flash.o(i.SPI_Flash_Write_NoCheck), (58 bytes).
    Removing systick.o(.rev16_text), (4 bytes).
    Removing systick.o(.revsh_text), (4 bytes).
    Removing systick.o(i.Read_SysTick_VALUE), (12 bytes).
    Removing systick.o(i.Set_SysTick_LOAD), (12 bytes).
    Removing systick.o(i.Set_SysTick_VALUE), (12 bytes).
    Removing systick.o(i.Timer_Ini), (36 bytes).
    Removing systick.o(i.Timer_Stop), (28 bytes).
    Removing timer.o(i.TIMER_1_Init), (28 bytes).
    Removing timer.o(i.TIMER_Init), (28 bytes).
    Removing uart.o(i.uart_ClearOverrunStatus), (12 bytes).
    Removing uart.o(i.uart_GetBaudDivider), (4 bytes).
    Removing uart.o(i.uart_GetOverrunStatus), (8 bytes).
    Removing uart.o(i.uart_GetRxBufferFull), (8 bytes).
    Removing uart.o(i.uart_GetRxIRQStatus), (8 bytes).
    Removing uart.o(i.uart_GetTxBufferFull), (8 bytes).
    Removing uart.o(i.uart_GetTxIRQStatus), (8 bytes).
    Removing uart.o(i.uart_ReceiveChar), (12 bytes).
    Removing uart.o(i.uart_SendString), (36 bytes).
    Removing malloc.o(i.mem_free), (68 bytes).
    Removing malloc.o(i.mem_init), (40 bytes).
    Removing malloc.o(i.mem_malloc), (96 bytes).
    Removing malloc.o(i.mem_perused), (40 bytes).
    Removing malloc.o(i.myfree), (24 bytes).
    Removing malloc.o(i.mymalloc), (28 bytes).
    Removing malloc.o(i.mymemcpy), (16 bytes).
    Removing malloc.o(i.mymemset), (12 bytes).
    Removing malloc.o(i.myrealloc), (48 bytes).
    Removing malloc.o(.bss), (4096 bytes).
    Removing malloc.o(.bss), (256 bytes).
    Removing malloc.o(.constdata), (4 bytes).
    Removing malloc.o(.constdata), (4 bytes).
    Removing malloc.o(.constdata), (4 bytes).
    Removing malloc.o(.data), (20 bytes).
    Removing spriteram.o(i.clearNameTableOneline), (32 bytes).
    Removing spriteram.o(i.nameTablePicture), (32 bytes).
    Removing spriteram.o(i.scroll_Init), (12 bytes).
    Removing pstwo.o(i.PS2_AnologData), (12 bytes).
    Removing pstwo.o(i.PS2_EnterConfing), (84 bytes).
    Removing pstwo.o(i.PS2_ExitConfing), (84 bytes).
    Removing pstwo.o(i.PS2_RedLight), (56 bytes).
    Removing pstwo.o(i.PS2_SetInit), (28 bytes).
    Removing pstwo.o(i.PS2_ShortPoll), (60 bytes).
    Removing pstwo.o(i.PS2_TurnOnAnalogMode), (80 bytes).
    Removing pstwo.o(i.PS2_Vibration), (88 bytes).
    Removing pstwo.o(i.PS2_VibrationMode), (60 bytes).
    Removing pstwo.o(i.readPs2DI), (12 bytes).
    Removing apu.o(i.set_pulse0_00), (12 bytes).
    Removing apu.o(i.set_pulse0_01), (12 bytes).
    Removing apu.o(i.set_pulse0_10), (12 bytes).
    Removing apu.o(i.set_pulse0_11), (12 bytes).
    Removing apu.o(i.set_triangle_00), (12 bytes).
    Removing apu.o(i.set_triangle_01), (12 bytes).
    Removing apu.o(i.set_triangle_10), (12 bytes).
    Removing apu.o(i.set_triangle_11), (12 bytes).
    Removing enemybullet.o(.constdata), (1 bytes).
    Removing gamehitcheck.o(i.isMyPlaneHit), (98 bytes).
    Removing dadd.o(.text), (356 bytes).
    Removing dmul.o(.text), (208 bytes).
    Removing ddiv.o(.text), (240 bytes).
    Removing dfixul.o(.text), (64 bytes).
    Removing cdrcmple.o(.text), (40 bytes).
    Removing depilogue.o(.text), (190 bytes).
    Removing depilogue.o(i.__ARM_clz), (46 bytes).

146 unused section(s) (total 17911 bytes) removed from the image.

==============================================================================

Image Symbol Table

    Local Symbols

    Symbol Name                              Value     Ov Type        Size  Object(Section)

    RESET                                    0x00000000   Section      104  startup_cm0ds.o(RESET)
    ../clib/../cmprslib/lz77c.c              0x00000000   Number         0  __dclz77c.o ABSOLUTE
    ../clib/microlib/division.c              0x00000000   Number         0  idiv.o ABSOLUTE
    ../clib/microlib/division.c              0x00000000   Number         0  uidiv.o ABSOLUTE
    ../clib/microlib/division.c              0x00000000   Number         0  uldiv.o ABSOLUTE
    ../clib/microlib/init/entry.s            0x00000000   Number         0  entry10b.o ABSOLUTE
    ../clib/microlib/init/entry.s            0x00000000   Number         0  entry8a.o ABSOLUTE
    ../clib/microlib/init/entry.s            0x00000000   Number         0  entry11a.o ABSOLUTE
    ../clib/microlib/init/entry.s            0x00000000   Number         0  entry.o ABSOLUTE
    ../clib/microlib/init/entry.s            0x00000000   Number         0  entry7a.o ABSOLUTE
    ../clib/microlib/init/entry.s            0x00000000   Number         0  entry8b.o ABSOLUTE
    ../clib/microlib/init/entry.s            0x00000000   Number         0  entry7b.o ABSOLUTE
    ../clib/microlib/init/entry.s            0x00000000   Number         0  entry9a.o ABSOLUTE
    ../clib/microlib/init/entry.s            0x00000000   Number         0  entry5.o ABSOLUTE
    ../clib/microlib/init/entry.s            0x00000000   Number         0  entry9b.o ABSOLUTE
    ../clib/microlib/init/entry.s            0x00000000   Number         0  entry10a.o ABSOLUTE
    ../clib/microlib/init/entry.s            0x00000000   Number         0  entry11b.o ABSOLUTE
    ../clib/microlib/init/entry.s            0x00000000   Number         0  entry2.o ABSOLUTE
    ../clib/microlib/longlong.c              0x00000000   Number         0  llsshr.o ABSOLUTE
    ../clib/microlib/longlong.c              0x00000000   Number         0  llushr.o ABSOLUTE
    ../clib/microlib/longlong.c              0x00000000   Number         0  llshl.o ABSOLUTE
    ../clib/microlib/printf/printf.c         0x00000000   Number         0  printf0.o ABSOLUTE
    ../clib/microlib/printf/printf.c         0x00000000   Number         0  printf1.o ABSOLUTE
    ../clib/microlib/printf/printf.c         0x00000000   Number         0  printf5.o ABSOLUTE
    ../clib/microlib/printf/printf.c         0x00000000   Number         0  printf6.o ABSOLUTE
    ../clib/microlib/printf/printf.c         0x00000000   Number         0  printf7.o ABSOLUTE
    ../clib/microlib/printf/printf.c         0x00000000   Number         0  printf8.o ABSOLUTE
    ../clib/microlib/printf/printf.c         0x00000000   Number         0  printfa.o ABSOLUTE
    ../clib/microlib/printf/printf.c         0x00000000   Number         0  printf2.o ABSOLUTE
    ../clib/microlib/printf/printf.c         0x00000000   Number         0  printf3.o ABSOLUTE
    ../clib/microlib/printf/printf.c         0x00000000   Number         0  printf4.o ABSOLUTE
    ../clib/microlib/printf/printf.c         0x00000000   Number         0  printfb.o ABSOLUTE
    ../clib/microlib/stdlib/rand.c           0x00000000   Number         0  rand.o ABSOLUTE
    ../clib/microlib/string/strlen.c         0x00000000   Number         0  strlen.o ABSOLUTE
    ../clib/microlib/stubs.s                 0x00000000   Number         0  iusefp.o ABSOLUTE
    ../fplib/microlib/fpadd.c                0x00000000   Number         0  fadd.o ABSOLUTE
    ../fplib/microlib/fpadd.c                0x00000000   Number         0  dadd.o ABSOLUTE
    ../fplib/microlib/fpdiv.c                0x00000000   Number         0  ddiv.o ABSOLUTE
    ../fplib/microlib/fpdiv.c                0x00000000   Number         0  fdiv.o ABSOLUTE
    ../fplib/microlib/fpepilogue.c           0x00000000   Number         0  depilogue.o ABSOLUTE
    ../fplib/microlib/fpepilogue.c           0x00000000   Number         0  fepilogue.o ABSOLUTE
    ../fplib/microlib/fpfix.c                0x00000000   Number         0  ffixui.o ABSOLUTE
    ../fplib/microlib/fpfix.c                0x00000000   Number         0  dfixul.o ABSOLUTE
    ../fplib/microlib/fpflt.c                0x00000000   Number         0  ffltui.o ABSOLUTE
    ../fplib/microlib/fpflt.c                0x00000000   Number         0  fflti.o ABSOLUTE
    ../fplib/microlib/fpmul.c                0x00000000   Number         0  fmul.o ABSOLUTE
    ../fplib/microlib/fpmul.c                0x00000000   Number         0  dmul.o ABSOLUTE
    ..\CORE\handler.c                        0x00000000   Number         0  handler.o ABSOLUTE
    ..\CORE\startup_CM0DS.s                  0x00000000   Number         0  startup_cm0ds.o ABSOLUTE
    ..\CORE\system.c                         0x00000000   Number         0  system.o ABSOLUTE
    ..\DEVICE\Retarget.c                     0x00000000   Number         0  retarget.o ABSOLUTE
    ..\DEVICE\apu.c                          0x00000000   Number         0  apu.o ABSOLUTE
    ..\DEVICE\camera.c                       0x00000000   Number         0  camera.o ABSOLUTE
    ..\DEVICE\key.c                          0x00000000   Number         0  key.o ABSOLUTE
    ..\DEVICE\lcd.c                          0x00000000   Number         0  lcd.o ABSOLUTE
    ..\DEVICE\led.c                          0x00000000   Number         0  led.o ABSOLUTE
    ..\DEVICE\malloc.c                       0x00000000   Number         0  malloc.o ABSOLUTE
    ..\DEVICE\pstwo.c                        0x00000000   Number         0  pstwo.o ABSOLUTE
    ..\DEVICE\spi_flash.c                    0x00000000   Number         0  spi_flash.o ABSOLUTE
    ..\DEVICE\spriteRam.c                    0x00000000   Number         0  spriteram.o ABSOLUTE
    ..\DEVICE\systick.c                      0x00000000   Number         0  systick.o ABSOLUTE
    ..\DEVICE\timer.c                        0x00000000   Number         0  timer.o ABSOLUTE
    ..\DEVICE\uart.c                         0x00000000   Number         0  uart.o ABSOLUTE
    ..\MY_GAME\boom.c                        0x00000000   Number         0  boom.o ABSOLUTE
    ..\MY_GAME\enemyBullet.c                 0x00000000   Number         0  enemybullet.o ABSOLUTE
    ..\MY_GAME\enemyPlane.c                  0x00000000   Number         0  enemyplane.o ABSOLUTE
    ..\MY_GAME\gameHitCheck.c                0x00000000   Number         0  gamehitcheck.o ABSOLUTE
    ..\MY_GAME\gameInterFace.c               0x00000000   Number         0  gameinterface.o ABSOLUTE
    ..\MY_GAME\makeEnemyPlaneArray.c         0x00000000   Number         0  makeenemyplanearray.o ABSOLUTE
    ..\MY_GAME\makeMap.c                     0x00000000   Number         0  makemap.o ABSOLUTE
    ..\MY_GAME\myPlane.c                     0x00000000   Number         0  myplane.o ABSOLUTE
    ..\\CORE\\handler.c                      0x00000000   Number         0  handler.o ABSOLUTE
    ..\\CORE\\system.c                       0x00000000   Number         0  system.o ABSOLUTE
    ..\\DEVICE\\systick.c                    0x00000000   Number         0  systick.o ABSOLUTE
    cdrcmple.s                               0x00000000   Number         0  cdrcmple.o ABSOLUTE
    dc.s                                     0x00000000   Number         0  dc.o ABSOLUTE
    handlers.s                               0x00000000   Number         0  handlers.o ABSOLUTE
    init.s                                   0x00000000   Number         0  init.o ABSOLUTE
    main.c                                   0x00000000   Number         0  main.o ABSOLUTE
    main.c                                   0x00000000   Number         0  main.o ABSOLUTE
    .ARM.Collect$$$$00000000                 0x00000068   Section        0  entry.o(.ARM.Collect$$$$00000000)
    .ARM.Collect$$$$00000001                 0x00000068   Section        4  entry2.o(.ARM.Collect$$$$00000001)
    .ARM.Collect$$$$00000004                 0x0000006c   Section        4  entry5.o(.ARM.Collect$$$$00000004)
    .ARM.Collect$$$$00000008                 0x00000070   Section        0  entry7b.o(.ARM.Collect$$$$00000008)
    .ARM.Collect$$$$0000000A                 0x00000070   Section        0  entry8b.o(.ARM.Collect$$$$0000000A)
    .ARM.Collect$$$$0000000B                 0x00000070   Section        8  entry9a.o(.ARM.Collect$$$$0000000B)
    .ARM.Collect$$$$0000000D                 0x00000078   Section        0  entry10a.o(.ARM.Collect$$$$0000000D)
    .ARM.Collect$$$$0000000F                 0x00000078   Section        0  entry11a.o(.ARM.Collect$$$$0000000F)
    .ARM.Collect$$$$00002712                 0x00000078   Section        4  entry2.o(.ARM.Collect$$$$00002712)
    __lit__00000000                          0x00000078   Data           4  entry2.o(.ARM.Collect$$$$00002712)
    .text                                    0x0000007c   Section      172  startup_cm0ds.o(.text)
    .text                                    0x00000128   Section        0  uidiv.o(.text)
    .text                                    0x00000154   Section        0  idiv.o(.text)
    .text                                    0x0000017c   Section        0  rand.o(.text)
    .text                                    0x000001a0   Section        0  fadd.o(.text)
    .text                                    0x00000252   Section        0  fmul.o(.text)
    .text                                    0x000002cc   Section        0  fdiv.o(.text)
    .text                                    0x00000348   Section        0  fflti.o(.text)
    .text                                    0x0000035e   Section        0  ffltui.o(.text)
    .text                                    0x0000036c   Section        0  ffixui.o(.text)
    .text                                    0x00000394   Section        0  fepilogue.o(.text)
    .text                                    0x00000394   Section        0  iusefp.o(.text)
    .text                                    0x00000418   Section       36  init.o(.text)
    .text                                    0x0000043c   Section        0  __dclz77c.o(.text)
    i.BusFaultHandler                        0x0000049c   Section        0  handler.o(i.BusFaultHandler)
    i.DebugMonHandler                        0x0000049e   Section        0  handler.o(i.DebugMonHandler)
    i.HardFaultHandler                       0x000004a0   Section        0  handler.o(i.HardFaultHandler)
    i.Is_SPI_Ready                           0x000004a4   Section        0  spi_flash.o(i.Is_SPI_Ready)
    i.KEY0                                   0x000004b0   Section        0  handler.o(i.KEY0)
    i.KEY1                                   0x000004ba   Section        0  handler.o(i.KEY1)
    i.KEY2                                   0x000004c4   Section        0  handler.o(i.KEY2)
    i.KEY3                                   0x000004ce   Section        0  handler.o(i.KEY3)
    i.LCD_Fast_DrawPoint                     0x000004d8   Section        0  lcd.o(i.LCD_Fast_DrawPoint)
    i.LCD_ShowChar                           0x00000528   Section        0  lcd.o(i.LCD_ShowChar)
    i.LCD_ShowString                         0x000005cc   Section        0  lcd.o(i.LCD_ShowString)
    i.LCD_WR_DATA                            0x00000620   Section        0  lcd.o(i.LCD_WR_DATA)
    i.LCD_WR_REG                             0x00000636   Section        0  lcd.o(i.LCD_WR_REG)
    i.LED_toggle                             0x0000064c   Section        0  led.o(i.LED_toggle)
    i.MemManageHandler                       0x00000668   Section        0  handler.o(i.MemManageHandler)
    i.NMIHandler                             0x0000066a   Section        0  handler.o(i.NMIHandler)
    i.NVIC_EnableIRQ                         0x0000066c   Section        0  system.o(i.NVIC_EnableIRQ)
    NVIC_EnableIRQ                           0x0000066d   Thumb Code    14  system.o(i.NVIC_EnableIRQ)
    i.PS2_ClearData                          0x00000680   Section        0  pstwo.o(i.PS2_ClearData)
    i.PS2_Cmd                                0x00000698   Section        0  pstwo.o(i.PS2_Cmd)
    i.PS2_DataKey                            0x000006fc   Section        0  pstwo.o(i.PS2_DataKey)
    i.PS2_Init                               0x00000744   Section        0  pstwo.o(i.PS2_Init)
    i.PS2_ReadData                           0x00000754   Section        0  pstwo.o(i.PS2_ReadData)
    i.PendSVHandler                          0x000007dc   Section        0  handler.o(i.PendSVHandler)
    i.SPI_FLASH_Write_Enable                 0x000007e0   Section        0  spi_flash.o(i.SPI_FLASH_Write_Enable)
    i.SPI_Flash_Erase_Block                  0x000007f8   Section        0  spi_flash.o(i.SPI_Flash_Erase_Block)
    i.SPI_Flash_ReadSR                       0x00000834   Section        0  spi_flash.o(i.SPI_Flash_ReadSR)
    i.SPI_Flash_Wait_Busy                    0x00000854   Section        0  spi_flash.o(i.SPI_Flash_Wait_Busy)
    i.SPI_Flash_Write_Page                   0x00000860   Section        0  spi_flash.o(i.SPI_Flash_Write_Page)
    i.SPI_Init                               0x000008b0   Section        0  spi_flash.o(i.SPI_Init)
    i.SPI_ReadWriteByte                      0x000008c0   Section        0  spi_flash.o(i.SPI_ReadWriteByte)
    i.SPI_SendData                           0x00000904   Section        0  spi_flash.o(i.SPI_SendData)
    i.SVCHandler                             0x00000918   Section        0  handler.o(i.SVCHandler)
    i.Set_SysTick_CTRL                       0x0000091c   Section        0  systick.o(i.Set_SysTick_CTRL)
    i.SysTickHandler                         0x00000928   Section        0  handler.o(i.SysTickHandler)
    i.SystemInit                             0x00000944   Section        0  system.o(i.SystemInit)
    i.Timer_Handler                          0x00000978   Section        0  handler.o(i.Timer_Handler)
    i.UARTOVRHandler                         0x0000097a   Section        0  handler.o(i.UARTOVRHandler)
    i.UARTRXHandler                          0x0000097c   Section        0  handler.o(i.UARTRXHandler)
    i.UARTTXHandler                          0x000009ac   Section        0  handler.o(i.UARTTXHandler)
    i.UsageFaultHandler                      0x000009e8   Section        0  handler.o(i.UsageFaultHandler)
    i.__0printf$bare                         0x000009ec   Section        0  printfb.o(i.__0printf$bare)
    i.__ARM_common_switch8                   0x00000a00   Section        0  handler.o(i.__ARM_common_switch8)
    i.__scatterload_copy                     0x00000a1a   Section       14  handlers.o(i.__scatterload_copy)
    i.__scatterload_null                     0x00000a28   Section        2  handlers.o(i.__scatterload_null)
    i.__scatterload_zeroinit                 0x00000a2a   Section       14  handlers.o(i.__scatterload_zeroinit)
    i._printf_core                           0x00000a38   Section        0  printfb.o(i._printf_core)
    _printf_core                             0x00000a39   Thumb Code    30  printfb.o(i._printf_core)
    i.b_green_createOnePlane                 0x00000a58   Section        0  enemyplane.o(i.b_green_createOnePlane)
    i.b_green_createPlane_511                0x00000ac4   Section        0  makeenemyplanearray.o(i.b_green_createPlane_511)
    i.b_green_drawPlane                      0x00000acc   Section        0  enemyplane.o(i.b_green_drawPlane)
    i.b_green_movePlane                      0x00000c6c   Section        0  enemyplane.o(i.b_green_movePlane)
    i.b_green_planeInit                      0x00000e18   Section        0  enemyplane.o(i.b_green_planeInit)
    i.clearNameTableAll                      0x00000e44   Section        0  spriteram.o(i.clearNameTableAll)
    i.create_plane_Handler                   0x00000e6c   Section        0  handler.o(i.create_plane_Handler)
    i.delay                                  0x00000f28   Section        0  systick.o(i.delay)
    i.delay_ms                               0x00000f40   Section        0  systick.o(i.delay_ms)
    i.delay_us                               0x00000f5c   Section        0  systick.o(i.delay_us)
    i.endInterFaceDraw                       0x00000f70   Section        0  gameinterface.o(i.endInterFaceDraw)
    i.enemyAndBulletMapCreate                0x0000107c   Section        0  gamehitcheck.o(i.enemyAndBulletMapCreate)
    i.enmeyBulletDraw                        0x000011e0   Section        0  enemybullet.o(i.enmeyBulletDraw)
    i.enmey_BulletInit                       0x00001220   Section        0  enemybullet.o(i.enmey_BulletInit)
    i.fputc                                  0x00001240   Section        0  retarget.o(i.fputc)
    i.gameCursorDraw                         0x00001260   Section        0  gameinterface.o(i.gameCursorDraw)
    i.gameScoreDraw                          0x000012a4   Section        0  gameinterface.o(i.gameScoreDraw)
    i.gameStartInterfaceShow                 0x00001390   Section        0  gameinterface.o(i.gameStartInterfaceShow)
    i.isHit_b_EnemyPlane                     0x000014d8   Section        0  gamehitcheck.o(i.isHit_b_EnemyPlane)
    i.isHit_m_straight_EnemyPlane            0x00001578   Section        0  gamehitcheck.o(i.isHit_m_straight_EnemyPlane)
    i.isHit_myBullets                        0x000015f4   Section        0  gamehitcheck.o(i.isHit_myBullets)
    i.isHit_s_EnemyPlane                     0x00001648   Section        0  gamehitcheck.o(i.isHit_s_EnemyPlane)
    i.loadMapJianchuan                       0x00001764   Section        0  makemap.o(i.loadMapJianchuan)
    i.m_straight_createOnePlane              0x0000178c   Section        0  enemyplane.o(i.m_straight_createOnePlane)
    i.m_straight_drawPlane                   0x000017f8   Section        0  enemyplane.o(i.m_straight_drawPlane)
    i.m_straight_movePlane                   0x00001988   Section        0  enemyplane.o(i.m_straight_movePlane)
    i.m_straight_planeInit                   0x000019f0   Section        0  enemyplane.o(i.m_straight_planeInit)
    i.main                                   0x00001a20   Section        0  main.o(i.main)
    i.makeMapFirst                           0x000021c8   Section        0  makemap.o(i.makeMapFirst)
    i.makeMapSecond                          0x000023fc   Section        0  makemap.o(i.makeMapSecond)
    i.myBulletsMapCreate                     0x00002660   Section        0  gamehitcheck.o(i.myBulletsMapCreate)
    i.myPlane_Act                            0x000026a8   Section        0  myplane.o(i.myPlane_Act)
    i.myPlane_Draw                           0x0000270c   Section        0  myplane.o(i.myPlane_Draw)
    i.myPlane_Init                           0x00002a30   Section        0  myplane.o(i.myPlane_Init)
    i.myPlane_bulletDraw                     0x00002a4c   Section        0  myplane.o(i.myPlane_bulletDraw)
    i.myPlane_bulletInit                     0x00002a8c   Section        0  myplane.o(i.myPlane_bulletInit)
    i.myPlane_createOneBullet                0x00002aac   Section        0  myplane.o(i.myPlane_createOneBullet)
    i.myPlane_updateBulletData               0x00002bd4   Section        0  myplane.o(i.myPlane_updateBulletData)
    i.newGuanqiaInterFaceDraw                0x00002c08   Section        0  gameinterface.o(i.newGuanqiaInterFaceDraw)
    i.new_boomDraw                           0x00002ca8   Section        0  boom.o(i.new_boomDraw)
    i.new_boomInit                           0x00002d54   Section        0  boom.o(i.new_boomInit)
    i.new_createOneBoom                      0x00002d74   Section        0  boom.o(i.new_createOneBoom)
    i.new_updateBoomData                     0x00002da8   Section        0  boom.o(i.new_updateBoomData)
    i.s_green_createOnePlane                 0x00002de8   Section        0  enemyplane.o(i.s_green_createOnePlane)
    i.s_green_createPlane_221                0x00002f18   Section        0  makeenemyplanearray.o(i.s_green_createPlane_221)
    i.s_green_createPlane_222                0x00002f4c   Section        0  makeenemyplanearray.o(i.s_green_createPlane_222)
    i.s_green_createPlane_243                0x00002f86   Section        0  makeenemyplanearray.o(i.s_green_createPlane_243)
    i.s_green_createPlane_411                0x00002fcc   Section        0  makeenemyplanearray.o(i.s_green_createPlane_411)
    i.s_green_createPlane_422                0x00002ff2   Section        0  makeenemyplanearray.o(i.s_green_createPlane_422)
    i.s_green_drawPlane                      0x00003028   Section        0  enemyplane.o(i.s_green_drawPlane)
    i.s_green_movePlane                      0x000031f8   Section        0  enemyplane.o(i.s_green_movePlane)
    i.s_green_planeInit                      0x000034a4   Section        0  enemyplane.o(i.s_green_planeInit)
    i.s_grey_createOneEnmeyBullet            0x000034cc   Section        0  enemybullet.o(i.s_grey_createOneEnmeyBullet)
    i.s_grey_createOnePlane                  0x00003598   Section        0  enemyplane.o(i.s_grey_createOnePlane)
    i.s_grey_createPlane_111                 0x0000363c   Section        0  makeenemyplanearray.o(i.s_grey_createPlane_111)
    i.s_grey_createPlane_122                 0x00003688   Section        0  makeenemyplanearray.o(i.s_grey_createPlane_122)
    i.s_grey_createPlane_123                 0x000036be   Section        0  makeenemyplanearray.o(i.s_grey_createPlane_123)
    i.s_grey_createPlane_144                 0x00003738   Section        0  makeenemyplanearray.o(i.s_grey_createPlane_144)
    i.s_grey_createPlane_145                 0x00003792   Section        0  makeenemyplanearray.o(i.s_grey_createPlane_145)
    i.s_grey_createPlane_166                 0x00003830   Section        0  makeenemyplanearray.o(i.s_grey_createPlane_166)
    i.s_grey_drawPlane                       0x00003840   Section        0  enemyplane.o(i.s_grey_drawPlane)
    i.s_grey_movePlane                       0x00003a58   Section        0  enemyplane.o(i.s_grey_movePlane)
    i.s_grey_planeInit                       0x00003c4c   Section        0  enemyplane.o(i.s_grey_planeInit)
    i.set_frame                              0x00003c78   Section        0  apu.o(i.set_frame)
    i.set_noise_00                           0x00003c84   Section        0  apu.o(i.set_noise_00)
    i.set_noise_01                           0x00003c90   Section        0  apu.o(i.set_noise_01)
    i.set_noise_10                           0x00003c9c   Section        0  apu.o(i.set_noise_10)
    i.set_noise_11                           0x00003ca8   Section        0  apu.o(i.set_noise_11)
    i.set_pulse1_00                          0x00003cb4   Section        0  apu.o(i.set_pulse1_00)
    i.set_pulse1_01                          0x00003cc0   Section        0  apu.o(i.set_pulse1_01)
    i.set_pulse1_10                          0x00003ccc   Section        0  apu.o(i.set_pulse1_10)
    i.set_pulse1_11                          0x00003cd8   Section        0  apu.o(i.set_pulse1_11)
    i.set_state                              0x00003ce4   Section        0  apu.o(i.set_state)
    i.tileMap                                0x00003cf0   Section        0  gamehitcheck.o(i.tileMap)
    i.uart_ClearRxIRQ                        0x00003d02   Section        0  uart.o(i.uart_ClearRxIRQ)
    i.uart_ClearTxIRQ                        0x00003d08   Section        0  uart.o(i.uart_ClearTxIRQ)
    i.uart_SendChar                          0x00003d0e   Section        0  uart.o(i.uart_SendChar)
    i.uart_init                              0x00003d18   Section        0  uart.o(i.uart_init)
    i.updateEnemyBulletData                  0x00003d68   Section        0  enemybullet.o(i.updateEnemyBulletData)
    i.vga_Handler                            0x00003dcc   Section        0  handler.o(i.vga_Handler)
    i.writeOneNametable                      0x00003e48   Section        0  spriteram.o(i.writeOneNametable)
    i.writeOneSprite                         0x00003e58   Section        0  spriteram.o(i.writeOneSprite)
    .constdata                               0x00003e70   Section        1  main.o(.constdata)
    .constdata                               0x00003e71   Section        1  main.o(.constdata)
    .constdata                               0x00003e72   Section        1  main.o(.constdata)
    .constdata                               0x00003e73   Section        1  main.o(.constdata)
    .constdata                               0x00003e74   Section        1  main.o(.constdata)
    .constdata                               0x00003e75   Section        1  main.o(.constdata)
    .constdata                               0x00003e76   Section        1  main.o(.constdata)
    .constdata                               0x00003e77   Section     1520  lcd.o(.constdata)
    .constdata                               0x00004468   Section       80  enemybullet.o(.constdata)
    .data                                    0x20000000   Section       56  main.o(.data)
    .data                                    0x20000038   Section      964  handler.o(.data)
    .data                                    0x200003fc   Section        4  system.o(.data)
    .data                                    0x20000400   Section        4  lcd.o(.data)
    .data                                    0x20000404   Section        4  retarget.o(.data)
    .data                                    0x20000408   Section       36  pstwo.o(.data)
    .data                                    0x2000042c   Section      190  gameinterface.o(.data)
    .data                                    0x200004ea   Section     1024  makemap.o(.data)
    .data                                    0x200008ea   Section     7168  makemap.o(.data)
    .data                                    0x200024ec   Section        4  rand.o(.data)
    _rand_state                              0x200024ec   Data           4  rand.o(.data)
    .bss                                     0x200024f0   Section     1004  main.o(.bss)
    .bss                                     0x200028dc   Section       14  lcd.o(.bss)
    .bss                                     0x200028ea   Section        9  pstwo.o(.bss)
    STACK                                    0x200028f8   Section     1024  startup_cm0ds.o(STACK)

    Global Symbols

    Symbol Name                              Value     Ov Type        Size  Object(Section)

    BuildAttributes$$THM_ISAv3M$S$PE$A:L22$X:L11$S22$IEEE1$IW$USESV6$~STKCKD$USESV7$~SHL$OTIME$ROPI$EBA8$MICROLIB$REQ8$PRES8$EABIv2 0x00000000   Number         0  anon$$obj.o ABSOLUTE
    __ARM_use_no_argv                        0x00000000   Number         0  main.o ABSOLUTE
    __Vectors                                0x00000000   Data           4  startup_cm0ds.o(RESET)
    __cpp_initialize__aeabi_                  - Undefined Weak Reference
    __cxa_finalize                            - Undefined Weak Reference
    _clock_init                               - Undefined Weak Reference
    _microlib_exit                            - Undefined Weak Reference
    __Vectors_End                            0x00000068   Data           0  startup_cm0ds.o(RESET)
    __Vectors_Size                           0x00000068   Number         0  startup_cm0ds.o ABSOLUTE
    __main                                   0x00000069   Thumb Code     0  entry.o(.ARM.Collect$$$$00000000)
    _main_stk                                0x00000069   Thumb Code     0  entry2.o(.ARM.Collect$$$$00000001)
    _main_scatterload                        0x0000006d   Thumb Code     0  entry5.o(.ARM.Collect$$$$00000004)
    __main_after_scatterload                 0x00000071   Thumb Code     0  entry5.o(.ARM.Collect$$$$00000004)
    _main_clock                              0x00000071   Thumb Code     0  entry7b.o(.ARM.Collect$$$$00000008)
    _main_cpp_init                           0x00000071   Thumb Code     0  entry8b.o(.ARM.Collect$$$$0000000A)
    _main_init                               0x00000071   Thumb Code     0  entry9a.o(.ARM.Collect$$$$0000000B)
    __rt_final_cpp                           0x00000079   Thumb Code     0  entry10a.o(.ARM.Collect$$$$0000000D)
    __rt_final_exit                          0x00000079   Thumb Code     0  entry11a.o(.ARM.Collect$$$$0000000F)
    Reset_Handler                            0x0000007d   Thumb Code    12  startup_cm0ds.o(.text)
    NMI_Handler                              0x00000089   Thumb Code     8  startup_cm0ds.o(.text)
    HardFault_Handler                        0x00000091   Thumb Code     8  startup_cm0ds.o(.text)
    MemManage_Handler                        0x00000099   Thumb Code     8  startup_cm0ds.o(.text)
    BusFault_Handler                         0x000000a1   Thumb Code     8  startup_cm0ds.o(.text)
    UsageFault_Handler                       0x000000a9   Thumb Code     8  startup_cm0ds.o(.text)
    SVC_Handler                              0x000000b1   Thumb Code     8  startup_cm0ds.o(.text)
    DebugMon_Handler                         0x000000b9   Thumb Code     8  startup_cm0ds.o(.text)
    PendSV_Handler                           0x000000c1   Thumb Code     8  startup_cm0ds.o(.text)
    SysTick_Handler                          0x000000c9   Thumb Code     8  startup_cm0ds.o(.text)
    UARTRX_Handler                           0x000000d1   Thumb Code     8  startup_cm0ds.o(.text)
    UARTTX_Handler                           0x000000d9   Thumb Code     8  startup_cm0ds.o(.text)
    UARTOVR_Handler                          0x000000e1   Thumb Code     8  startup_cm0ds.o(.text)
    KEY0_Handler                             0x000000e9   Thumb Code     8  startup_cm0ds.o(.text)
    KEY1_Handler                             0x000000f1   Thumb Code     8  startup_cm0ds.o(.text)
    KEY2_Handler                             0x000000f9   Thumb Code     8  startup_cm0ds.o(.text)
    KEY3_Handler                             0x00000101   Thumb Code     8  startup_cm0ds.o(.text)
    TIMER_Handler                            0x00000109   Thumb Code     8  startup_cm0ds.o(.text)
    VGA_Handler                              0x00000111   Thumb Code     8  startup_cm0ds.o(.text)
    CREATE_PLANE_Handler                     0x00000119   Thumb Code     8  startup_cm0ds.o(.text)
    __aeabi_uidiv                            0x00000129   Thumb Code     0  uidiv.o(.text)
    __aeabi_uidivmod                         0x00000129   Thumb Code    44  uidiv.o(.text)
    __aeabi_idiv                             0x00000155   Thumb Code     0  idiv.o(.text)
    __aeabi_idivmod                          0x00000155   Thumb Code    40  idiv.o(.text)
    rand                                     0x0000017d   Thumb Code    18  rand.o(.text)
    srand                                    0x0000018f   Thumb Code     6  rand.o(.text)
    __aeabi_fadd                             0x000001a1   Thumb Code   162  fadd.o(.text)
    __aeabi_fsub                             0x00000243   Thumb Code     8  fadd.o(.text)
    __aeabi_frsub                            0x0000024b   Thumb Code     8  fadd.o(.text)
    __aeabi_fmul                             0x00000253   Thumb Code   122  fmul.o(.text)
    __aeabi_fdiv                             0x000002cd   Thumb Code   124  fdiv.o(.text)
    __aeabi_i2f                              0x00000349   Thumb Code    22  fflti.o(.text)
    __aeabi_ui2f                             0x0000035f   Thumb Code    14  ffltui.o(.text)
    __aeabi_f2uiz                            0x0000036d   Thumb Code    40  ffixui.o(.text)
    __I$use$fp                               0x00000395   Thumb Code     0  iusefp.o(.text)
    _float_round                             0x00000395   Thumb Code    16  fepilogue.o(.text)
    _float_epilogue                          0x000003a5   Thumb Code   114  fepilogue.o(.text)
    __scatterload                            0x00000419   Thumb Code    28  init.o(.text)
    __scatterload_rt2                        0x00000419   Thumb Code     0  init.o(.text)
    __decompress                             0x0000043d   Thumb Code     0  __dclz77c.o(.text)
    __decompress2                            0x0000043d   Thumb Code    96  __dclz77c.o(.text)
    BusFaultHandler                          0x0000049d   Thumb Code     2  handler.o(i.BusFaultHandler)
    DebugMonHandler                          0x0000049f   Thumb Code     2  handler.o(i.DebugMonHandler)
    HardFaultHandler                         0x000004a1   Thumb Code     2  handler.o(i.HardFaultHandler)
    Is_SPI_Ready                             0x000004a5   Thumb Code     8  spi_flash.o(i.Is_SPI_Ready)
    KEY0                                     0x000004b1   Thumb Code    10  handler.o(i.KEY0)
    KEY1                                     0x000004bb   Thumb Code    10  handler.o(i.KEY1)
    KEY2                                     0x000004c5   Thumb Code    10  handler.o(i.KEY2)
    KEY3                                     0x000004cf   Thumb Code    10  handler.o(i.KEY3)
    LCD_Fast_DrawPoint                       0x000004d9   Thumb Code    76  lcd.o(i.LCD_Fast_DrawPoint)
    LCD_ShowChar                             0x00000529   Thumb Code   152  lcd.o(i.LCD_ShowChar)
    LCD_ShowString                           0x000005cd   Thumb Code    84  lcd.o(i.LCD_ShowString)
    LCD_WR_DATA                              0x00000621   Thumb Code    22  lcd.o(i.LCD_WR_DATA)
    LCD_WR_REG                               0x00000637   Thumb Code    22  lcd.o(i.LCD_WR_REG)
    LED_toggle                               0x0000064d   Thumb Code    24  led.o(i.LED_toggle)
    MemManageHandler                         0x00000669   Thumb Code     2  handler.o(i.MemManageHandler)
    NMIHandler                               0x0000066b   Thumb Code     2  handler.o(i.NMIHandler)
    PS2_ClearData                            0x00000681   Thumb Code    18  pstwo.o(i.PS2_ClearData)
    PS2_Cmd                                  0x00000699   Thumb Code    92  pstwo.o(i.PS2_Cmd)
    PS2_DataKey                              0x000006fd   Thumb Code    64  pstwo.o(i.PS2_DataKey)
    PS2_Init                                 0x00000745   Thumb Code    12  pstwo.o(i.PS2_Init)
    PS2_ReadData                             0x00000755   Thumb Code   122  pstwo.o(i.PS2_ReadData)
    PendSVHandler                            0x000007dd   Thumb Code     2  handler.o(i.PendSVHandler)
    SPI_FLASH_Write_Enable                   0x000007e1   Thumb Code    20  spi_flash.o(i.SPI_FLASH_Write_Enable)
    SPI_Flash_Erase_Block                    0x000007f9   Thumb Code    56  spi_flash.o(i.SPI_Flash_Erase_Block)
    SPI_Flash_ReadSR                         0x00000835   Thumb Code    26  spi_flash.o(i.SPI_Flash_ReadSR)
    SPI_Flash_Wait_Busy                      0x00000855   Thumb Code    12  spi_flash.o(i.SPI_Flash_Wait_Busy)
    SPI_Flash_Write_Page                     0x00000861   Thumb Code    74  spi_flash.o(i.SPI_Flash_Write_Page)
    SPI_Init                                 0x000008b1   Thumb Code    10  spi_flash.o(i.SPI_Init)
    SPI_ReadWriteByte                        0x000008c1   Thumb Code    62  spi_flash.o(i.SPI_ReadWriteByte)
    SPI_SendData                             0x00000905   Thumb Code    14  spi_flash.o(i.SPI_SendData)
    SVCHandler                               0x00000919   Thumb Code     2  handler.o(i.SVCHandler)
    Set_SysTick_CTRL                         0x0000091d   Thumb Code     6  systick.o(i.Set_SysTick_CTRL)
    SysTickHandler                           0x00000929   Thumb Code    22  handler.o(i.SysTickHandler)
    SystemInit                               0x00000945   Thumb Code    42  system.o(i.SystemInit)
    Timer_Handler                            0x00000979   Thumb Code     2  handler.o(i.Timer_Handler)
    UARTOVRHandler                           0x0000097b   Thumb Code     2  handler.o(i.UARTOVRHandler)
    UARTRXHandler                            0x0000097d   Thumb Code    24  handler.o(i.UARTRXHandler)
    UARTTXHandler                            0x000009ad   Thumb Code    36  handler.o(i.UARTTXHandler)
    UsageFaultHandler                        0x000009e9   Thumb Code     2  handler.o(i.UsageFaultHandler)
    __0printf$bare                           0x000009ed   Thumb Code    12  printfb.o(i.__0printf$bare)
    __1printf$bare                           0x000009ed   Thumb Code     0  printfb.o(i.__0printf$bare)
    __2printf                                0x000009ed   Thumb Code     0  printfb.o(i.__0printf$bare)
    __ARM_common_switch8                     0x00000a01   Thumb Code    26  handler.o(i.__ARM_common_switch8)
    __scatterload_copy                       0x00000a1b   Thumb Code    14  handlers.o(i.__scatterload_copy)
    __scatterload_null                       0x00000a29   Thumb Code     2  handlers.o(i.__scatterload_null)
    __scatterload_zeroinit                   0x00000a2b   Thumb Code    14  handlers.o(i.__scatterload_zeroinit)
    b_green_createOnePlane                   0x00000a59   Thumb Code   104  enemyplane.o(i.b_green_createOnePlane)
    b_green_createPlane_511                  0x00000ac5   Thumb Code     8  makeenemyplanearray.o(i.b_green_createPlane_511)
    b_green_drawPlane                        0x00000acd   Thumb Code   410  enemyplane.o(i.b_green_drawPlane)
    b_green_movePlane                        0x00000c6d   Thumb Code   416  enemyplane.o(i.b_green_movePlane)
    b_green_planeInit                        0x00000e19   Thumb Code    40  enemyplane.o(i.b_green_planeInit)
    clearNameTableAll                        0x00000e45   Thumb Code    36  spriteram.o(i.clearNameTableAll)
    create_plane_Handler                     0x00000e6d   Thumb Code   162  handler.o(i.create_plane_Handler)
    delay                                    0x00000f29   Thumb Code    18  systick.o(i.delay)
    delay_ms                                 0x00000f41   Thumb Code    22  systick.o(i.delay_ms)
    delay_us                                 0x00000f5d   Thumb Code    20  systick.o(i.delay_us)
    endInterFaceDraw                         0x00000f71   Thumb Code   252  gameinterface.o(i.endInterFaceDraw)
    enemyAndBulletMapCreate                  0x0000107d   Thumb Code   340  gamehitcheck.o(i.enemyAndBulletMapCreate)
    enmeyBulletDraw                          0x000011e1   Thumb Code    60  enemybullet.o(i.enmeyBulletDraw)
    enmey_BulletInit                         0x00001221   Thumb Code    28  enemybullet.o(i.enmey_BulletInit)
    fputc                                    0x00001241   Thumb Code    32  retarget.o(i.fputc)
    gameCursorDraw                           0x00001261   Thumb Code    66  gameinterface.o(i.gameCursorDraw)
    gameScoreDraw                            0x000012a5   Thumb Code   226  gameinterface.o(i.gameScoreDraw)
    gameStartInterfaceShow                   0x00001391   Thumb Code   318  gameinterface.o(i.gameStartInterfaceShow)
    isHit_b_EnemyPlane                       0x000014d9   Thumb Code   150  gamehitcheck.o(i.isHit_b_EnemyPlane)
    isHit_m_straight_EnemyPlane              0x00001579   Thumb Code   114  gamehitcheck.o(i.isHit_m_straight_EnemyPlane)
    isHit_myBullets                          0x000015f5   Thumb Code    74  gamehitcheck.o(i.isHit_myBullets)
    isHit_s_EnemyPlane                       0x00001649   Thumb Code   272  gamehitcheck.o(i.isHit_s_EnemyPlane)
    loadMapJianchuan                         0x00001765   Thumb Code    36  makemap.o(i.loadMapJianchuan)
    m_straight_createOnePlane                0x0000178d   Thumb Code   102  enemyplane.o(i.m_straight_createOnePlane)
    m_straight_drawPlane                     0x000017f9   Thumb Code   396  enemyplane.o(i.m_straight_drawPlane)
    m_straight_movePlane                     0x00001989   Thumb Code    98  enemyplane.o(i.m_straight_movePlane)
    m_straight_planeInit                     0x000019f1   Thumb Code    44  enemyplane.o(i.m_straight_planeInit)
    main                                     0x00001a21   Thumb Code  1934  main.o(i.main)
    makeMapFirst                             0x000021c9   Thumb Code   514  makemap.o(i.makeMapFirst)
    makeMapSecond                            0x000023fd   Thumb Code   514  makemap.o(i.makeMapSecond)
    myBulletsMapCreate                       0x00002661   Thumb Code    66  gamehitcheck.o(i.myBulletsMapCreate)
    myPlane_Act                              0x000026a9   Thumb Code    98  myplane.o(i.myPlane_Act)
    myPlane_Draw                             0x0000270d   Thumb Code   800  myplane.o(i.myPlane_Draw)
    myPlane_Init                             0x00002a31   Thumb Code    26  myplane.o(i.myPlane_Init)
    myPlane_bulletDraw                       0x00002a4d   Thumb Code    60  myplane.o(i.myPlane_bulletDraw)
    myPlane_bulletInit                       0x00002a8d   Thumb Code    28  myplane.o(i.myPlane_bulletInit)
    myPlane_createOneBullet                  0x00002aad   Thumb Code   290  myplane.o(i.myPlane_createOneBullet)
    myPlane_updateBulletData                 0x00002bd5   Thumb Code    48  myplane.o(i.myPlane_updateBulletData)
    newGuanqiaInterFaceDraw                  0x00002c09   Thumb Code   158  gameinterface.o(i.newGuanqiaInterFaceDraw)
    new_boomDraw                             0x00002ca9   Thumb Code   168  boom.o(i.new_boomDraw)
    new_boomInit                             0x00002d55   Thumb Code    26  boom.o(i.new_boomInit)
    new_createOneBoom                        0x00002d75   Thumb Code    48  boom.o(i.new_createOneBoom)
    new_updateBoomData                       0x00002da9   Thumb Code    60  boom.o(i.new_updateBoomData)
    s_green_createOnePlane                   0x00002de9   Thumb Code   300  enemyplane.o(i.s_green_createOnePlane)
    s_green_createPlane_221                  0x00002f19   Thumb Code    52  makeenemyplanearray.o(i.s_green_createPlane_221)
    s_green_createPlane_222                  0x00002f4d   Thumb Code    58  makeenemyplanearray.o(i.s_green_createPlane_222)
    s_green_createPlane_243                  0x00002f87   Thumb Code    70  makeenemyplanearray.o(i.s_green_createPlane_243)
    s_green_createPlane_411                  0x00002fcd   Thumb Code    38  makeenemyplanearray.o(i.s_green_createPlane_411)
    s_green_createPlane_422                  0x00002ff3   Thumb Code    54  makeenemyplanearray.o(i.s_green_createPlane_422)
    s_green_drawPlane                        0x00003029   Thumb Code   460  enemyplane.o(i.s_green_drawPlane)
    s_green_movePlane                        0x000031f9   Thumb Code   678  enemyplane.o(i.s_green_movePlane)
    s_green_planeInit                        0x000034a5   Thumb Code    36  enemyplane.o(i.s_green_planeInit)
    s_grey_createOneEnmeyBullet              0x000034cd   Thumb Code   194  enemybullet.o(i.s_grey_createOneEnmeyBullet)
    s_grey_createOnePlane                    0x00003599   Thumb Code   160  enemyplane.o(i.s_grey_createOnePlane)
    s_grey_createPlane_111                   0x0000363d   Thumb Code    76  makeenemyplanearray.o(i.s_grey_createPlane_111)
    s_grey_createPlane_122                   0x00003689   Thumb Code    54  makeenemyplanearray.o(i.s_grey_createPlane_122)
    s_grey_createPlane_123                   0x000036bf   Thumb Code   122  makeenemyplanearray.o(i.s_grey_createPlane_123)
    s_grey_createPlane_144                   0x00003739   Thumb Code    90  makeenemyplanearray.o(i.s_grey_createPlane_144)
    s_grey_createPlane_145                   0x00003793   Thumb Code   158  makeenemyplanearray.o(i.s_grey_createPlane_145)
    s_grey_createPlane_166                   0x00003831   Thumb Code    16  makeenemyplanearray.o(i.s_grey_createPlane_166)
    s_grey_drawPlane                         0x00003841   Thumb Code   532  enemyplane.o(i.s_grey_drawPlane)
    s_grey_movePlane                         0x00003a59   Thumb Code   494  enemyplane.o(i.s_grey_movePlane)
    s_grey_planeInit                         0x00003c4d   Thumb Code    40  enemyplane.o(i.s_grey_planeInit)
    set_frame                                0x00003c79   Thumb Code     6  apu.o(i.set_frame)
    set_noise_00                             0x00003c85   Thumb Code     6  apu.o(i.set_noise_00)
    set_noise_01                             0x00003c91   Thumb Code     6  apu.o(i.set_noise_01)
    set_noise_10                             0x00003c9d   Thumb Code     6  apu.o(i.set_noise_10)
    set_noise_11                             0x00003ca9   Thumb Code     6  apu.o(i.set_noise_11)
    set_pulse1_00                            0x00003cb5   Thumb Code     6  apu.o(i.set_pulse1_00)
    set_pulse1_01                            0x00003cc1   Thumb Code     6  apu.o(i.set_pulse1_01)
    set_pulse1_10                            0x00003ccd   Thumb Code     6  apu.o(i.set_pulse1_10)
    set_pulse1_11                            0x00003cd9   Thumb Code     6  apu.o(i.set_pulse1_11)
    set_state                                0x00003ce5   Thumb Code     6  apu.o(i.set_state)
    tileMap                                  0x00003cf1   Thumb Code    18  gamehitcheck.o(i.tileMap)
    uart_ClearRxIRQ                          0x00003d03   Thumb Code     6  uart.o(i.uart_ClearRxIRQ)
    uart_ClearTxIRQ                          0x00003d09   Thumb Code     6  uart.o(i.uart_ClearTxIRQ)
    uart_SendChar                            0x00003d0f   Thumb Code    10  uart.o(i.uart_SendChar)
    uart_init                                0x00003d19   Thumb Code    78  uart.o(i.uart_init)
    updateEnemyBulletData                    0x00003d69   Thumb Code    96  enemybullet.o(i.updateEnemyBulletData)
    vga_Handler                              0x00003dcd   Thumb Code    94  handler.o(i.vga_Handler)
    writeOneNametable                        0x00003e49   Thumb Code    12  spriteram.o(i.writeOneNametable)
    writeOneSprite                           0x00003e59   Thumb Code    20  spriteram.o(i.writeOneSprite)
    MYPLANE_BULLET_NUMMAX                    0x00003e70   Data           1  main.o(.constdata)
    S_GREY_NUMMAX                            0x00003e71   Data           1  main.o(.constdata)
    S_GREEN_NUMMAX                           0x00003e72   Data           1  main.o(.constdata)
    M_STRAIGHT_NUMMAX                        0x00003e73   Data           1  main.o(.constdata)
    B_GREEN_NUMMAX                           0x00003e74   Data           1  main.o(.constdata)
    ENEMY_BULLETS_NUMMAX                     0x00003e75   Data           1  main.o(.constdata)
    BOOM_NUMMAX                              0x00003e76   Data           1  main.o(.constdata)
    asc2_1608                                0x00003e77   Data        1520  lcd.o(.constdata)
    sin_array                                0x00004468   Data          20  enemybullet.o(.constdata)
    cos_array                                0x0000447c   Data          20  enemybullet.o(.constdata)
    tan_array                                0x00004490   Data          40  enemybullet.o(.constdata)
    Region$$Table$$Base                      0x000044b8   Number         0  anon$$obj.o(Region$$Table)
    Region$$Table$$Limit                     0x000044d8   Number         0  anon$$obj.o(Region$$Table)
    spriteRamAddr                            0x20000000   Data           1  main.o(.data)
    game_state                               0x20000001   Data           1  main.o(.data)
    gameEndInterFaceFpsCnt                   0x20000002   Data           1  main.o(.data)
    gameEndInterFaceArrayCnt                 0x20000003   Data           1  main.o(.data)
    DrawFlag                                 0x20000004   Data           1  main.o(.data)
    timer_init_flag                          0x20000005   Data           1  main.o(.data)
    gameRunState                             0x20000006   Data           1  main.o(.data)
    guanQia                                  0x20000007   Data           1  main.o(.data)
    pifuNum                                  0x20000008   Data           1  main.o(.data)
    pifuNumTemp                              0x20000009   Data           1  main.o(.data)
    timer_cnt                                0x2000000a   Data           1  main.o(.data)
    start                                    0x2000000b   Data           1  main.o(.data)
    gameingPause                             0x2000000c   Data           1  main.o(.data)
    gameCursor                               0x2000000d   Data           1  main.o(.data)
    gameEndFpsCnt                            0x2000000e   Data           1  main.o(.data)
    GameScore                                0x20000010   Data           4  main.o(.data)
    flashAddrBlock_Map0                      0x20000014   Data           4  main.o(.data)
    flashAddrBlock_Map1                      0x20000018   Data           4  main.o(.data)
    PS2_KEY_START                            0x2000001c   Data           4  main.o(.data)
    PS2_KEY_GAMING                           0x20000020   Data           4  main.o(.data)
    PS2_KEY_END_OUT                          0x20000024   Data           4  main.o(.data)
    PS2_KEY_PIFU                             0x20000028   Data           4  main.o(.data)
    GameShootBulletsCnt                      0x2000002c   Data           4  main.o(.data)
    GameShootDownCnt                         0x20000030   Data           4  main.o(.data)
    GameHitRate                              0x20000034   Data           4  main.o(.data)
    create_enmeyPlane_num                    0x20000038   Data           4  handler.o(.data)
    create                                   0x2000003c   Data         960  handler.o(.data)
    SystemCoreClock                          0x200003fc   Data           4  system.o(.data)
    POINT_COLOR                              0x20000400   Data           2  lcd.o(.data)
    BACK_COLOR                               0x20000402   Data           2  lcd.o(.data)
    __stdout                                 0x20000404   Data           4  retarget.o(.data)
    Comd                                     0x20000408   Data           2  pstwo.o(.data)
    Handkey                                  0x2000040a   Data           2  pstwo.o(.data)
    MASK                                     0x2000040c   Data          32  pstwo.o(.data)
    GAME_START_CHAR                          0x2000042c   Data           8  gameinterface.o(.data)
    GAME_STOP_CHAR                           0x20000434   Data           8  gameinterface.o(.data)
    GAME_LOGO_1942                           0x2000043c   Data          90  gameinterface.o(.data)
    GAME_VERSION                             0x20000496   Data          12  gameinterface.o(.data)
    endInterFaceArray                        0x200004a2   Data          72  gameinterface.o(.data)
    map_start                                0x200004ea   Data        1024  makemap.o(.data)
    map_konghaiyu                            0x200008ea   Data        1024  makemap.o(.data)
    map_jianchuan                            0x20000cea   Data        1024  makemap.o(.data)
    map_daoyu                                0x200010ea   Data        1024  makemap.o(.data)
    map_land_0                               0x200014ea   Data        1024  makemap.o(.data)
    map_land_1                               0x200018ea   Data        1024  makemap.o(.data)
    map_land_2_3                             0x20001cea   Data        1024  makemap.o(.data)
    map_land_4                               0x200020ea   Data        1024  makemap.o(.data)
    myplane                                  0x200024f0   Data          10  main.o(.bss)
    myBullet                                 0x200024fa   Data         120  main.o(.bss)
    s_grey_plane                             0x20002572   Data         192  main.o(.bss)
    s_green_plane                            0x20002632   Data         240  main.o(.bss)
    m_straight_plane                         0x20002722   Data          36  main.o(.bss)
    b_green_plane                            0x20002746   Data          26  main.o(.bss)
    enmeyBullets                             0x20002760   Data         100  main.o(.bss)
    myBulletsHitMap                          0x200027c4   Data         120  main.o(.bss)
    enemyPlaneAndBullet_HitMap               0x2000283c   Data         120  main.o(.bss)
    boom                                     0x200028b4   Data          40  main.o(.bss)
    lcddev                                   0x200028dc   Data          14  lcd.o(.bss)
    Data                                     0x200028ea   Data           9  pstwo.o(.bss)
    __initial_sp                             0x20002cf8   Data           0  startup_cm0ds.o(STACK)



==============================================================================

Memory Map of the image

  Image Entry point : 0x00000069

  Load Region LR_IROM1 (Base: 0x00000000, Size: 0x000069c8, Max: 0x00010000, ABSOLUTE, COMPRESSED[0x000052f8])

    Execution Region ER_IROM1 (Exec base: 0x00000000, Load base: 0x00000000, Size: 0x000044d8, Max: 0x00010000, ABSOLUTE)

    Exec Addr    Load Addr    Size         Type   Attr      Idx    E Section Name        Object

    0x00000000   0x00000000   0x00000068   Data   RO          270    RESET               startup_cm0ds.o
    0x00000068   0x00000068   0x00000000   Code   RO         1793  * .ARM.Collect$$$$00000000  mc_p.l(entry.o)
    0x00000068   0x00000068   0x00000004   Code   RO         2077    .ARM.Collect$$$$00000001  mc_p.l(entry2.o)
    0x0000006c   0x0000006c   0x00000004   Code   RO         2080    .ARM.Collect$$$$00000004  mc_p.l(entry5.o)
    0x00000070   0x00000070   0x00000000   Code   RO         2082    .ARM.Collect$$$$00000008  mc_p.l(entry7b.o)
    0x00000070   0x00000070   0x00000000   Code   RO         2084    .ARM.Collect$$$$0000000A  mc_p.l(entry8b.o)
    0x00000070   0x00000070   0x00000008   Code   RO         2085    .ARM.Collect$$$$0000000B  mc_p.l(entry9a.o)
    0x00000078   0x00000078   0x00000000   Code   RO         2087    .ARM.Collect$$$$0000000D  mc_p.l(entry10a.o)
    0x00000078   0x00000078   0x00000000   Code   RO         2089    .ARM.Collect$$$$0000000F  mc_p.l(entry11a.o)
    0x00000078   0x00000078   0x00000004   Code   RO         2078    .ARM.Collect$$$$00002712  mc_p.l(entry2.o)
    0x0000007c   0x0000007c   0x000000ac   Code   RO          271    .text               startup_cm0ds.o
    0x00000128   0x00000128   0x0000002c   Code   RO         1796    .text               mc_p.l(uidiv.o)
    0x00000154   0x00000154   0x00000028   Code   RO         1798    .text               mc_p.l(idiv.o)
    0x0000017c   0x0000017c   0x00000024   Code   RO         1800    .text               mc_p.l(rand.o)
    0x000001a0   0x000001a0   0x000000b2   Code   RO         2065    .text               mf_p.l(fadd.o)
    0x00000252   0x00000252   0x0000007a   Code   RO         2067    .text               mf_p.l(fmul.o)
    0x000002cc   0x000002cc   0x0000007c   Code   RO         2069    .text               mf_p.l(fdiv.o)
    0x00000348   0x00000348   0x00000016   Code   RO         2071    .text               mf_p.l(fflti.o)
    0x0000035e   0x0000035e   0x0000000e   Code   RO         2073    .text               mf_p.l(ffltui.o)
    0x0000036c   0x0000036c   0x00000028   Code   RO         2075    .text               mf_p.l(ffixui.o)
    0x00000394   0x00000394   0x00000000   Code   RO         2093    .text               mc_p.l(iusefp.o)
    0x00000394   0x00000394   0x00000082   Code   RO         2094    .text               mf_p.l(fepilogue.o)
    0x00000416   0x00000416   0x00000002   PAD
    0x00000418   0x00000418   0x00000024   Code   RO         2106    .text               mc_p.l(init.o)
    0x0000043c   0x0000043c   0x00000060   Code   RO         2126    .text               mc_p.l(__dclz77c.o)
    0x0000049c   0x0000049c   0x00000002   Code   RO          132    i.BusFaultHandler   handler.o
    0x0000049e   0x0000049e   0x00000002   Code   RO          133    i.DebugMonHandler   handler.o
    0x000004a0   0x000004a0   0x00000002   Code   RO          134    i.HardFaultHandler  handler.o
    0x000004a2   0x000004a2   0x00000002   PAD
    0x000004a4   0x000004a4   0x0000000c   Code   RO          754    i.Is_SPI_Ready      spi_flash.o
    0x000004b0   0x000004b0   0x0000000a   Code   RO          135    i.KEY0              handler.o
    0x000004ba   0x000004ba   0x0000000a   Code   RO          136    i.KEY1              handler.o
    0x000004c4   0x000004c4   0x0000000a   Code   RO          137    i.KEY2              handler.o
    0x000004ce   0x000004ce   0x0000000a   Code   RO          138    i.KEY3              handler.o
    0x000004d8   0x000004d8   0x00000050   Code   RO          480    i.LCD_Fast_DrawPoint  lcd.o
    0x00000528   0x00000528   0x000000a4   Code   RO          489    i.LCD_ShowChar      lcd.o
    0x000005cc   0x000005cc   0x00000054   Code   RO          492    i.LCD_ShowString    lcd.o
    0x00000620   0x00000620   0x00000016   Code   RO          494    i.LCD_WR_DATA       lcd.o
    0x00000636   0x00000636   0x00000016   Code   RO          495    i.LCD_WR_REG        lcd.o
    0x0000064c   0x0000064c   0x0000001c   Code   RO          681    i.LED_toggle        led.o
    0x00000668   0x00000668   0x00000002   Code   RO          139    i.MemManageHandler  handler.o
    0x0000066a   0x0000066a   0x00000002   Code   RO          140    i.NMIHandler        handler.o
    0x0000066c   0x0000066c   0x00000014   Code   RO          277    i.NVIC_EnableIRQ    system.o
    0x00000680   0x00000680   0x00000018   Code   RO         1154    i.PS2_ClearData     pstwo.o
    0x00000698   0x00000698   0x00000064   Code   RO         1155    i.PS2_Cmd           pstwo.o
    0x000006fc   0x000006fc   0x00000048   Code   RO         1156    i.PS2_DataKey       pstwo.o
    0x00000744   0x00000744   0x00000010   Code   RO         1159    i.PS2_Init          pstwo.o
    0x00000754   0x00000754   0x00000088   Code   RO         1160    i.PS2_ReadData      pstwo.o
    0x000007dc   0x000007dc   0x00000002   Code   RO          141    i.PendSVHandler     handler.o
    0x000007de   0x000007de   0x00000002   PAD
    0x000007e0   0x000007e0   0x00000018   Code   RO          757    i.SPI_FLASH_Write_Enable  spi_flash.o
    0x000007f8   0x000007f8   0x0000003c   Code   RO          759    i.SPI_Flash_Erase_Block  spi_flash.o
    0x00000834   0x00000834   0x00000020   Code   RO          764    i.SPI_Flash_ReadSR  spi_flash.o
    0x00000854   0x00000854   0x0000000c   Code   RO          765    i.SPI_Flash_Wait_Busy  spi_flash.o
    0x00000860   0x00000860   0x00000050   Code   RO          768    i.SPI_Flash_Write_Page  spi_flash.o
    0x000008b0   0x000008b0   0x00000010   Code   RO          769    i.SPI_Init          spi_flash.o
    0x000008c0   0x000008c0   0x00000044   Code   RO          770    i.SPI_ReadWriteByte  spi_flash.o
    0x00000904   0x00000904   0x00000014   Code   RO          771    i.SPI_SendData      spi_flash.o
    0x00000918   0x00000918   0x00000002   Code   RO          142    i.SVCHandler        handler.o
    0x0000091a   0x0000091a   0x00000002   PAD
    0x0000091c   0x0000091c   0x0000000c   Code   RO          867    i.Set_SysTick_CTRL  systick.o
    0x00000928   0x00000928   0x0000001c   Code   RO          143    i.SysTickHandler    handler.o
    0x00000944   0x00000944   0x00000034   Code   RO          279    i.SystemInit        system.o
    0x00000978   0x00000978   0x00000002   Code   RO          144    i.Timer_Handler     handler.o
    0x0000097a   0x0000097a   0x00000002   Code   RO          145    i.UARTOVRHandler    handler.o
    0x0000097c   0x0000097c   0x00000030   Code   RO          146    i.UARTRXHandler     handler.o
    0x000009ac   0x000009ac   0x0000003c   Code   RO          147    i.UARTTXHandler     handler.o
    0x000009e8   0x000009e8   0x00000002   Code   RO          148    i.UsageFaultHandler  handler.o
    0x000009ea   0x000009ea   0x00000002   PAD
    0x000009ec   0x000009ec   0x00000014   Code   RO         1806    i.__0printf$bare    mc_p.l(printfb.o)
    0x00000a00   0x00000a00   0x0000001a   Code   RO          258    i.__ARM_common_switch8  handler.o
    0x00000a1a   0x00000a1a   0x0000000e   Code   RO         2120    i.__scatterload_copy  mc_p.l(handlers.o)
    0x00000a28   0x00000a28   0x00000002   Code   RO         2121    i.__scatterload_null  mc_p.l(handlers.o)
    0x00000a2a   0x00000a2a   0x0000000e   Code   RO         2122    i.__scatterload_zeroinit  mc_p.l(handlers.o)
    0x00000a38   0x00000a38   0x0000001e   Code   RO         1813    i._printf_core      mc_p.l(printfb.o)
    0x00000a56   0x00000a56   0x00000002   PAD
    0x00000a58   0x00000a58   0x0000006c   Code   RO         1516    i.b_green_createOnePlane  enemyplane.o
    0x00000ac4   0x00000ac4   0x00000008   Code   RO         1255    i.b_green_createPlane_511  makeenemyplanearray.o
    0x00000acc   0x00000acc   0x000001a0   Code   RO         1517    i.b_green_drawPlane  enemyplane.o
    0x00000c6c   0x00000c6c   0x000001ac   Code   RO         1518    i.b_green_movePlane  enemyplane.o
    0x00000e18   0x00000e18   0x0000002c   Code   RO         1519    i.b_green_planeInit  enemyplane.o
    0x00000e44   0x00000e44   0x00000028   Code   RO         1111    i.clearNameTableAll  spriteram.o
    0x00000e6c   0x00000e6c   0x000000bc   Code   RO          149    i.create_plane_Handler  handler.o
    0x00000f28   0x00000f28   0x00000018   Code   RO          872    i.delay             systick.o
    0x00000f40   0x00000f40   0x0000001c   Code   RO          873    i.delay_ms          systick.o
    0x00000f5c   0x00000f5c   0x00000014   Code   RO          874    i.delay_us          systick.o
    0x00000f70   0x00000f70   0x0000010c   Code   RO         1673    i.endInterFaceDraw  gameinterface.o
    0x0000107c   0x0000107c   0x00000164   Code   RO         1619    i.enemyAndBulletMapCreate  gamehitcheck.o
    0x000011e0   0x000011e0   0x00000040   Code   RO         1481    i.enmeyBulletDraw   enemybullet.o
    0x00001220   0x00001220   0x00000020   Code   RO         1482    i.enmey_BulletInit  enemybullet.o
    0x00001240   0x00001240   0x00000020   Code   RO          713    i.fputc             retarget.o
    0x00001260   0x00001260   0x00000042   Code   RO         1674    i.gameCursorDraw    gameinterface.o
    0x000012a2   0x000012a2   0x00000002   PAD
    0x000012a4   0x000012a4   0x000000ec   Code   RO         1675    i.gameScoreDraw     gameinterface.o
    0x00001390   0x00001390   0x00000148   Code   RO         1676    i.gameStartInterfaceShow  gameinterface.o
    0x000014d8   0x000014d8   0x000000a0   Code   RO         1620    i.isHit_b_EnemyPlane  gamehitcheck.o
    0x00001578   0x00001578   0x0000007c   Code   RO         1621    i.isHit_m_straight_EnemyPlane  gamehitcheck.o
    0x000015f4   0x000015f4   0x00000054   Code   RO         1622    i.isHit_myBullets   gamehitcheck.o
    0x00001648   0x00001648   0x0000011c   Code   RO         1623    i.isHit_s_EnemyPlane  gamehitcheck.o
    0x00001764   0x00001764   0x00000028   Code   RO         1762    i.loadMapJianchuan  makemap.o
    0x0000178c   0x0000178c   0x0000006c   Code   RO         1520    i.m_straight_createOnePlane  enemyplane.o
    0x000017f8   0x000017f8   0x00000190   Code   RO         1521    i.m_straight_drawPlane  enemyplane.o
    0x00001988   0x00001988   0x00000068   Code   RO         1522    i.m_straight_movePlane  enemyplane.o
    0x000019f0   0x000019f0   0x00000030   Code   RO         1523    i.m_straight_planeInit  enemyplane.o
    0x00001a20   0x00001a20   0x000007a8   Code   RO            3    i.main              main.o
    0x000021c8   0x000021c8   0x00000234   Code   RO         1763    i.makeMapFirst      makemap.o
    0x000023fc   0x000023fc   0x00000264   Code   RO         1764    i.makeMapSecond     makemap.o
    0x00002660   0x00002660   0x00000048   Code   RO         1625    i.myBulletsMapCreate  gamehitcheck.o
    0x000026a8   0x000026a8   0x00000062   Code   RO         1713    i.myPlane_Act       myplane.o
    0x0000270a   0x0000270a   0x00000002   PAD
    0x0000270c   0x0000270c   0x00000324   Code   RO         1714    i.myPlane_Draw      myplane.o
    0x00002a30   0x00002a30   0x0000001a   Code   RO         1715    i.myPlane_Init      myplane.o
    0x00002a4a   0x00002a4a   0x00000002   PAD
    0x00002a4c   0x00002a4c   0x00000040   Code   RO         1716    i.myPlane_bulletDraw  myplane.o
    0x00002a8c   0x00002a8c   0x00000020   Code   RO         1717    i.myPlane_bulletInit  myplane.o
    0x00002aac   0x00002aac   0x00000128   Code   RO         1718    i.myPlane_createOneBullet  myplane.o
    0x00002bd4   0x00002bd4   0x00000034   Code   RO         1719    i.myPlane_updateBulletData  myplane.o
    0x00002c08   0x00002c08   0x0000009e   Code   RO         1677    i.newGuanqiaInterFaceDraw  gameinterface.o
    0x00002ca6   0x00002ca6   0x00000002   PAD
    0x00002ca8   0x00002ca8   0x000000ac   Code   RO         1450    i.new_boomDraw      boom.o
    0x00002d54   0x00002d54   0x00000020   Code   RO         1451    i.new_boomInit      boom.o
    0x00002d74   0x00002d74   0x00000034   Code   RO         1452    i.new_createOneBoom  boom.o
    0x00002da8   0x00002da8   0x00000040   Code   RO         1453    i.new_updateBoomData  boom.o
    0x00002de8   0x00002de8   0x00000130   Code   RO         1524    i.s_green_createOnePlane  enemyplane.o
    0x00002f18   0x00002f18   0x00000034   Code   RO         1256    i.s_green_createPlane_221  makeenemyplanearray.o
    0x00002f4c   0x00002f4c   0x0000003a   Code   RO         1257    i.s_green_createPlane_222  makeenemyplanearray.o
    0x00002f86   0x00002f86   0x00000046   Code   RO         1258    i.s_green_createPlane_243  makeenemyplanearray.o
    0x00002fcc   0x00002fcc   0x00000026   Code   RO         1259    i.s_green_createPlane_411  makeenemyplanearray.o
    0x00002ff2   0x00002ff2   0x00000036   Code   RO         1260    i.s_green_createPlane_422  makeenemyplanearray.o
    0x00003028   0x00003028   0x000001d0   Code   RO         1525    i.s_green_drawPlane  enemyplane.o
    0x000031f8   0x000031f8   0x000002ac   Code   RO         1526    i.s_green_movePlane  enemyplane.o
    0x000034a4   0x000034a4   0x00000028   Code   RO         1527    i.s_green_planeInit  enemyplane.o
    0x000034cc   0x000034cc   0x000000cc   Code   RO         1483    i.s_grey_createOneEnmeyBullet  enemybullet.o
    0x00003598   0x00003598   0x000000a4   Code   RO         1528    i.s_grey_createOnePlane  enemyplane.o
    0x0000363c   0x0000363c   0x0000004c   Code   RO         1261    i.s_grey_createPlane_111  makeenemyplanearray.o
    0x00003688   0x00003688   0x00000036   Code   RO         1262    i.s_grey_createPlane_122  makeenemyplanearray.o
    0x000036be   0x000036be   0x0000007a   Code   RO         1263    i.s_grey_createPlane_123  makeenemyplanearray.o
    0x00003738   0x00003738   0x0000005a   Code   RO         1264    i.s_grey_createPlane_144  makeenemyplanearray.o
    0x00003792   0x00003792   0x0000009e   Code   RO         1265    i.s_grey_createPlane_145  makeenemyplanearray.o
    0x00003830   0x00003830   0x00000010   Code   RO         1266    i.s_grey_createPlane_166  makeenemyplanearray.o
    0x00003840   0x00003840   0x00000218   Code   RO         1529    i.s_grey_drawPlane  enemyplane.o
    0x00003a58   0x00003a58   0x000001f4   Code   RO         1530    i.s_grey_movePlane  enemyplane.o
    0x00003c4c   0x00003c4c   0x0000002c   Code   RO         1531    i.s_grey_planeInit  enemyplane.o
    0x00003c78   0x00003c78   0x0000000c   Code   RO         1336    i.set_frame         apu.o
    0x00003c84   0x00003c84   0x0000000c   Code   RO         1337    i.set_noise_00      apu.o
    0x00003c90   0x00003c90   0x0000000c   Code   RO         1338    i.set_noise_01      apu.o
    0x00003c9c   0x00003c9c   0x0000000c   Code   RO         1339    i.set_noise_10      apu.o
    0x00003ca8   0x00003ca8   0x0000000c   Code   RO         1340    i.set_noise_11      apu.o
    0x00003cb4   0x00003cb4   0x0000000c   Code   RO         1345    i.set_pulse1_00     apu.o
    0x00003cc0   0x00003cc0   0x0000000c   Code   RO         1346    i.set_pulse1_01     apu.o
    0x00003ccc   0x00003ccc   0x0000000c   Code   RO         1347    i.set_pulse1_10     apu.o
    0x00003cd8   0x00003cd8   0x0000000c   Code   RO         1348    i.set_pulse1_11     apu.o
    0x00003ce4   0x00003ce4   0x0000000c   Code   RO         1349    i.set_state         apu.o
    0x00003cf0   0x00003cf0   0x00000012   Code   RO         1626    i.tileMap           gamehitcheck.o
    0x00003d02   0x00003d02   0x00000006   Code   RO          952    i.uart_ClearRxIRQ   uart.o
    0x00003d08   0x00003d08   0x00000006   Code   RO          953    i.uart_ClearTxIRQ   uart.o
    0x00003d0e   0x00003d0e   0x0000000a   Code   RO          961    i.uart_SendChar     uart.o
    0x00003d18   0x00003d18   0x0000004e   Code   RO          963    i.uart_init         uart.o
    0x00003d66   0x00003d66   0x00000002   PAD
    0x00003d68   0x00003d68   0x00000064   Code   RO         1484    i.updateEnemyBulletData  enemybullet.o
    0x00003dcc   0x00003dcc   0x0000007c   Code   RO          150    i.vga_Handler       handler.o
    0x00003e48   0x00003e48   0x00000010   Code   RO         1115    i.writeOneNametable  spriteram.o
    0x00003e58   0x00003e58   0x00000018   Code   RO         1116    i.writeOneSprite    spriteram.o
    0x00003e70   0x00003e70   0x00000001   Data   RO            6    .constdata          main.o
    0x00003e71   0x00003e71   0x00000001   Data   RO            7    .constdata          main.o
    0x00003e72   0x00003e72   0x00000001   Data   RO            8    .constdata          main.o
    0x00003e73   0x00003e73   0x00000001   Data   RO            9    .constdata          main.o
    0x00003e74   0x00003e74   0x00000001   Data   RO           10    .constdata          main.o
    0x00003e75   0x00003e75   0x00000001   Data   RO           11    .constdata          main.o
    0x00003e76   0x00003e76   0x00000001   Data   RO           12    .constdata          main.o
    0x00003e77   0x00003e77   0x000005f0   Data   RO          506    .constdata          lcd.o
    0x00004467   0x00004467   0x00000001   PAD
    0x00004468   0x00004468   0x00000050   Data   RO         1486    .constdata          enemybullet.o
    0x000044b8   0x000044b8   0x00000020   Data   RO         2118    Region$$Table       anon$$obj.o


    Execution Region RW_IRAM1 (Exec base: 0x20000000, Load base: 0x000044d8, Size: 0x00002cf8, Max: 0x00010000, ABSOLUTE, COMPRESSED[0x00000e20])

    Exec Addr    Load Addr    Size         Type   Attr      Idx    E Section Name        Object

    0x20000000   COMPRESSED   0x00000038   Data   RW           13    .data               main.o
    0x20000038   COMPRESSED   0x000003c4   Data   RW          151    .data               handler.o
    0x200003fc   COMPRESSED   0x00000004   Data   RW          280    .data               system.o
    0x20000400   COMPRESSED   0x00000004   Data   RW          507    .data               lcd.o
    0x20000404   COMPRESSED   0x00000004   Data   RW          714    .data               retarget.o
    0x20000408   COMPRESSED   0x00000024   Data   RW         1169    .data               pstwo.o
    0x2000042c   COMPRESSED   0x000000be   Data   RW         1678    .data               gameinterface.o
    0x200004ea   COMPRESSED   0x00000400   Data   RW         1765    .data               makemap.o
    0x200008ea   COMPRESSED   0x00001c00   Data   RW         1766    .data               makemap.o
    0x200024ea   COMPRESSED   0x00000002   PAD
    0x200024ec   COMPRESSED   0x00000004   Data   RW         1801    .data               mc_p.l(rand.o)
    0x200024f0        -       0x000003ec   Zero   RW            4    .bss                main.o
    0x200028dc        -       0x0000000e   Zero   RW          505    .bss                lcd.o
    0x200028ea        -       0x00000009   Zero   RW         1168    .bss                pstwo.o
    0x200028f3   COMPRESSED   0x00000005   PAD
    0x200028f8        -       0x00000400   Zero   RW          268    STACK               startup_cm0ds.o


==============================================================================

Image component sizes


      Code (inc. data)   RO Data    RW Data    ZI Data      Debug   Object Name

       120         60          0          0          0       4164   apu.o
       320         18          0          0          0       2829   boom.o
       400         22         80          0          0       3771   enemybullet.o
      4392        126          0          0          0      12705   enemyplane.o
      1098         64          0          0          0       6839   gamehitcheck.o
      1056         36          0        190          0       5869   gameinterface.o
       534        126          0        964          0       9304   handler.o
       372         16       1520          4         14       6730   lcd.o
        28          4          0          0          0        533   led.o
      1960         58          7         56       1004      15320   main.o
       796          0          0          0          0       7714   makeenemyplanearray.o
      1216        152          0       8192          0       2838   makemap.o
      1372         32          0          0          0       5371   myplane.o
       348         40          0         36          9       3349   pstwo.o
        32          0          0          4          0       2488   retarget.o
       324         42          0          0          0       4870   spi_flash.o
        80         12          0          0          0       2185   spriteram.o
       172          8        104          0       1024       1196   startup_cm0ds.o
        72         16          0          4          0       6647   system.o
        84         18          0          0          0       2438   systick.o
       100          0          0          0          0       2664   uart.o

    ----------------------------------------------------------------------
     14894        850       1744       9452       2056     109824   Object Totals
         0          0         32          0          0          0   (incl. Generated)
        18          0          1          2          5          0   (incl. Padding)

    ----------------------------------------------------------------------

      Code (inc. data)   RO Data    RW Data    ZI Data      Debug   Library Member Name

        96          0          0          0          0          0   __dclz77c.o
         0          0          0          0          0          0   entry.o
         0          0          0          0          0          0   entry10a.o
         0          0          0          0          0          0   entry11a.o
         8          4          0          0          0          0   entry2.o
         4          0          0          0          0          0   entry5.o
         0          0          0          0          0          0   entry7b.o
         0          0          0          0          0          0   entry8b.o
         8          4          0          0          0          0   entry9a.o
        30          0          0          0          0          0   handlers.o
        40          0          0          0          0         72   idiv.o
        36          8          0          0          0         68   init.o
         0          0          0          0          0          0   iusefp.o
        50          8          0          0          0        144   printfb.o
        36         12          0          4          0        120   rand.o
        44          0          0          0          0         72   uidiv.o
       178          0          0          0          0        108   fadd.o
       124          0          0          0          0         72   fdiv.o
       130          0          0          0          0        144   fepilogue.o
        40          0          0          0          0         60   ffixui.o
        22          0          0          0          0         68   fflti.o
        14          0          0          0          0         68   ffltui.o
       122          0          0          0          0         72   fmul.o

    ----------------------------------------------------------------------
       986         36          0          4          0       1068   Library Totals
         4          0          0          0          0          0   (incl. Padding)

    ----------------------------------------------------------------------

      Code (inc. data)   RO Data    RW Data    ZI Data      Debug   Library Name

       352         36          0          4          0        476   mc_p.l
       630          0          0          0          0        592   mf_p.l

    ----------------------------------------------------------------------
       986         36          0          4          0       1068   Library Totals

    ----------------------------------------------------------------------

==============================================================================


      Code (inc. data)   RO Data    RW Data    ZI Data      Debug   

     15880        886       1744       9456       2056     105396   Grand Totals
     15880        886       1744       3616       2056     105396   ELF Image Totals (compressed)
     15880        886       1744       3616          0          0   ROM Totals

==============================================================================

    Total RO  Size (Code + RO Data)                17624 (  17.21kB)
    Total RW  Size (RW Data + ZI Data)             11512 (  11.24kB)
    Total ROM Size (Code + RO Data + RW Data)      21240 (  20.74kB)

==============================================================================

